Wed Aug 26 00:14:11 UTC 2026 - Executing "openroad -exit -no_init -python /openlane/scripts/odbpy/lefutil.py get_metal_layers -o /openlane/designs/AsynFifo/runs/run_multicorner/tmp/layers.list /home/nguyenson99/.ciel/sky130A/libs.ref/sky130_fd_sc_hd/techlef/sky130_fd_sc_hd__nom.tlef"

Wed Aug 26 00:14:13 UTC 2026 - Executing "/openlane/scripts/mergeLef.py -o /openlane/designs/AsynFifo/runs/run_multicorner/tmp/merged.nom.lef -i /home/nguyenson99/.ciel/sky130A/libs.ref/sky130_fd_sc_hd/techlef/sky130_fd_sc_hd__nom.tlef {/home/nguyenson99/.ciel/sky130A/libs.ref/sky130_fd_sc_hd/lef/sky130_fd_sc_hd.lef /home/nguyenson99/.ciel/sky130A/libs.ref/sky130_fd_sc_hd/lef/sky130_ef_sc_hd.lef} |& tee /dev/null"

Wed Aug 26 00:14:13 UTC 2026 - Executing "/openlane/scripts/mergeLef.py -o /openlane/designs/AsynFifo/runs/run_multicorner/tmp/merged.min.lef -i /home/nguyenson99/.ciel/sky130A/libs.ref/sky130_fd_sc_hd/techlef/sky130_fd_sc_hd__min.tlef {/home/nguyenson99/.ciel/sky130A/libs.ref/sky130_fd_sc_hd/lef/sky130_fd_sc_hd.lef /home/nguyenson99/.ciel/sky130A/libs.ref/sky130_fd_sc_hd/lef/sky130_ef_sc_hd.lef} |& tee /dev/null"

Wed Aug 26 00:14:13 UTC 2026 - Executing "/openlane/scripts/mergeLef.py -o /openlane/designs/AsynFifo/runs/run_multicorner/tmp/merged.max.lef -i /home/nguyenson99/.ciel/sky130A/libs.ref/sky130_fd_sc_hd/techlef/sky130_fd_sc_hd__max.tlef {/home/nguyenson99/.ciel/sky130A/libs.ref/sky130_fd_sc_hd/lef/sky130_fd_sc_hd.lef /home/nguyenson99/.ciel/sky130A/libs.ref/sky130_fd_sc_hd/lef/sky130_ef_sc_hd.lef} |& tee /dev/null"

Wed Aug 26 00:14:13 UTC 2026 - Executing "python3 /openlane/scripts/mergeLib.py --output /openlane/designs/AsynFifo/runs/run_multicorner/tmp/synthesis/merged.lib --name sky130A_merged /home/nguyenson99/.ciel/sky130A/libs.ref/sky130_fd_sc_hd/lib/sky130_fd_sc_hd__tt_025C_1v80.lib"

Wed Aug 26 00:14:14 UTC 2026 - Executing "python3 /openlane/scripts/libtrim.py --cell-file /openlane/designs/AsynFifo/runs/run_multicorner/tmp/synthesis/trimmed.lib.exclude.list --output /openlane/designs/AsynFifo/runs/run_multicorner/tmp/synthesis/trimmed.lib /openlane/designs/AsynFifo/runs/run_multicorner/tmp/synthesis/merged.lib"

Wed Aug 26 00:14:14 UTC 2026 - Executing "python3 /openlane/scripts/libtrim.py --cell-file /openlane/designs/AsynFifo/runs/run_multicorner/tmp/cts/cts.lib.exclude.list --output /openlane/designs/AsynFifo/runs/run_multicorner/tmp/cts/cts.lib /home/nguyenson99/.ciel/sky130A/libs.ref/sky130_fd_sc_hd/lib/sky130_fd_sc_hd__tt_025C_1v80.lib"

Wed Aug 26 00:14:14 UTC 2026 - Executing "python3 /openlane/scripts/libtrim.py --cell-file /openlane/designs/AsynFifo/runs/run_multicorner/tmp/cts/cts-fastest.lib.exclude.list --output /openlane/designs/AsynFifo/runs/run_multicorner/tmp/cts/cts-fastest.lib /home/nguyenson99/.ciel/sky130A/libs.ref/sky130_fd_sc_hd/lib/sky130_fd_sc_hd__ff_n40C_1v95.lib"

Wed Aug 26 00:14:15 UTC 2026 - Executing "python3 /openlane/scripts/libtrim.py --cell-file /openlane/designs/AsynFifo/runs/run_multicorner/tmp/cts/cts-slowest.lib.exclude.list --output /openlane/designs/AsynFifo/runs/run_multicorner/tmp/cts/cts-slowest.lib /home/nguyenson99/.ciel/sky130A/libs.ref/sky130_fd_sc_hd/lib/sky130_fd_sc_hd__ss_100C_1v60.lib"

Wed Aug 26 00:14:15 UTC 2026 - Executing "python3 /openlane/scripts/new_tracks.py -i /home/nguyenson99/.ciel/sky130A/libs.tech/openlane/sky130_fd_sc_hd/tracks.info -o /openlane/designs/AsynFifo/runs/run_multicorner/tmp/routing/config.tracks"

Wed Aug 26 00:14:15 UTC 2026 - Executing "echo {OpenLane ff5509f65b17bfa4068d5336495ab1718987ff69} > /openlane/designs/AsynFifo/runs/run_multicorner/OPENLANE_COMMIT"

Wed Aug 26 00:14:16 UTC 2026 - Executing "bash -c {verilator  --lint-only  -Wall  --Wno-DECLFILENAME  --top-module AsynFifo  /openlane/designs/AsynFifo/src/AsynFifo.v -Wno-fatal --relative-includes |& tee /openlane/designs/AsynFifo/runs/run_multicorner/logs/synthesis/linter.log /dev/null}"

Wed Aug 26 00:14:16 UTC 2026 - Executing "sed -E {s/^([[:space:]]+)pg_pin(.*)/\1pin\2\n\1    direction : "inout";/g} /home/nguyenson99/.ciel/sky130A/libs.ref/sky130_fd_sc_hd/lib/sky130_fd_sc_hd__tt_025C_1v80.lib > /openlane/designs/AsynFifo/runs/run_multicorner/tmp/synthesis/1-sky130_fd_sc_hd__tt_025C_1v80.no_pg.lib"

Wed Aug 26 00:14:17 UTC 2026 - Executing "sed -E {s/^([[:space:]]+)pg_pin(.*)/\1pin\2\n\1    direction : "inout";/g} /openlane/designs/AsynFifo/runs/run_multicorner/tmp/synthesis/trimmed.lib > /openlane/designs/AsynFifo/runs/run_multicorner/tmp/synthesis/1-trimmed.no_pg.lib"

Wed Aug 26 00:14:17 UTC 2026 - Executing "yosys -c /openlane/scripts/yosys/synth.tcl |& tee /dev/null /openlane/designs/AsynFifo/runs/run_multicorner/logs/synthesis/1-synthesis.log"

Wed Aug 26 00:14:20 UTC 2026 - Executing "sed -i.bak -e {s/\(set ::env(CURRENT_NETLIST)\).*/\1 \/openlane\/designs\/AsynFifo\/runs\/run_multicorner\/results\/synthesis\/AsynFifo.v/} /openlane/designs/AsynFifo/runs/run_multicorner/config.tcl"

Wed Aug 26 00:14:20 UTC 2026 - Executing "sed -i.bak /defparam/d /openlane/designs/AsynFifo/runs/run_multicorner/results/synthesis/AsynFifo.v"

Wed Aug 26 00:14:20 UTC 2026 - Executing "sta -exit -no_init /openlane/scripts/openroad/sta/multi_corner.tcl |& tee /dev/null /openlane/designs/AsynFifo/runs/run_multicorner/logs/synthesis/2-sta.log"

Wed Aug 26 00:14:21 UTC 2026 - Executing "openroad -exit /openlane/scripts/openroad/floorplan.tcl |& tee /dev/null /openlane/designs/AsynFifo/runs/run_multicorner/logs/floorplan/3-initial_fp.log"

Wed Aug 26 00:14:21 UTC 2026 - Executing "openroad -exit -no_init -python /openlane/scripts/odbpy/defutil.py extract_core_dims --output-data /openlane/designs/AsynFifo/runs/run_multicorner/tmp/dimensions.txt --input-lef /openlane/designs/AsynFifo/runs/run_multicorner/tmp/merged.nom.lef /openlane/designs/AsynFifo/runs/run_multicorner/tmp/floorplan/3-initial_fp.def"

Wed Aug 26 00:14:22 UTC 2026 - Executing "openroad -exit /openlane/scripts/openroad/ioplacer.tcl |& tee /dev/null /openlane/designs/AsynFifo/runs/run_multicorner/logs/floorplan/4-io.log"

Wed Aug 26 00:14:22 UTC 2026 - Executing "openroad -exit /openlane/scripts/openroad/tapcell.tcl |& tee /dev/null /openlane/designs/AsynFifo/runs/run_multicorner/logs/floorplan/5-tap.log"

Wed Aug 26 00:14:23 UTC 2026 - Executing "openroad -exit /openlane/scripts/openroad/pdn.tcl |& tee /dev/null /openlane/designs/AsynFifo/runs/run_multicorner/logs/floorplan/6-pdn.log"

Wed Aug 26 00:14:26 UTC 2026 - Executing "openroad -exit /openlane/scripts/openroad/gpl.tcl |& tee /dev/null /openlane/designs/AsynFifo/runs/run_multicorner/logs/placement/7-global.log"

Wed Aug 26 00:14:32 UTC 2026 - Executing "sed -i.bak -e {s/\(set ::env(CURRENT_NETLIST)\).*/\1 \/openlane\/designs\/AsynFifo\/runs\/run_multicorner\/tmp\/placement\/7-global.nl.v/} /openlane/designs/AsynFifo/runs/run_multicorner/config.tcl"

Wed Aug 26 00:14:32 UTC 2026 - Executing "openroad -exit /openlane/scripts/openroad/sta/multi_corner.tcl |& tee /dev/null /openlane/designs/AsynFifo/runs/run_multicorner/logs/placement/8-gpl_sta.log"

Wed Aug 26 00:14:33 UTC 2026 - Executing "openroad -exit /openlane/scripts/openroad/resizer.tcl |& tee /dev/null /openlane/designs/AsynFifo/runs/run_multicorner/logs/placement/9-resizer.log"

Wed Aug 26 00:14:35 UTC 2026 - Executing "sed -i.bak -e {s/\(set ::env(CURRENT_NETLIST)\).*/\1 \/openlane\/designs\/AsynFifo\/runs\/run_multicorner\/tmp\/placement\/9-resizer.nl.v/} /openlane/designs/AsynFifo/runs/run_multicorner/config.tcl"

Wed Aug 26 00:14:35 UTC 2026 - Executing "openroad -exit /openlane/scripts/openroad/dpl.tcl |& tee /dev/null /openlane/designs/AsynFifo/runs/run_multicorner/logs/placement/10-detailed.log"

Wed Aug 26 00:14:36 UTC 2026 - Executing "sed -i.bak -e {s/\(set ::env(CURRENT_NETLIST)\).*/\1 \/openlane\/designs\/AsynFifo\/runs\/run_multicorner\/results\/placement\/AsynFifo.nl.v/} /openlane/designs/AsynFifo/runs/run_multicorner/config.tcl"

Wed Aug 26 00:14:37 UTC 2026 - Executing "openroad -exit /openlane/scripts/openroad/sta/multi_corner.tcl |& tee /dev/null /openlane/designs/AsynFifo/runs/run_multicorner/logs/placement/11-dpl_sta.log"

Wed Aug 26 00:14:38 UTC 2026 - Executing "openroad -exit /openlane/scripts/openroad/cts.tcl |& tee /dev/null /openlane/designs/AsynFifo/runs/run_multicorner/logs/cts/12-cts.log"

Wed Aug 26 00:15:21 UTC 2026 - Executing "openroad -exit /openlane/scripts/openroad/sta/multi_corner.tcl |& tee /dev/null /openlane/designs/AsynFifo/runs/run_multicorner/logs/cts/13-cts_sta.log"

Wed Aug 26 00:15:22 UTC 2026 - Executing "openroad -exit /openlane/scripts/openroad/resizer_timing.tcl |& tee /dev/null /openlane/designs/AsynFifo/runs/run_multicorner/logs/cts/14-resizer.log"

Wed Aug 26 00:15:24 UTC 2026 - Executing "sed -i.bak -e {s/\(set ::env(CURRENT_NETLIST)\).*/\1 \/openlane\/designs\/AsynFifo\/runs\/run_multicorner\/tmp\/cts\/14-AsynFifo.resized.nl.v/} /openlane/designs/AsynFifo/runs/run_multicorner/config.tcl"

Wed Aug 26 00:15:24 UTC 2026 - Executing "openroad -exit /openlane/scripts/openroad/resizer_routing_design.tcl |& tee /dev/null /openlane/designs/AsynFifo/runs/run_multicorner/logs/routing/15-resizer_design.log"

Wed Aug 26 00:15:27 UTC 2026 - Executing "sed -i.bak -e {s/\(set ::env(CURRENT_NETLIST)\).*/\1 \/openlane\/designs\/AsynFifo\/runs\/run_multicorner\/tmp\/15-AsynFifo.nl.v/} /openlane/designs/AsynFifo/runs/run_multicorner/config.tcl"

Wed Aug 26 00:15:27 UTC 2026 - Executing "openroad -exit /openlane/scripts/openroad/sta/multi_corner.tcl |& tee /dev/null /openlane/designs/AsynFifo/runs/run_multicorner/logs/routing/16-rsz_design_sta.log"

Wed Aug 26 00:15:28 UTC 2026 - Executing "openroad -exit /openlane/scripts/openroad/resizer_routing_timing.tcl |& tee /dev/null /openlane/designs/AsynFifo/runs/run_multicorner/logs/routing/17-resizer_timing.log"

Wed Aug 26 00:15:31 UTC 2026 - Executing "sed -i.bak -e {s/\(set ::env(CURRENT_NETLIST)\).*/\1 \/openlane\/designs\/AsynFifo\/runs\/run_multicorner\/tmp\/17-AsynFifo.nl.v/} /openlane/designs/AsynFifo/runs/run_multicorner/config.tcl"

Wed Aug 26 00:15:31 UTC 2026 - Executing "openroad -exit /openlane/scripts/openroad/sta/multi_corner.tcl |& tee /dev/null /openlane/designs/AsynFifo/runs/run_multicorner/logs/routing/18-rsz_timing_sta.log"

Wed Aug 26 00:15:32 UTC 2026 - Executing "openroad -exit /openlane/scripts/openroad/groute.tcl |& tee /dev/null /openlane/designs/AsynFifo/runs/run_multicorner/logs/routing/19-global.log"

Wed Aug 26 00:15:33 UTC 2026 - Executing "openroad -exit /openlane/scripts/openroad/write_views.tcl |& tee /dev/null /openlane/designs/AsynFifo/runs/run_multicorner/logs/routing/19-global_write_netlist.log"

Wed Aug 26 00:15:34 UTC 2026 - Executing "sed -i.bak -e {s/\(set ::env(CURRENT_NETLIST)\).*/\1 \/openlane\/designs\/AsynFifo\/runs\/run_multicorner\/tmp\/routing\/global.nl.v/} /openlane/designs/AsynFifo/runs/run_multicorner/config.tcl"

Wed Aug 26 00:15:34 UTC 2026 - Executing "openroad -exit /openlane/scripts/openroad/sta/multi_corner.tcl |& tee /dev/null /openlane/designs/AsynFifo/runs/run_multicorner/logs/routing/21-grt_sta.log"

Wed Aug 26 00:15:35 UTC 2026 - Executing "openroad -exit /openlane/scripts/openroad/fill.tcl |& tee /dev/null /openlane/designs/AsynFifo/runs/run_multicorner/logs/routing/22-fill.log"

Wed Aug 26 00:15:38 UTC 2026 - Executing "sed -i.bak -e {s/\(set ::env(CURRENT_NETLIST)\).*/\1 \/openlane\/designs\/AsynFifo\/runs\/run_multicorner\/tmp\/routing\/22-fill.nl.v/} /openlane/designs/AsynFifo/runs/run_multicorner/config.tcl"

Wed Aug 26 00:15:38 UTC 2026 - Executing "openroad -exit /openlane/scripts/openroad/droute.tcl |& tee /dev/null /openlane/designs/AsynFifo/runs/run_multicorner/logs/routing/23-detailed.log"

Wed Aug 26 00:18:20 UTC 2026 - Executing "sed -i.bak -e {s/\(set ::env(CURRENT_NETLIST)\).*/\1 \/openlane\/designs\/AsynFifo\/runs\/run_multicorner\/results\/routing\/AsynFifo.nl.v/} /openlane/designs/AsynFifo/runs/run_multicorner/config.tcl"

Wed Aug 26 00:18:20 UTC 2026 - Executing "python3 /openlane/scripts/drc_rosetta.py tr to_klayout -o /openlane/designs/AsynFifo/runs/run_multicorner/reports/routing/drt.klayout.xml --design-name AsynFifo /openlane/designs/AsynFifo/runs/run_multicorner/reports/routing/drt.drc"

Wed Aug 26 00:18:20 UTC 2026 - Executing "openroad -exit -no_init -python /openlane/scripts/odbpy/wire_lengths.py --report-out /openlane/designs/AsynFifo/runs/run_multicorner/reports/routing/24-wire_lengths.csv --input-lef /openlane/designs/AsynFifo/runs/run_multicorner/tmp/merged.nom.lef --output-def /dev/null --output /openlane/designs/AsynFifo/runs/run_multicorner/results/routing/AsynFifo.odb /openlane/designs/AsynFifo/runs/run_multicorner/results/routing/AsynFifo.odb |& tee /dev/null /openlane/designs/AsynFifo/runs/run_multicorner/logs/routing/24-wire_lengths.log"

Wed Aug 26 00:18:22 UTC 2026 - Executing "openroad -exit /openlane/scripts/openroad/rcx.tcl |& tee /dev/null /openlane/designs/AsynFifo/runs/run_multicorner/logs/signoff/25-parasitics_extraction.min.log"

Wed Aug 26 00:18:25 UTC 2026 - Executing "sta -exit -no_init /openlane/scripts/openroad/sta/multi_corner.tcl |& tee /dev/null /openlane/designs/AsynFifo/runs/run_multicorner/logs/signoff/26-rcx_mcsta.min.log"

Wed Aug 26 00:18:29 UTC 2026 - Executing "openroad -exit /openlane/scripts/openroad/rcx.tcl |& tee /dev/null /openlane/designs/AsynFifo/runs/run_multicorner/logs/signoff/27-parasitics_extraction.max.log"

Wed Aug 26 00:18:31 UTC 2026 - Executing "sta -exit -no_init /openlane/scripts/openroad/sta/multi_corner.tcl |& tee /dev/null /openlane/designs/AsynFifo/runs/run_multicorner/logs/signoff/28-rcx_mcsta.max.log"

Wed Aug 26 00:18:35 UTC 2026 - Executing "openroad -exit /openlane/scripts/openroad/rcx.tcl |& tee /dev/null /openlane/designs/AsynFifo/runs/run_multicorner/logs/signoff/29-parasitics_extraction.nom.log"

Wed Aug 26 00:18:37 UTC 2026 - Executing "sta -exit -no_init /openlane/scripts/openroad/sta/multi_corner.tcl |& tee /dev/null /openlane/designs/AsynFifo/runs/run_multicorner/logs/signoff/30-rcx_mcsta.nom.log"

Wed Aug 26 00:18:41 UTC 2026 - Executing "sta -exit -no_init /openlane/scripts/openroad/sta/multi_corner.tcl |& tee /dev/null /openlane/designs/AsynFifo/runs/run_multicorner/logs/signoff/31-rcx_sta.log"

Wed Aug 26 00:18:43 UTC 2026 - Executing "openroad -exit /openlane/scripts/openroad/irdrop.tcl |& tee /dev/null /openlane/designs/AsynFifo/runs/run_multicorner/logs/signoff/32-irdrop.log"

Wed Aug 26 00:18:48 UTC 2026 - Executing "magic -noconsole -dnull -rcfile /home/nguyenson99/.ciel/sky130A/libs.tech/magic/sky130A.magicrc < /openlane/scripts/magic/wrapper.tcl |& tee /dev/null /openlane/designs/AsynFifo/runs/run_multicorner/logs/signoff/33-gdsii.log"

Wed Aug 26 00:18:54 UTC 2026 - Executing "magic -noconsole -dnull -rcfile /home/nguyenson99/.ciel/sky130A/libs.tech/magic/sky130A.magicrc < /openlane/scripts/magic/wrapper.tcl |& tee /dev/null /openlane/designs/AsynFifo/runs/run_multicorner/logs/signoff/33-gds_ptrs.log"

Wed Aug 26 00:18:56 UTC 2026 - Executing "sed -i.bak -n {/^<< properties >>/,/^<< end >>/p} /openlane/designs/AsynFifo/runs/run_multicorner/tmp/signoff/gds_ptrs.mag"

Wed Aug 26 00:18:57 UTC 2026 - Executing "magic -noconsole -dnull -rcfile /home/nguyenson99/.ciel/sky130A/libs.tech/magic/sky130A.magicrc < /openlane/scripts/magic/wrapper.tcl |& tee /dev/null /openlane/designs/AsynFifo/runs/run_multicorner/logs/signoff/33-lef.log"

Wed Aug 26 00:19:29 UTC 2026 - Executing "magic -noconsole -dnull -rcfile /home/nguyenson99/.ciel/sky130A/libs.tech/magic/sky130A.magicrc < /openlane/scripts/magic/wrapper.tcl |& tee /dev/null /openlane/designs/AsynFifo/runs/run_multicorner/logs/signoff/33-maglef.log"

Wed Aug 26 00:19:30 UTC 2026 - Executing "python3 /openlane/scripts/klayout/stream_out.py --output /openlane/designs/AsynFifo/runs/run_multicorner/results/signoff/AsynFifo.klayout.gds --lyt /home/nguyenson99/.ciel/sky130A/libs.tech/klayout/tech/sky130A.lyt --lym /home/nguyenson99/.ciel/sky130A/libs.tech/klayout/tech/sky130A.map --lyp /home/nguyenson99/.ciel/sky130A/libs.tech/klayout/tech/sky130A.lyp --top AsynFifo --with-gds-file /home/nguyenson99/.ciel/sky130A/libs.ref/sky130_fd_sc_hd/gds/sky130_fd_sc_hd.gds --input-lef /openlane/designs/AsynFifo/runs/run_multicorner/tmp/merged.nom.lef /openlane/designs/AsynFifo/runs/run_multicorner/results/routing/AsynFifo.def |& tee /dev/null /openlane/designs/AsynFifo/runs/run_multicorner/logs/signoff/34-gdsii-klayout.log"

Wed Aug 26 00:19:37 UTC 2026 - Executing "magic -noconsole -dnull -rcfile /home/nguyenson99/.ciel/sky130A/libs.tech/magic/sky130A.magicrc < /openlane/scripts/magic/wrapper.tcl |& tee /dev/null /openlane/designs/AsynFifo/runs/run_multicorner/logs/signoff/35-spice.log"

Wed Aug 26 00:20:22 UTC 2026 - Executing "openroad -exit -no_init -python /openlane/scripts/odbpy/power_utils.py write_powered_def --output /openlane/designs/AsynFifo/runs/run_multicorner/tmp/signoff/35-AsynFifo.p.def --input-lef /openlane/designs/AsynFifo/runs/run_multicorner/tmp/merged.nom.lef --power-port vccd1 --ground-port vssd1 --powered-netlist {} /openlane/designs/AsynFifo/runs/run_multicorner/results/routing/AsynFifo.def |& tee /dev/null /openlane/designs/AsynFifo/runs/run_multicorner/logs/signoff/36-write_powered_def.log"

Wed Aug 26 00:20:24 UTC 2026 - Executing "openroad -exit /openlane/scripts/openroad/write_views.tcl |& tee /dev/null /openlane/designs/AsynFifo/runs/run_multicorner/logs/signoff/36-write_powered_verilog.log"

Wed Aug 26 00:20:26 UTC 2026 - Executing "sed -i.bak -e {s/\(set ::env(CURRENT_NETLIST)\).*/\1 \/openlane\/designs\/AsynFifo\/runs\/run_multicorner\/tmp\/signoff\/35-AsynFifo.nl.v/} /openlane/designs/AsynFifo/runs/run_multicorner/config.tcl"

Wed Aug 26 00:20:26 UTC 2026 - Executing "netgen -batch source /openlane/designs/AsynFifo/runs/run_multicorner/tmp/signoff/38-setup_file.lef.lvs |& tee /dev/null /openlane/designs/AsynFifo/runs/run_multicorner/logs/signoff/38-lvs.lef.log"

Wed Aug 26 00:20:33 UTC 2026 - Executing "magic -noconsole -dnull -rcfile /home/nguyenson99/.ciel/sky130A/libs.tech/magic/sky130A.magicrc < /openlane/scripts/magic/wrapper.tcl |& tee /dev/null /openlane/designs/AsynFifo/runs/run_multicorner/logs/signoff/39-drc.log"

Wed Aug 26 00:20:36 UTC 2026 - Executing "python3 /openlane/scripts/drc_rosetta.py magic to_tcl -o /openlane/designs/AsynFifo/runs/run_multicorner/reports/signoff/drc.tcl /openlane/designs/AsynFifo/runs/run_multicorner/reports/signoff/drc.rpt"

Wed Aug 26 00:20:36 UTC 2026 - Executing "python3 /openlane/scripts/drc_rosetta.py magic to_tr -o /openlane/designs/AsynFifo/runs/run_multicorner/reports/signoff/drc.tr /openlane/designs/AsynFifo/runs/run_multicorner/reports/signoff/drc.rpt"

Wed Aug 26 00:20:36 UTC 2026 - Executing "python3 /openlane/scripts/drc_rosetta.py tr to_klayout -o /openlane/designs/AsynFifo/runs/run_multicorner/reports/signoff/drc.klayout.xml --design-name AsynFifo /openlane/designs/AsynFifo/runs/run_multicorner/reports/signoff/drc.tr"

Wed Aug 26 00:20:36 UTC 2026 - Executing "python3 /openlane/scripts/drc_rosetta.py magic to_rdb -o /openlane/designs/AsynFifo/runs/run_multicorner/reports/signoff/drc.rdb /openlane/designs/AsynFifo/runs/run_multicorner/reports/signoff/drc.rpt"

Wed Aug 26 00:20:37 UTC 2026 - Executing "openroad -exit /openlane/scripts/openroad/antenna_check.tcl |& tee /dev/null /openlane/designs/AsynFifo/runs/run_multicorner/logs/signoff/40-arc.log"

Wed Aug 26 00:20:39 UTC 2026 - Executing "python3 /openlane/scripts/extract_antenna_violators.py --output /openlane/designs/AsynFifo/runs/run_multicorner/reports/signoff/40-antenna_violators.rpt --plain-out /openlane/designs/AsynFifo/runs/run_multicorner/reports/signoff/40-antenna_violators_pins.txt /openlane/designs/AsynFifo/runs/run_multicorner/logs/signoff/40-arc.log"

Wed Aug 26 00:20:39 UTC 2026 - Executing "awk -v vdd=vccd1 -v gnd=vssd1 -f /home/nguyenson99/.ciel/sky130A/libs.tech/openlane/cvc/power.awk /openlane/designs/AsynFifo/runs/run_multicorner/tmp/signoff/35-AsynFifo.nl.v > /openlane/designs/AsynFifo/runs/run_multicorner/tmp/signoff/AsynFifo.power"

Wed Aug 26 00:20:39 UTC 2026 - Executing "awk -f /home/nguyenson99/.ciel/sky130A/libs.tech/openlane/cvc/cdl.awk /home/nguyenson99/.ciel/sky130A/libs.ref/sky130_fd_sc_hd/cdl/sky130_fd_sc_hd.cdl /openlane/designs/AsynFifo/runs/run_multicorner/results/signoff/AsynFifo.lef.spice > /openlane/designs/AsynFifo/runs/run_multicorner/tmp/signoff/AsynFifo.cdl"

Wed Aug 26 00:20:40 UTC 2026 - Executing "cvc_rv /home/nguyenson99/.ciel/sky130A/libs.tech/openlane/cvc/cvcrc |& tee /dev/null /openlane/designs/AsynFifo/runs/run_multicorner/logs/signoff/41-erc_screen.log"

