OpenROAD 41a51eaf4ca2171c92ff38afb91eb37bbd3f36da 
This program is licensed under the BSD-3 license. See the LICENSE file for details.
Components of this program may be licensed under more restrictive licenses which must be honored.
[INFO]: Reading ODB at '/openlane/designs/AsynFifo/runs/run_multicorner/tmp/routing/22-fill.odb'…
define_corners Typical
read_liberty -corner Typical /home/nguyenson99/.ciel/sky130A/libs.ref/sky130_fd_sc_hd/lib/sky130_fd_sc_hd__tt_025C_1v80.lib
Using 1e-12 for capacitance...
Using 1e+03 for resistance...
Using 1e-09 for time...
Using 1e+00 for voltage...
Using 1e-03 for current...
Using 1e-09 for power...
Using 1e-06 for distance...
Reading design constraints file at '/openlane/designs/AsynFifo/runs/run_multicorner/tmp/17-AsynFifo.sdc'…
[INFO ORD-0030] Using 2 thread(s).
[INFO DRT-0149] Reading tech and libs.

Units:                1000
Number of layers:     13
Number of macros:     441
Number of vias:       25
Number of viarulegen: 25

[INFO DRT-0150] Reading design.

Design:                   AsynFifo
Die area:                 ( 0 0 ) ( 1000000 1000000 )
Number of track patterns: 12
Number of DEF vias:       0
Number of components:     97512
Number of terminals:      26
Number of snets:          2
Number of nets:           826

[INFO DRT-0167] List of default vias:
  Layer mcon
    default via: L1M1_PR
  Layer via
    default via: M1M2_PR
  Layer via2
    default via: M2M3_PR
  Layer via3
    default via: M3M4_PR
  Layer via4
    default via: M4M5_PR
[INFO DRT-0162] Library cell analysis.
[INFO DRT-0163] Instance analysis.
  Complete 10000 instances.
  Complete 20000 instances.
  Complete 30000 instances.
  Complete 40000 instances.
  Complete 50000 instances.
  Complete 60000 instances.
  Complete 70000 instances.
  Complete 80000 instances.
  Complete 90000 instances.
[INFO DRT-0164] Number of unique instances = 123.
[INFO DRT-0168] Init region query.
[INFO DRT-0018]   Complete 10000 insts.
[INFO DRT-0018]   Complete 20000 insts.
[INFO DRT-0018]   Complete 30000 insts.
[INFO DRT-0018]   Complete 40000 insts.
[INFO DRT-0018]   Complete 50000 insts.
[INFO DRT-0018]   Complete 60000 insts.
[INFO DRT-0018]   Complete 70000 insts.
[INFO DRT-0018]   Complete 80000 insts.
[INFO DRT-0018]   Complete 90000 insts.
[INFO DRT-0024]   Complete FR_MASTERSLICE.
[INFO DRT-0024]   Complete licon.
[INFO DRT-0024]   Complete li1.
[INFO DRT-0024]   Complete mcon.
[INFO DRT-0024]   Complete met1.
[INFO DRT-0024]   Complete via.
[INFO DRT-0024]   Complete met2.
[INFO DRT-0024]   Complete via2.
[INFO DRT-0024]   Complete met3.
[INFO DRT-0024]   Complete via3.
[INFO DRT-0024]   Complete met4.
[INFO DRT-0024]   Complete via4.
[INFO DRT-0024]   Complete met5.
[INFO DRT-0033] FR_MASTERSLICE shape region query size = 0.
[INFO DRT-0033] licon shape region query size = 0.
[INFO DRT-0033] li1 shape region query size = 525847.
[INFO DRT-0033] mcon shape region query size = 1299744.
[INFO DRT-0033] met1 shape region query size = 201277.
[INFO DRT-0033] via shape region query size = 12600.
[INFO DRT-0033] met2 shape region query size = 7574.
[INFO DRT-0033] via2 shape region query size = 10080.
[INFO DRT-0033] met3 shape region query size = 7570.
[INFO DRT-0033] via3 shape region query size = 10080.
[INFO DRT-0033] met4 shape region query size = 2646.
[INFO DRT-0033] via4 shape region query size = 98.
[INFO DRT-0033] met5 shape region query size = 126.
[INFO DRT-0165] Start pin access.
[INFO DRT-0076]   Complete 100 pins.
[INFO DRT-0076]   Complete 200 pins.
[INFO DRT-0076]   Complete 300 pins.
[INFO DRT-0078]   Complete 348 pins.
[INFO DRT-0079]   Complete 100 unique inst patterns.
[INFO DRT-0081]   Complete 105 unique inst patterns.
[INFO DRT-0084]   Complete 580 groups.
#scanned instances     = 97512
#unique  instances     = 123
#stdCellGenAp          = 2900
#stdCellValidPlanarAp  = 36
#stdCellValidViaAp     = 2032
#stdCellPinNoAp        = 0
#stdCellPinCnt         = 2490
#instTermValidViaApCnt = 0
#macroGenAp            = 0
#macroValidPlanarAp    = 0
#macroValidViaAp       = 0
#macroNoAp             = 0
[INFO DRT-0166] Complete pin access.
[INFO DRT-0267] cpu time = 00:00:17, elapsed time = 00:00:08, memory = 372.01 (MB), peak = 398.81 (MB)

Number of guides:     5857

[INFO DRT-0169] Post process guides.
[INFO DRT-0176] GCELLGRID X 0 DO 144 STEP 6900 ;
[INFO DRT-0177] GCELLGRID Y 0 DO 144 STEP 6900 ;
[INFO DRT-0028]   Complete FR_MASTERSLICE.
[INFO DRT-0028]   Complete licon.
[INFO DRT-0028]   Complete li1.
[INFO DRT-0028]   Complete mcon.
[INFO DRT-0028]   Complete met1.
[INFO DRT-0028]   Complete via.
[INFO DRT-0028]   Complete met2.
[INFO DRT-0028]   Complete via2.
[INFO DRT-0028]   Complete met3.
[INFO DRT-0028]   Complete via3.
[INFO DRT-0028]   Complete met4.
[INFO DRT-0028]   Complete via4.
[INFO DRT-0028]   Complete met5.
[INFO DRT-0178] Init guide query.
[INFO DRT-0035]   Complete FR_MASTERSLICE (guide).
[INFO DRT-0035]   Complete licon (guide).
[INFO DRT-0035]   Complete li1 (guide).
[INFO DRT-0035]   Complete mcon (guide).
[INFO DRT-0035]   Complete met1 (guide).
[INFO DRT-0035]   Complete via (guide).
[INFO DRT-0035]   Complete met2 (guide).
[INFO DRT-0035]   Complete via2 (guide).
[INFO DRT-0035]   Complete met3 (guide).
[INFO DRT-0035]   Complete via3 (guide).
[INFO DRT-0035]   Complete met4 (guide).
[INFO DRT-0035]   Complete via4 (guide).
[INFO DRT-0035]   Complete met5 (guide).
[INFO DRT-0036] FR_MASTERSLICE guide region query size = 0.
[INFO DRT-0036] licon guide region query size = 0.
[INFO DRT-0036] li1 guide region query size = 2063.
[INFO DRT-0036] mcon guide region query size = 0.
[INFO DRT-0036] met1 guide region query size = 1663.
[INFO DRT-0036] via guide region query size = 0.
[INFO DRT-0036] met2 guide region query size = 879.
[INFO DRT-0036] via2 guide region query size = 0.
[INFO DRT-0036] met3 guide region query size = 23.
[INFO DRT-0036] via3 guide region query size = 0.
[INFO DRT-0036] met4 guide region query size = 5.
[INFO DRT-0036] via4 guide region query size = 0.
[INFO DRT-0036] met5 guide region query size = 0.
[INFO DRT-0179] Init gr pin query.
[INFO DRT-0245] skipped writing guide updates to database.
[INFO DRT-0185] Post process initialize RPin region query.
[INFO DRT-0181] Start track assignment.
[INFO DRT-0184] Done with 2947 vertical wires in 3 frboxes and 1686 horizontal wires in 3 frboxes.
[INFO DRT-0186] Done with 200 vertical wires in 3 frboxes and 419 horizontal wires in 3 frboxes.
[INFO DRT-0182] Complete track assignment.
[INFO DRT-0267] cpu time = 00:00:07, elapsed time = 00:00:04, memory = 461.23 (MB), peak = 604.22 (MB)
[INFO DRT-0187] Start routing data preparation.
[INFO DRT-0267] cpu time = 00:00:00, elapsed time = 00:00:00, memory = 461.23 (MB), peak = 604.22 (MB)
[INFO DRT-0194] Start detail routing.
[INFO DRT-0195] Start 0th optimization iteration.
    Completing 10% with 0 violations.
    elapsed time = 00:00:02, memory = 824.97 (MB).
    Completing 20% with 0 violations.
    elapsed time = 00:00:12, memory = 1319.57 (MB).
    Completing 30% with 37 violations.
    elapsed time = 00:01:20, memory = 1599.16 (MB).
    Completing 40% with 37 violations.
    elapsed time = 00:01:24, memory = 1599.24 (MB).
    Completing 50% with 37 violations.
    elapsed time = 00:01:26, memory = 1599.35 (MB).
    Completing 60% with 84 violations.
    elapsed time = 00:01:29, memory = 1158.66 (MB).
    Completing 70% with 84 violations.
    elapsed time = 00:01:32, memory = 1422.24 (MB).
    Completing 80% with 112 violations.
    elapsed time = 00:01:35, memory = 1051.01 (MB).
    Completing 90% with 112 violations.
    elapsed time = 00:01:39, memory = 1240.50 (MB).
    Completing 100% with 166 violations.
    elapsed time = 00:01:41, memory = 1007.01 (MB).
[INFO DRT-0199]   Number of violations = 333.
Viol/Layer         li1   met1   met2   met3
Metal Spacing        3     53      9      3
Recheck              0    131     36      0
Short                0     94      4      0
[INFO DRT-0267] cpu time = 00:03:06, elapsed time = 00:01:42, memory = 1008.67 (MB), peak = 1604.38 (MB)
Total wire length = 35400 um.
Total wire length on LAYER li1 = 0 um.
Total wire length on LAYER met1 = 17728 um.
Total wire length on LAYER met2 = 17323 um.
Total wire length on LAYER met3 = 253 um.
Total wire length on LAYER met4 = 95 um.
Total wire length on LAYER met5 = 0 um.
Total number of vias = 5130.
Up-via summary (total 5130):.

-----------------------
 FR_MASTERSLICE       0
            li1    2453
           met1    2644
           met2      26
           met3       7
           met4       0
-----------------------
                   5130


[INFO DRT-0195] Start 1st optimization iteration.
    Completing 10% with 333 violations.
    elapsed time = 00:00:02, memory = 1216.28 (MB).
    Completing 20% with 333 violations.
    elapsed time = 00:00:05, memory = 1520.01 (MB).
    Completing 30% with 282 violations.
    elapsed time = 00:00:09, memory = 1056.38 (MB).
    Completing 40% with 282 violations.
    elapsed time = 00:00:13, memory = 1336.90 (MB).
    Completing 50% with 282 violations.
    elapsed time = 00:00:15, memory = 1590.84 (MB).
    Completing 60% with 194 violations.
    elapsed time = 00:00:18, memory = 1630.06 (MB).
    Completing 70% with 194 violations.
    elapsed time = 00:00:21, memory = 1630.08 (MB).
    Completing 80% with 118 violations.
    elapsed time = 00:00:24, memory = 1075.64 (MB).
    Completing 90% with 118 violations.
    elapsed time = 00:00:27, memory = 1337.75 (MB).
    Completing 100% with 61 violations.
    elapsed time = 00:00:31, memory = 1568.53 (MB).
[INFO DRT-0199]   Number of violations = 61.
Viol/Layer        met1   met2
Metal Spacing       21      1
Short               38      1
[INFO DRT-0267] cpu time = 00:00:59, elapsed time = 00:00:31, memory = 1568.53 (MB), peak = 1629.88 (MB)
Total wire length = 35165 um.
Total wire length on LAYER li1 = 0 um.
Total wire length on LAYER met1 = 17633 um.
Total wire length on LAYER met2 = 17187 um.
Total wire length on LAYER met3 = 249 um.
Total wire length on LAYER met4 = 95 um.
Total wire length on LAYER met5 = 0 um.
Total number of vias = 5105.
Up-via summary (total 5105):.

-----------------------
 FR_MASTERSLICE       0
            li1    2452
           met1    2622
           met2      24
           met3       7
           met4       0
-----------------------
                   5105


[INFO DRT-0195] Start 2nd optimization iteration.
    Completing 10% with 61 violations.
    elapsed time = 00:00:00, memory = 1568.53 (MB).
    Completing 20% with 61 violations.
    elapsed time = 00:00:00, memory = 1042.23 (MB).
    Completing 30% with 41 violations.
    elapsed time = 00:00:01, memory = 1046.50 (MB).
    Completing 40% with 41 violations.
    elapsed time = 00:00:02, memory = 1054.54 (MB).
    Completing 50% with 41 violations.
    elapsed time = 00:00:02, memory = 1054.54 (MB).
    Completing 60% with 43 violations.
    elapsed time = 00:00:02, memory = 1007.11 (MB).
    Completing 70% with 43 violations.
    elapsed time = 00:00:03, memory = 1026.12 (MB).
    Completing 80% with 41 violations.
    elapsed time = 00:00:04, memory = 1026.12 (MB).
    Completing 90% with 41 violations.
    elapsed time = 00:00:05, memory = 1040.52 (MB).
    Completing 100% with 33 violations.
    elapsed time = 00:00:05, memory = 1050.32 (MB).
[INFO DRT-0199]   Number of violations = 38.
Viol/Layer        met1   met2
Metal Spacing       16      2
Recheck              4      1
Short               15      0
[INFO DRT-0267] cpu time = 00:00:08, elapsed time = 00:00:05, memory = 1050.32 (MB), peak = 1629.88 (MB)
Total wire length = 35174 um.
Total wire length on LAYER li1 = 0 um.
Total wire length on LAYER met1 = 17653 um.
Total wire length on LAYER met2 = 17183 um.
Total wire length on LAYER met3 = 247 um.
Total wire length on LAYER met4 = 90 um.
Total wire length on LAYER met5 = 0 um.
Total number of vias = 5072.
Up-via summary (total 5072):.

-----------------------
 FR_MASTERSLICE       0
            li1    2452
           met1    2583
           met2      30
           met3       7
           met4       0
-----------------------
                   5072


[INFO DRT-0195] Start 3rd optimization iteration.
    Completing 10% with 38 violations.
    elapsed time = 00:00:00, memory = 1050.32 (MB).
    Completing 20% with 38 violations.
    elapsed time = 00:00:00, memory = 1050.40 (MB).
    Completing 30% with 32 violations.
    elapsed time = 00:00:00, memory = 1050.40 (MB).
    Completing 40% with 32 violations.
    elapsed time = 00:00:00, memory = 1050.40 (MB).
    Completing 50% with 32 violations.
    elapsed time = 00:00:00, memory = 1050.40 (MB).
    Completing 60% with 22 violations.
    elapsed time = 00:00:00, memory = 1050.40 (MB).
    Completing 70% with 22 violations.
    elapsed time = 00:00:01, memory = 1050.40 (MB).
    Completing 80% with 12 violations.
    elapsed time = 00:00:01, memory = 1050.40 (MB).
    Completing 90% with 12 violations.
    elapsed time = 00:00:01, memory = 1050.40 (MB).
    Completing 100% with 0 violations.
    elapsed time = 00:00:02, memory = 1050.40 (MB).
[INFO DRT-0199]   Number of violations = 0.
[INFO DRT-0267] cpu time = 00:00:03, elapsed time = 00:00:02, memory = 1050.40 (MB), peak = 1629.88 (MB)
Total wire length = 35157 um.
Total wire length on LAYER li1 = 0 um.
Total wire length on LAYER met1 = 17588 um.
Total wire length on LAYER met2 = 17184 um.
Total wire length on LAYER met3 = 294 um.
Total wire length on LAYER met4 = 90 um.
Total wire length on LAYER met5 = 0 um.
Total number of vias = 5092.
Up-via summary (total 5092):.

-----------------------
 FR_MASTERSLICE       0
            li1    2452
           met1    2595
           met2      38
           met3       7
           met4       0
-----------------------
                   5092


[INFO DRT-0198] Complete detail routing.
Total wire length = 35157 um.
Total wire length on LAYER li1 = 0 um.
Total wire length on LAYER met1 = 17588 um.
Total wire length on LAYER met2 = 17184 um.
Total wire length on LAYER met3 = 294 um.
Total wire length on LAYER met4 = 90 um.
Total wire length on LAYER met5 = 0 um.
Total number of vias = 5092.
Up-via summary (total 5092):.

-----------------------
 FR_MASTERSLICE       0
            li1    2452
           met1    2595
           met2      38
           met3       7
           met4       0
-----------------------
                   5092


[INFO DRT-0267] cpu time = 00:04:18, elapsed time = 00:02:21, memory = 1050.40 (MB), peak = 1629.88 (MB)

[INFO DRT-0180] Post processing.
Setting global connections for newly added cells…
Writing OpenROAD database to '/openlane/designs/AsynFifo/runs/run_multicorner/results/routing/AsynFifo.odb'…
Writing netlist to '/openlane/designs/AsynFifo/runs/run_multicorner/results/routing/AsynFifo.nl.v'…
Writing powered netlist to '/openlane/designs/AsynFifo/runs/run_multicorner/results/routing/AsynFifo.pnl.v'…
Writing layout to '/openlane/designs/AsynFifo/runs/run_multicorner/results/routing/AsynFifo.def'…
