
===========================================================================
 report_power
============================================================================
======================= Fastest Corner ===================================

Group                  Internal  Switching    Leakage      Total
                          Power      Power      Power      Power (Watts)
----------------------------------------------------------------
Sequential             1.12e-03   3.40e-04   1.85e-07   1.46e-03  37.6%
Combinational          1.44e-03   9.86e-04   5.48e-08   2.42e-03  62.4%
Macro                  0.00e+00   0.00e+00   0.00e+00   0.00e+00   0.0%
Pad                    0.00e+00   0.00e+00   0.00e+00   0.00e+00   0.0%
----------------------------------------------------------------
Total                  2.56e-03   1.33e-03   2.40e-07   3.88e-03 100.0%
                          65.9%      34.1%       0.0%

======================= Slowest Corner ===================================

Group                  Internal  Switching    Leakage      Total
                          Power      Power      Power      Power (Watts)
----------------------------------------------------------------
Sequential             7.69e-04   2.21e-04   2.74e-06   9.93e-04  37.6%
Combinational          1.01e-03   6.38e-04   4.12e-06   1.65e-03  62.4%
Macro                  0.00e+00   0.00e+00   0.00e+00   0.00e+00   0.0%
Pad                    0.00e+00   0.00e+00   0.00e+00   0.00e+00   0.0%
----------------------------------------------------------------
Total                  1.78e-03   8.59e-04   6.86e-06   2.64e-03 100.0%
                          67.3%      32.5%       0.3%

======================= Typical Corner ===================================

Group                  Internal  Switching    Leakage      Total
                          Power      Power      Power      Power (Watts)
----------------------------------------------------------------
Sequential             9.74e-04   2.85e-04   1.84e-07   1.26e-03  37.6%
Combinational          1.27e-03   8.25e-04   5.08e-08   2.09e-03  62.4%
Macro                  0.00e+00   0.00e+00   0.00e+00   0.00e+00   0.0%
Pad                    0.00e+00   0.00e+00   0.00e+00   0.00e+00   0.0%
----------------------------------------------------------------
Total                  2.24e-03   1.11e-03   2.35e-07   3.35e-03 100.0%
                          66.9%      33.1%       0.0%

