
===========================================================================
 report_power
============================================================================
======================= Fastest Corner ===================================

Group                  Internal  Switching    Leakage      Total
                          Power      Power      Power      Power (Watts)
----------------------------------------------------------------
Sequential             1.12e-03   3.53e-04   1.85e-07   1.47e-03  37.4%
Combinational          1.44e-03   1.02e-03   5.48e-08   2.46e-03  62.6%
Macro                  0.00e+00   0.00e+00   0.00e+00   0.00e+00   0.0%
Pad                    0.00e+00   0.00e+00   0.00e+00   0.00e+00   0.0%
----------------------------------------------------------------
Total                  2.56e-03   1.38e-03   2.40e-07   3.94e-03 100.0%
                          65.0%      35.0%       0.0%

======================= Slowest Corner ===================================

Group                  Internal  Switching    Leakage      Total
                          Power      Power      Power      Power (Watts)
----------------------------------------------------------------
Sequential             7.69e-04   2.30e-04   2.74e-06   1.00e-03  37.4%
Combinational          1.01e-03   6.63e-04   4.12e-06   1.68e-03  62.6%
Macro                  0.00e+00   0.00e+00   0.00e+00   0.00e+00   0.0%
Pad                    0.00e+00   0.00e+00   0.00e+00   0.00e+00   0.0%
----------------------------------------------------------------
Total                  1.78e-03   8.93e-04   6.86e-06   2.68e-03 100.0%
                          66.4%      33.4%       0.3%

======================= Typical Corner ===================================

Group                  Internal  Switching    Leakage      Total
                          Power      Power      Power      Power (Watts)
----------------------------------------------------------------
Sequential             9.74e-04   2.96e-04   1.84e-07   1.27e-03  37.4%
Combinational          1.27e-03   8.57e-04   5.08e-08   2.12e-03  62.6%
Macro                  0.00e+00   0.00e+00   0.00e+00   0.00e+00   0.0%
Pad                    0.00e+00   0.00e+00   0.00e+00   0.00e+00   0.0%
----------------------------------------------------------------
Total                  2.24e-03   1.15e-03   2.35e-07   3.39e-03 100.0%
                          66.0%      34.0%       0.0%

