
 /----------------------------------------------------------------------------\
 |                                                                            |
 |  yosys -- Yosys Open SYnthesis Suite                                       |
 |                                                                            |
 |  Copyright (C) 2012 - 2020  Claire Xenia Wolf <claire@yosyshq.com>         |
 |                                                                            |
 |  Permission to use, copy, modify, and/or distribute this software for any  |
 |  purpose with or without fee is hereby granted, provided that the above    |
 |  copyright notice and this permission notice appear in all copies.         |
 |                                                                            |
 |  THE SOFTWARE IS PROVIDED "AS IS" AND THE AUTHOR DISCLAIMS ALL WARRANTIES  |
 |  WITH REGARD TO THIS SOFTWARE INCLUDING ALL IMPLIED WARRANTIES OF          |
 |  MERCHANTABILITY AND FITNESS. IN NO EVENT SHALL THE AUTHOR BE LIABLE FOR   |
 |  ANY SPECIAL, DIRECT, INDIRECT, OR CONSEQUENTIAL DAMAGES OR ANY DAMAGES    |
 |  WHATSOEVER RESULTING FROM LOSS OF USE, DATA OR PROFITS, WHETHER IN AN     |
 |  ACTION OF CONTRACT, NEGLIGENCE OR OTHER TORTIOUS ACTION, ARISING OUT OF   |
 |  OR IN CONNECTION WITH THE USE OR PERFORMANCE OF THIS SOFTWARE.            |
 |                                                                            |
 \----------------------------------------------------------------------------/

 Yosys 0.30+48 (git sha1 14d50a176d5, gcc 8.3.1 -fPIC -Os)

[TCL: yosys -import] Command name collision: found pre-existing command `cd' -> skip.
[TCL: yosys -import] Command name collision: found pre-existing command `eval' -> skip.
[TCL: yosys -import] Command name collision: found pre-existing command `exec' -> skip.
[TCL: yosys -import] Command name collision: found pre-existing command `read' -> skip.
[TCL: yosys -import] Command name collision: found pre-existing command `trace' -> skip.

1. Executing Verilog-2005 frontend: /openlane/designs/AsynFifo/src/AsynFifo.v
Parsing SystemVerilog input from `/openlane/designs/AsynFifo/src/AsynFifo.v' to AST representation.
Generating RTLIL representation for module `\AsynFifo'.
Successfully finished Verilog frontend.

2. Generating Graphviz representation of design.
Writing dot description to `/openlane/designs/AsynFifo/runs/RUN_2026.08.25_22.59.59/tmp/synthesis/hierarchy.dot'.
Dumping module AsynFifo to page 1.

3. Executing HIERARCHY pass (managing design hierarchy).

3.1. Analyzing design hierarchy..
Top module:  \AsynFifo

3.2. Analyzing design hierarchy..
Top module:  \AsynFifo
Removed 0 unused modules.

4. Executing TRIBUF pass.

5. Executing HIERARCHY pass (managing design hierarchy).

5.1. Analyzing design hierarchy..
Top module:  \AsynFifo

5.2. Analyzing design hierarchy..
Top module:  \AsynFifo
Removed 0 unused modules.

6. Executing PROC_CLEAN pass (remove empty switches from decision trees).
Cleaned up 0 empty switches.

7. Executing PROC_RMDEAD pass (remove dead branches from decision trees).
Marked 1 switch rules as full_case in process $proc$/openlane/designs/AsynFifo/src/AsynFifo.v:88$27 in module AsynFifo.
Marked 1 switch rules as full_case in process $proc$/openlane/designs/AsynFifo/src/AsynFifo.v:77$25 in module AsynFifo.
Marked 1 switch rules as full_case in process $proc$/openlane/designs/AsynFifo/src/AsynFifo.v:67$23 in module AsynFifo.
Marked 1 switch rules as full_case in process $proc$/openlane/designs/AsynFifo/src/AsynFifo.v:51$19 in module AsynFifo.
Marked 1 switch rules as full_case in process $proc$/openlane/designs/AsynFifo/src/AsynFifo.v:45$12 in module AsynFifo.
Removed a total of 0 dead cases.

8. Executing PROC_PRUNE pass (remove redundant assignments in processes).
Removed 4 redundant assignments.
Promoted 3 assignments to connections.

9. Executing PROC_INIT pass (extract init attributes).

10. Executing PROC_ARST pass (detect async resets in processes).
Found async reset \r_rst_n in `\AsynFifo.$proc$/openlane/designs/AsynFifo/src/AsynFifo.v:88$27'.
Found async reset \w_rst_n in `\AsynFifo.$proc$/openlane/designs/AsynFifo/src/AsynFifo.v:77$25'.
Found async reset \r_rst_n in `\AsynFifo.$proc$/openlane/designs/AsynFifo/src/AsynFifo.v:67$23'.
Found async reset \w_rst_n in `\AsynFifo.$proc$/openlane/designs/AsynFifo/src/AsynFifo.v:51$19'.

11. Executing PROC_ROM pass (convert switches to ROMs).
Converted 0 switches.
<suppressed ~4 debug messages>

12. Executing PROC_MUX pass (convert decision trees to multiplexers).
Creating decoders for process `\AsynFifo.$proc$/openlane/designs/AsynFifo/src/AsynFifo.v:88$27'.
     1/2: $0\w_ptr_gray_sync2[4:0]
     2/2: $0\w_ptr_gray_sync1[4:0]
Creating decoders for process `\AsynFifo.$proc$/openlane/designs/AsynFifo/src/AsynFifo.v:77$25'.
     1/2: $0\r_ptr_gray_sync2[4:0]
     2/2: $0\r_ptr_gray_sync1[4:0]
Creating decoders for process `\AsynFifo.$proc$/openlane/designs/AsynFifo/src/AsynFifo.v:67$23'.
     1/2: $0\r_ptr_g[4:0]
     2/2: $0\r_ptr_b[4:0]
Creating decoders for process `\AsynFifo.$proc$/openlane/designs/AsynFifo/src/AsynFifo.v:61$21'.
     1/1: $0\data_temp[4:0]
Creating decoders for process `\AsynFifo.$proc$/openlane/designs/AsynFifo/src/AsynFifo.v:51$19'.
     1/2: $0\w_ptr_g[4:0]
     2/2: $0\w_ptr_b[4:0]
Creating decoders for process `\AsynFifo.$proc$/openlane/designs/AsynFifo/src/AsynFifo.v:45$12'.
     1/3: $1$memwr$\mem$/openlane/designs/AsynFifo/src/AsynFifo.v:47$1_EN[3:0]$18
     2/3: $1$memwr$\mem$/openlane/designs/AsynFifo/src/AsynFifo.v:47$1_DATA[3:0]$17
     3/3: $1$memwr$\mem$/openlane/designs/AsynFifo/src/AsynFifo.v:47$1_ADDR[3:0]$16

13. Executing PROC_DLATCH pass (convert process syncs to latches).

14. Executing PROC_DFF pass (convert process syncs to FFs).
Creating register for signal `\AsynFifo.\w_ptr_gray_sync1' using process `\AsynFifo.$proc$/openlane/designs/AsynFifo/src/AsynFifo.v:88$27'.
  created $adff cell `$procdff$52' with positive edge clock and negative level reset.
Creating register for signal `\AsynFifo.\w_ptr_gray_sync2' using process `\AsynFifo.$proc$/openlane/designs/AsynFifo/src/AsynFifo.v:88$27'.
  created $adff cell `$procdff$53' with positive edge clock and negative level reset.
Creating register for signal `\AsynFifo.\r_ptr_gray_sync1' using process `\AsynFifo.$proc$/openlane/designs/AsynFifo/src/AsynFifo.v:77$25'.
  created $adff cell `$procdff$54' with positive edge clock and negative level reset.
Creating register for signal `\AsynFifo.\r_ptr_gray_sync2' using process `\AsynFifo.$proc$/openlane/designs/AsynFifo/src/AsynFifo.v:77$25'.
  created $adff cell `$procdff$55' with positive edge clock and negative level reset.
Creating register for signal `\AsynFifo.\r_ptr_b' using process `\AsynFifo.$proc$/openlane/designs/AsynFifo/src/AsynFifo.v:67$23'.
  created $adff cell `$procdff$56' with positive edge clock and negative level reset.
Creating register for signal `\AsynFifo.\r_ptr_g' using process `\AsynFifo.$proc$/openlane/designs/AsynFifo/src/AsynFifo.v:67$23'.
  created $adff cell `$procdff$57' with positive edge clock and negative level reset.
Creating register for signal `\AsynFifo.\data_temp' using process `\AsynFifo.$proc$/openlane/designs/AsynFifo/src/AsynFifo.v:61$21'.
  created $dff cell `$procdff$58' with positive edge clock.
Creating register for signal `\AsynFifo.\w_ptr_b' using process `\AsynFifo.$proc$/openlane/designs/AsynFifo/src/AsynFifo.v:51$19'.
  created $adff cell `$procdff$59' with positive edge clock and negative level reset.
Creating register for signal `\AsynFifo.\w_ptr_g' using process `\AsynFifo.$proc$/openlane/designs/AsynFifo/src/AsynFifo.v:51$19'.
  created $adff cell `$procdff$60' with positive edge clock and negative level reset.
Creating register for signal `\AsynFifo.$memwr$\mem$/openlane/designs/AsynFifo/src/AsynFifo.v:47$1_ADDR' using process `\AsynFifo.$proc$/openlane/designs/AsynFifo/src/AsynFifo.v:45$12'.
  created $dff cell `$procdff$61' with positive edge clock.
Creating register for signal `\AsynFifo.$memwr$\mem$/openlane/designs/AsynFifo/src/AsynFifo.v:47$1_DATA' using process `\AsynFifo.$proc$/openlane/designs/AsynFifo/src/AsynFifo.v:45$12'.
  created $dff cell `$procdff$62' with positive edge clock.
Creating register for signal `\AsynFifo.$memwr$\mem$/openlane/designs/AsynFifo/src/AsynFifo.v:47$1_EN' using process `\AsynFifo.$proc$/openlane/designs/AsynFifo/src/AsynFifo.v:45$12'.
  created $dff cell `$procdff$63' with positive edge clock.

15. Executing PROC_MEMWR pass (convert process memory writes to cells).

16. Executing PROC_CLEAN pass (remove empty switches from decision trees).
Removing empty process `AsynFifo.$proc$/openlane/designs/AsynFifo/src/AsynFifo.v:88$27'.
Removing empty process `AsynFifo.$proc$/openlane/designs/AsynFifo/src/AsynFifo.v:77$25'.
Found and cleaned up 1 empty switch in `\AsynFifo.$proc$/openlane/designs/AsynFifo/src/AsynFifo.v:67$23'.
Removing empty process `AsynFifo.$proc$/openlane/designs/AsynFifo/src/AsynFifo.v:67$23'.
Found and cleaned up 1 empty switch in `\AsynFifo.$proc$/openlane/designs/AsynFifo/src/AsynFifo.v:61$21'.
Removing empty process `AsynFifo.$proc$/openlane/designs/AsynFifo/src/AsynFifo.v:61$21'.
Found and cleaned up 1 empty switch in `\AsynFifo.$proc$/openlane/designs/AsynFifo/src/AsynFifo.v:51$19'.
Removing empty process `AsynFifo.$proc$/openlane/designs/AsynFifo/src/AsynFifo.v:51$19'.
Found and cleaned up 1 empty switch in `\AsynFifo.$proc$/openlane/designs/AsynFifo/src/AsynFifo.v:45$12'.
Removing empty process `AsynFifo.$proc$/openlane/designs/AsynFifo/src/AsynFifo.v:45$12'.
Cleaned up 4 empty switches.

17. Executing CHECK pass (checking for obvious problems).
Checking module AsynFifo...
Warning: multiple conflicting drivers for AsynFifo.$memrd$\mem$/openlane/designs/AsynFifo/src/AsynFifo.v:97$29_DATA [3]:
    port Q[3] of cell $procdff$58 ($dff)
    port DATA[3] of cell $memrd$\mem$/openlane/designs/AsynFifo/src/AsynFifo.v:97$29 ($memrd)
Warning: multiple conflicting drivers for AsynFifo.$memrd$\mem$/openlane/designs/AsynFifo/src/AsynFifo.v:97$29_DATA [2]:
    port Q[2] of cell $procdff$58 ($dff)
    port DATA[2] of cell $memrd$\mem$/openlane/designs/AsynFifo/src/AsynFifo.v:97$29 ($memrd)
Warning: multiple conflicting drivers for AsynFifo.$memrd$\mem$/openlane/designs/AsynFifo/src/AsynFifo.v:97$29_DATA [1]:
    port Q[1] of cell $procdff$58 ($dff)
    port DATA[1] of cell $memrd$\mem$/openlane/designs/AsynFifo/src/AsynFifo.v:97$29 ($memrd)
Warning: multiple conflicting drivers for AsynFifo.$memrd$\mem$/openlane/designs/AsynFifo/src/AsynFifo.v:97$29_DATA [0]:
    port Q[0] of cell $procdff$58 ($dff)
    port DATA[0] of cell $memrd$\mem$/openlane/designs/AsynFifo/src/AsynFifo.v:97$29 ($memrd)
Found and reported 4 problems.

18. Executing OPT_EXPR pass (perform const folding).
Optimizing module AsynFifo.
<suppressed ~2 debug messages>

19. Executing FLATTEN pass (flatten design).

20. Executing OPT_EXPR pass (perform const folding).
Optimizing module AsynFifo.

21. Executing OPT_CLEAN pass (remove unused cells and wires).
Finding unused cells or wires in module \AsynFifo..
Removed 11 unused cells and 45 unused wires.
<suppressed ~15 debug messages>

22. Executing OPT pass (performing simple optimizations).

22.1. Executing OPT_EXPR pass (perform const folding).
Optimizing module AsynFifo.

22.2. Executing OPT_MERGE pass (detect identical cells).
Finding identical cells in module `\AsynFifo'.
Removed a total of 0 cells.

22.3. Executing OPT_MUXTREE pass (detect dead branches in mux trees).
Running muxtree optimizer on module \AsynFifo..
  Creating internal representation of mux trees.
  Evaluating internal representation of mux trees.
  Analyzing evaluation results.
Removed 0 multiplexer ports.
<suppressed ~7 debug messages>

22.4. Executing OPT_REDUCE pass (consolidate $*mux and $reduce_* inputs).
  Optimizing cells in module \AsynFifo.
    Consolidated identical input bits for $mux cell $procmux$44:
      Old ports: A=4'0000, B=4'1111, Y=$0$memwr$\mem$/openlane/designs/AsynFifo/src/AsynFifo.v:47$1_EN[3:0]$15
      New ports: A=1'0, B=1'1, Y=$0$memwr$\mem$/openlane/designs/AsynFifo/src/AsynFifo.v:47$1_EN[3:0]$15 [0]
      New connections: $0$memwr$\mem$/openlane/designs/AsynFifo/src/AsynFifo.v:47$1_EN[3:0]$15 [3:1] = { $0$memwr$\mem$/openlane/designs/AsynFifo/src/AsynFifo.v:47$1_EN[3:0]$15 [0] $0$memwr$\mem$/openlane/designs/AsynFifo/src/AsynFifo.v:47$1_EN[3:0]$15 [0] $0$memwr$\mem$/openlane/designs/AsynFifo/src/AsynFifo.v:47$1_EN[3:0]$15 [0] }
  Optimizing cells in module \AsynFifo.
Performed a total of 1 changes.

22.5. Executing OPT_MERGE pass (detect identical cells).
Finding identical cells in module `\AsynFifo'.
Removed a total of 0 cells.

22.6. Executing OPT_DFF pass (perform DFF optimizations).

22.7. Executing OPT_CLEAN pass (remove unused cells and wires).
Finding unused cells or wires in module \AsynFifo..

22.8. Executing OPT_EXPR pass (perform const folding).
Optimizing module AsynFifo.

22.9. Rerunning OPT passes. (Maybe there is more to do..)

22.10. Executing OPT_MUXTREE pass (detect dead branches in mux trees).
Running muxtree optimizer on module \AsynFifo..
  Creating internal representation of mux trees.
  Evaluating internal representation of mux trees.
  Analyzing evaluation results.
Removed 0 multiplexer ports.
<suppressed ~7 debug messages>

22.11. Executing OPT_REDUCE pass (consolidate $*mux and $reduce_* inputs).
  Optimizing cells in module \AsynFifo.
Performed a total of 0 changes.

22.12. Executing OPT_MERGE pass (detect identical cells).
Finding identical cells in module `\AsynFifo'.
Removed a total of 0 cells.

22.13. Executing OPT_DFF pass (perform DFF optimizations).

22.14. Executing OPT_CLEAN pass (remove unused cells and wires).
Finding unused cells or wires in module \AsynFifo..

22.15. Executing OPT_EXPR pass (perform const folding).
Optimizing module AsynFifo.

22.16. Finished OPT passes. (There is nothing left to do.)

23. Executing FSM pass (extract and optimize FSM).

23.1. Executing FSM_DETECT pass (finding FSMs in design).

23.2. Executing FSM_EXTRACT pass (extracting FSM from design).

23.3. Executing FSM_OPT pass (simple optimizations of FSMs).

23.4. Executing OPT_CLEAN pass (remove unused cells and wires).
Finding unused cells or wires in module \AsynFifo..

23.5. Executing FSM_OPT pass (simple optimizations of FSMs).

23.6. Executing FSM_RECODE pass (re-assigning FSM state encoding).

23.7. Executing FSM_INFO pass (dumping all available information on FSM cells).

23.8. Executing FSM_MAP pass (mapping FSMs to basic logic).

24. Executing OPT pass (performing simple optimizations).

24.1. Executing OPT_EXPR pass (perform const folding).
Optimizing module AsynFifo.

24.2. Executing OPT_MERGE pass (detect identical cells).
Finding identical cells in module `\AsynFifo'.
Removed a total of 0 cells.

24.3. Executing OPT_MUXTREE pass (detect dead branches in mux trees).
Running muxtree optimizer on module \AsynFifo..
  Creating internal representation of mux trees.
  Evaluating internal representation of mux trees.
  Analyzing evaluation results.
Removed 0 multiplexer ports.
<suppressed ~7 debug messages>

24.4. Executing OPT_REDUCE pass (consolidate $*mux and $reduce_* inputs).
  Optimizing cells in module \AsynFifo.
Performed a total of 0 changes.

24.5. Executing OPT_MERGE pass (detect identical cells).
Finding identical cells in module `\AsynFifo'.
Removed a total of 0 cells.

24.6. Executing OPT_DFF pass (perform DFF optimizations).
Adding EN signal on $procdff$60 ($adff) from module AsynFifo (D = \w_ptr_gnext, Q = \w_ptr_g).
Adding EN signal on $procdff$59 ($adff) from module AsynFifo (D = \w_ptr_bnext, Q = \w_ptr_b).
Adding EN signal on $procdff$58 ($dff) from module AsynFifo (D = { 1'0 $memrd$\mem$/openlane/designs/AsynFifo/src/AsynFifo.v:63$22_DATA }, Q = \data_temp).
Adding EN signal on $procdff$56 ($adff) from module AsynFifo (D = \r_ptr_bnext, Q = \r_ptr_b).
Setting constant 0-bit at position 4 on $auto$ff.cc:266:slice$67 ($dffe) from module AsynFifo.

24.7. Executing OPT_CLEAN pass (remove unused cells and wires).
Finding unused cells or wires in module \AsynFifo..
Removed 4 unused cells and 4 unused wires.
<suppressed ~5 debug messages>

24.8. Executing OPT_EXPR pass (perform const folding).
Optimizing module AsynFifo.

24.9. Rerunning OPT passes. (Maybe there is more to do..)

24.10. Executing OPT_MUXTREE pass (detect dead branches in mux trees).
Running muxtree optimizer on module \AsynFifo..
  Creating internal representation of mux trees.
  Evaluating internal representation of mux trees.
  Analyzing evaluation results.
Removed 0 multiplexer ports.
<suppressed ~3 debug messages>

24.11. Executing OPT_REDUCE pass (consolidate $*mux and $reduce_* inputs).
  Optimizing cells in module \AsynFifo.
Performed a total of 0 changes.

24.12. Executing OPT_MERGE pass (detect identical cells).
Finding identical cells in module `\AsynFifo'.
Removed a total of 0 cells.

24.13. Executing OPT_DFF pass (perform DFF optimizations).

24.14. Executing OPT_CLEAN pass (remove unused cells and wires).
Finding unused cells or wires in module \AsynFifo..

24.15. Executing OPT_EXPR pass (perform const folding).
Optimizing module AsynFifo.

24.16. Finished OPT passes. (There is nothing left to do.)

25. Executing WREDUCE pass (reducing word size of cells).
Removed top 1 bits (of 5) from port B of cell AsynFifo.$xor$/openlane/designs/AsynFifo/src/AsynFifo.v:40$8 ($xor).
Removed top 1 bits (of 5) from port B of cell AsynFifo.$xor$/openlane/designs/AsynFifo/src/AsynFifo.v:42$11 ($xor).

26. Executing PEEPOPT pass (run peephole optimizers).

27. Executing OPT_CLEAN pass (remove unused cells and wires).
Finding unused cells or wires in module \AsynFifo..

28. Executing ALUMACC pass (create $alu and $macc cells).
Extracting $alu and $macc cells in module AsynFifo:
  creating $macc model for $add$/openlane/designs/AsynFifo/src/AsynFifo.v:39$6 ($add).
  creating $macc model for $add$/openlane/designs/AsynFifo/src/AsynFifo.v:41$9 ($add).
  creating $alu model for $macc $add$/openlane/designs/AsynFifo/src/AsynFifo.v:41$9.
  creating $alu model for $macc $add$/openlane/designs/AsynFifo/src/AsynFifo.v:39$6.
  creating $alu cell for $add$/openlane/designs/AsynFifo/src/AsynFifo.v:39$6: $auto$alumacc.cc:485:replace_alu$70
  creating $alu cell for $add$/openlane/designs/AsynFifo/src/AsynFifo.v:41$9: $auto$alumacc.cc:485:replace_alu$73
  created 2 $alu and 0 $macc cells.

29. Executing SHARE pass (SAT-based resource sharing).

30. Executing OPT pass (performing simple optimizations).

30.1. Executing OPT_EXPR pass (perform const folding).
Optimizing module AsynFifo.

30.2. Executing OPT_MERGE pass (detect identical cells).
Finding identical cells in module `\AsynFifo'.
Removed a total of 0 cells.

30.3. Executing OPT_MUXTREE pass (detect dead branches in mux trees).
Running muxtree optimizer on module \AsynFifo..
  Creating internal representation of mux trees.
  Evaluating internal representation of mux trees.
  Analyzing evaluation results.
Removed 0 multiplexer ports.
<suppressed ~3 debug messages>

30.4. Executing OPT_REDUCE pass (consolidate $*mux and $reduce_* inputs).
  Optimizing cells in module \AsynFifo.
Performed a total of 0 changes.

30.5. Executing OPT_MERGE pass (detect identical cells).
Finding identical cells in module `\AsynFifo'.
Removed a total of 0 cells.

30.6. Executing OPT_DFF pass (perform DFF optimizations).

30.7. Executing OPT_CLEAN pass (remove unused cells and wires).
Finding unused cells or wires in module \AsynFifo..

30.8. Executing OPT_EXPR pass (perform const folding).
Optimizing module AsynFifo.

30.9. Finished OPT passes. (There is nothing left to do.)

31. Executing MEMORY pass.

31.1. Executing OPT_MEM pass (optimize memories).
Performed a total of 0 transformations.

31.2. Executing OPT_MEM_PRIORITY pass (removing unnecessary memory write priority relations).
Performed a total of 0 transformations.

31.3. Executing OPT_MEM_FEEDBACK pass (finding memory read-to-write feedback paths).
  Analyzing AsynFifo.mem write port 0.

31.4. Executing MEMORY_BMUX2ROM pass (converting muxes to ROMs).

31.5. Executing MEMORY_DFF pass (merging $dff cells to $memrd).
Checking read port `\mem'[0] in module `\AsynFifo': no output FF found.
Checking read port `\mem'[1] in module `\AsynFifo': merging output FF to cell.
Checking read port address `\mem'[0] in module `\AsynFifo': address FF has async set and/or reset, not supported.

31.6. Executing OPT_CLEAN pass (remove unused cells and wires).
Finding unused cells or wires in module \AsynFifo..
Removed 1 unused cells and 5 unused wires.
<suppressed ~2 debug messages>

31.7. Executing MEMORY_SHARE pass (consolidating $memrd/$memwr cells).
Consolidating read ports of memory AsynFifo.mem by address:

31.8. Executing OPT_MEM_WIDEN pass (optimize memories where all ports are wide).
Performed a total of 0 transformations.

31.9. Executing OPT_CLEAN pass (remove unused cells and wires).
Finding unused cells or wires in module \AsynFifo..

31.10. Executing MEMORY_COLLECT pass (generating $mem cells).

32. Executing OPT_CLEAN pass (remove unused cells and wires).
Finding unused cells or wires in module \AsynFifo..

33. Executing OPT pass (performing simple optimizations).

33.1. Executing OPT_EXPR pass (perform const folding).
Optimizing module AsynFifo.
<suppressed ~13 debug messages>

33.2. Executing OPT_MERGE pass (detect identical cells).
Finding identical cells in module `\AsynFifo'.
Removed a total of 0 cells.

33.3. Executing OPT_DFF pass (perform DFF optimizations).

33.4. Executing OPT_CLEAN pass (remove unused cells and wires).
Finding unused cells or wires in module \AsynFifo..
Removed 0 unused cells and 7 unused wires.
<suppressed ~1 debug messages>

33.5. Finished fast OPT passes.

34. Executing MEMORY_MAP pass (converting memories to logic and flip-flops).
Mapping memory \mem in module \AsynFifo:
  created 2 $dff cells and 0 static cells of width 4.
Extracted data FF from read port 1 of AsynFifo.mem: $\mem$rdreg[1]
  read interface: 1 $dff and 2 $mux cells.
  write interface: 2 write mux blocks.

35. Executing OPT pass (performing simple optimizations).

35.1. Executing OPT_EXPR pass (perform const folding).
Optimizing module AsynFifo.
<suppressed ~8 debug messages>

35.2. Executing OPT_MERGE pass (detect identical cells).
Finding identical cells in module `\AsynFifo'.
Removed a total of 0 cells.

35.3. Executing OPT_MUXTREE pass (detect dead branches in mux trees).
Running muxtree optimizer on module \AsynFifo..
  Creating internal representation of mux trees.
  Evaluating internal representation of mux trees.
  Analyzing evaluation results.
Removed 0 multiplexer ports.
<suppressed ~4 debug messages>

35.4. Executing OPT_REDUCE pass (consolidate $*mux and $reduce_* inputs).
  Optimizing cells in module \AsynFifo.
Performed a total of 0 changes.

35.5. Executing OPT_MERGE pass (detect identical cells).
Finding identical cells in module `\AsynFifo'.
Removed a total of 0 cells.

35.6. Executing OPT_SHARE pass.

35.7. Executing OPT_DFF pass (perform DFF optimizations).
Adding EN signal on $auto$ff.cc:266:slice$65 ($adffe) from module AsynFifo (D = \w_ptr_g [4], Q = \w_ptr_g [4]).
Handling D = Q on $auto$ff.cc:266:slice$135 ($adffe) from module AsynFifo (removing D path).
Setting constant 0-bit at position 0 on $auto$ff.cc:266:slice$135 ($dlatch) from module AsynFifo.

35.8. Executing OPT_CLEAN pass (remove unused cells and wires).
Finding unused cells or wires in module \AsynFifo..
Removed 2 unused cells and 12 unused wires.
<suppressed ~3 debug messages>

35.9. Executing OPT_EXPR pass (perform const folding).
Optimizing module AsynFifo.
<suppressed ~5 debug messages>

35.10. Rerunning OPT passes. (Maybe there is more to do..)

35.11. Executing OPT_MUXTREE pass (detect dead branches in mux trees).
Running muxtree optimizer on module \AsynFifo..
  Creating internal representation of mux trees.
  Evaluating internal representation of mux trees.
  Analyzing evaluation results.
Removed 0 multiplexer ports.
<suppressed ~4 debug messages>

35.12. Executing OPT_REDUCE pass (consolidate $*mux and $reduce_* inputs).
  Optimizing cells in module \AsynFifo.
Performed a total of 0 changes.

35.13. Executing OPT_MERGE pass (detect identical cells).
Finding identical cells in module `\AsynFifo'.
Removed a total of 0 cells.

35.14. Executing OPT_SHARE pass.

35.15. Executing OPT_DFF pass (perform DFF optimizations).
Adding EN signal on $memory\mem[0]$91 ($dff) from module AsynFifo (D = \w_data [3:0], Q = \mem[0]).
Adding EN signal on $memory\mem$89 ($dff) from module AsynFifo (D = \w_data [3:0], Q = \mem[-1]).

35.16. Executing OPT_CLEAN pass (remove unused cells and wires).
Finding unused cells or wires in module \AsynFifo..
Removed 2 unused cells and 4 unused wires.
<suppressed ~3 debug messages>

35.17. Executing OPT_EXPR pass (perform const folding).
Optimizing module AsynFifo.

35.18. Rerunning OPT passes. (Maybe there is more to do..)

35.19. Executing OPT_MUXTREE pass (detect dead branches in mux trees).
Running muxtree optimizer on module \AsynFifo..
  Creating internal representation of mux trees.
  Evaluating internal representation of mux trees.
  Analyzing evaluation results.
Removed 0 multiplexer ports.
<suppressed ~2 debug messages>

35.20. Executing OPT_REDUCE pass (consolidate $*mux and $reduce_* inputs).
  Optimizing cells in module \AsynFifo.
Performed a total of 0 changes.

35.21. Executing OPT_MERGE pass (detect identical cells).
Finding identical cells in module `\AsynFifo'.
Removed a total of 0 cells.

35.22. Executing OPT_SHARE pass.

35.23. Executing OPT_DFF pass (perform DFF optimizations).
Adding EN signal on $auto$ff.cc:266:slice$140 ($adffe) from module AsynFifo (D = \w_ptr_g [3], Q = \w_ptr_g [3]).
Handling D = Q on $auto$ff.cc:266:slice$146 ($adffe) from module AsynFifo (removing D path).
Setting constant 0-bit at position 0 on $auto$ff.cc:266:slice$146 ($dlatch) from module AsynFifo.

35.24. Executing OPT_CLEAN pass (remove unused cells and wires).
Finding unused cells or wires in module \AsynFifo..
Removed 2 unused cells and 2 unused wires.
<suppressed ~3 debug messages>

35.25. Executing OPT_EXPR pass (perform const folding).
Optimizing module AsynFifo.
<suppressed ~5 debug messages>

35.26. Rerunning OPT passes. (Maybe there is more to do..)

35.27. Executing OPT_MUXTREE pass (detect dead branches in mux trees).
Running muxtree optimizer on module \AsynFifo..
  Creating internal representation of mux trees.
  Evaluating internal representation of mux trees.
  Analyzing evaluation results.
Removed 0 multiplexer ports.
<suppressed ~2 debug messages>

35.28. Executing OPT_REDUCE pass (consolidate $*mux and $reduce_* inputs).
  Optimizing cells in module \AsynFifo.
Performed a total of 0 changes.

35.29. Executing OPT_MERGE pass (detect identical cells).
Finding identical cells in module `\AsynFifo'.
Removed a total of 0 cells.

35.30. Executing OPT_SHARE pass.

35.31. Executing OPT_DFF pass (perform DFF optimizations).

35.32. Executing OPT_CLEAN pass (remove unused cells and wires).
Finding unused cells or wires in module \AsynFifo..
Removed 0 unused cells and 2 unused wires.
<suppressed ~1 debug messages>

35.33. Executing OPT_EXPR pass (perform const folding).
Optimizing module AsynFifo.

35.34. Rerunning OPT passes. (Maybe there is more to do..)

35.35. Executing OPT_MUXTREE pass (detect dead branches in mux trees).
Running muxtree optimizer on module \AsynFifo..
  Creating internal representation of mux trees.
  Evaluating internal representation of mux trees.
  Analyzing evaluation results.
Removed 0 multiplexer ports.
<suppressed ~2 debug messages>

35.36. Executing OPT_REDUCE pass (consolidate $*mux and $reduce_* inputs).
  Optimizing cells in module \AsynFifo.
Performed a total of 0 changes.

35.37. Executing OPT_MERGE pass (detect identical cells).
Finding identical cells in module `\AsynFifo'.
Removed a total of 0 cells.

35.38. Executing OPT_SHARE pass.

35.39. Executing OPT_DFF pass (perform DFF optimizations).
Adding EN signal on $auto$ff.cc:266:slice$151 ($adffe) from module AsynFifo (D = \w_ptr_g [2], Q = \w_ptr_g [2]).
Handling D = Q on $auto$ff.cc:266:slice$155 ($adffe) from module AsynFifo (removing D path).
Setting constant 0-bit at position 0 on $auto$ff.cc:266:slice$155 ($dlatch) from module AsynFifo.

35.40. Executing OPT_CLEAN pass (remove unused cells and wires).
Finding unused cells or wires in module \AsynFifo..
Removed 2 unused cells and 2 unused wires.
<suppressed ~3 debug messages>

35.41. Executing OPT_EXPR pass (perform const folding).
Optimizing module AsynFifo.
<suppressed ~5 debug messages>

35.42. Rerunning OPT passes. (Maybe there is more to do..)

35.43. Executing OPT_MUXTREE pass (detect dead branches in mux trees).
Running muxtree optimizer on module \AsynFifo..
  Creating internal representation of mux trees.
  Evaluating internal representation of mux trees.
  Analyzing evaluation results.
Removed 0 multiplexer ports.
<suppressed ~2 debug messages>

35.44. Executing OPT_REDUCE pass (consolidate $*mux and $reduce_* inputs).
  Optimizing cells in module \AsynFifo.
Performed a total of 0 changes.

35.45. Executing OPT_MERGE pass (detect identical cells).
Finding identical cells in module `\AsynFifo'.
Removed a total of 0 cells.

35.46. Executing OPT_SHARE pass.

35.47. Executing OPT_DFF pass (perform DFF optimizations).

35.48. Executing OPT_CLEAN pass (remove unused cells and wires).
Finding unused cells or wires in module \AsynFifo..
Removed 0 unused cells and 2 unused wires.
<suppressed ~1 debug messages>

35.49. Executing OPT_EXPR pass (perform const folding).
Optimizing module AsynFifo.

35.50. Rerunning OPT passes. (Maybe there is more to do..)

35.51. Executing OPT_MUXTREE pass (detect dead branches in mux trees).
Running muxtree optimizer on module \AsynFifo..
  Creating internal representation of mux trees.
  Evaluating internal representation of mux trees.
  Analyzing evaluation results.
Removed 0 multiplexer ports.
<suppressed ~2 debug messages>

35.52. Executing OPT_REDUCE pass (consolidate $*mux and $reduce_* inputs).
  Optimizing cells in module \AsynFifo.
Performed a total of 0 changes.

35.53. Executing OPT_MERGE pass (detect identical cells).
Finding identical cells in module `\AsynFifo'.
Removed a total of 0 cells.

35.54. Executing OPT_SHARE pass.

35.55. Executing OPT_DFF pass (perform DFF optimizations).
Adding EN signal on $auto$ff.cc:266:slice$160 ($adffe) from module AsynFifo (D = \w_ptr_g [1], Q = \w_ptr_g [1]).
Handling D = Q on $auto$ff.cc:266:slice$164 ($adffe) from module AsynFifo (removing D path).
Setting constant 0-bit at position 0 on $auto$ff.cc:266:slice$164 ($dlatch) from module AsynFifo.

35.56. Executing OPT_CLEAN pass (remove unused cells and wires).
Finding unused cells or wires in module \AsynFifo..
Removed 2 unused cells and 2 unused wires.
<suppressed ~3 debug messages>

35.57. Executing OPT_EXPR pass (perform const folding).
Optimizing module AsynFifo.
<suppressed ~1 debug messages>

35.58. Rerunning OPT passes. (Maybe there is more to do..)

35.59. Executing OPT_MUXTREE pass (detect dead branches in mux trees).
Running muxtree optimizer on module \AsynFifo..
  Creating internal representation of mux trees.
  Evaluating internal representation of mux trees.
  Analyzing evaluation results.
Removed 0 multiplexer ports.
<suppressed ~2 debug messages>

35.60. Executing OPT_REDUCE pass (consolidate $*mux and $reduce_* inputs).
  Optimizing cells in module \AsynFifo.
Performed a total of 0 changes.

35.61. Executing OPT_MERGE pass (detect identical cells).
Finding identical cells in module `\AsynFifo'.
Removed a total of 0 cells.

35.62. Executing OPT_SHARE pass.

35.63. Executing OPT_DFF pass (perform DFF optimizations).

35.64. Executing OPT_CLEAN pass (remove unused cells and wires).
Finding unused cells or wires in module \AsynFifo..

35.65. Executing OPT_EXPR pass (perform const folding).
Optimizing module AsynFifo.

35.66. Finished OPT passes. (There is nothing left to do.)

36. Executing TECHMAP pass (map to technology primitives).

36.1. Executing Verilog-2005 frontend: /build/bin/../share/yosys/techmap.v
Parsing Verilog input from `/build/bin/../share/yosys/techmap.v' to AST representation.
Generating RTLIL representation for module `\_90_simplemap_bool_ops'.
Generating RTLIL representation for module `\_90_simplemap_reduce_ops'.
Generating RTLIL representation for module `\_90_simplemap_logic_ops'.
Generating RTLIL representation for module `\_90_simplemap_compare_ops'.
Generating RTLIL representation for module `\_90_simplemap_various'.
Generating RTLIL representation for module `\_90_simplemap_registers'.
Generating RTLIL representation for module `\_90_shift_ops_shr_shl_sshl_sshr'.
Generating RTLIL representation for module `\_90_shift_shiftx'.
Generating RTLIL representation for module `\_90_fa'.
Generating RTLIL representation for module `\_90_lcu'.
Generating RTLIL representation for module `\_90_alu'.
Generating RTLIL representation for module `\_90_macc'.
Generating RTLIL representation for module `\_90_alumacc'.
Generating RTLIL representation for module `\$__div_mod_u'.
Generating RTLIL representation for module `\$__div_mod_trunc'.
Generating RTLIL representation for module `\_90_div'.
Generating RTLIL representation for module `\_90_mod'.
Generating RTLIL representation for module `\$__div_mod_floor'.
Generating RTLIL representation for module `\_90_divfloor'.
Generating RTLIL representation for module `\_90_modfloor'.
Generating RTLIL representation for module `\_90_pow'.
Generating RTLIL representation for module `\_90_pmux'.
Generating RTLIL representation for module `\_90_demux'.
Generating RTLIL representation for module `\_90_lut'.
Successfully finished Verilog frontend.

36.2. Continuing TECHMAP pass.
Using extmapper simplemap for cells of type $logic_not.
Using extmapper simplemap for cells of type $logic_and.
Using template $paramod$672a140277c71df8314410f22acc08d55222c3c7\_90_alu for cells of type $alu.
Using extmapper simplemap for cells of type $adffe.
Using extmapper simplemap for cells of type $dffe.
Using extmapper simplemap for cells of type $and.
Using extmapper simplemap for cells of type $mux.
Using extmapper simplemap for cells of type $not.
Using extmapper simplemap for cells of type $eq.
Using extmapper simplemap for cells of type $adff.
Using extmapper simplemap for cells of type $xor.
Using template $paramod\_90_lcu\WIDTH=32'00000000000000000000000000000101 for cells of type $lcu.
Using extmapper simplemap for cells of type $pos.
Using extmapper simplemap for cells of type $or.
No more expansions possible.
<suppressed ~276 debug messages>

37. Executing OPT pass (performing simple optimizations).

37.1. Executing OPT_EXPR pass (perform const folding).
Optimizing module AsynFifo.
<suppressed ~56 debug messages>

37.2. Executing OPT_MERGE pass (detect identical cells).
Finding identical cells in module `\AsynFifo'.
<suppressed ~21 debug messages>
Removed a total of 7 cells.

37.3. Executing OPT_DFF pass (perform DFF optimizations).
Handling D = Q on $auto$ff.cc:266:slice$256 ($_DFFE_PN0P_) from module AsynFifo (removing D path).
Setting constant 0-bit at position 0 on $auto$ff.cc:266:slice$256 ($_DLATCH_N_) from module AsynFifo.

37.4. Executing OPT_CLEAN pass (remove unused cells and wires).
Finding unused cells or wires in module \AsynFifo..
Removed 11 unused cells and 73 unused wires.
<suppressed ~12 debug messages>

37.5. Rerunning OPT passes. (Removed registers in this run.)

37.6. Executing OPT_EXPR pass (perform const folding).
Optimizing module AsynFifo.
<suppressed ~1 debug messages>

37.7. Executing OPT_MERGE pass (detect identical cells).
Finding identical cells in module `\AsynFifo'.
Removed a total of 0 cells.

37.8. Executing OPT_DFF pass (perform DFF optimizations).

37.9. Executing OPT_CLEAN pass (remove unused cells and wires).
Finding unused cells or wires in module \AsynFifo..

37.10. Finished fast OPT passes.

38. Executing ABC pass (technology mapping using ABC).

38.1. Extracting gate netlist of module `\AsynFifo' to `<abc-temp-dir>/input.blif'..
Extracted 54 gates and 78 wires to a netlist network with 24 inputs and 27 outputs.

38.1.1. Executing ABC.
Running ABC command: "<yosys-exe-dir>/yosys-abc" -s -f <abc-temp-dir>/abc.script 2>&1
ABC: ABC command line: "source <abc-temp-dir>/abc.script".
ABC: 
ABC: + read_blif <abc-temp-dir>/input.blif 
ABC: + read_library <abc-temp-dir>/stdcells.genlib 
ABC: Entered genlib library with 13 gates from file "<abc-temp-dir>/stdcells.genlib".
ABC: + strash 
ABC: + dretime 
ABC: + map 
ABC: + write_blif <abc-temp-dir>/output.blif 

38.1.2. Re-integrating ABC results.
ABC RESULTS:             ORNOT cells:        1
ABC RESULTS:               NOR cells:        1
ABC RESULTS:               MUX cells:        8
ABC RESULTS:               AND cells:        1
ABC RESULTS:               NOT cells:        2
ABC RESULTS:              NAND cells:        5
ABC RESULTS:                OR cells:        8
ABC RESULTS:              XNOR cells:        1
ABC RESULTS:            ANDNOT cells:        9
ABC RESULTS:               XOR cells:       12
ABC RESULTS:        internal signals:       27
ABC RESULTS:           input signals:       24
ABC RESULTS:          output signals:       27
Removing temp directory.

39. Executing OPT pass (performing simple optimizations).

39.1. Executing OPT_EXPR pass (perform const folding).
Optimizing module AsynFifo.

39.2. Executing OPT_MERGE pass (detect identical cells).
Finding identical cells in module `\AsynFifo'.
Removed a total of 0 cells.

39.3. Executing OPT_DFF pass (perform DFF optimizations).

39.4. Executing OPT_CLEAN pass (remove unused cells and wires).
Finding unused cells or wires in module \AsynFifo..
Removed 0 unused cells and 71 unused wires.
<suppressed ~1 debug messages>

39.5. Finished fast OPT passes.

40. Executing HIERARCHY pass (managing design hierarchy).

40.1. Analyzing design hierarchy..
Top module:  \AsynFifo

40.2. Analyzing design hierarchy..
Top module:  \AsynFifo
Removed 0 unused modules.

41. Printing statistics.

=== AsynFifo ===

   Number of wires:                 48
   Number of wire bits:            104
   Number of public wires:          24
   Number of public wire bits:      77
   Number of memories:               0
   Number of memory bits:            0
   Number of processes:              0
   Number of cells:                 79
     $_ANDNOT_                       9
     $_AND_                          1
     $_DFFE_PN0P_                    9
     $_DFFE_PP_                     12
     $_DFF_PN0_                     10
     $_MUX_                          8
     $_NAND_                         5
     $_NOR_                          1
     $_NOT_                          2
     $_ORNOT_                        1
     $_OR_                           8
     $_XNOR_                         1
     $_XOR_                         12

42. Executing CHECK pass (checking for obvious problems).
Checking module AsynFifo...
Warning: multiple conflicting drivers for AsynFifo.\data_temp [3]:
    port Y[0] of cell $abc$447$auto$blifparse.cc:386:parse_blif$460 ($_MUX_)
    port Q[0] of cell $auto$ff.cc:266:slice$260 ($_DFFE_PP_)
Warning: multiple conflicting drivers for AsynFifo.\data_temp [2]:
    port Y[0] of cell $abc$447$auto$blifparse.cc:386:parse_blif$459 ($_MUX_)
    port Q[0] of cell $auto$ff.cc:266:slice$259 ($_DFFE_PP_)
Warning: multiple conflicting drivers for AsynFifo.\data_temp [1]:
    port Y[0] of cell $abc$447$auto$blifparse.cc:386:parse_blif$458 ($_MUX_)
    port Q[0] of cell $auto$ff.cc:266:slice$258 ($_DFFE_PP_)
Warning: multiple conflicting drivers for AsynFifo.\data_temp [0]:
    port Y[0] of cell $abc$447$auto$blifparse.cc:386:parse_blif$457 ($_MUX_)
    port Q[0] of cell $auto$ff.cc:266:slice$257 ($_DFFE_PP_)
Found and reported 4 problems.

43. Generating Graphviz representation of design.
Writing dot description to `/openlane/designs/AsynFifo/runs/RUN_2026.08.25_22.59.59/tmp/synthesis/post_techmap.dot'.
Dumping module AsynFifo to page 1.

44. Executing SHARE pass (SAT-based resource sharing).

45. Executing OPT pass (performing simple optimizations).

45.1. Executing OPT_EXPR pass (perform const folding).
Optimizing module AsynFifo.

45.2. Executing OPT_MERGE pass (detect identical cells).
Finding identical cells in module `\AsynFifo'.
Removed a total of 0 cells.

45.3. Executing OPT_MUXTREE pass (detect dead branches in mux trees).
Running muxtree optimizer on module \AsynFifo..
  Creating internal representation of mux trees.
  No muxes found in this module.
Removed 0 multiplexer ports.

45.4. Executing OPT_REDUCE pass (consolidate $*mux and $reduce_* inputs).
  Optimizing cells in module \AsynFifo.
Performed a total of 0 changes.

45.5. Executing OPT_MERGE pass (detect identical cells).
Finding identical cells in module `\AsynFifo'.
Removed a total of 0 cells.

45.6. Executing OPT_DFF pass (perform DFF optimizations).

45.7. Executing OPT_CLEAN pass (remove unused cells and wires).
Finding unused cells or wires in module \AsynFifo..

45.8. Executing OPT_EXPR pass (perform const folding).
Optimizing module AsynFifo.

45.9. Finished OPT passes. (There is nothing left to do.)

46. Executing OPT_CLEAN pass (remove unused cells and wires).
Finding unused cells or wires in module \AsynFifo..
Removed 0 unused cells and 3 unused wires.
<suppressed ~3 debug messages>

47. Printing statistics.

=== AsynFifo ===

   Number of wires:                 45
   Number of wire bits:             89
   Number of public wires:          21
   Number of public wire bits:      62
   Number of memories:               0
   Number of memory bits:            0
   Number of processes:              0
   Number of cells:                 79
     $_ANDNOT_                       9
     $_AND_                          1
     $_DFFE_PN0P_                    9
     $_DFFE_PP_                     12
     $_DFF_PN0_                     10
     $_MUX_                          8
     $_NAND_                         5
     $_NOR_                          1
     $_NOT_                          2
     $_ORNOT_                        1
     $_OR_                           8
     $_XNOR_                         1
     $_XOR_                         12

mapping tbuf

48. Executing TECHMAP pass (map to technology primitives).

48.1. Executing Verilog-2005 frontend: /home/nguyenson99/.ciel/sky130A/libs.tech/openlane/sky130_fd_sc_hd/tribuff_map.v
Parsing Verilog input from `/home/nguyenson99/.ciel/sky130A/libs.tech/openlane/sky130_fd_sc_hd/tribuff_map.v' to AST representation.
Generating RTLIL representation for module `\$_TBUF_'.
Successfully finished Verilog frontend.

48.2. Continuing TECHMAP pass.
No more expansions possible.
<suppressed ~3 debug messages>

49. Executing SIMPLEMAP pass (map simple cells to gate primitives).

50. Executing TECHMAP pass (map to technology primitives).

50.1. Executing Verilog-2005 frontend: /home/nguyenson99/.ciel/sky130A/libs.tech/openlane/sky130_fd_sc_hd/latch_map.v
Parsing Verilog input from `/home/nguyenson99/.ciel/sky130A/libs.tech/openlane/sky130_fd_sc_hd/latch_map.v' to AST representation.
Generating RTLIL representation for module `\$_DLATCH_P_'.
Generating RTLIL representation for module `\$_DLATCH_N_'.
Successfully finished Verilog frontend.

50.2. Continuing TECHMAP pass.
No more expansions possible.
<suppressed ~4 debug messages>

51. Executing SIMPLEMAP pass (map simple cells to gate primitives).

52. Executing DFFLIBMAP pass (mapping DFF cells to sequential cells from liberty file).
  cell sky130_fd_sc_hd__dfxtp_2 (noninv, pins=3, area=21.27) is a direct match for cell type $_DFF_P_.
  cell sky130_fd_sc_hd__dfrtp_2 (noninv, pins=4, area=26.28) is a direct match for cell type $_DFF_PN0_.
  cell sky130_fd_sc_hd__dfstp_2 (noninv, pins=4, area=26.28) is a direct match for cell type $_DFF_PN1_.
  cell sky130_fd_sc_hd__dfbbn_2 (noninv, pins=6, area=35.03) is a direct match for cell type $_DFFSR_NNN_.
  final dff cell mappings:
    unmapped dff cell: $_DFF_N_
    \sky130_fd_sc_hd__dfxtp_2 _DFF_P_ (.CLK( C), .D( D), .Q( Q));
    unmapped dff cell: $_DFF_NN0_
    unmapped dff cell: $_DFF_NN1_
    unmapped dff cell: $_DFF_NP0_
    unmapped dff cell: $_DFF_NP1_
    \sky130_fd_sc_hd__dfrtp_2 _DFF_PN0_ (.CLK( C), .D( D), .Q( Q), .RESET_B( R));
    \sky130_fd_sc_hd__dfstp_2 _DFF_PN1_ (.CLK( C), .D( D), .Q( Q), .SET_B( R));
    unmapped dff cell: $_DFF_PP0_
    unmapped dff cell: $_DFF_PP1_
    \sky130_fd_sc_hd__dfbbn_2 _DFFSR_NNN_ (.CLK_N( C), .D( D), .Q( Q), .Q_N(~Q), .RESET_B( R), .SET_B( S));
    unmapped dff cell: $_DFFSR_NNP_
    unmapped dff cell: $_DFFSR_NPN_
    unmapped dff cell: $_DFFSR_NPP_
    unmapped dff cell: $_DFFSR_PNN_
    unmapped dff cell: $_DFFSR_PNP_
    unmapped dff cell: $_DFFSR_PPN_
    unmapped dff cell: $_DFFSR_PPP_

52.1. Executing DFFLEGALIZE pass (convert FFs to types supported by the target).
Mapping DFF cells in module `\AsynFifo':
  mapped 19 $_DFF_PN0_ cells to \sky130_fd_sc_hd__dfrtp_2 cells.
  mapped 12 $_DFF_P_ cells to \sky130_fd_sc_hd__dfxtp_2 cells.

53. Printing statistics.

=== AsynFifo ===

   Number of wires:                 66
   Number of wire bits:            110
   Number of public wires:          21
   Number of public wire bits:      62
   Number of memories:               0
   Number of memory bits:            0
   Number of processes:              0
   Number of cells:                100
     $_ANDNOT_                       9
     $_AND_                          1
     $_MUX_                         29
     $_NAND_                         5
     $_NOR_                          1
     $_NOT_                          2
     $_ORNOT_                        1
     $_OR_                           8
     $_XNOR_                         1
     $_XOR_                         12
     sky130_fd_sc_hd__dfrtp_2       19
     sky130_fd_sc_hd__dfxtp_2       12

[INFO]: USING STRATEGY AREA 1

54. Executing ABC pass (technology mapping using ABC).

54.1. Extracting gate netlist of module `\AsynFifo' to `/tmp/yosys-abc-jM2Owq/input.blif'..
Extracted 69 gates and 97 wires to a netlist network with 28 inputs and 32 outputs.

54.1.1. Executing ABC.
Running ABC command: "/build/bin/yosys-abc" -s -f /tmp/yosys-abc-jM2Owq/abc.script 2>&1
ABC: ABC command line: "source /tmp/yosys-abc-jM2Owq/abc.script".
ABC: 
ABC: + read_blif /tmp/yosys-abc-jM2Owq/input.blif 
ABC: + read_lib -w /openlane/designs/AsynFifo/runs/RUN_2026.08.25_22.59.59/tmp/synthesis/trimmed.lib 
ABC: Parsing finished successfully.  Parsing time =     0.10 sec
ABC: Scl_LibertyReadGenlib() skipped sequential cell "sky130_fd_sc_hd__dfbbn_2".
ABC: Scl_LibertyReadGenlib() skipped sequential cell "sky130_fd_sc_hd__dfrbp_2".
ABC: Scl_LibertyReadGenlib() skipped sequential cell "sky130_fd_sc_hd__dfrtp_2".
ABC: Scl_LibertyReadGenlib() skipped sequential cell "sky130_fd_sc_hd__dfrtp_4".
ABC: Scl_LibertyReadGenlib() skipped sequential cell "sky130_fd_sc_hd__dfsbp_2".
ABC: Scl_LibertyReadGenlib() skipped sequential cell "sky130_fd_sc_hd__dfstp_2".
ABC: Scl_LibertyReadGenlib() skipped sequential cell "sky130_fd_sc_hd__dfstp_4".
ABC: Scl_LibertyReadGenlib() skipped sequential cell "sky130_fd_sc_hd__dfxbp_2".
ABC: Scl_LibertyReadGenlib() skipped sequential cell "sky130_fd_sc_hd__dfxtp_2".
ABC: Scl_LibertyReadGenlib() skipped sequential cell "sky130_fd_sc_hd__dfxtp_4".
ABC: Scl_LibertyReadGenlib() skipped sequential cell "sky130_fd_sc_hd__dlxtn_1".
ABC: Scl_LibertyReadGenlib() skipped sequential cell "sky130_fd_sc_hd__dlxtn_2".
ABC: Scl_LibertyReadGenlib() skipped sequential cell "sky130_fd_sc_hd__dlxtn_4".
ABC: Scl_LibertyReadGenlib() skipped sequential cell "sky130_fd_sc_hd__dlxtp_1".
ABC: Scl_LibertyReadGenlib() skipped three-state cell "sky130_fd_sc_hd__ebufn_2".
ABC: Scl_LibertyReadGenlib() skipped three-state cell "sky130_fd_sc_hd__ebufn_4".
ABC: Scl_LibertyReadGenlib() skipped three-state cell "sky130_fd_sc_hd__ebufn_8".
ABC: Library "sky130A_merged" from "/openlane/designs/AsynFifo/runs/RUN_2026.08.25_22.59.59/tmp/synthesis/trimmed.lib" has 175 cells (17 skipped: 14 seq; 3 tri-state; 0 no func; 0 dont_use).  Time =     0.13 sec
ABC: Memory =    9.54 MB. Time =     0.13 sec
ABC: Warning: Detected 2 multi-output gates (for example, "sky130_fd_sc_hd__fa_1").
ABC: + read_constr -v /openlane/designs/AsynFifo/runs/RUN_2026.08.25_22.59.59/tmp/synthesis/synthesis.sdc 
ABC: Setting driving cell to be "sky130_fd_sc_hd__inv_2".
ABC: Setting output load to be 33.442001.
ABC: + read_constr /openlane/designs/AsynFifo/runs/RUN_2026.08.25_22.59.59/tmp/synthesis/synthesis.sdc 
ABC: + fx 
ABC: + mfs 
ABC: + strash 
ABC: + refactor 
ABC: + balance 
ABC: + rewrite 
ABC: + refactor 
ABC: + balance 
ABC: + rewrite 
ABC: + rewrite -z 
ABC: + balance 
ABC: + refactor -z 
ABC: + rewrite -z 
ABC: + balance 
ABC: + retime -D -D 10000 -M 5 
ABC: + scleanup 
ABC: Error: The network is combinational.
ABC: + fraig_store 
ABC: + balance 
ABC: + fraig_store 
ABC: + balance 
ABC: + rewrite 
ABC: + refactor 
ABC: + balance 
ABC: + rewrite 
ABC: + rewrite -z 
ABC: + balance 
ABC: + refactor -z 
ABC: + rewrite -z 
ABC: + balance 
ABC: + fraig_store 
ABC: + balance 
ABC: + rewrite 
ABC: + refactor 
ABC: + balance 
ABC: + rewrite 
ABC: + rewrite -z 
ABC: + balance 
ABC: + refactor -z 
ABC: + rewrite -z 
ABC: + balance 
ABC: + fraig_store 
ABC: + balance 
ABC: + rewrite 
ABC: + refactor 
ABC: + balance 
ABC: + rewrite 
ABC: + rewrite -z 
ABC: + balance 
ABC: + refactor -z 
ABC: + rewrite -z 
ABC: + balance 
ABC: + fraig_store 
ABC: + fraig_restore 
ABC: + amap -m -Q 0.1 -F 20 -A 20 -C 5000 
ABC: + fraig_store 
ABC: + balance 
ABC: + fraig_store 
ABC: + balance 
ABC: + rewrite 
ABC: + refactor 
ABC: + balance 
ABC: + rewrite 
ABC: + rewrite -z 
ABC: + balance 
ABC: + refactor -z 
ABC: + rewrite -z 
ABC: + balance 
ABC: + fraig_store 
ABC: + balance 
ABC: + rewrite 
ABC: + refactor 
ABC: + balance 
ABC: + rewrite 
ABC: + rewrite -z 
ABC: + balance 
ABC: + refactor -z 
ABC: + rewrite -z 
ABC: + balance 
ABC: + fraig_store 
ABC: + balance 
ABC: + rewrite 
ABC: + refactor 
ABC: + balance 
ABC: + rewrite 
ABC: + rewrite -z 
ABC: + balance 
ABC: + refactor -z 
ABC: + rewrite -z 
ABC: + balance 
ABC: + fraig_store 
ABC: + fraig_restore 
ABC: + amap -m -Q 0.1 -F 20 -A 20 -C 5000 
ABC: + retime -D -D 10000 
ABC: + &get -n 
ABC: + &st 
ABC: + &dch 
ABC: + &nf 
ABC: + &put 
ABC: + buffer -N 16 -S 500.0 
ABC: + upsize -D 10000 
ABC: Current delay (1641.71 ps) does not exceed the target delay (10000.00 ps). Upsizing is not performed.
ABC: + dnsize -D 10000 
ABC: + stime -p 
ABC: WireLoad = "none"  Gates =     73 ( 28.8 %)   Cap = 15.6 ff (  6.8 %)   Area =      624.35 ( 71.2 %)   Delay =  1990.18 ps  ( 24.7 %)               
ABC: Path  0 --       2 : 0    5 pi                        A =   0.00  Df =  50.2  -27.9 ps  S =  75.6 ps  Cin =  0.0 ff  Cout =  15.1 ff  Cmax =   0.0 ff  G =    0  
ABC: Path  1 --      61 : 3    4 sky130_fd_sc_hd__or3_2    A =   7.51  Df = 503.3 -311.1 ps  S = 105.7 ps  Cin =  1.5 ff  Cout =  11.2 ff  Cmax = 310.4 ff  G =  704  
ABC: Path  2 --      75 : 5    4 sky130_fd_sc_hd__o2111a_2 A =  12.51  Df = 821.6 -370.2 ps  S = 104.8 ps  Cin =  2.4 ff  Cout =  15.6 ff  Cmax = 299.4 ff  G =  617  
ABC: Path  3 --      86 : 3    3 sky130_fd_sc_hd__nand3_2  A =  10.01  Df = 950.6 -358.7 ps  S = 127.8 ps  Cin =  4.4 ff  Cout =  19.4 ff  Cmax = 260.0 ff  G =  426  
ABC: Path  4 --      89 : 3    1 sky130_fd_sc_hd__o21a_2   A =   8.76  Df =1210.0 -122.2 ps  S =  31.6 ps  Cin =  2.4 ff  Cout =   2.2 ff  Cmax = 294.8 ff  G =   88  
ABC: Path  5 --      90 : 1    2 sky130_fd_sc_hd__buf_1    A =   3.75  Df =1471.9  -16.4 ps  S = 492.8 ps  Cin =  2.1 ff  Cout =  41.9 ff  Cmax = 130.0 ff  G = 1978  
ABC: Path  6 --      91 : 2    1 sky130_fd_sc_hd__xor2_2   A =  16.27  Df =1990.2 -251.7 ps  S = 443.4 ps  Cin =  8.6 ff  Cout =  33.4 ff  Cmax = 130.0 ff  G =  390  
ABC: Start-point = pi1 (\r_ptr_gray_sync2 [0]).  End-point = po10 (\r_ptr_gnext [3]).
ABC: + print_stats -m 
ABC: netlist                       : i/o =   28/   32  lat =    0  nd =    73  edge =    162  area =624.35  delay = 6.00  lev = 6
ABC: + write_blif /tmp/yosys-abc-jM2Owq/output.blif 

54.1.2. Re-integrating ABC results.
ABC RESULTS:   sky130_fd_sc_hd__or3_2 cells:        1
ABC RESULTS:   sky130_fd_sc_hd__or2_2 cells:        2
ABC RESULTS:   sky130_fd_sc_hd__o2111a_2 cells:        1
ABC RESULTS:   sky130_fd_sc_hd__inv_2 cells:        2
ABC RESULTS:   sky130_fd_sc_hd__nand3_2 cells:        1
ABC RESULTS:   sky130_fd_sc_hd__and2_2 cells:        1
ABC RESULTS:   sky130_fd_sc_hd__o21a_2 cells:        2
ABC RESULTS:   sky130_fd_sc_hd__nand2_2 cells:        2
ABC RESULTS:   sky130_fd_sc_hd__or4_2 cells:        1
ABC RESULTS:   sky130_fd_sc_hd__xnor2_2 cells:        5
ABC RESULTS:   sky130_fd_sc_hd__and4_2 cells:        1
ABC RESULTS:   sky130_fd_sc_hd__a31o_2 cells:        1
ABC RESULTS:   sky130_fd_sc_hd__and2b_2 cells:        1
ABC RESULTS:   sky130_fd_sc_hd__xor2_2 cells:        3
ABC RESULTS:   sky130_fd_sc_hd__and3_2 cells:        1
ABC RESULTS:   sky130_fd_sc_hd__a21oi_2 cells:        2
ABC RESULTS:   sky130_fd_sc_hd__nor2_2 cells:        6
ABC RESULTS:   sky130_fd_sc_hd__mux2_2 cells:       21
ABC RESULTS:   sky130_fd_sc_hd__buf_1 cells:       19
ABC RESULTS:        internal signals:       37
ABC RESULTS:           input signals:       28
ABC RESULTS:          output signals:       32
Removing temp directory.

55. Executing SETUNDEF pass (replace undef values with defined constants).

56. Executing HILOMAP pass (mapping to constant drivers).

57. Executing SPLITNETS pass (splitting up multi-bit signals).

58. Executing OPT_CLEAN pass (remove unused cells and wires).
Finding unused cells or wires in module \AsynFifo..
Removed 0 unused cells and 100 unused wires.
<suppressed ~14 debug messages>

59. Executing INSBUF pass (insert buffer cells for connected wires).

60. Executing CHECK pass (checking for obvious problems).
Checking module AsynFifo...
Warning: Wire AsynFifo.\r_data [3] is used but has no driver.
Warning: Wire AsynFifo.\r_data [2] is used but has no driver.
Warning: Wire AsynFifo.\r_data [1] is used but has no driver.
Warning: Wire AsynFifo.\r_data [0] is used but has no driver.
Warning: Wire AsynFifo.\full is used but has no driver.
Warning: Wire AsynFifo.\empty is used but has no driver.
Found and reported 6 problems.

61. Printing statistics.

=== AsynFifo ===

   Number of wires:                104
   Number of wire bits:            111
   Number of public wires:          42
   Number of public wire bits:      49
   Number of memories:               0
   Number of memory bits:            0
   Number of processes:              0
   Number of cells:                104
     sky130_fd_sc_hd__a21oi_2        2
     sky130_fd_sc_hd__a31o_2         1
     sky130_fd_sc_hd__and2_2         1
     sky130_fd_sc_hd__and2b_2        1
     sky130_fd_sc_hd__and3_2         1
     sky130_fd_sc_hd__and4_2         1
     sky130_fd_sc_hd__buf_1         19
     sky130_fd_sc_hd__dfrtp_2       19
     sky130_fd_sc_hd__dfxtp_2       12
     sky130_fd_sc_hd__inv_2          2
     sky130_fd_sc_hd__mux2_2        21
     sky130_fd_sc_hd__nand2_2        2
     sky130_fd_sc_hd__nand3_2        1
     sky130_fd_sc_hd__nor2_2         6
     sky130_fd_sc_hd__o2111a_2       1
     sky130_fd_sc_hd__o21a_2         2
     sky130_fd_sc_hd__or2_2          2
     sky130_fd_sc_hd__or3_2          1
     sky130_fd_sc_hd__or4_2          1
     sky130_fd_sc_hd__xnor2_2        5
     sky130_fd_sc_hd__xor2_2         3

   Chip area for module '\AsynFifo': 1378.822400

62. Executing Verilog backend.
Dumping module `\AsynFifo'.

Warnings: 14 unique messages, 14 total
End of script. Logfile hash: ed93a6bbde, CPU: user 0.51s system 0.04s, MEM: 28.90 MB peak
Yosys 0.30+48 (git sha1 14d50a176d5, gcc 8.3.1 -fPIC -Os)
Time spent: 51% 2x abc (0 sec), 11% 4x stat (0 sec), ...
