[INFO]: Run Directory: /openlane/designs/AsynFifo/runs/RUN_2026.08.25_23.22.41
[INFO]: Saving runtime environment...
[INFO]: Preparing LEF files for the nom corner...
[INFO]: Preparing LEF files for the min corner...
[INFO]: Preparing LEF files for the max corner...
[INFO]: Running linter (Verilator) (log: designs/AsynFifo/runs/RUN_2026.08.25_23.22.41/logs/synthesis/linter.log)...
[INFO]: 0 errors found by linter
[WARNING]: 1 warnings found by linter
[INFO]: Running Synthesis (log: designs/AsynFifo/runs/RUN_2026.08.25_23.22.41/logs/synthesis/1-synthesis.log)...
[INFO]: Running Single-Corner Static Timing Analysis (log: designs/AsynFifo/runs/RUN_2026.08.25_23.22.41/logs/synthesis/2-sta.log)...
[INFO]: Running Initial Floorplanning (log: designs/AsynFifo/runs/RUN_2026.08.25_23.22.41/logs/floorplan/3-initial_fp.log)...
[INFO]: Floorplanned with width 988.54 and height 976.48.
[INFO]: Running IO Placement...
[INFO]: Running Tap/Decap Insertion (log: designs/AsynFifo/runs/RUN_2026.08.25_23.22.41/logs/floorplan/5-tap.log)...
[ERROR]: VDD_NETS and GND_NETS must *both* either be defined or undefined
[ERROR]: Step 5 (floorplan) failed with error:
-code 1 -level 0 -errorcode NONE -errorinfo {
    while executing
"throw_error"
    (procedure "run_power_grid_generation" line 7)
    invoked from within
"run_power_grid_generation"
    (procedure "run_floorplan" line 56)
    invoked from within
"run_floorplan"} -errorline 1
[INFO]: Saving current set of views in 'designs/AsynFifo/runs/RUN_2026.08.25_23.22.41/results/final'...
[INFO]: Generating final set of reports...
[INFO]: Created manufacturability report at 'designs/AsynFifo/runs/RUN_2026.08.25_23.22.41/reports/manufacturability.rpt'.
[INFO]: Created metrics report at 'designs/AsynFifo/runs/RUN_2026.08.25_23.22.41/reports/metrics.csv'.
[INFO]: Saving runtime environment...
[ERROR]: Flow failed.
[INFO]: The failure may have been because of the following warnings:
