
===========================================================================
report_checks -unconstrained
===========================================================================
======================= Typical Corner ===================================

Startpoint: w_rst_n (input port clocked by w_clk)
Endpoint: _1018_ (recovery check against rising-edge clock w_clk)
Path Group: asynchronous
Path Type: max

Fanout     Cap    Slew   Delay    Time   Description
-----------------------------------------------------------------------------
                  0.15    0.00    0.00   clock w_clk (rise edge)
                          0.00    0.00   clock network delay (ideal)
                          2.00    2.00 ^ input external delay
                  0.32    0.23    2.23 ^ w_rst_n (in)
    19    0.07                           w_rst_n (net)
                  0.32    0.00    2.23 ^ _1018_/RESET_B (sky130_fd_sc_hd__dfrtp_2)
                                  2.23   data arrival time

                  0.15   10.00   10.00   clock w_clk (rise edge)
                          0.00   10.00   clock network delay (ideal)
                         -0.25    9.75   clock uncertainty
                          0.00    9.75   clock reconvergence pessimism
                                  9.75 ^ _1018_/CLK (sky130_fd_sc_hd__dfrtp_2)
                          0.17    9.92   library recovery time
                                  9.92   data required time
-----------------------------------------------------------------------------
                                  9.92   data required time
                                 -2.23   data arrival time
-----------------------------------------------------------------------------
                                  7.70   slack (MET)


Startpoint: _1060_ (rising edge-triggered flip-flop clocked by w_clk)
Endpoint: full (output port clocked by w_clk)
Path Group: w_clk
Path Type: max

Fanout     Cap    Slew   Delay    Time   Description
-----------------------------------------------------------------------------
                  0.15    0.00    0.00   clock w_clk (rise edge)
                          0.00    0.00   clock network delay (ideal)
                  0.15    0.00    0.00 ^ _1060_/CLK (sky130_fd_sc_hd__dfrtp_2)
                  0.04    0.43    0.43 v _1060_/Q (sky130_fd_sc_hd__dfrtp_2)
     1    0.00                           w_ptr_b[0] (net)
                  0.04    0.00    0.43 v _0453_/A (sky130_fd_sc_hd__buf_1)
                  0.22    0.25    0.68 v _0453_/X (sky130_fd_sc_hd__buf_1)
    13    0.04                           _0155_ (net)
                  0.22    0.00    0.68 v _0456_/A (sky130_fd_sc_hd__and3_2)
                  0.04    0.26    0.94 v _0456_/X (sky130_fd_sc_hd__and3_2)
     1    0.00                           _0158_ (net)
                  0.04    0.00    0.94 v _0457_/A (sky130_fd_sc_hd__buf_1)
                  0.12    0.17    1.11 v _0457_/X (sky130_fd_sc_hd__buf_1)
     5    0.02                           _0159_ (net)
                  0.12    0.00    1.11 v _0465_/A (sky130_fd_sc_hd__or3_2)
                  0.11    0.56    1.67 v _0465_/X (sky130_fd_sc_hd__or3_2)
     3    0.01                           _0167_ (net)
                  0.11    0.00    1.67 v _0466_/A2 (sky130_fd_sc_hd__a21bo_2)
                  0.03    0.24    1.91 v _0466_/X (sky130_fd_sc_hd__a21bo_2)
     1    0.00                           _0168_ (net)
                  0.03    0.00    1.91 v _0473_/A1 (sky130_fd_sc_hd__a2111o_2)
                  0.08    0.45    2.36 v _0473_/X (sky130_fd_sc_hd__a2111o_2)
     4    0.01                           _0175_ (net)
                  0.08    0.00    2.36 v _0474_/A (sky130_fd_sc_hd__buf_1)
                  0.21    0.26    2.62 v _0474_/X (sky130_fd_sc_hd__buf_1)
    16    0.04                           _0176_ (net)
                  0.21    0.00    2.62 v _0475_/B (sky130_fd_sc_hd__nor2_2)
                  0.38    0.38    3.01 ^ _0475_/Y (sky130_fd_sc_hd__nor2_2)
     1    0.03                           full (net)
                  0.38    0.00    3.01 ^ full (out)
                                  3.01   data arrival time

                  0.15   10.00   10.00   clock w_clk (rise edge)
                          0.00   10.00   clock network delay (ideal)
                         -0.25    9.75   clock uncertainty
                          0.00    9.75   clock reconvergence pessimism
                         -2.00    7.75   output external delay
                                  7.75   data required time
-----------------------------------------------------------------------------
                                  7.75   data required time
                                 -3.01   data arrival time
-----------------------------------------------------------------------------
                                  4.74   slack (MET)




===========================================================================
report_checks --slack_max -0.01
============================================================================
======================= Typical Corner ===================================

No paths found.


===========================================================================
 report_check_types -max_slew -max_cap -max_fanout -violators
============================================================================
======================= Typical Corner ===================================

max slew

Pin                                    Limit    Slew   Slack
------------------------------------------------------------
_0513_/X                                0.50    1.07   -0.57 (VIOLATED)
_0515_/S0                               0.50    1.07   -0.57 (VIOLATED)
_0516_/S0                               0.50    1.07   -0.57 (VIOLATED)
_0526_/S0                               0.50    1.07   -0.57 (VIOLATED)
_0527_/S0                               0.50    1.07   -0.57 (VIOLATED)
_0535_/S0                               0.50    1.07   -0.57 (VIOLATED)
_0536_/S0                               0.50    1.07   -0.57 (VIOLATED)
_0542_/S0                               0.50    1.07   -0.57 (VIOLATED)
_0544_/S0                               0.50    1.07   -0.57 (VIOLATED)
_0551_/S0                               0.50    1.07   -0.57 (VIOLATED)
_0553_/S0                               0.50    1.07   -0.57 (VIOLATED)
_0560_/S0                               0.50    1.07   -0.57 (VIOLATED)
_0562_/S0                               0.50    1.07   -0.57 (VIOLATED)
_0569_/S0                               0.50    1.07   -0.57 (VIOLATED)
_0571_/S0                               0.50    1.07   -0.57 (VIOLATED)
_0578_/S0                               0.50    1.07   -0.57 (VIOLATED)
_0580_/S0                               0.50    1.07   -0.57 (VIOLATED)
_0506_/X                                0.50    1.00   -0.50 (VIOLATED)
_0508_/S0                               0.50    1.00   -0.50 (VIOLATED)
_0509_/S0                               0.50    1.00   -0.50 (VIOLATED)
_0523_/S0                               0.50    1.00   -0.50 (VIOLATED)
_0524_/S0                               0.50    1.00   -0.50 (VIOLATED)
_0532_/S0                               0.50    1.00   -0.50 (VIOLATED)
_0533_/S0                               0.50    1.00   -0.50 (VIOLATED)
_0541_/S0                               0.50    1.00   -0.50 (VIOLATED)
_0550_/S0                               0.50    1.00   -0.50 (VIOLATED)
_0559_/S0                               0.50    1.00   -0.50 (VIOLATED)
_0568_/S0                               0.50    1.00   -0.50 (VIOLATED)
_0577_/S0                               0.50    1.00   -0.50 (VIOLATED)
_0835_/A                                0.50    1.00   -0.50 (VIOLATED)
_0836_/A                                0.50    1.00   -0.50 (VIOLATED)
_0838_/A1                               0.50    1.00   -0.50 (VIOLATED)
_0847_/A                                0.50    1.00   -0.50 (VIOLATED)
_0855_/A1                               0.50    1.00   -0.50 (VIOLATED)
_0507_/X                                0.50    0.65   -0.15 (VIOLATED)
_0508_/S1                               0.50    0.65   -0.15 (VIOLATED)
_0509_/S1                               0.50    0.65   -0.15 (VIOLATED)
_0523_/S1                               0.50    0.65   -0.15 (VIOLATED)
_0524_/S1                               0.50    0.65   -0.15 (VIOLATED)
_0532_/S1                               0.50    0.65   -0.15 (VIOLATED)
_0533_/S1                               0.50    0.65   -0.15 (VIOLATED)
_0541_/S1                               0.50    0.65   -0.15 (VIOLATED)
_0550_/S1                               0.50    0.65   -0.15 (VIOLATED)
_0559_/S1                               0.50    0.65   -0.15 (VIOLATED)
_0568_/S1                               0.50    0.65   -0.15 (VIOLATED)
_0577_/S1                               0.50    0.65   -0.15 (VIOLATED)
_0836_/B                                0.50    0.65   -0.15 (VIOLATED)
_0838_/B1                               0.50    0.65   -0.15 (VIOLATED)
_0844_/A                                0.50    0.65   -0.15 (VIOLATED)
_0847_/B                                0.50    0.65   -0.15 (VIOLATED)
_0855_/A2                               0.50    0.65   -0.15 (VIOLATED)
_0514_/X                                0.50    0.62   -0.12 (VIOLATED)
_0515_/S1                               0.50    0.62   -0.12 (VIOLATED)
_0516_/S1                               0.50    0.62   -0.12 (VIOLATED)
_0526_/S1                               0.50    0.62   -0.12 (VIOLATED)
_0527_/S1                               0.50    0.62   -0.12 (VIOLATED)
_0535_/S1                               0.50    0.62   -0.12 (VIOLATED)
_0536_/S1                               0.50    0.62   -0.12 (VIOLATED)
_0542_/S1                               0.50    0.62   -0.12 (VIOLATED)
_0544_/S1                               0.50    0.62   -0.12 (VIOLATED)
_0551_/S1                               0.50    0.62   -0.12 (VIOLATED)
_0553_/S1                               0.50    0.62   -0.12 (VIOLATED)
_0560_/S1                               0.50    0.62   -0.12 (VIOLATED)
_0562_/S1                               0.50    0.62   -0.12 (VIOLATED)
_0569_/S1                               0.50    0.62   -0.12 (VIOLATED)
_0571_/S1                               0.50    0.62   -0.12 (VIOLATED)
_0578_/S1                               0.50    0.62   -0.12 (VIOLATED)
_0580_/S1                               0.50    0.62   -0.12 (VIOLATED)
_0518_/X                                0.50    0.61   -0.11 (VIOLATED)
_0519_/S                                0.50    0.61   -0.11 (VIOLATED)
_0529_/S                                0.50    0.61   -0.11 (VIOLATED)
_0538_/S                                0.50    0.61   -0.11 (VIOLATED)
_0547_/S                                0.50    0.61   -0.11 (VIOLATED)
_0556_/S                                0.50    0.61   -0.11 (VIOLATED)
_0565_/S                                0.50    0.61   -0.11 (VIOLATED)
_0574_/S                                0.50    0.61   -0.11 (VIOLATED)
_0583_/S                                0.50    0.61   -0.11 (VIOLATED)
_0843_/A                                0.50    0.61   -0.11 (VIOLATED)
_0852_/A                                0.50    0.61   -0.11 (VIOLATED)
_0855_/B1                               0.50    0.61   -0.11 (VIOLATED)
_0859_/A                                0.50    0.61   -0.11 (VIOLATED)
_0511_/X                                0.50    0.57   -0.07 (VIOLATED)
_0512_/S                                0.50    0.57   -0.07 (VIOLATED)
_0517_/S                                0.50    0.57   -0.07 (VIOLATED)
_0525_/S                                0.50    0.57   -0.07 (VIOLATED)
_0528_/S                                0.50    0.57   -0.07 (VIOLATED)
_0534_/S                                0.50    0.57   -0.07 (VIOLATED)
_0537_/S                                0.50    0.57   -0.07 (VIOLATED)
_0543_/S                                0.50    0.57   -0.07 (VIOLATED)
_0546_/S                                0.50    0.57   -0.07 (VIOLATED)
_0552_/S                                0.50    0.57   -0.07 (VIOLATED)
_0555_/S                                0.50    0.57   -0.07 (VIOLATED)
_0561_/S                                0.50    0.57   -0.07 (VIOLATED)
_0570_/S                                0.50    0.57   -0.07 (VIOLATED)
_0579_/S                                0.50    0.57   -0.07 (VIOLATED)
_0842_/A                                0.50    0.57   -0.07 (VIOLATED)
_0851_/A                                0.50    0.57   -0.07 (VIOLATED)
_0860_/A                                0.50    0.57   -0.07 (VIOLATED)
_0461_/X                                0.50    0.50   -0.00 (VIOLATED)
_0475_/A                                0.50    0.50   -0.00 (VIOLATED)
_0489_/A1                               0.50    0.50   -0.00 (VIOLATED)
_0587_/A1                               0.50    0.50   -0.00 (VIOLATED)
_0606_/A1                               0.50    0.50   -0.00 (VIOLATED)
_0624_/A1                               0.50    0.50   -0.00 (VIOLATED)
_0642_/A1                               0.50    0.50   -0.00 (VIOLATED)
_0660_/A1                               0.50    0.50   -0.00 (VIOLATED)
_0680_/A1                               0.50    0.50   -0.00 (VIOLATED)
_0699_/A1                               0.50    0.50   -0.00 (VIOLATED)
_0717_/A1                               0.50    0.50   -0.00 (VIOLATED)
_0735_/A1                               0.50    0.50   -0.00 (VIOLATED)
_0770_/A1                               0.50    0.50   -0.00 (VIOLATED)
_0788_/A1                               0.50    0.50   -0.00 (VIOLATED)
_0805_/A1                               0.50    0.50   -0.00 (VIOLATED)
_0811_/A1                               0.50    0.50   -0.00 (VIOLATED)
_0818_/A1                               0.50    0.50   -0.00 (VIOLATED)

max fanout

Pin                                   Limit Fanout  Slack
---------------------------------------------------------
r_clk                                    16     27    -11 (VIOLATED)
r_rst_n                                  16     19     -3 (VIOLATED)
w_rst_n                                  16     19     -3 (VIOLATED)



===========================================================================
report_parasitic_annotation -report_unannotated
============================================================================
Found 642 unannotated drivers.
 r_clk
 r_rst_n
 rd
 w_clk
 w_data[0]
 w_data[1]
 w_data[2]
 w_data[3]
 w_data[4]
 w_data[5]
 w_data[6]
 w_data[7]
 w_rst_n
 wr
 _0452_/Y
 _0453_/X
 _0454_/X
 _0455_/Y
 _0456_/X
 _0457_/X
 _0458_/Y
 _0459_/X
 _0460_/Y
 _0461_/X
 _0462_/Y
 _0463_/X
 _0464_/Y
 _0465_/X
 _0466_/X
 _0467_/Y
 _0468_/Y
 _0469_/Y
 _0470_/Y
 _0471_/Y
 _0472_/Y
 _0473_/X
 _0474_/X
 _0475_/Y
 _0476_/X
 _0477_/X
 _0478_/X
 _0479_/X
 _0480_/X
 _0481_/X
 _0482_/X
 _0483_/Y
 _0484_/Y
 _0485_/Y
 _0486_/Y
 _0487_/Y
 _0488_/X
 _0489_/X
 _0490_/X
 _0491_/X
 _0492_/X
 _0493_/X
 _0494_/X
 _0495_/X
 _0496_/X
 _0497_/X
 _0498_/X
 _0499_/X
 _0500_/X
 _0501_/X
 _0502_/X
 _0503_/X
 _0504_/X
 _0505_/X
 _0506_/X
 _0507_/X
 _0508_/X
 _0509_/X
 _0510_/Y
 _0511_/X
 _0512_/X
 _0513_/X
 _0514_/X
 _0515_/X
 _0516_/X
 _0517_/X
 _0518_/X
 _0519_/X
 _0520_/Y
 _0521_/X
 _0522_/X
 _0523_/X
 _0524_/X
 _0525_/X
 _0526_/X
 _0527_/X
 _0528_/X
 _0529_/X
 _0530_/X
 _0531_/X
 _0532_/X
 _0533_/X
 _0534_/X
 _0535_/X
 _0536_/X
 _0537_/X
 _0538_/X
 _0539_/X
 _0540_/X
 _0541_/X
 _0542_/X
 _0543_/X
 _0544_/X
 _0545_/X
 _0546_/X
 _0547_/X
 _0548_/X
 _0549_/X
 _0550_/X
 _0551_/X
 _0552_/X
 _0553_/X
 _0554_/X
 _0555_/X
 _0556_/X
 _0557_/X
 _0558_/X
 _0559_/X
 _0560_/X
 _0561_/X
 _0562_/X
 _0563_/X
 _0564_/X
 _0565_/X
 _0566_/X
 _0567_/X
 _0568_/X
 _0569_/X
 _0570_/X
 _0571_/X
 _0572_/X
 _0573_/X
 _0574_/X
 _0575_/X
 _0576_/X
 _0577_/X
 _0578_/X
 _0579_/X
 _0580_/X
 _0581_/X
 _0582_/X
 _0583_/X
 _0584_/X
 _0585_/X
 _0586_/X
 _0587_/X
 _0588_/X
 _0589_/X
 _0590_/X
 _0591_/X
 _0592_/X
 _0593_/X
 _0594_/X
 _0595_/X
 _0596_/X
 _0597_/X
 _0598_/X
 _0599_/X
 _0600_/X
 _0601_/X
 _0602_/X
 _0603_/X
 _0604_/X
 _0605_/Y
 _0606_/X
 _0607_/X
 _0608_/X
 _0609_/X
 _0610_/X
 _0611_/X
 _0612_/X
 _0613_/X
 _0614_/X
 _0615_/X
 _0616_/X
 _0617_/X
 _0618_/X
 _0619_/X
 _0620_/X
 _0621_/X
 _0622_/X
 _0623_/X
 _0624_/X
 _0625_/X
 _0626_/X
 _0627_/X
 _0628_/X
 _0629_/X
 _0630_/X
 _0631_/X
 _0632_/X
 _0633_/X
 _0634_/X
 _0635_/X
 _0636_/X
 _0637_/X
 _0638_/X
 _0639_/X
 _0640_/X
 _0641_/X
 _0642_/X
 _0643_/X
 _0644_/X
 _0645_/X
 _0646_/X
 _0647_/X
 _0648_/X
 _0649_/X
 _0650_/X
 _0651_/X
 _0652_/X
 _0653_/X
 _0654_/X
 _0655_/X
 _0656_/X
 _0657_/X
 _0658_/X
 _0659_/X
 _0660_/X
 _0661_/X
 _0662_/X
 _0663_/X
 _0664_/X
 _0665_/X
 _0666_/X
 _0667_/X
 _0668_/X
 _0669_/X
 _0670_/X
 _0671_/X
 _0672_/X
 _0673_/X
 _0674_/X
 _0675_/X
 _0676_/X
 _0677_/X
 _0678_/X
 _0679_/Y
 _0680_/X
 _0681_/X
 _0682_/X
 _0683_/X
 _0684_/X
 _0685_/X
 _0686_/X
 _0687_/X
 _0688_/X
 _0689_/X
 _0690_/X
 _0691_/X
 _0692_/X
 _0693_/X
 _0694_/X
 _0695_/X
 _0696_/X
 _0697_/X
 _0698_/Y
 _0699_/X
 _0700_/X
 _0701_/X
 _0702_/X
 _0703_/X
 _0704_/X
 _0705_/X
 _0706_/X
 _0707_/X
 _0708_/X
 _0709_/X
 _0710_/X
 _0711_/X
 _0712_/X
 _0713_/X
 _0714_/X
 _0715_/X
 _0716_/Y
 _0717_/X
 _0718_/X
 _0719_/X
 _0720_/X
 _0721_/X
 _0722_/X
 _0723_/X
 _0724_/X
 _0725_/X
 _0726_/X
 _0727_/X
 _0728_/X
 _0729_/X
 _0730_/X
 _0731_/X
 _0732_/X
 _0733_/X
 _0734_/Y
 _0735_/X
 _0736_/X
 _0737_/X
 _0738_/X
 _0739_/X
 _0740_/X
 _0741_/X
 _0742_/X
 _0743_/X
 _0744_/X
 _0745_/X
 _0746_/X
 _0747_/X
 _0748_/X
 _0749_/X
 _0750_/X
 _0751_/X
 _0752_/X
 _0753_/X
 _0754_/X
 _0755_/X
 _0756_/X
 _0757_/X
 _0758_/X
 _0759_/X
 _0760_/X
 _0761_/X
 _0762_/X
 _0763_/X
 _0764_/X
 _0765_/X
 _0766_/X
 _0767_/X
 _0768_/X
 _0769_/X
 _0770_/X
 _0771_/X
 _0772_/X
 _0773_/X
 _0774_/X
 _0775_/X
 _0776_/X
 _0777_/X
 _0778_/X
 _0779_/X
 _0780_/X
 _0781_/X
 _0782_/X
 _0783_/X
 _0784_/X
 _0785_/X
 _0786_/X
 _0787_/Y
 _0788_/X
 _0789_/X
 _0790_/X
 _0791_/X
 _0792_/X
 _0793_/X
 _0794_/X
 _0795_/X
 _0796_/X
 _0797_/X
 _0798_/X
 _0799_/X
 _0800_/X
 _0801_/X
 _0802_/X
 _0803_/X
 _0804_/X
 _0805_/X
 _0806_/X
 _0807_/X
 _0808_/Y
 _0809_/X
 _0810_/X
 _0811_/X
 _0812_/X
 _0813_/X
 _0814_/X
 _0815_/X
 _0816_/X
 _0817_/Y
 _0818_/X
 _0819_/X
 _0820_/X
 _0821_/X
 _0822_/X
 _0823_/X
 _0824_/X
 _0825_/X
 _0826_/X
 _0827_/X
 _0828_/X
 _0829_/X
 _0830_/X
 _0831_/X
 _0832_/X
 _0833_/X
 _0834_/X
 _0835_/Y
 _0836_/Y
 _0837_/X
 _0838_/X
 _0839_/X
 _0840_/X
 _0841_/Y
 _0842_/X
 _0843_/Y
 _0844_/Y
 _0845_/X
 _0846_/X
 _0847_/Y
 _0848_/Y
 _0849_/X
 _0850_/X
 _0851_/X
 _0852_/Y
 _0853_/X
 _0854_/X
 _0855_/X
 _0856_/X
 _0857_/X
 _0858_/X
 _0859_/Y
 _0860_/X
 _0861_/Y
 _0862_/X
 _0863_/X
 _0864_/X
 _0865_/Y
 _0866_/X
 _0867_/X
 _0868_/Y
 _0869_/X
 _0870_/X
 _0871_/X
 _0872_/X
 _0873_/X
 _0874_/X
 _0875_/X
 _0876_/X
 _0877_/X
 _0878_/X
 _0879_/X
 _0880_/X
 _0881_/X
 _0882_/X
 _0883_/X
 _0884_/X
 _0885_/X
 _0886_/X
 _0887_/X
 _0888_/Y
 _0889_/X
 _0890_/X
 _0891_/X
 _0892_/X
 _0893_/X
 _0894_/X
 _0895_/X
 _0896_/X
 _0897_/X
 _0898_/X
 _0899_/X
 _0900_/X
 _0901_/X
 _0902_/X
 _0903_/X
 _0904_/X
 _0905_/X
 _0906_/Q
 _0907_/Q
 _0908_/Q
 _0909_/Q
 _0910_/Q
 _0911_/Q
 _0912_/Q
 _0913_/Q
 _0914_/Q
 _0915_/Q
 _0916_/Q
 _0917_/Q
 _0918_/Q
 _0919_/Q
 _0920_/Q
 _0921_/Q
 _0922_/Q
 _0923_/Q
 _0924_/Q
 _0925_/Q
 _0926_/Q
 _0927_/Q
 _0928_/Q
 _0929_/Q
 _0930_/Q
 _0931_/Q
 _0932_/Q
 _0933_/Q
 _0934_/Q
 _0935_/Q
 _0936_/Q
 _0937_/Q
 _0938_/Q
 _0939_/Q
 _0940_/Q
 _0941_/Q
 _0942_/Q
 _0943_/Q
 _0944_/Q
 _0945_/Q
 _0946_/Q
 _0947_/Q
 _0948_/Q
 _0949_/Q
 _0950_/Q
 _0951_/Q
 _0952_/Q
 _0953_/Q
 _0954_/Q
 _0955_/Q
 _0956_/Q
 _0957_/Q
 _0958_/Q
 _0959_/Q
 _0960_/Q
 _0961_/Q
 _0962_/Q
 _0963_/Q
 _0964_/Q
 _0965_/Q
 _0966_/Q
 _0967_/Q
 _0968_/Q
 _0969_/Q
 _0970_/Q
 _0971_/Q
 _0972_/Q
 _0973_/Q
 _0974_/Q
 _0975_/Q
 _0976_/Q
 _0977_/Q
 _0978_/Q
 _0979_/Q
 _0980_/Q
 _0981_/Q
 _0982_/Q
 _0983_/Q
 _0984_/Q
 _0985_/Q
 _0986_/Q
 _0987_/Q
 _0988_/Q
 _0989_/Q
 _0990_/Q
 _0991_/Q
 _0992_/Q
 _0993_/Q
 _0994_/Q
 _0995_/Q
 _0996_/Q
 _0997_/Q
 _0998_/Q
 _0999_/Q
 _1000_/Q
 _1001_/Q
 _1002_/Q
 _1003_/Q
 _1004_/Q
 _1005_/Q
 _1006_/Q
 _1007_/Q
 _1008_/Q
 _1009_/Q
 _1010_/Q
 _1011_/Q
 _1012_/Q
 _1013_/Q
 _1014_/Q
 _1015_/Q
 _1016_/Q
 _1017_/Q
 _1018_/Q
 _1019_/Q
 _1020_/Q
 _1021_/Q
 _1022_/Q
 _1023_/Q
 _1024_/Q
 _1025_/Q
 _1026_/Q
 _1027_/Q
 _1028_/Q
 _1029_/Q
 _1030_/Q
 _1031_/Q
 _1032_/Q
 _1033_/Q
 _1034_/Q
 _1035_/Q
 _1036_/Q
 _1037_/Q
 _1038_/Q
 _1039_/Q
 _1040_/Q
 _1041_/Q
 _1042_/Q
 _1043_/Q
 _1044_/Q
 _1045_/Q
 _1046_/Q
 _1047_/Q
 _1048_/Q
 _1049_/Q
 _1050_/Q
 _1051_/Q
 _1052_/Q
 _1053_/Q
 _1054_/Q
 _1055_/Q
 _1056_/Q
 _1057_/Q
 _1058_/Q
 _1059_/Q
 _1060_/Q
 _1061_/Q
 _1062_/Q
 _1063_/Q
 _1064_/Q
 _1065_/Q
 _1066_/Q
 _1067_/Q
 _1068_/Q
 _1069_/Q
 _1070_/Q
 _1071_/Q
 _1072_/Q
 _1073_/Q
 _1074_/Q
 _1075_/Q
 _1076_/Q
 _1077_/Q
 _1078_/Q
 _1079_/Q
Found 0 partially unannotated drivers.

===========================================================================
max slew violation count 115
max fanout violation count 3
max cap violation count 0
============================================================================

===========================================================================
check_setup -verbose -unconstrained_endpoints -multiple_clock -no_clock -no_input_delay -loops -generated_clocks
===========================================================================
Warning: There are 27 unclocked register/latch pins.
  _0914_/CLK
  _0915_/CLK
  _0916_/CLK
  _0917_/CLK
  _0918_/CLK
  _0919_/CLK
  _0920_/CLK
  _0921_/CLK
  _1031_/CLK
  _1032_/CLK
  _1033_/CLK
  _1034_/CLK
  _1035_/CLK
  _1036_/CLK
  _1037_/CLK
  _1038_/CLK
  _1039_/CLK
  _1040_/CLK
  _1051_/CLK
  _1052_/CLK
  _1053_/CLK
  _1054_/CLK
  _1055_/CLK
  _1056_/CLK
  _1057_/CLK
  _1058_/CLK
  _1059_/CLK
Warning: There are 41 unconstrained endpoints.
  empty
  r_data[0]
  r_data[1]
  r_data[2]
  r_data[3]
  r_data[4]
  r_data[5]
  r_data[6]
  r_data[7]
  _0914_/D
  _0915_/D
  _0916_/D
  _0917_/D
  _0918_/D
  _0919_/D
  _0920_/D
  _0921_/D
  _1031_/D
  _1032_/D
  _1033_/D
  _1034_/D
  _1035_/D
  _1036_/D
  _1037_/D
  _1038_/D
  _1039_/D
  _1040_/D
  _1041_/D
  _1042_/D
  _1043_/D
  _1044_/D
  _1045_/D
  _1051_/D
  _1052_/D
  _1053_/D
  _1054_/D
  _1055_/D
  _1056_/D
  _1057_/D
  _1058_/D
  _1059_/D
