
===========================================================================
report_checks -unconstrained
===========================================================================
======================= Fastest Corner ===================================

Startpoint: w_rst_n (input port clocked by w_clk)
Endpoint: _1061_ (recovery check against rising-edge clock w_clk)
Path Group: asynchronous
Path Type: max
Corner: Fastest

Fanout     Cap    Slew   Delay    Time   Description
-----------------------------------------------------------------------------
                          0.00    0.00   clock w_clk (rise edge)
                          0.00    0.00   clock network delay (propagated)
                          2.00    2.00 ^ input external delay
                  0.03    0.02    2.02 ^ w_rst_n (in)
     1    0.01                           w_rst_n (net)
                  0.03    0.00    2.02 ^ input12/A (sky130_fd_sc_hd__buf_6)
                  0.18    0.15    2.16 ^ input12/X (sky130_fd_sc_hd__buf_6)
     4    0.12                           net12 (net)
                  0.21    0.06    2.22 ^ fanout28/A (sky130_fd_sc_hd__clkbuf_8)
                  0.12    0.19    2.41 ^ fanout28/X (sky130_fd_sc_hd__clkbuf_8)
    16    0.09                           net28 (net)
                  0.12    0.01    2.42 ^ _1061_/RESET_B (sky130_fd_sc_hd__dfrtp_4)
                                  2.42   data arrival time

                         10.00   10.00   clock w_clk (rise edge)
                          0.00   10.00   clock source latency
                  0.24    0.17   10.17 ^ w_clk (in)
     1    0.07                           w_clk (net)
                  0.25    0.00   10.17 ^ clkbuf_0_w_clk/A (sky130_fd_sc_hd__clkbuf_16)
                  0.10    0.17   10.34 ^ clkbuf_0_w_clk/X (sky130_fd_sc_hd__clkbuf_16)
    16    0.12                           clknet_0_w_clk (net)
                  0.10    0.00   10.34 ^ clkbuf_4_4_0_w_clk/A (sky130_fd_sc_hd__clkbuf_8)
                  0.04    0.10   10.45 ^ clkbuf_4_4_0_w_clk/X (sky130_fd_sc_hd__clkbuf_8)
     7    0.02                           clknet_4_4_0_w_clk (net)
                  0.04    0.00   10.45 ^ _1061_/CLK (sky130_fd_sc_hd__dfrtp_4)
                         -0.25   10.20   clock uncertainty
                          0.00   10.20   clock reconvergence pessimism
                          0.10   10.30   library recovery time
                                 10.30   data required time
-----------------------------------------------------------------------------
                                 10.30   data required time
                                 -2.42   data arrival time
-----------------------------------------------------------------------------
                                  7.88   slack (MET)


Startpoint: _1060_ (rising edge-triggered flip-flop clocked by w_clk)
Endpoint: full (output port clocked by w_clk)
Path Group: w_clk
Path Type: max
Corner: Fastest

Fanout     Cap    Slew   Delay    Time   Description
-----------------------------------------------------------------------------
                          0.00    0.00   clock w_clk (rise edge)
                          0.00    0.00   clock source latency
                  0.24    0.19    0.19 ^ w_clk (in)
     1    0.07                           w_clk (net)
                  0.25    0.00    0.19 ^ clkbuf_0_w_clk/A (sky130_fd_sc_hd__clkbuf_16)
                  0.10    0.19    0.38 ^ clkbuf_0_w_clk/X (sky130_fd_sc_hd__clkbuf_16)
    16    0.12                           clknet_0_w_clk (net)
                  0.10    0.00    0.38 ^ clkbuf_4_6_0_w_clk/A (sky130_fd_sc_hd__clkbuf_8)
                  0.04    0.12    0.50 ^ clkbuf_4_6_0_w_clk/X (sky130_fd_sc_hd__clkbuf_8)
     6    0.03                           clknet_4_6_0_w_clk (net)
                  0.04    0.00    0.50 ^ _1060_/CLK (sky130_fd_sc_hd__dfrtp_1)
                  0.03    0.24    0.74 v _1060_/Q (sky130_fd_sc_hd__dfrtp_1)
     1    0.00                           w_ptr_b[0] (net)
                  0.03    0.00    0.74 v _0453_/A (sky130_fd_sc_hd__clkbuf_4)
                  0.07    0.14    0.88 v _0453_/X (sky130_fd_sc_hd__clkbuf_4)
    13    0.05                           _0155_ (net)
                  0.07    0.00    0.88 v _0456_/A (sky130_fd_sc_hd__and3_1)
                  0.03    0.12    0.99 v _0456_/X (sky130_fd_sc_hd__and3_1)
     1    0.01                           _0158_ (net)
                  0.03    0.00    0.99 v _0457_/A (sky130_fd_sc_hd__clkbuf_2)
                  0.06    0.11    1.10 v _0457_/X (sky130_fd_sc_hd__clkbuf_2)
     5    0.02                           _0159_ (net)
                  0.06    0.00    1.10 v _0465_/A (sky130_fd_sc_hd__or3_1)
                  0.07    0.26    1.36 v _0465_/X (sky130_fd_sc_hd__or3_1)
     3    0.01                           _0167_ (net)
                  0.07    0.00    1.36 v _0466_/A2 (sky130_fd_sc_hd__a21bo_1)
                  0.03    0.14    1.50 v _0466_/X (sky130_fd_sc_hd__a21bo_1)
     1    0.00                           _0168_ (net)
                  0.03    0.00    1.51 v _0473_/A1 (sky130_fd_sc_hd__a2111o_2)
                  0.08    0.30    1.81 v _0473_/X (sky130_fd_sc_hd__a2111o_2)
     4    0.02                           _0175_ (net)
                  0.08    0.00    1.81 v _0474_/A (sky130_fd_sc_hd__buf_6)
                  0.06    0.14    1.95 v _0474_/X (sky130_fd_sc_hd__buf_6)
    16    0.08                           _0176_ (net)
                  0.06    0.00    1.95 v _0475_/B (sky130_fd_sc_hd__nor2_1)
                  0.19    0.17    2.12 ^ _0475_/Y (sky130_fd_sc_hd__nor2_1)
     1    0.01                           net15 (net)
                  0.19    0.00    2.12 ^ wire24/A (sky130_fd_sc_hd__clkbuf_4)
                  0.14    0.21    2.33 ^ wire24/X (sky130_fd_sc_hd__clkbuf_4)
     1    0.06                           net24 (net)
                  0.14    0.01    2.35 ^ output15/A (sky130_fd_sc_hd__clkbuf_4)
                  0.08    0.16    2.51 ^ output15/X (sky130_fd_sc_hd__clkbuf_4)
     1    0.03                           full (net)
                  0.08    0.00    2.51 ^ full (out)
                                  2.51   data arrival time

                         10.00   10.00   clock w_clk (rise edge)
                          0.00   10.00   clock network delay (propagated)
                         -0.25    9.75   clock uncertainty
                          0.00    9.75   clock reconvergence pessimism
                         -2.00    7.75   output external delay
                                  7.75   data required time
-----------------------------------------------------------------------------
                                  7.75   data required time
                                 -2.51   data arrival time
-----------------------------------------------------------------------------
                                  5.24   slack (MET)



======================= Slowest Corner ===================================

Startpoint: w_rst_n (input port clocked by w_clk)
Endpoint: _1061_ (recovery check against rising-edge clock w_clk)
Path Group: asynchronous
Path Type: max
Corner: Slowest

Fanout     Cap    Slew   Delay    Time   Description
-----------------------------------------------------------------------------
                          0.00    0.00   clock w_clk (rise edge)
                          0.00    0.00   clock network delay (propagated)
                          2.00    2.00 ^ input external delay
                  0.05    0.03    2.03 ^ w_rst_n (in)
     1    0.01                           w_rst_n (net)
                  0.05    0.00    2.03 ^ input12/A (sky130_fd_sc_hd__buf_6)
                  0.38    0.39    2.42 ^ input12/X (sky130_fd_sc_hd__buf_6)
     4    0.12                           net12 (net)
                  0.39    0.06    2.48 ^ fanout28/A (sky130_fd_sc_hd__clkbuf_8)
                  0.24    0.52    3.00 ^ fanout28/X (sky130_fd_sc_hd__clkbuf_8)
    16    0.08                           net28 (net)
                  0.24    0.01    3.01 ^ _1061_/RESET_B (sky130_fd_sc_hd__dfrtp_4)
                                  3.01   data arrival time

                         10.00   10.00   clock w_clk (rise edge)
                          0.00   10.00   clock source latency
                  0.52    0.35   10.35 ^ w_clk (in)
     1    0.07                           w_clk (net)
                  0.52    0.00   10.35 ^ clkbuf_0_w_clk/A (sky130_fd_sc_hd__clkbuf_16)
                  0.20    0.50   10.85 ^ clkbuf_0_w_clk/X (sky130_fd_sc_hd__clkbuf_16)
    16    0.12                           clknet_0_w_clk (net)
                  0.20    0.00   10.85 ^ clkbuf_4_4_0_w_clk/A (sky130_fd_sc_hd__clkbuf_8)
                  0.09    0.28   11.13 ^ clkbuf_4_4_0_w_clk/X (sky130_fd_sc_hd__clkbuf_8)
     7    0.02                           clknet_4_4_0_w_clk (net)
                  0.09    0.00   11.14 ^ _1061_/CLK (sky130_fd_sc_hd__dfrtp_4)
                         -0.25   10.89   clock uncertainty
                          0.00   10.89   clock reconvergence pessimism
                          0.37   11.26   library recovery time
                                 11.26   data required time
-----------------------------------------------------------------------------
                                 11.26   data required time
                                 -3.01   data arrival time
-----------------------------------------------------------------------------
                                  8.25   slack (MET)


Startpoint: _1062_ (rising edge-triggered flip-flop clocked by w_clk)
Endpoint: full (output port clocked by w_clk)
Path Group: w_clk
Path Type: max
Corner: Slowest

Fanout     Cap    Slew   Delay    Time   Description
-----------------------------------------------------------------------------
                          0.00    0.00   clock w_clk (rise edge)
                          0.00    0.00   clock source latency
                  0.52    0.39    0.39 ^ w_clk (in)
     1    0.07                           w_clk (net)
                  0.52    0.00    0.39 ^ clkbuf_0_w_clk/A (sky130_fd_sc_hd__clkbuf_16)
                  0.20    0.55    0.94 ^ clkbuf_0_w_clk/X (sky130_fd_sc_hd__clkbuf_16)
    16    0.12                           clknet_0_w_clk (net)
                  0.20    0.00    0.94 ^ clkbuf_4_6_0_w_clk/A (sky130_fd_sc_hd__clkbuf_8)
                  0.09    0.32    1.26 ^ clkbuf_4_6_0_w_clk/X (sky130_fd_sc_hd__clkbuf_8)
     6    0.02                           clknet_4_6_0_w_clk (net)
                  0.09    0.00    1.26 ^ _1062_/CLK (sky130_fd_sc_hd__dfrtp_4)
                  0.18    1.15    2.41 v _1062_/Q (sky130_fd_sc_hd__dfrtp_4)
    12    0.03                           w_ptr_b[2] (net)
                  0.18    0.00    2.42 v _0456_/C (sky130_fd_sc_hd__and3_1)
                  0.09    0.46    2.87 v _0456_/X (sky130_fd_sc_hd__and3_1)
     1    0.01                           _0158_ (net)
                  0.09    0.00    2.87 v _0457_/A (sky130_fd_sc_hd__clkbuf_2)
                  0.15    0.29    3.17 v _0457_/X (sky130_fd_sc_hd__clkbuf_2)
     5    0.02                           _0159_ (net)
                  0.15    0.00    3.17 v _0465_/A (sky130_fd_sc_hd__or3_1)
                  0.20    1.02    4.18 v _0465_/X (sky130_fd_sc_hd__or3_1)
     3    0.01                           _0167_ (net)
                  0.20    0.00    4.18 v _0466_/A2 (sky130_fd_sc_hd__a21bo_1)
                  0.07    0.42    4.61 v _0466_/X (sky130_fd_sc_hd__a21bo_1)
     1    0.00                           _0168_ (net)
                  0.07    0.00    4.61 v _0473_/A1 (sky130_fd_sc_hd__a2111o_2)
                  0.20    0.99    5.60 v _0473_/X (sky130_fd_sc_hd__a2111o_2)
     4    0.02                           _0175_ (net)
                  0.20    0.00    5.60 v _0474_/A (sky130_fd_sc_hd__buf_6)
                  0.14    0.38    5.98 v _0474_/X (sky130_fd_sc_hd__buf_6)
    16    0.08                           _0176_ (net)
                  0.14    0.00    5.99 v _0475_/B (sky130_fd_sc_hd__nor2_1)
                  0.44    0.42    6.41 ^ _0475_/Y (sky130_fd_sc_hd__nor2_1)
     1    0.01                           net15 (net)
                  0.44    0.00    6.41 ^ wire24/A (sky130_fd_sc_hd__clkbuf_4)
                  0.30    0.60    7.01 ^ wire24/X (sky130_fd_sc_hd__clkbuf_4)
     1    0.06                           net24 (net)
                  0.30    0.01    7.02 ^ output15/A (sky130_fd_sc_hd__clkbuf_4)
                  0.18    0.45    7.48 ^ output15/X (sky130_fd_sc_hd__clkbuf_4)
     1    0.03                           full (net)
                  0.18    0.00    7.48 ^ full (out)
                                  7.48   data arrival time

                         10.00   10.00   clock w_clk (rise edge)
                          0.00   10.00   clock network delay (propagated)
                         -0.25    9.75   clock uncertainty
                          0.00    9.75   clock reconvergence pessimism
                         -2.00    7.75   output external delay
                                  7.75   data required time
-----------------------------------------------------------------------------
                                  7.75   data required time
                                 -7.48   data arrival time
-----------------------------------------------------------------------------
                                  0.27   slack (MET)



======================= Typical Corner ===================================

Startpoint: w_rst_n (input port clocked by w_clk)
Endpoint: _1061_ (recovery check against rising-edge clock w_clk)
Path Group: asynchronous
Path Type: max
Corner: Typical

Fanout     Cap    Slew   Delay    Time   Description
-----------------------------------------------------------------------------
                          0.00    0.00   clock w_clk (rise edge)
                          0.00    0.00   clock network delay (propagated)
                          2.00    2.00 ^ input external delay
                  0.03    0.02    2.02 ^ w_rst_n (in)
     1    0.01                           w_rst_n (net)
                  0.03    0.00    2.02 ^ input12/A (sky130_fd_sc_hd__buf_6)
                  0.24    0.22    2.24 ^ input12/X (sky130_fd_sc_hd__buf_6)
     4    0.12                           net12 (net)
                  0.26    0.06    2.30 ^ fanout28/A (sky130_fd_sc_hd__clkbuf_8)
                  0.16    0.30    2.60 ^ fanout28/X (sky130_fd_sc_hd__clkbuf_8)
    16    0.09                           net28 (net)
                  0.16    0.01    2.60 ^ _1061_/RESET_B (sky130_fd_sc_hd__dfrtp_4)
                                  2.60   data arrival time

                         10.00   10.00   clock w_clk (rise edge)
                          0.00   10.00   clock source latency
                  0.33    0.22   10.22 ^ w_clk (in)
     1    0.07                           w_clk (net)
                  0.33    0.00   10.22 ^ clkbuf_0_w_clk/A (sky130_fd_sc_hd__clkbuf_16)
                  0.13    0.27   10.49 ^ clkbuf_0_w_clk/X (sky130_fd_sc_hd__clkbuf_16)
    16    0.12                           clknet_0_w_clk (net)
                  0.13    0.00   10.50 ^ clkbuf_4_4_0_w_clk/A (sky130_fd_sc_hd__clkbuf_8)
                  0.05    0.16   10.65 ^ clkbuf_4_4_0_w_clk/X (sky130_fd_sc_hd__clkbuf_8)
     7    0.02                           clknet_4_4_0_w_clk (net)
                  0.05    0.00   10.65 ^ _1061_/CLK (sky130_fd_sc_hd__dfrtp_4)
                         -0.25   10.40   clock uncertainty
                          0.00   10.40   clock reconvergence pessimism
                          0.18   10.59   library recovery time
                                 10.59   data required time
-----------------------------------------------------------------------------
                                 10.59   data required time
                                 -2.60   data arrival time
-----------------------------------------------------------------------------
                                  7.98   slack (MET)


Startpoint: _1061_ (rising edge-triggered flip-flop clocked by w_clk)
Endpoint: full (output port clocked by w_clk)
Path Group: w_clk
Path Type: max
Corner: Typical

Fanout     Cap    Slew   Delay    Time   Description
-----------------------------------------------------------------------------
                          0.00    0.00   clock w_clk (rise edge)
                          0.00    0.00   clock source latency
                  0.33    0.25    0.25 ^ w_clk (in)
     1    0.07                           w_clk (net)
                  0.33    0.00    0.25 ^ clkbuf_0_w_clk/A (sky130_fd_sc_hd__clkbuf_16)
                  0.13    0.30    0.54 ^ clkbuf_0_w_clk/X (sky130_fd_sc_hd__clkbuf_16)
    16    0.12                           clknet_0_w_clk (net)
                  0.13    0.00    0.55 ^ clkbuf_4_4_0_w_clk/A (sky130_fd_sc_hd__clkbuf_8)
                  0.05    0.17    0.72 ^ clkbuf_4_4_0_w_clk/X (sky130_fd_sc_hd__clkbuf_8)
     7    0.02                           clknet_4_4_0_w_clk (net)
                  0.05    0.00    0.72 ^ _1061_/CLK (sky130_fd_sc_hd__dfrtp_4)
                  0.11    0.57    1.29 v _1061_/Q (sky130_fd_sc_hd__dfrtp_4)
    11    0.04                           w_ptr_b[1] (net)
                  0.11    0.00    1.29 v _0456_/B (sky130_fd_sc_hd__and3_1)
                  0.05    0.21    1.50 v _0456_/X (sky130_fd_sc_hd__and3_1)
     1    0.01                           _0158_ (net)
                  0.05    0.00    1.50 v _0457_/A (sky130_fd_sc_hd__clkbuf_2)
                  0.08    0.16    1.66 v _0457_/X (sky130_fd_sc_hd__clkbuf_2)
     5    0.02                           _0159_ (net)
                  0.08    0.00    1.66 v _0465_/A (sky130_fd_sc_hd__or3_1)
                  0.10    0.45    2.11 v _0465_/X (sky130_fd_sc_hd__or3_1)
     3    0.01                           _0167_ (net)
                  0.10    0.00    2.11 v _0466_/A2 (sky130_fd_sc_hd__a21bo_1)
                  0.04    0.22    2.33 v _0466_/X (sky130_fd_sc_hd__a21bo_1)
     1    0.00                           _0168_ (net)
                  0.04    0.00    2.33 v _0473_/A1 (sky130_fd_sc_hd__a2111o_2)
                  0.11    0.50    2.83 v _0473_/X (sky130_fd_sc_hd__a2111o_2)
     4    0.02                           _0175_ (net)
                  0.11    0.00    2.83 v _0474_/A (sky130_fd_sc_hd__buf_6)
                  0.08    0.21    3.04 v _0474_/X (sky130_fd_sc_hd__buf_6)
    16    0.08                           _0176_ (net)
                  0.08    0.00    3.04 v _0475_/B (sky130_fd_sc_hd__nor2_1)
                  0.26    0.24    3.28 ^ _0475_/Y (sky130_fd_sc_hd__nor2_1)
     1    0.01                           net15 (net)
                  0.26    0.00    3.28 ^ wire24/A (sky130_fd_sc_hd__clkbuf_4)
                  0.19    0.33    3.61 ^ wire24/X (sky130_fd_sc_hd__clkbuf_4)
     1    0.06                           net24 (net)
                  0.19    0.01    3.62 ^ output15/A (sky130_fd_sc_hd__clkbuf_4)
                  0.11    0.25    3.87 ^ output15/X (sky130_fd_sc_hd__clkbuf_4)
     1    0.03                           full (net)
                  0.11    0.00    3.87 ^ full (out)
                                  3.87   data arrival time

                         10.00   10.00   clock w_clk (rise edge)
                          0.00   10.00   clock network delay (propagated)
                         -0.25    9.75   clock uncertainty
                          0.00    9.75   clock reconvergence pessimism
                         -2.00    7.75   output external delay
                                  7.75   data required time
-----------------------------------------------------------------------------
                                  7.75   data required time
                                 -3.87   data arrival time
-----------------------------------------------------------------------------
                                  3.88   slack (MET)




===========================================================================
report_checks --slack_max -0.01
============================================================================
======================= Fastest Corner ===================================

No paths found.

======================= Slowest Corner ===================================

No paths found.

======================= Typical Corner ===================================

No paths found.


===========================================================================
 report_check_types -max_slew -max_cap -max_fanout -violators
============================================================================
======================= Fastest Corner ===================================

max fanout

Pin                                   Limit Fanout  Slack
---------------------------------------------------------
clkbuf_4_13_0_w_clk/X                    16     17        (VIOLATED)


======================= Slowest Corner ===================================

max slew

Pin                                    Limit    Slew   Slack
------------------------------------------------------------
clkbuf_0_w_clk/A                        0.50    0.52   -0.02 (VIOLATED)
w_clk                                   0.50    0.52   -0.02 (VIOLATED)

max fanout

Pin                                   Limit Fanout  Slack
---------------------------------------------------------
clkbuf_4_13_0_w_clk/X                    16     17        (VIOLATED)


======================= Typical Corner ===================================

max fanout

Pin                                   Limit Fanout  Slack
---------------------------------------------------------
clkbuf_4_13_0_w_clk/X                    16     17        (VIOLATED)



===========================================================================
report_parasitic_annotation -report_unannotated
============================================================================
Found 0 unannotated drivers.
Found 0 partially unannotated drivers.

===========================================================================
max slew violation count 2
max fanout violation count 1
max cap violation count 0
============================================================================

===========================================================================
check_setup -verbose -unconstrained_endpoints -multiple_clock -no_clock -no_input_delay -loops -generated_clocks
===========================================================================
Warning: There are 27 unclocked register/latch pins.
  _0914_/CLK
  _0915_/CLK
  _0916_/CLK
  _0917_/CLK
  _0918_/CLK
  _0919_/CLK
  _0920_/CLK
  _0921_/CLK
  _1031_/CLK
  _1032_/CLK
  _1033_/CLK
  _1034_/CLK
  _1035_/CLK
  _1036_/CLK
  _1037_/CLK
  _1038_/CLK
  _1039_/CLK
  _1040_/CLK
  _1051_/CLK
  _1052_/CLK
  _1053_/CLK
  _1054_/CLK
  _1055_/CLK
  _1056_/CLK
  _1057_/CLK
  _1058_/CLK
  _1059_/CLK
Warning: There are 41 unconstrained endpoints.
  empty
  r_data[0]
  r_data[1]
  r_data[2]
  r_data[3]
  r_data[4]
  r_data[5]
  r_data[6]
  r_data[7]
  _0914_/D
  _0915_/D
  _0916_/D
  _0917_/D
  _0918_/D
  _0919_/D
  _0920_/D
  _0921_/D
  _1031_/D
  _1032_/D
  _1033_/D
  _1034_/D
  _1035_/D
  _1036_/D
  _1037_/D
  _1038_/D
  _1039_/D
  _1040_/D
  _1041_/D
  _1042_/D
  _1043_/D
  _1044_/D
  _1045_/D
  _1051_/D
  _1052_/D
  _1053_/D
  _1054_/D
  _1055_/D
  _1056_/D
  _1057_/D
  _1058_/D
  _1059_/D
