
===========================================================================
 report_power
============================================================================
======================= Fastest Corner ===================================

Group                  Internal  Switching    Leakage      Total
                          Power      Power      Power      Power (Watts)
----------------------------------------------------------------
Sequential             1.12e-03   3.55e-04   1.85e-07   1.48e-03  37.9%
Combinational          1.43e-03   9.84e-04   5.47e-08   2.42e-03  62.1%
Macro                  0.00e+00   0.00e+00   0.00e+00   0.00e+00   0.0%
Pad                    0.00e+00   0.00e+00   0.00e+00   0.00e+00   0.0%
----------------------------------------------------------------
Total                  2.55e-03   1.34e-03   2.39e-07   3.89e-03 100.0%
                          65.6%      34.4%       0.0%

======================= Slowest Corner ===================================

Group                  Internal  Switching    Leakage      Total
                          Power      Power      Power      Power (Watts)
----------------------------------------------------------------
Sequential             7.69e-04   2.31e-04   2.74e-06   1.00e-03  37.8%
Combinational          1.01e-03   6.36e-04   4.11e-06   1.65e-03  62.2%
Macro                  0.00e+00   0.00e+00   0.00e+00   0.00e+00   0.0%
Pad                    0.00e+00   0.00e+00   0.00e+00   0.00e+00   0.0%
----------------------------------------------------------------
Total                  1.78e-03   8.67e-04   6.84e-06   2.65e-03 100.0%
                          67.0%      32.7%       0.3%

======================= Typical Corner ===================================

Group                  Internal  Switching    Leakage      Total
                          Power      Power      Power      Power (Watts)
----------------------------------------------------------------
Sequential             9.74e-04   2.97e-04   1.84e-07   1.27e-03  37.9%
Combinational          1.26e-03   8.23e-04   5.08e-08   2.08e-03  62.1%
Macro                  0.00e+00   0.00e+00   0.00e+00   0.00e+00   0.0%
Pad                    0.00e+00   0.00e+00   0.00e+00   0.00e+00   0.0%
----------------------------------------------------------------
Total                  2.24e-03   1.12e-03   2.34e-07   3.36e-03 100.0%
                          66.6%      33.4%       0.0%

