OpenROAD 41a51eaf4ca2171c92ff38afb91eb37bbd3f36da 
This program is licensed under the BSD-3 license. See the LICENSE file for details.
Components of this program may be licensed under more restrictive licenses which must be honored.
[INFO]: Reading ODB at '/openlane/designs/AsynFifo/runs/run_1/results/routing/AsynFifo.odb'…
define_corners Typical
read_liberty -corner Typical /home/nguyenson99/.ciel/sky130A/libs.ref/sky130_fd_sc_hd/lib/sky130_fd_sc_hd__tt_025C_1v80.lib
Using 1e-12 for capacitance...
Using 1e+03 for resistance...
Using 1e-09 for time...
Using 1e+00 for voltage...
Using 1e-03 for current...
Using 1e-09 for power...
Using 1e-06 for distance...
Reading design constraints file at '/openlane/designs/AsynFifo/runs/run_1/tmp/17-AsynFifo.sdc'…
[INFO]: Setting RC values...
[INFO PSM-0002] Output voltage file is specified as: /openlane/designs/AsynFifo/runs/run_1/reports/signoff/32-irdrop-vccd1.rpt.
[WARNING PSM-0016] Voltage pad location (VSRC) file not specified, defaulting pad location to checkerboard pattern on core area.
[WARNING PSM-0017] X direction bump pitch is not specified, defaulting to 140um.
[WARNING PSM-0018] Y direction bump pitch is not specified, defaulting to 140um.
[WARNING PSM-0019] Voltage on net vccd1 is not explicitly set.
[WARNING PSM-0022] Using voltage 1.800V for VDD network.
[WARNING PSM-0065] VSRC location not specified, using default checkerboard pattern with one VDD every size bumps in x-direction and one in two bumps in the y-direction
[INFO PSM-0076] Setting metal node density to be standard cell height times 5.
[WARNING PSM-0030] VSRC location at (79.790um, 149.120um) and size 10.000um, is not located on an existing power stripe node. Moving to closest node at (21.840um, 180.710um).
[WARNING PSM-0030] VSRC location at (919.790um, 149.120um) and size 10.000um, is not located on an existing power stripe node. Moving to closest node at (943.440um, 180.710um).
[WARNING PSM-0030] VSRC location at (359.790um, 289.120um) and size 10.000um, is not located on an existing power stripe node. Moving to closest node at (329.040um, 333.890um).
[WARNING PSM-0030] VSRC location at (639.790um, 429.120um) and size 10.000um, is not located on an existing power stripe node. Moving to closest node at (636.240um, 487.070um).
[WARNING PSM-0030] VSRC location at (79.790um, 569.120um) and size 10.000um, is not located on an existing power stripe node. Moving to closest node at (21.840um, 640.250um).
[WARNING PSM-0030] VSRC location at (919.790um, 569.120um) and size 10.000um, is not located on an existing power stripe node. Moving to closest node at (943.440um, 640.250um).
[WARNING PSM-0030] VSRC location at (359.790um, 709.120um) and size 10.000um, is not located on an existing power stripe node. Moving to closest node at (329.040um, 640.250um).
[WARNING PSM-0030] VSRC location at (639.790um, 849.120um) and size 10.000um, is not located on an existing power stripe node. Moving to closest node at (636.240um, 793.430um).
[INFO PSM-0031] Number of PDN nodes on net vccd1 = 23166.
[INFO PSM-0064] Number of voltage sources = 8.
[INFO PSM-0040] All PDN stripes on net vccd1 are connected.
########## IR report #################
Worstcase voltage: 1.80e+00 V
Average IR drop  : 2.95e-04 V
Worstcase IR drop: 2.85e-03 V
######################################
[INFO PSM-0002] Output voltage file is specified as: /openlane/designs/AsynFifo/runs/run_1/reports/signoff/32-irdrop-vssd1.rpt.
[WARNING PSM-0016] Voltage pad location (VSRC) file not specified, defaulting pad location to checkerboard pattern on core area.
[WARNING PSM-0017] X direction bump pitch is not specified, defaulting to 140um.
[WARNING PSM-0018] Y direction bump pitch is not specified, defaulting to 140um.
[WARNING PSM-0019] Voltage on net vssd1 is not explicitly set.
[WARNING PSM-0021] Using voltage 0.000V for ground network.
[WARNING PSM-0065] VSRC location not specified, using default checkerboard pattern with one VDD every size bumps in x-direction and one in two bumps in the y-direction
[INFO PSM-0076] Setting metal node density to be standard cell height times 5.
[WARNING PSM-0030] VSRC location at (79.790um, 149.120um) and size 10.000um, is not located on an existing power stripe node. Moving to closest node at (25.140um, 184.010um).
[WARNING PSM-0030] VSRC location at (919.790um, 149.120um) and size 10.000um, is not located on an existing power stripe node. Moving to closest node at (946.740um, 184.010um).
[WARNING PSM-0030] VSRC location at (359.790um, 289.120um) and size 10.000um, is not located on an existing power stripe node. Moving to closest node at (332.340um, 337.190um).
[WARNING PSM-0030] VSRC location at (639.790um, 429.120um) and size 10.000um, is not located on an existing power stripe node. Moving to closest node at (639.540um, 490.370um).
[WARNING PSM-0030] VSRC location at (79.790um, 569.120um) and size 10.000um, is not located on an existing power stripe node. Moving to closest node at (25.140um, 643.550um).
[WARNING PSM-0030] VSRC location at (919.790um, 569.120um) and size 10.000um, is not located on an existing power stripe node. Moving to closest node at (946.740um, 643.550um).
[WARNING PSM-0030] VSRC location at (359.790um, 709.120um) and size 10.000um, is not located on an existing power stripe node. Moving to closest node at (332.340um, 643.550um).
[WARNING PSM-0030] VSRC location at (639.790um, 849.120um) and size 10.000um, is not located on an existing power stripe node. Moving to closest node at (639.540um, 796.730um).
[INFO PSM-0031] Number of PDN nodes on net vssd1 = 23166.
[INFO PSM-0064] Number of voltage sources = 8.
[INFO PSM-0040] All PDN stripes on net vssd1 are connected.
########## IR report #################
Worstcase voltage: 2.77e-03 V
Average IR drop  : 2.97e-04 V
Worstcase IR drop: 2.77e-03 V
######################################
