OpenROAD 41a51eaf4ca2171c92ff38afb91eb37bbd3f36da 
This program is licensed under the BSD-3 license. See the LICENSE file for details.
Components of this program may be licensed under more restrictive licenses which must be honored.
[INFO]: Reading ODB at '/openlane/designs/AsynFifo/runs/run_power/results/routing/AsynFifo.odb'…
define_corners Typical
read_liberty -corner Typical /home/nguyenson99/.ciel/sky130A/libs.ref/sky130_fd_sc_hd/lib/sky130_fd_sc_hd__tt_025C_1v80.lib
Using 1e-12 for capacitance...
Using 1e+03 for resistance...
Using 1e-09 for time...
Using 1e+00 for voltage...
Using 1e-03 for current...
Using 1e-09 for power...
Using 1e-06 for distance...
Reading design constraints file at '/openlane/designs/AsynFifo/runs/run_power/tmp/17-AsynFifo.sdc'…
Net: _0260_
  Pin: _0575_/A0 (sky130_fd_sc_hd__mux2_1)
    Layer: met2
      Partial area ratio:    1.67
      Required ratio:    0.00 (Gate area) 
      Partial area ratio:    9.11
      Required ratio: 2771.60 (Side area) 
      Cumulative area ratio:  116.96
      Required ratio:    0.00 (Cumulative area) 
      Cumulative area ratio:  591.00
      Required ratio:    0.00 (Cumulative side area) 

    Layer: met1
      Partial area ratio:  115.29
      Required ratio:    0.00 (Gate area) 
      Partial area ratio:  581.89
      Required ratio:  400.00 (Side area) (VIOLATED)
      Cumulative area ratio:  115.29
      Required ratio:    0.00 (Cumulative area) 
      Cumulative area ratio:  581.89
      Required ratio:    0.00 (Cumulative side area) 

    Layer: li1
      Partial area ratio:    0.00
      Required ratio:    0.00 (Gate area) 
      Partial area ratio:    0.00
      Required ratio:   75.00 (Side area) 
      Cumulative area ratio:    0.00
      Required ratio:    0.00 (Cumulative area) 
      Cumulative area ratio:    0.00
      Required ratio:    0.00 (Cumulative side area) 

    Via: M1M2_PR
      Partial area ratio:    0.18
      Required ratio:    6.00 (Gate area) 
      Cumulative area ratio:    0.41
      Required ratio:    0.00 (Cumulative area) 

    Via: L1M1_PR
      Partial area ratio:    0.23
      Required ratio:    3.00 (Gate area) 
      Cumulative area ratio:    0.23
      Required ratio:    0.00 (Cumulative area) 


Net: _0268_
  Pin: _0584_/A0 (sky130_fd_sc_hd__mux2_1)
    Layer: met2
      Partial area ratio:    1.67
      Required ratio:    0.00 (Gate area) 
      Partial area ratio:    9.11
      Required ratio: 2771.60 (Side area) 
      Cumulative area ratio:   98.11
      Required ratio:    0.00 (Cumulative area) 
      Cumulative area ratio:  494.44
      Required ratio:    0.00 (Cumulative side area) 

    Layer: met1
      Partial area ratio:   96.44
      Required ratio:    0.00 (Gate area) 
      Partial area ratio:  485.33
      Required ratio:  400.00 (Side area) (VIOLATED)
      Cumulative area ratio:   96.44
      Required ratio:    0.00 (Cumulative area) 
      Cumulative area ratio:  485.33
      Required ratio:    0.00 (Cumulative side area) 

    Layer: li1
      Partial area ratio:    0.00
      Required ratio:    0.00 (Gate area) 
      Partial area ratio:    0.00
      Required ratio:   75.00 (Side area) 
      Cumulative area ratio:    0.00
      Required ratio:    0.00 (Cumulative area) 
      Cumulative area ratio:    0.00
      Required ratio:    0.00 (Cumulative side area) 

    Via: M1M2_PR
      Partial area ratio:    0.18
      Required ratio:    6.00 (Gate area) 
      Cumulative area ratio:    0.41
      Required ratio:    0.00 (Cumulative area) 

    Via: L1M1_PR
      Partial area ratio:    0.23
      Required ratio:    3.00 (Gate area) 
      Cumulative area ratio:    0.23
      Required ratio:    0.00 (Cumulative area) 


Net: net4
  Pin: _0700_/A1 (sky130_fd_sc_hd__mux2_1)
    Layer: met2
      Partial area ratio:   34.89
      Required ratio:    0.00 (Gate area) 
      Partial area ratio:  175.36
      Required ratio: 3872.32 (Side area) 
      Cumulative area ratio:  571.95
      Required ratio:    0.00 (Cumulative area) 
      Cumulative area ratio: 2865.36
      Required ratio:    0.00 (Cumulative side area) 

    Layer: met1
      Partial area ratio:    0.00
      Required ratio:    0.00 (Gate area) 
      Partial area ratio:    0.00
      Required ratio:  400.00 (Side area) 
      Cumulative area ratio:    0.00
      Required ratio:    0.00 (Cumulative area) 
      Cumulative area ratio:    0.00
      Required ratio:    0.00 (Cumulative side area) 

    Layer: li1
      Partial area ratio:    0.00
      Required ratio:    0.00 (Gate area) 
      Partial area ratio:    0.00
      Required ratio:   75.00 (Side area) 
      Cumulative area ratio:    0.00
      Required ratio:    0.00 (Cumulative area) 
      Cumulative area ratio:    0.00
      Required ratio:    0.00 (Cumulative side area) 

    Via: M1M2_PR
      Partial area ratio:    0.18
      Required ratio:    6.00 (Gate area) 
      Cumulative area ratio:    0.41
      Required ratio:    0.00 (Cumulative area) 

    Via: L1M1_PR
      Partial area ratio:    0.23
      Required ratio:    3.00 (Gate area) 
      Cumulative area ratio:    0.23
      Required ratio:    0.00 (Cumulative area) 

  Pin: _0771_/A1 (sky130_fd_sc_hd__mux2_1)
    Layer: met2
      Partial area ratio:   34.89
      Required ratio:    0.00 (Gate area) 
      Partial area ratio:  175.36
      Required ratio: 3872.32 (Side area) 
      Cumulative area ratio:  571.95
      Required ratio:    0.00 (Cumulative area) 
      Cumulative area ratio: 2865.36
      Required ratio:    0.00 (Cumulative side area) 

    Layer: met1
      Partial area ratio:    0.00
      Required ratio:    0.00 (Gate area) 
      Partial area ratio:    0.00
      Required ratio:  400.00 (Side area) 
      Cumulative area ratio:    0.00
      Required ratio:    0.00 (Cumulative area) 
      Cumulative area ratio:    0.00
      Required ratio:    0.00 (Cumulative side area) 

    Layer: li1
      Partial area ratio:    0.00
      Required ratio:    0.00 (Gate area) 
      Partial area ratio:    0.00
      Required ratio:   75.00 (Side area) 
      Cumulative area ratio:    0.00
      Required ratio:    0.00 (Cumulative area) 
      Cumulative area ratio:    0.00
      Required ratio:    0.00 (Cumulative side area) 

    Via: M1M2_PR
      Partial area ratio:    0.18
      Required ratio:    6.00 (Gate area) 
      Cumulative area ratio:    0.41
      Required ratio:    0.00 (Cumulative area) 

    Via: L1M1_PR
      Partial area ratio:    0.23
      Required ratio:    3.00 (Gate area) 
      Cumulative area ratio:    0.23
      Required ratio:    0.00 (Cumulative area) 

  Pin: _0789_/A1 (sky130_fd_sc_hd__mux2_1)
    Layer: met2
      Partial area ratio:   34.89
      Required ratio:    0.00 (Gate area) 
      Partial area ratio:  175.36
      Required ratio: 3872.32 (Side area) 
      Cumulative area ratio:  583.96
      Required ratio:    0.00 (Cumulative area) 
      Cumulative area ratio: 2927.73
      Required ratio:    0.00 (Cumulative side area) 

    Layer: met1
      Partial area ratio:    0.67
      Required ratio:    0.00 (Gate area) 
      Partial area ratio:    4.11
      Required ratio:  400.00 (Side area) 
      Cumulative area ratio:    0.67
      Required ratio:    0.00 (Cumulative area) 
      Cumulative area ratio:    4.11
      Required ratio:    0.00 (Cumulative side area) 

    Layer: li1
      Partial area ratio:    0.00
      Required ratio:    0.00 (Gate area) 
      Partial area ratio:    0.00
      Required ratio:   75.00 (Side area) 
      Cumulative area ratio:    0.00
      Required ratio:    0.00 (Cumulative area) 
      Cumulative area ratio:    0.00
      Required ratio:    0.00 (Cumulative side area) 

    Via: M1M2_PR
      Partial area ratio:    0.18
      Required ratio:    6.00 (Gate area) 
      Cumulative area ratio:    0.41
      Required ratio:    0.00 (Cumulative area) 

    Via: L1M1_PR
      Partial area ratio:    0.23
      Required ratio:    3.00 (Gate area) 
      Cumulative area ratio:    0.23
      Required ratio:    0.00 (Cumulative area) 

  Pin: _0753_/A1 (sky130_fd_sc_hd__mux2_1)
    Layer: met2
      Partial area ratio:   34.89
      Required ratio:    0.00 (Gate area) 
      Partial area ratio:  175.36
      Required ratio: 3872.32 (Side area) 
      Cumulative area ratio:  583.29
      Required ratio:    0.00 (Cumulative area) 
      Cumulative area ratio: 2923.62
      Required ratio:    0.00 (Cumulative side area) 

    Layer: met1
      Partial area ratio:    0.00
      Required ratio:    0.00 (Gate area) 
      Partial area ratio:    0.00
      Required ratio:  400.00 (Side area) 
      Cumulative area ratio:    0.00
      Required ratio:    0.00 (Cumulative area) 
      Cumulative area ratio:    0.00
      Required ratio:    0.00 (Cumulative side area) 

    Layer: li1
      Partial area ratio:    0.00
      Required ratio:    0.00 (Gate area) 
      Partial area ratio:    0.00
      Required ratio:   75.00 (Side area) 
      Cumulative area ratio:    0.00
      Required ratio:    0.00 (Cumulative area) 
      Cumulative area ratio:    0.00
      Required ratio:    0.00 (Cumulative side area) 

    Via: M1M2_PR
      Partial area ratio:    0.18
      Required ratio:    6.00 (Gate area) 
      Cumulative area ratio:    0.41
      Required ratio:    0.00 (Cumulative area) 

    Via: L1M1_PR
      Partial area ratio:    0.23
      Required ratio:    3.00 (Gate area) 
      Cumulative area ratio:    0.23
      Required ratio:    0.00 (Cumulative area) 

  Pin: _0490_/A1 (sky130_fd_sc_hd__mux2_1)
    Layer: met2
      Partial area ratio:   34.89
      Required ratio:    0.00 (Gate area) 
      Partial area ratio:  175.36
      Required ratio: 3872.32 (Side area) 
      Cumulative area ratio:  583.29
      Required ratio:    0.00 (Cumulative area) 
      Cumulative area ratio: 2923.62
      Required ratio:    0.00 (Cumulative side area) 

    Layer: met1
      Partial area ratio:   11.34
      Required ratio:    0.00 (Gate area) 
      Partial area ratio:   58.26
      Required ratio:  400.00 (Side area) 
      Cumulative area ratio:   11.34
      Required ratio:    0.00 (Cumulative area) 
      Cumulative area ratio:   58.26
      Required ratio:    0.00 (Cumulative side area) 

    Layer: li1
      Partial area ratio:    0.00
      Required ratio:    0.00 (Gate area) 
      Partial area ratio:    0.00
      Required ratio:   75.00 (Side area) 
      Cumulative area ratio:    0.00
      Required ratio:    0.00 (Cumulative area) 
      Cumulative area ratio:    0.00
      Required ratio:    0.00 (Cumulative side area) 

    Via: M1M2_PR
      Partial area ratio:    0.18
      Required ratio:    6.00 (Gate area) 
      Cumulative area ratio:    0.41
      Required ratio:    0.00 (Cumulative area) 

    Via: L1M1_PR
      Partial area ratio:    0.23
      Required ratio:    3.00 (Gate area) 
      Cumulative area ratio:    0.23
      Required ratio:    0.00 (Cumulative area) 

  Pin: _0819_/A1 (sky130_fd_sc_hd__mux2_1)
    Layer: met2
      Partial area ratio:   34.89
      Required ratio:    0.00 (Gate area) 
      Partial area ratio:  175.36
      Required ratio: 3872.32 (Side area) 
      Cumulative area ratio:  583.29
      Required ratio:    0.00 (Cumulative area) 
      Cumulative area ratio: 2923.62
      Required ratio:    0.00 (Cumulative side area) 

    Layer: met1
      Partial area ratio:   11.34
      Required ratio:    0.00 (Gate area) 
      Partial area ratio:   58.26
      Required ratio:  400.00 (Side area) 
      Cumulative area ratio:   11.34
      Required ratio:    0.00 (Cumulative area) 
      Cumulative area ratio:   58.26
      Required ratio:    0.00 (Cumulative side area) 

    Layer: li1
      Partial area ratio:    0.00
      Required ratio:    0.00 (Gate area) 
      Partial area ratio:    0.00
      Required ratio:   75.00 (Side area) 
      Cumulative area ratio:    0.00
      Required ratio:    0.00 (Cumulative area) 
      Cumulative area ratio:    0.00
      Required ratio:    0.00 (Cumulative side area) 

    Via: M1M2_PR
      Partial area ratio:    0.18
      Required ratio:    6.00 (Gate area) 
      Cumulative area ratio:    0.41
      Required ratio:    0.00 (Cumulative area) 

    Via: L1M1_PR
      Partial area ratio:    0.23
      Required ratio:    3.00 (Gate area) 
      Cumulative area ratio:    0.23
      Required ratio:    0.00 (Cumulative area) 

  Pin: _0718_/A1 (sky130_fd_sc_hd__mux2_1)
    Layer: met2
      Partial area ratio:   34.89
      Required ratio:    0.00 (Gate area) 
      Partial area ratio:  175.36
      Required ratio: 3872.32 (Side area) 
      Cumulative area ratio:  583.29
      Required ratio:    0.00 (Cumulative area) 
      Cumulative area ratio: 2923.62
      Required ratio:    0.00 (Cumulative side area) 

    Layer: met1
      Partial area ratio:   11.34
      Required ratio:    0.00 (Gate area) 
      Partial area ratio:   58.26
      Required ratio:  400.00 (Side area) 
      Cumulative area ratio:   11.34
      Required ratio:    0.00 (Cumulative area) 
      Cumulative area ratio:   58.26
      Required ratio:    0.00 (Cumulative side area) 

    Layer: li1
      Partial area ratio:    0.00
      Required ratio:    0.00 (Gate area) 
      Partial area ratio:    0.00
      Required ratio:   75.00 (Side area) 
      Cumulative area ratio:    0.00
      Required ratio:    0.00 (Cumulative area) 
      Cumulative area ratio:    0.00
      Required ratio:    0.00 (Cumulative side area) 

    Via: M1M2_PR
      Partial area ratio:    0.18
      Required ratio:    6.00 (Gate area) 
      Cumulative area ratio:    0.41
      Required ratio:    0.00 (Cumulative area) 

    Via: L1M1_PR
      Partial area ratio:    0.23
      Required ratio:    3.00 (Gate area) 
      Cumulative area ratio:    0.23
      Required ratio:    0.00 (Cumulative area) 

  Pin: _0890_/A1 (sky130_fd_sc_hd__mux2_1)
    Layer: met2
      Partial area ratio:   34.89
      Required ratio:    0.00 (Gate area) 
      Partial area ratio:  175.36
      Required ratio: 3872.32 (Side area) 
      Cumulative area ratio:  594.03
      Required ratio:    0.00 (Cumulative area) 
      Cumulative area ratio: 2979.23
      Required ratio:    0.00 (Cumulative side area) 

    Layer: met1
      Partial area ratio:   10.73
      Required ratio:    0.00 (Gate area) 
      Partial area ratio:   55.61
      Required ratio:  400.00 (Side area) 
      Cumulative area ratio:   10.73
      Required ratio:    0.00 (Cumulative area) 
      Cumulative area ratio:   55.61
      Required ratio:    0.00 (Cumulative side area) 

    Layer: li1
      Partial area ratio:    0.00
      Required ratio:    0.00 (Gate area) 
      Partial area ratio:    0.00
      Required ratio:   75.00 (Side area) 
      Cumulative area ratio:    0.00
      Required ratio:    0.00 (Cumulative area) 
      Cumulative area ratio:    0.00
      Required ratio:    0.00 (Cumulative side area) 

    Via: M1M2_PR
      Partial area ratio:    0.09
      Required ratio:    6.00 (Gate area) 
      Cumulative area ratio:    0.32
      Required ratio:    0.00 (Cumulative area) 

    Via: L1M1_PR
      Partial area ratio:    0.23
      Required ratio:    3.00 (Gate area) 
      Cumulative area ratio:    0.23
      Required ratio:    0.00 (Cumulative area) 

  Pin: _0643_/A1 (sky130_fd_sc_hd__mux2_1)
    Layer: met2
      Partial area ratio:   34.89
      Required ratio:    0.00 (Gate area) 
      Partial area ratio:  175.36
      Required ratio: 3872.32 (Side area) 
      Cumulative area ratio:  594.03
      Required ratio:    0.00 (Cumulative area) 
      Cumulative area ratio: 2979.23
      Required ratio:    0.00 (Cumulative side area) 

    Layer: met1
      Partial area ratio:   10.73
      Required ratio:    0.00 (Gate area) 
      Partial area ratio:   55.61
      Required ratio:  400.00 (Side area) 
      Cumulative area ratio:   10.73
      Required ratio:    0.00 (Cumulative area) 
      Cumulative area ratio:   55.61
      Required ratio:    0.00 (Cumulative side area) 

    Layer: li1
      Partial area ratio:    0.00
      Required ratio:    0.00 (Gate area) 
      Partial area ratio:    0.00
      Required ratio:   75.00 (Side area) 
      Cumulative area ratio:    0.00
      Required ratio:    0.00 (Cumulative area) 
      Cumulative area ratio:    0.00
      Required ratio:    0.00 (Cumulative side area) 

    Via: M1M2_PR
      Partial area ratio:    0.09
      Required ratio:    6.00 (Gate area) 
      Cumulative area ratio:    0.32
      Required ratio:    0.00 (Cumulative area) 

    Via: L1M1_PR
      Partial area ratio:    0.23
      Required ratio:    3.00 (Gate area) 
      Cumulative area ratio:    0.23
      Required ratio:    0.00 (Cumulative area) 

  Pin: _0736_/A1 (sky130_fd_sc_hd__mux2_1)
    Layer: met2
      Partial area ratio:   34.89
      Required ratio:    0.00 (Gate area) 
      Partial area ratio:  175.36
      Required ratio: 3872.32 (Side area) 
      Cumulative area ratio:  593.91
      Required ratio:    0.00 (Cumulative area) 
      Cumulative area ratio: 2978.25
      Required ratio:    0.00 (Cumulative side area) 

    Layer: met1
      Partial area ratio:   10.61
      Required ratio:    0.00 (Gate area) 
      Partial area ratio:   54.63
      Required ratio:  400.00 (Side area) 
      Cumulative area ratio:   10.61
      Required ratio:    0.00 (Cumulative area) 
      Cumulative area ratio:   54.63
      Required ratio:    0.00 (Cumulative side area) 

    Layer: li1
      Partial area ratio:    0.00
      Required ratio:    0.00 (Gate area) 
      Partial area ratio:    0.00
      Required ratio:   75.00 (Side area) 
      Cumulative area ratio:    0.00
      Required ratio:    0.00 (Cumulative area) 
      Cumulative area ratio:    0.00
      Required ratio:    0.00 (Cumulative side area) 

    Via: M1M2_PR
      Partial area ratio:    0.12
      Required ratio:    6.00 (Gate area) 
      Cumulative area ratio:    0.35
      Required ratio:    0.00 (Cumulative area) 

    Via: L1M1_PR
      Partial area ratio:    0.23
      Required ratio:    3.00 (Gate area) 
      Cumulative area ratio:    0.23
      Required ratio:    0.00 (Cumulative area) 

  Pin: _0681_/A1 (sky130_fd_sc_hd__mux2_1)
    Layer: met2
      Partial area ratio:   34.89
      Required ratio:    0.00 (Gate area) 
      Partial area ratio:  175.36
      Required ratio: 3872.32 (Side area) 
      Cumulative area ratio:  595.09
      Required ratio:    0.00 (Cumulative area) 
      Cumulative area ratio: 2984.92
      Required ratio:    0.00 (Cumulative side area) 

    Layer: met1
      Partial area ratio:    1.18
      Required ratio:    0.00 (Gate area) 
      Partial area ratio:    6.67
      Required ratio:  400.00 (Side area) 
      Cumulative area ratio:    1.18
      Required ratio:    0.00 (Cumulative area) 
      Cumulative area ratio:    6.67
      Required ratio:    0.00 (Cumulative side area) 

    Layer: li1
      Partial area ratio:    0.00
      Required ratio:    0.00 (Gate area) 
      Partial area ratio:    0.00
      Required ratio:   75.00 (Side area) 
      Cumulative area ratio:    0.00
      Required ratio:    0.00 (Cumulative area) 
      Cumulative area ratio:    0.00
      Required ratio:    0.00 (Cumulative side area) 

    Via: M1M2_PR
      Partial area ratio:    0.18
      Required ratio:    6.00 (Gate area) 
      Cumulative area ratio:    0.41
      Required ratio:    0.00 (Cumulative area) 

    Via: L1M1_PR
      Partial area ratio:    0.23
      Required ratio:    3.00 (Gate area) 
      Cumulative area ratio:    0.23
      Required ratio:    0.00 (Cumulative area) 

  Pin: _0661_/A1 (sky130_fd_sc_hd__mux2_1)
    Layer: met2
      Partial area ratio:   34.89
      Required ratio:    0.00 (Gate area) 
      Partial area ratio:  175.36
      Required ratio: 3872.32 (Side area) 
      Cumulative area ratio:  593.91
      Required ratio:    0.00 (Cumulative area) 
      Cumulative area ratio: 2978.25
      Required ratio:    0.00 (Cumulative side area) 

    Layer: met1
      Partial area ratio:   10.61
      Required ratio:    0.00 (Gate area) 
      Partial area ratio:   54.63
      Required ratio:  400.00 (Side area) 
      Cumulative area ratio:   10.61
      Required ratio:    0.00 (Cumulative area) 
      Cumulative area ratio:   54.63
      Required ratio:    0.00 (Cumulative side area) 

    Layer: li1
      Partial area ratio:    0.00
      Required ratio:    0.00 (Gate area) 
      Partial area ratio:    0.00
      Required ratio:   75.00 (Side area) 
      Cumulative area ratio:    0.00
      Required ratio:    0.00 (Cumulative area) 
      Cumulative area ratio:    0.00
      Required ratio:    0.00 (Cumulative side area) 

    Via: M1M2_PR
      Partial area ratio:    0.12
      Required ratio:    6.00 (Gate area) 
      Cumulative area ratio:    0.35
      Required ratio:    0.00 (Cumulative area) 

    Via: L1M1_PR
      Partial area ratio:    0.23
      Required ratio:    3.00 (Gate area) 
      Cumulative area ratio:    0.23
      Required ratio:    0.00 (Cumulative area) 

  Pin: _0872_/A1 (sky130_fd_sc_hd__mux2_1)
    Layer: met2
      Partial area ratio:   34.89
      Required ratio:    0.00 (Gate area) 
      Partial area ratio:  175.36
      Required ratio: 3872.32 (Side area) 
      Cumulative area ratio:  593.91
      Required ratio:    0.00 (Cumulative area) 
      Cumulative area ratio: 2978.25
      Required ratio:    0.00 (Cumulative side area) 

    Layer: met1
      Partial area ratio:   10.61
      Required ratio:    0.00 (Gate area) 
      Partial area ratio:   54.63
      Required ratio:  400.00 (Side area) 
      Cumulative area ratio:   10.61
      Required ratio:    0.00 (Cumulative area) 
      Cumulative area ratio:   54.63
      Required ratio:    0.00 (Cumulative side area) 

    Layer: li1
      Partial area ratio:    0.00
      Required ratio:    0.00 (Gate area) 
      Partial area ratio:    0.00
      Required ratio:   75.00 (Side area) 
      Cumulative area ratio:    0.00
      Required ratio:    0.00 (Cumulative area) 
      Cumulative area ratio:    0.00
      Required ratio:    0.00 (Cumulative side area) 

    Via: M1M2_PR
      Partial area ratio:    0.12
      Required ratio:    6.00 (Gate area) 
      Cumulative area ratio:    0.35
      Required ratio:    0.00 (Cumulative area) 

    Via: L1M1_PR
      Partial area ratio:    0.23
      Required ratio:    3.00 (Gate area) 
      Cumulative area ratio:    0.23
      Required ratio:    0.00 (Cumulative area) 

  Pin: _0588_/A1 (sky130_fd_sc_hd__mux2_1)
    Layer: met2
      Partial area ratio:   34.89
      Required ratio:    0.00 (Gate area) 
      Partial area ratio:  175.36
      Required ratio: 3872.32 (Side area) 
      Cumulative area ratio:  587.03
      Required ratio:    0.00 (Cumulative area) 
      Cumulative area ratio: 2943.06
      Required ratio:    0.00 (Cumulative side area) 

    Layer: met1
      Partial area ratio:    3.73
      Required ratio:    0.00 (Gate area) 
      Partial area ratio:   19.44
      Required ratio:  400.00 (Side area) 
      Cumulative area ratio:    3.73
      Required ratio:    0.00 (Cumulative area) 
      Cumulative area ratio:   19.44
      Required ratio:    0.00 (Cumulative side area) 

    Layer: li1
      Partial area ratio:    0.00
      Required ratio:    0.00 (Gate area) 
      Partial area ratio:    0.00
      Required ratio:   75.00 (Side area) 
      Cumulative area ratio:    0.00
      Required ratio:    0.00 (Cumulative area) 
      Cumulative area ratio:    0.00
      Required ratio:    0.00 (Cumulative side area) 

    Via: M1M2_PR
      Partial area ratio:    0.18
      Required ratio:    6.00 (Gate area) 
      Cumulative area ratio:    0.41
      Required ratio:    0.00 (Cumulative area) 

    Via: L1M1_PR
      Partial area ratio:    0.23
      Required ratio:    3.00 (Gate area) 
      Cumulative area ratio:    0.23
      Required ratio:    0.00 (Cumulative area) 

  Pin: _0625_/A1 (sky130_fd_sc_hd__mux2_1)
    Layer: met2
      Partial area ratio:   34.89
      Required ratio:    0.00 (Gate area) 
      Partial area ratio:  175.36
      Required ratio: 3872.32 (Side area) 
      Cumulative area ratio:  593.67
      Required ratio:    0.00 (Cumulative area) 
      Cumulative area ratio: 2976.29
      Required ratio:    0.00 (Cumulative side area) 

    Layer: met1
      Partial area ratio:   10.38
      Required ratio:    0.00 (Gate area) 
      Partial area ratio:   52.67
      Required ratio:  400.00 (Side area) 
      Cumulative area ratio:   10.38
      Required ratio:    0.00 (Cumulative area) 
      Cumulative area ratio:   52.67
      Required ratio:    0.00 (Cumulative side area) 

    Layer: li1
      Partial area ratio:    0.00
      Required ratio:    0.00 (Gate area) 
      Partial area ratio:    0.00
      Required ratio:   75.00 (Side area) 
      Cumulative area ratio:    0.00
      Required ratio:    0.00 (Cumulative area) 
      Cumulative area ratio:    0.00
      Required ratio:    0.00 (Cumulative side area) 

    Via: M1M2_PR
      Partial area ratio:    0.18
      Required ratio:    6.00 (Gate area) 
      Cumulative area ratio:    0.41
      Required ratio:    0.00 (Cumulative area) 

    Via: L1M1_PR
      Partial area ratio:    0.23
      Required ratio:    3.00 (Gate area) 
      Cumulative area ratio:    0.23
      Required ratio:    0.00 (Cumulative area) 

  Pin: _0607_/A1 (sky130_fd_sc_hd__mux2_1)
    Layer: met2
      Partial area ratio:   34.89
      Required ratio:    0.00 (Gate area) 
      Partial area ratio:  175.36
      Required ratio: 3872.32 (Side area) 
      Cumulative area ratio:  571.95
      Required ratio:    0.00 (Cumulative area) 
      Cumulative area ratio: 2865.36
      Required ratio:    0.00 (Cumulative side area) 

    Layer: met1
      Partial area ratio:  537.07
      Required ratio:    0.00 (Gate area) 
      Partial area ratio: 2690.00
      Required ratio:  400.00 (Side area) (VIOLATED)
      Cumulative area ratio:  537.07
      Required ratio:    0.00 (Cumulative area) 
      Cumulative area ratio: 2690.00
      Required ratio:    0.00 (Cumulative side area) 

    Layer: li1
      Partial area ratio:    0.00
      Required ratio:    0.00 (Gate area) 
      Partial area ratio:    0.00
      Required ratio:   75.00 (Side area) 
      Cumulative area ratio:    0.00
      Required ratio:    0.00 (Cumulative area) 
      Cumulative area ratio:    0.00
      Required ratio:    0.00 (Cumulative side area) 

    Via: M1M2_PR
      Partial area ratio:    0.36
      Required ratio:    6.00 (Gate area) 
      Cumulative area ratio:    0.59
      Required ratio:    0.00 (Cumulative area) 

    Via: L1M1_PR
      Partial area ratio:    0.23
      Required ratio:    3.00 (Gate area) 
      Cumulative area ratio:    0.23
      Required ratio:    0.00 (Cumulative area) 


Net: net7
  Pin: _0594_/A1 (sky130_fd_sc_hd__mux2_1)
    Layer: met2
      Partial area ratio:   16.51
      Required ratio:    0.00 (Gate area) 
      Partial area ratio:   83.51
      Required ratio: 3312.80 (Side area) 
      Cumulative area ratio:  579.82
      Required ratio:    0.00 (Cumulative area) 
      Cumulative area ratio: 2908.62
      Required ratio:    0.00 (Cumulative side area) 

    Layer: met1
      Partial area ratio:    3.22
      Required ratio:    0.00 (Gate area) 
      Partial area ratio:   16.89
      Required ratio:  400.00 (Side area) 
      Cumulative area ratio:    3.22
      Required ratio:    0.00 (Cumulative area) 
      Cumulative area ratio:   16.89
      Required ratio:    0.00 (Cumulative side area) 

    Layer: li1
      Partial area ratio:    0.00
      Required ratio:    0.00 (Gate area) 
      Partial area ratio:    0.00
      Required ratio:   75.00 (Side area) 
      Cumulative area ratio:    0.00
      Required ratio:    0.00 (Cumulative area) 
      Cumulative area ratio:    0.00
      Required ratio:    0.00 (Cumulative side area) 

    Via: M1M2_PR
      Partial area ratio:    0.18
      Required ratio:    6.00 (Gate area) 
      Cumulative area ratio:    0.41
      Required ratio:    0.00 (Cumulative area) 

    Via: L1M1_PR
      Partial area ratio:    0.23
      Required ratio:    3.00 (Gate area) 
      Cumulative area ratio:    0.23
      Required ratio:    0.00 (Cumulative area) 

  Pin: _0742_/A1 (sky130_fd_sc_hd__mux2_1)
    Layer: met2
      Partial area ratio:   16.51
      Required ratio:    0.00 (Gate area) 
      Partial area ratio:   83.51
      Required ratio: 3312.80 (Side area) 
      Cumulative area ratio:  580.49
      Required ratio:    0.00 (Cumulative area) 
      Cumulative area ratio: 2912.73
      Required ratio:    0.00 (Cumulative side area) 

    Layer: met1
      Partial area ratio:    3.89
      Required ratio:    0.00 (Gate area) 
      Partial area ratio:   21.00
      Required ratio:  400.00 (Side area) 
      Cumulative area ratio:    3.89
      Required ratio:    0.00 (Cumulative area) 
      Cumulative area ratio:   21.00
      Required ratio:    0.00 (Cumulative side area) 

    Layer: li1
      Partial area ratio:    0.00
      Required ratio:    0.00 (Gate area) 
      Partial area ratio:    0.00
      Required ratio:   75.00 (Side area) 
      Cumulative area ratio:    0.00
      Required ratio:    0.00 (Cumulative area) 
      Cumulative area ratio:    0.00
      Required ratio:    0.00 (Cumulative side area) 

    Via: M1M2_PR
      Partial area ratio:    0.36
      Required ratio:    6.00 (Gate area) 
      Cumulative area ratio:    0.59
      Required ratio:    0.00 (Cumulative area) 

    Via: L1M1_PR
      Partial area ratio:    0.23
      Required ratio:    3.00 (Gate area) 
      Cumulative area ratio:    0.23
      Required ratio:    0.00 (Cumulative area) 

  Pin: _0795_/A1 (sky130_fd_sc_hd__mux2_1)
    Layer: met2
      Partial area ratio:   16.51
      Required ratio:    0.00 (Gate area) 
      Partial area ratio:   83.51
      Required ratio: 3312.80 (Side area) 
      Cumulative area ratio:  596.32
      Required ratio:    0.00 (Cumulative area) 
      Cumulative area ratio: 2993.45
      Required ratio:    0.00 (Cumulative side area) 

    Layer: met1
      Partial area ratio:   15.83
      Required ratio:    0.00 (Gate area) 
      Partial area ratio:   80.72
      Required ratio:  400.00 (Side area) 
      Cumulative area ratio:   15.83
      Required ratio:    0.00 (Cumulative area) 
      Cumulative area ratio:   80.72
      Required ratio:    0.00 (Cumulative side area) 

    Layer: li1
      Partial area ratio:    0.00
      Required ratio:    0.00 (Gate area) 
      Partial area ratio:    0.00
      Required ratio:   75.00 (Side area) 
      Cumulative area ratio:    0.00
      Required ratio:    0.00 (Cumulative area) 
      Cumulative area ratio:    0.00
      Required ratio:    0.00 (Cumulative side area) 

    Via: M1M2_PR
      Partial area ratio:    0.18
      Required ratio:    6.00 (Gate area) 
      Cumulative area ratio:    0.41
      Required ratio:    0.00 (Cumulative area) 

    Via: L1M1_PR
      Partial area ratio:    0.23
      Required ratio:    3.00 (Gate area) 
      Cumulative area ratio:    0.23
      Required ratio:    0.00 (Cumulative area) 

  Pin: _0496_/A1 (sky130_fd_sc_hd__mux2_1)
    Layer: met2
      Partial area ratio:   16.51
      Required ratio:    0.00 (Gate area) 
      Partial area ratio:   83.51
      Required ratio: 3312.80 (Side area) 
      Cumulative area ratio:  596.32
      Required ratio:    0.00 (Cumulative area) 
      Cumulative area ratio: 2993.45
      Required ratio:    0.00 (Cumulative side area) 

    Layer: met1
      Partial area ratio:    0.00
      Required ratio:    0.00 (Gate area) 
      Partial area ratio:    0.00
      Required ratio:  400.00 (Side area) 
      Cumulative area ratio:    0.00
      Required ratio:    0.00 (Cumulative area) 
      Cumulative area ratio:    0.00
      Required ratio:    0.00 (Cumulative side area) 

    Layer: li1
      Partial area ratio:    0.00
      Required ratio:    0.00 (Gate area) 
      Partial area ratio:    0.00
      Required ratio:   75.00 (Side area) 
      Cumulative area ratio:    0.00
      Required ratio:    0.00 (Cumulative area) 
      Cumulative area ratio:    0.00
      Required ratio:    0.00 (Cumulative side area) 

    Via: M1M2_PR
      Partial area ratio:    0.18
      Required ratio:    6.00 (Gate area) 
      Cumulative area ratio:    0.41
      Required ratio:    0.00 (Cumulative area) 

    Via: L1M1_PR
      Partial area ratio:    0.23
      Required ratio:    3.00 (Gate area) 
      Cumulative area ratio:    0.23
      Required ratio:    0.00 (Cumulative area) 

  Pin: _0759_/A1 (sky130_fd_sc_hd__mux2_1)
    Layer: met2
      Partial area ratio:   16.51
      Required ratio:    0.00 (Gate area) 
      Partial area ratio:   83.51
      Required ratio: 3312.80 (Side area) 
      Cumulative area ratio:  601.07
      Required ratio:    0.00 (Cumulative area) 
      Cumulative area ratio: 3018.01
      Required ratio:    0.00 (Cumulative side area) 

    Layer: met1
      Partial area ratio:    4.76
      Required ratio:    0.00 (Gate area) 
      Partial area ratio:   24.56
      Required ratio:  400.00 (Side area) 
      Cumulative area ratio:    4.76
      Required ratio:    0.00 (Cumulative area) 
      Cumulative area ratio:   24.56
      Required ratio:    0.00 (Cumulative side area) 

    Layer: li1
      Partial area ratio:    0.00
      Required ratio:    0.00 (Gate area) 
      Partial area ratio:    0.00
      Required ratio:   75.00 (Side area) 
      Cumulative area ratio:    0.00
      Required ratio:    0.00 (Cumulative area) 
      Cumulative area ratio:    0.00
      Required ratio:    0.00 (Cumulative side area) 

    Via: M1M2_PR
      Partial area ratio:    0.18
      Required ratio:    6.00 (Gate area) 
      Cumulative area ratio:    0.41
      Required ratio:    0.00 (Cumulative area) 

    Via: L1M1_PR
      Partial area ratio:    0.23
      Required ratio:    3.00 (Gate area) 
      Cumulative area ratio:    0.23
      Required ratio:    0.00 (Cumulative area) 

  Pin: _0825_/A1 (sky130_fd_sc_hd__mux2_1)
    Layer: met2
      Partial area ratio:   16.51
      Required ratio:    0.00 (Gate area) 
      Partial area ratio:   83.51
      Required ratio: 3312.80 (Side area) 
      Cumulative area ratio:  596.32
      Required ratio:    0.00 (Cumulative area) 
      Cumulative area ratio: 2993.45
      Required ratio:    0.00 (Cumulative side area) 

    Layer: met1
      Partial area ratio:   15.83
      Required ratio:    0.00 (Gate area) 
      Partial area ratio:   80.72
      Required ratio:  400.00 (Side area) 
      Cumulative area ratio:   15.83
      Required ratio:    0.00 (Cumulative area) 
      Cumulative area ratio:   80.72
      Required ratio:    0.00 (Cumulative side area) 

    Layer: li1
      Partial area ratio:    0.00
      Required ratio:    0.00 (Gate area) 
      Partial area ratio:    0.00
      Required ratio:   75.00 (Side area) 
      Cumulative area ratio:    0.00
      Required ratio:    0.00 (Cumulative area) 
      Cumulative area ratio:    0.00
      Required ratio:    0.00 (Cumulative side area) 

    Via: M1M2_PR
      Partial area ratio:    0.18
      Required ratio:    6.00 (Gate area) 
      Cumulative area ratio:    0.41
      Required ratio:    0.00 (Cumulative area) 

    Via: L1M1_PR
      Partial area ratio:    0.23
      Required ratio:    3.00 (Gate area) 
      Cumulative area ratio:    0.23
      Required ratio:    0.00 (Cumulative area) 

  Pin: _0724_/A1 (sky130_fd_sc_hd__mux2_1)
    Layer: met2
      Partial area ratio:   16.51
      Required ratio:    0.00 (Gate area) 
      Partial area ratio:   83.51
      Required ratio: 3312.80 (Side area) 
      Cumulative area ratio:  589.10
      Required ratio:    0.00 (Cumulative area) 
      Cumulative area ratio: 2957.34
      Required ratio:    0.00 (Cumulative side area) 

    Layer: met1
      Partial area ratio:    8.61
      Required ratio:    0.00 (Gate area) 
      Partial area ratio:   44.61
      Required ratio:  400.00 (Side area) 
      Cumulative area ratio:    8.61
      Required ratio:    0.00 (Cumulative area) 
      Cumulative area ratio:   44.61
      Required ratio:    0.00 (Cumulative side area) 

    Layer: li1
      Partial area ratio:    0.00
      Required ratio:    0.00 (Gate area) 
      Partial area ratio:    0.00
      Required ratio:   75.00 (Side area) 
      Cumulative area ratio:    0.00
      Required ratio:    0.00 (Cumulative area) 
      Cumulative area ratio:    0.00
      Required ratio:    0.00 (Cumulative side area) 

    Via: M1M2_PR
      Partial area ratio:    0.18
      Required ratio:    6.00 (Gate area) 
      Cumulative area ratio:    0.41
      Required ratio:    0.00 (Cumulative area) 

    Via: L1M1_PR
      Partial area ratio:    0.23
      Required ratio:    3.00 (Gate area) 
      Cumulative area ratio:    0.23
      Required ratio:    0.00 (Cumulative area) 

  Pin: _0706_/A1 (sky130_fd_sc_hd__mux2_1)
    Layer: met2
      Partial area ratio:   16.51
      Required ratio:    0.00 (Gate area) 
      Partial area ratio:   83.51
      Required ratio: 3312.80 (Side area) 
      Cumulative area ratio:  589.10
      Required ratio:    0.00 (Cumulative area) 
      Cumulative area ratio: 2957.34
      Required ratio:    0.00 (Cumulative side area) 

    Layer: met1
      Partial area ratio:    0.00
      Required ratio:    0.00 (Gate area) 
      Partial area ratio:    0.00
      Required ratio:  400.00 (Side area) 
      Cumulative area ratio:    0.00
      Required ratio:    0.00 (Cumulative area) 
      Cumulative area ratio:    0.00
      Required ratio:    0.00 (Cumulative side area) 

    Layer: li1
      Partial area ratio:    0.00
      Required ratio:    0.00 (Gate area) 
      Partial area ratio:    0.00
      Required ratio:   75.00 (Side area) 
      Cumulative area ratio:    0.00
      Required ratio:    0.00 (Cumulative area) 
      Cumulative area ratio:    0.00
      Required ratio:    0.00 (Cumulative side area) 

    Via: M1M2_PR
      Partial area ratio:    0.18
      Required ratio:    6.00 (Gate area) 
      Cumulative area ratio:    0.41
      Required ratio:    0.00 (Cumulative area) 

    Via: L1M1_PR
      Partial area ratio:    0.23
      Required ratio:    3.00 (Gate area) 
      Cumulative area ratio:    0.23
      Required ratio:    0.00 (Cumulative area) 

  Pin: _0613_/A1 (sky130_fd_sc_hd__mux2_1)
    Layer: met2
      Partial area ratio:   16.51
      Required ratio:    0.00 (Gate area) 
      Partial area ratio:   83.51
      Required ratio: 3312.80 (Side area) 
      Cumulative area ratio:  589.10
      Required ratio:    0.00 (Cumulative area) 
      Cumulative area ratio: 2957.34
      Required ratio:    0.00 (Cumulative side area) 

    Layer: met1
      Partial area ratio:    8.61
      Required ratio:    0.00 (Gate area) 
      Partial area ratio:   44.61
      Required ratio:  400.00 (Side area) 
      Cumulative area ratio:    8.61
      Required ratio:    0.00 (Cumulative area) 
      Cumulative area ratio:   44.61
      Required ratio:    0.00 (Cumulative side area) 

    Layer: li1
      Partial area ratio:    0.00
      Required ratio:    0.00 (Gate area) 
      Partial area ratio:    0.00
      Required ratio:   75.00 (Side area) 
      Cumulative area ratio:    0.00
      Required ratio:    0.00 (Cumulative area) 
      Cumulative area ratio:    0.00
      Required ratio:    0.00 (Cumulative side area) 

    Via: M1M2_PR
      Partial area ratio:    0.18
      Required ratio:    6.00 (Gate area) 
      Cumulative area ratio:    0.41
      Required ratio:    0.00 (Cumulative area) 

    Via: L1M1_PR
      Partial area ratio:    0.23
      Required ratio:    3.00 (Gate area) 
      Cumulative area ratio:    0.23
      Required ratio:    0.00 (Cumulative area) 

  Pin: _0777_/A1 (sky130_fd_sc_hd__mux2_1)
    Layer: met2
      Partial area ratio:   16.51
      Required ratio:    0.00 (Gate area) 
      Partial area ratio:   83.51
      Required ratio: 3312.80 (Side area) 
      Cumulative area ratio:  585.24
      Required ratio:    0.00 (Cumulative area) 
      Cumulative area ratio: 2937.29
      Required ratio:    0.00 (Cumulative side area) 

    Layer: met1
      Partial area ratio:    4.76
      Required ratio:    0.00 (Gate area) 
      Partial area ratio:   24.56
      Required ratio:  400.00 (Side area) 
      Cumulative area ratio:    4.76
      Required ratio:    0.00 (Cumulative area) 
      Cumulative area ratio:   24.56
      Required ratio:    0.00 (Cumulative side area) 

    Layer: li1
      Partial area ratio:    0.00
      Required ratio:    0.00 (Gate area) 
      Partial area ratio:    0.00
      Required ratio:   75.00 (Side area) 
      Cumulative area ratio:    0.00
      Required ratio:    0.00 (Cumulative area) 
      Cumulative area ratio:    0.00
      Required ratio:    0.00 (Cumulative side area) 

    Via: M1M2_PR
      Partial area ratio:    0.18
      Required ratio:    6.00 (Gate area) 
      Cumulative area ratio:    0.41
      Required ratio:    0.00 (Cumulative area) 

    Via: L1M1_PR
      Partial area ratio:    0.23
      Required ratio:    3.00 (Gate area) 
      Cumulative area ratio:    0.23
      Required ratio:    0.00 (Cumulative area) 

  Pin: _0687_/A1 (sky130_fd_sc_hd__mux2_1)
    Layer: met2
      Partial area ratio:   16.51
      Required ratio:    0.00 (Gate area) 
      Partial area ratio:   83.51
      Required ratio: 3312.80 (Side area) 
      Cumulative area ratio:  598.54
      Required ratio:    0.00 (Cumulative area) 
      Cumulative area ratio: 3006.12
      Required ratio:    0.00 (Cumulative side area) 

    Layer: met1
      Partial area ratio:    7.66
      Required ratio:    0.00 (Gate area) 
      Partial area ratio:   39.83
      Required ratio:  400.00 (Side area) 
      Cumulative area ratio:    7.66
      Required ratio:    0.00 (Cumulative area) 
      Cumulative area ratio:   39.83
      Required ratio:    0.00 (Cumulative side area) 

    Layer: li1
      Partial area ratio:    0.00
      Required ratio:    0.00 (Gate area) 
      Partial area ratio:    0.00
      Required ratio:   75.00 (Side area) 
      Cumulative area ratio:    0.00
      Required ratio:    0.00 (Cumulative area) 
      Cumulative area ratio:    0.00
      Required ratio:    0.00 (Cumulative side area) 

    Via: M1M2_PR
      Partial area ratio:    0.09
      Required ratio:    6.00 (Gate area) 
      Cumulative area ratio:    0.32
      Required ratio:    0.00 (Cumulative area) 

    Via: L1M1_PR
      Partial area ratio:    0.23
      Required ratio:    3.00 (Gate area) 
      Cumulative area ratio:    0.23
      Required ratio:    0.00 (Cumulative area) 

  Pin: _0667_/A1 (sky130_fd_sc_hd__mux2_1)
    Layer: met2
      Partial area ratio:   16.51
      Required ratio:    0.00 (Gate area) 
      Partial area ratio:   83.51
      Required ratio: 3312.80 (Side area) 
      Cumulative area ratio:  598.54
      Required ratio:    0.00 (Cumulative area) 
      Cumulative area ratio: 3006.12
      Required ratio:    0.00 (Cumulative side area) 

    Layer: met1
      Partial area ratio:    7.66
      Required ratio:    0.00 (Gate area) 
      Partial area ratio:   39.83
      Required ratio:  400.00 (Side area) 
      Cumulative area ratio:    7.66
      Required ratio:    0.00 (Cumulative area) 
      Cumulative area ratio:   39.83
      Required ratio:    0.00 (Cumulative side area) 

    Layer: li1
      Partial area ratio:    0.00
      Required ratio:    0.00 (Gate area) 
      Partial area ratio:    0.00
      Required ratio:   75.00 (Side area) 
      Cumulative area ratio:    0.00
      Required ratio:    0.00 (Cumulative area) 
      Cumulative area ratio:    0.00
      Required ratio:    0.00 (Cumulative side area) 

    Via: M1M2_PR
      Partial area ratio:    0.09
      Required ratio:    6.00 (Gate area) 
      Cumulative area ratio:    0.32
      Required ratio:    0.00 (Cumulative area) 

    Via: L1M1_PR
      Partial area ratio:    0.23
      Required ratio:    3.00 (Gate area) 
      Cumulative area ratio:    0.23
      Required ratio:    0.00 (Cumulative area) 

  Pin: _0896_/A1 (sky130_fd_sc_hd__mux2_1)
    Layer: met2
      Partial area ratio:   16.51
      Required ratio:    0.00 (Gate area) 
      Partial area ratio:   83.51
      Required ratio: 3312.80 (Side area) 
      Cumulative area ratio:  590.89
      Required ratio:    0.00 (Cumulative area) 
      Cumulative area ratio: 2966.29
      Required ratio:    0.00 (Cumulative side area) 

    Layer: met1
      Partial area ratio:   10.40
      Required ratio:    0.00 (Gate area) 
      Partial area ratio:   53.56
      Required ratio:  400.00 (Side area) 
      Cumulative area ratio:   10.40
      Required ratio:    0.00 (Cumulative area) 
      Cumulative area ratio:   53.56
      Required ratio:    0.00 (Cumulative side area) 

    Layer: li1
      Partial area ratio:    0.00
      Required ratio:    0.00 (Gate area) 
      Partial area ratio:    0.00
      Required ratio:   75.00 (Side area) 
      Cumulative area ratio:    0.00
      Required ratio:    0.00 (Cumulative area) 
      Cumulative area ratio:    0.00
      Required ratio:    0.00 (Cumulative side area) 

    Via: M1M2_PR
      Partial area ratio:    0.36
      Required ratio:    6.00 (Gate area) 
      Cumulative area ratio:    0.59
      Required ratio:    0.00 (Cumulative area) 

    Via: L1M1_PR
      Partial area ratio:    0.23
      Required ratio:    3.00 (Gate area) 
      Cumulative area ratio:    0.23
      Required ratio:    0.00 (Cumulative area) 

  Pin: _0878_/A1 (sky130_fd_sc_hd__mux2_1)
    Layer: met2
      Partial area ratio:   16.51
      Required ratio:    0.00 (Gate area) 
      Partial area ratio:   83.51
      Required ratio: 3312.80 (Side area) 
      Cumulative area ratio:  578.17
      Required ratio:    0.00 (Cumulative area) 
      Cumulative area ratio: 2901.18
      Required ratio:    0.00 (Cumulative side area) 

    Layer: met1
      Partial area ratio:    1.58
      Required ratio:    0.00 (Gate area) 
      Partial area ratio:    9.44
      Required ratio:  400.00 (Side area) 
      Cumulative area ratio:    1.58
      Required ratio:    0.00 (Cumulative area) 
      Cumulative area ratio:    9.44
      Required ratio:    0.00 (Cumulative side area) 

    Layer: li1
      Partial area ratio:    0.00
      Required ratio:    0.00 (Gate area) 
      Partial area ratio:    0.00
      Required ratio:   75.00 (Side area) 
      Cumulative area ratio:    0.00
      Required ratio:    0.00 (Cumulative area) 
      Cumulative area ratio:    0.00
      Required ratio:    0.00 (Cumulative side area) 

    Via: M1M2_PR
      Partial area ratio:    0.18
      Required ratio:    6.00 (Gate area) 
      Cumulative area ratio:    0.41
      Required ratio:    0.00 (Cumulative area) 

    Via: L1M1_PR
      Partial area ratio:    0.23
      Required ratio:    3.00 (Gate area) 
      Cumulative area ratio:    0.23
      Required ratio:    0.00 (Cumulative area) 

  Pin: _0631_/A1 (sky130_fd_sc_hd__mux2_1)
    Layer: met2
      Partial area ratio:   16.51
      Required ratio:    0.00 (Gate area) 
      Partial area ratio:   83.51
      Required ratio: 3312.80 (Side area) 
      Cumulative area ratio:  581.35
      Required ratio:    0.00 (Cumulative area) 
      Cumulative area ratio: 2916.29
      Required ratio:    0.00 (Cumulative side area) 

    Layer: met1
      Partial area ratio:    4.76
      Required ratio:    0.00 (Gate area) 
      Partial area ratio:   24.56
      Required ratio:  400.00 (Side area) 
      Cumulative area ratio:    4.76
      Required ratio:    0.00 (Cumulative area) 
      Cumulative area ratio:   24.56
      Required ratio:    0.00 (Cumulative side area) 

    Layer: li1
      Partial area ratio:    0.00
      Required ratio:    0.00 (Gate area) 
      Partial area ratio:    0.00
      Required ratio:   75.00 (Side area) 
      Cumulative area ratio:    0.00
      Required ratio:    0.00 (Cumulative area) 
      Cumulative area ratio:    0.00
      Required ratio:    0.00 (Cumulative side area) 

    Via: M1M2_PR
      Partial area ratio:    0.18
      Required ratio:    6.00 (Gate area) 
      Cumulative area ratio:    0.41
      Required ratio:    0.00 (Cumulative area) 

    Via: L1M1_PR
      Partial area ratio:    0.23
      Required ratio:    3.00 (Gate area) 
      Cumulative area ratio:    0.23
      Required ratio:    0.00 (Cumulative area) 

  Pin: _0649_/A1 (sky130_fd_sc_hd__mux2_1)
    Layer: met2
      Partial area ratio:   16.51
      Required ratio:    0.00 (Gate area) 
      Partial area ratio:   83.51
      Required ratio: 3312.80 (Side area) 
      Cumulative area ratio:  576.60
      Required ratio:    0.00 (Cumulative area) 
      Cumulative area ratio: 2891.73
      Required ratio:    0.00 (Cumulative side area) 

    Layer: met1
      Partial area ratio:  560.09
      Required ratio:    0.00 (Gate area) 
      Partial area ratio: 2808.22
      Required ratio:  400.00 (Side area) (VIOLATED)
      Cumulative area ratio:  560.09
      Required ratio:    0.00 (Cumulative area) 
      Cumulative area ratio: 2808.22
      Required ratio:    0.00 (Cumulative side area) 

    Layer: li1
      Partial area ratio:    0.00
      Required ratio:    0.00 (Gate area) 
      Partial area ratio:    0.00
      Required ratio:   75.00 (Side area) 
      Cumulative area ratio:    0.00
      Required ratio:    0.00 (Cumulative area) 
      Cumulative area ratio:    0.00
      Required ratio:    0.00 (Cumulative side area) 

    Via: M1M2_PR
      Partial area ratio:    0.54
      Required ratio:    6.00 (Gate area) 
      Cumulative area ratio:    0.77
      Required ratio:    0.00 (Cumulative area) 

    Via: L1M1_PR
      Partial area ratio:    0.23
      Required ratio:    3.00 (Gate area) 
      Cumulative area ratio:    0.23
      Required ratio:    0.00 (Cumulative area) 


Net: net9
  Pin: _0635_/A1 (sky130_fd_sc_hd__mux2_1)
    Layer: met2
      Partial area ratio:   38.52
      Required ratio:    0.00 (Gate area) 
      Partial area ratio:  193.52
      Required ratio: 3312.80 (Side area) 
      Cumulative area ratio:  158.63
      Required ratio:    0.00 (Cumulative area) 
      Cumulative area ratio:  798.75
      Required ratio:    0.00 (Cumulative side area) 

    Layer: met1
      Partial area ratio:  120.11
      Required ratio:    0.00 (Gate area) 
      Partial area ratio:  605.22
      Required ratio:  400.00 (Side area) (VIOLATED)
      Cumulative area ratio:  120.11
      Required ratio:    0.00 (Cumulative area) 
      Cumulative area ratio:  605.22
      Required ratio:    0.00 (Cumulative side area) 

    Layer: li1
      Partial area ratio:    0.00
      Required ratio:    0.00 (Gate area) 
      Partial area ratio:    0.00
      Required ratio:   75.00 (Side area) 
      Cumulative area ratio:    0.00
      Required ratio:    0.00 (Cumulative area) 
      Cumulative area ratio:    0.00
      Required ratio:    0.00 (Cumulative side area) 

    Via: M1M2_PR
      Partial area ratio:    0.18
      Required ratio:    6.00 (Gate area) 
      Cumulative area ratio:    0.41
      Required ratio:    0.00 (Cumulative area) 

    Via: L1M1_PR
      Partial area ratio:    0.23
      Required ratio:    3.00 (Gate area) 
      Cumulative area ratio:    0.23
      Required ratio:    0.00 (Cumulative area) 

  Pin: _0882_/A1 (sky130_fd_sc_hd__mux2_1)
    Layer: met2
      Partial area ratio:   38.52
      Required ratio:    0.00 (Gate area) 
      Partial area ratio:  193.52
      Required ratio: 3312.80 (Side area) 
      Cumulative area ratio:  158.63
      Required ratio:    0.00 (Cumulative area) 
      Cumulative area ratio:  798.75
      Required ratio:    0.00 (Cumulative side area) 

    Layer: met1
      Partial area ratio:  120.11
      Required ratio:    0.00 (Gate area) 
      Partial area ratio:  605.22
      Required ratio:  400.00 (Side area) (VIOLATED)
      Cumulative area ratio:  120.11
      Required ratio:    0.00 (Cumulative area) 
      Cumulative area ratio:  605.22
      Required ratio:    0.00 (Cumulative side area) 

    Layer: li1
      Partial area ratio:    0.00
      Required ratio:    0.00 (Gate area) 
      Partial area ratio:    0.00
      Required ratio:   75.00 (Side area) 
      Cumulative area ratio:    0.00
      Required ratio:    0.00 (Cumulative area) 
      Cumulative area ratio:    0.00
      Required ratio:    0.00 (Cumulative side area) 

    Via: M1M2_PR
      Partial area ratio:    0.18
      Required ratio:    6.00 (Gate area) 
      Cumulative area ratio:    0.41
      Required ratio:    0.00 (Cumulative area) 

    Via: L1M1_PR
      Partial area ratio:    0.23
      Required ratio:    3.00 (Gate area) 
      Cumulative area ratio:    0.23
      Required ratio:    0.00 (Cumulative area) 

  Pin: _0746_/A1 (sky130_fd_sc_hd__mux2_1)
    Layer: met2
      Partial area ratio:   38.52
      Required ratio:    0.00 (Gate area) 
      Partial area ratio:  193.52
      Required ratio: 3312.80 (Side area) 
      Cumulative area ratio:  176.43
      Required ratio:    0.00 (Cumulative area) 
      Cumulative area ratio:  892.80
      Required ratio:    0.00 (Cumulative side area) 

    Layer: met1
      Partial area ratio:    4.93
      Required ratio:    0.00 (Gate area) 
      Partial area ratio:   27.00
      Required ratio:  400.00 (Side area) 
      Cumulative area ratio:    4.93
      Required ratio:    0.00 (Cumulative area) 
      Cumulative area ratio:   27.00
      Required ratio:    0.00 (Cumulative side area) 

    Layer: li1
      Partial area ratio:    0.00
      Required ratio:    0.00 (Gate area) 
      Partial area ratio:    0.00
      Required ratio:   75.00 (Side area) 
      Cumulative area ratio:    0.00
      Required ratio:    0.00 (Cumulative area) 
      Cumulative area ratio:    0.00
      Required ratio:    0.00 (Cumulative side area) 

    Via: M1M2_PR
      Partial area ratio:    0.18
      Required ratio:    6.00 (Gate area) 
      Cumulative area ratio:    0.41
      Required ratio:    0.00 (Cumulative area) 

    Via: L1M1_PR
      Partial area ratio:    0.23
      Required ratio:    3.00 (Gate area) 
      Cumulative area ratio:    0.23
      Required ratio:    0.00 (Cumulative area) 

  Pin: _0763_/A1 (sky130_fd_sc_hd__mux2_1)
    Layer: met2
      Partial area ratio:   38.52
      Required ratio:    0.00 (Gate area) 
      Partial area ratio:  193.52
      Required ratio: 3312.80 (Side area) 
      Cumulative area ratio:  178.64
      Required ratio:    0.00 (Cumulative area) 
      Cumulative area ratio:  905.02
      Required ratio:    0.00 (Cumulative side area) 

    Layer: met1
      Partial area ratio:    2.21
      Required ratio:    0.00 (Gate area) 
      Partial area ratio:   12.22
      Required ratio:  400.00 (Side area) 
      Cumulative area ratio:    2.21
      Required ratio:    0.00 (Cumulative area) 
      Cumulative area ratio:   12.22
      Required ratio:    0.00 (Cumulative side area) 

    Layer: li1
      Partial area ratio:    0.00
      Required ratio:    0.00 (Gate area) 
      Partial area ratio:    0.00
      Required ratio:   75.00 (Side area) 
      Cumulative area ratio:    0.00
      Required ratio:    0.00 (Cumulative area) 
      Cumulative area ratio:    0.00
      Required ratio:    0.00 (Cumulative side area) 

    Via: M1M2_PR
      Partial area ratio:    0.18
      Required ratio:    6.00 (Gate area) 
      Cumulative area ratio:    0.41
      Required ratio:    0.00 (Cumulative area) 

    Via: L1M1_PR
      Partial area ratio:    0.23
      Required ratio:    3.00 (Gate area) 
      Cumulative area ratio:    0.23
      Required ratio:    0.00 (Cumulative area) 

  Pin: _0500_/A1 (sky130_fd_sc_hd__mux2_1)
    Layer: met2
      Partial area ratio:   38.52
      Required ratio:    0.00 (Gate area) 
      Partial area ratio:  193.52
      Required ratio: 3312.80 (Side area) 
      Cumulative area ratio:  182.89
      Required ratio:    0.00 (Cumulative area) 
      Cumulative area ratio:  927.02
      Required ratio:    0.00 (Cumulative side area) 

    Layer: met1
      Partial area ratio:    4.24
      Required ratio:    0.00 (Gate area) 
      Partial area ratio:   22.00
      Required ratio:  400.00 (Side area) 
      Cumulative area ratio:    4.24
      Required ratio:    0.00 (Cumulative area) 
      Cumulative area ratio:   22.00
      Required ratio:    0.00 (Cumulative side area) 

    Layer: li1
      Partial area ratio:    0.00
      Required ratio:    0.00 (Gate area) 
      Partial area ratio:    0.00
      Required ratio:   75.00 (Side area) 
      Cumulative area ratio:    0.00
      Required ratio:    0.00 (Cumulative area) 
      Cumulative area ratio:    0.00
      Required ratio:    0.00 (Cumulative side area) 

    Via: M1M2_PR
      Partial area ratio:    0.18
      Required ratio:    6.00 (Gate area) 
      Cumulative area ratio:    0.41
      Required ratio:    0.00 (Cumulative area) 

    Via: L1M1_PR
      Partial area ratio:    0.23
      Required ratio:    3.00 (Gate area) 
      Cumulative area ratio:    0.23
      Required ratio:    0.00 (Cumulative area) 

  Pin: _0799_/A1 (sky130_fd_sc_hd__mux2_1)
    Layer: met2
      Partial area ratio:   38.52
      Required ratio:    0.00 (Gate area) 
      Partial area ratio:  193.52
      Required ratio: 3312.80 (Side area) 
      Cumulative area ratio:  189.55
      Required ratio:    0.00 (Cumulative area) 
      Cumulative area ratio:  961.14
      Required ratio:    0.00 (Cumulative side area) 

    Layer: met1
      Partial area ratio:   10.91
      Required ratio:    0.00 (Gate area) 
      Partial area ratio:   56.11
      Required ratio:  400.00 (Side area) 
      Cumulative area ratio:   10.91
      Required ratio:    0.00 (Cumulative area) 
      Cumulative area ratio:   56.11
      Required ratio:    0.00 (Cumulative side area) 

    Layer: li1
      Partial area ratio:    0.00
      Required ratio:    0.00 (Gate area) 
      Partial area ratio:    0.00
      Required ratio:   75.00 (Side area) 
      Cumulative area ratio:    0.00
      Required ratio:    0.00 (Cumulative area) 
      Cumulative area ratio:    0.00
      Required ratio:    0.00 (Cumulative side area) 

    Via: M1M2_PR
      Partial area ratio:    0.18
      Required ratio:    6.00 (Gate area) 
      Cumulative area ratio:    0.41
      Required ratio:    0.00 (Cumulative area) 

    Via: L1M1_PR
      Partial area ratio:    0.23
      Required ratio:    3.00 (Gate area) 
      Cumulative area ratio:    0.23
      Required ratio:    0.00 (Cumulative area) 

  Pin: _0728_/A1 (sky130_fd_sc_hd__mux2_1)
    Layer: met2
      Partial area ratio:   38.52
      Required ratio:    0.00 (Gate area) 
      Partial area ratio:  193.52
      Required ratio: 3312.80 (Side area) 
      Cumulative area ratio:  189.20
      Required ratio:    0.00 (Cumulative area) 
      Cumulative area ratio:  960.14
      Required ratio:    0.00 (Cumulative side area) 

    Layer: met1
      Partial area ratio:   10.56
      Required ratio:    0.00 (Gate area) 
      Partial area ratio:   55.11
      Required ratio:  400.00 (Side area) 
      Cumulative area ratio:   10.56
      Required ratio:    0.00 (Cumulative area) 
      Cumulative area ratio:   55.11
      Required ratio:    0.00 (Cumulative side area) 

    Layer: li1
      Partial area ratio:    0.00
      Required ratio:    0.00 (Gate area) 
      Partial area ratio:    0.00
      Required ratio:   75.00 (Side area) 
      Cumulative area ratio:    0.00
      Required ratio:    0.00 (Cumulative area) 
      Cumulative area ratio:    0.00
      Required ratio:    0.00 (Cumulative side area) 

    Via: M1M2_PR
      Partial area ratio:    0.18
      Required ratio:    6.00 (Gate area) 
      Cumulative area ratio:    0.41
      Required ratio:    0.00 (Cumulative area) 

    Via: L1M1_PR
      Partial area ratio:    0.23
      Required ratio:    3.00 (Gate area) 
      Cumulative area ratio:    0.23
      Required ratio:    0.00 (Cumulative area) 

  Pin: _0617_/A1 (sky130_fd_sc_hd__mux2_1)
    Layer: met2
      Partial area ratio:   38.52
      Required ratio:    0.00 (Gate area) 
      Partial area ratio:  193.52
      Required ratio: 3312.80 (Side area) 
      Cumulative area ratio:  199.24
      Required ratio:    0.00 (Cumulative area) 
      Cumulative area ratio: 1012.69
      Required ratio:    0.00 (Cumulative side area) 

    Layer: met1
      Partial area ratio:   10.04
      Required ratio:    0.00 (Gate area) 
      Partial area ratio:   52.56
      Required ratio:  400.00 (Side area) 
      Cumulative area ratio:   10.04
      Required ratio:    0.00 (Cumulative area) 
      Cumulative area ratio:   52.56
      Required ratio:    0.00 (Cumulative side area) 

    Layer: li1
      Partial area ratio:    0.00
      Required ratio:    0.00 (Gate area) 
      Partial area ratio:    0.00
      Required ratio:   75.00 (Side area) 
      Cumulative area ratio:    0.00
      Required ratio:    0.00 (Cumulative area) 
      Cumulative area ratio:    0.00
      Required ratio:    0.00 (Cumulative side area) 

    Via: M1M2_PR
      Partial area ratio:    0.18
      Required ratio:    6.00 (Gate area) 
      Cumulative area ratio:    0.41
      Required ratio:    0.00 (Cumulative area) 

    Via: L1M1_PR
      Partial area ratio:    0.23
      Required ratio:    3.00 (Gate area) 
      Cumulative area ratio:    0.23
      Required ratio:    0.00 (Cumulative area) 

  Pin: _0710_/A1 (sky130_fd_sc_hd__mux2_1)
    Layer: met2
      Partial area ratio:   38.52
      Required ratio:    0.00 (Gate area) 
      Partial area ratio:  193.52
      Required ratio: 3312.80 (Side area) 
      Cumulative area ratio:  189.20
      Required ratio:    0.00 (Cumulative area) 
      Cumulative area ratio:  960.14
      Required ratio:    0.00 (Cumulative side area) 

    Layer: met1
      Partial area ratio:    0.00
      Required ratio:    0.00 (Gate area) 
      Partial area ratio:    0.00
      Required ratio:  400.00 (Side area) 
      Cumulative area ratio:    0.00
      Required ratio:    0.00 (Cumulative area) 
      Cumulative area ratio:    0.00
      Required ratio:    0.00 (Cumulative side area) 

    Layer: li1
      Partial area ratio:    0.00
      Required ratio:    0.00 (Gate area) 
      Partial area ratio:    0.00
      Required ratio:   75.00 (Side area) 
      Cumulative area ratio:    0.00
      Required ratio:    0.00 (Cumulative area) 
      Cumulative area ratio:    0.00
      Required ratio:    0.00 (Cumulative side area) 

    Via: M1M2_PR
      Partial area ratio:    0.18
      Required ratio:    6.00 (Gate area) 
      Cumulative area ratio:    0.41
      Required ratio:    0.00 (Cumulative area) 

    Via: L1M1_PR
      Partial area ratio:    0.23
      Required ratio:    3.00 (Gate area) 
      Cumulative area ratio:    0.23
      Required ratio:    0.00 (Cumulative area) 

  Pin: _0781_/A1 (sky130_fd_sc_hd__mux2_1)
    Layer: met2
      Partial area ratio:   38.52
      Required ratio:    0.00 (Gate area) 
      Partial area ratio:  193.52
      Required ratio: 3312.80 (Side area) 
      Cumulative area ratio:  189.20
      Required ratio:    0.00 (Cumulative area) 
      Cumulative area ratio:  960.14
      Required ratio:    0.00 (Cumulative side area) 

    Layer: met1
      Partial area ratio:   10.56
      Required ratio:    0.00 (Gate area) 
      Partial area ratio:   55.11
      Required ratio:  400.00 (Side area) 
      Cumulative area ratio:   10.56
      Required ratio:    0.00 (Cumulative area) 
      Cumulative area ratio:   55.11
      Required ratio:    0.00 (Cumulative side area) 

    Layer: li1
      Partial area ratio:    0.00
      Required ratio:    0.00 (Gate area) 
      Partial area ratio:    0.00
      Required ratio:   75.00 (Side area) 
      Cumulative area ratio:    0.00
      Required ratio:    0.00 (Cumulative area) 
      Cumulative area ratio:    0.00
      Required ratio:    0.00 (Cumulative side area) 

    Via: M1M2_PR
      Partial area ratio:    0.18
      Required ratio:    6.00 (Gate area) 
      Cumulative area ratio:    0.41
      Required ratio:    0.00 (Cumulative area) 

    Via: L1M1_PR
      Partial area ratio:    0.23
      Required ratio:    3.00 (Gate area) 
      Cumulative area ratio:    0.23
      Required ratio:    0.00 (Cumulative area) 

  Pin: _0829_/A1 (sky130_fd_sc_hd__mux2_1)
    Layer: met2
      Partial area ratio:   38.52
      Required ratio:    0.00 (Gate area) 
      Partial area ratio:  193.52
      Required ratio: 3312.80 (Side area) 
      Cumulative area ratio:  178.64
      Required ratio:    0.00 (Cumulative area) 
      Cumulative area ratio:  905.02
      Required ratio:    0.00 (Cumulative side area) 

    Layer: met1
      Partial area ratio:    2.21
      Required ratio:    0.00 (Gate area) 
      Partial area ratio:   12.22
      Required ratio:  400.00 (Side area) 
      Cumulative area ratio:    2.21
      Required ratio:    0.00 (Cumulative area) 
      Cumulative area ratio:   12.22
      Required ratio:    0.00 (Cumulative side area) 

    Layer: li1
      Partial area ratio:    0.00
      Required ratio:    0.00 (Gate area) 
      Partial area ratio:    0.00
      Required ratio:   75.00 (Side area) 
      Cumulative area ratio:    0.00
      Required ratio:    0.00 (Cumulative area) 
      Cumulative area ratio:    0.00
      Required ratio:    0.00 (Cumulative side area) 

    Via: M1M2_PR
      Partial area ratio:    0.18
      Required ratio:    6.00 (Gate area) 
      Cumulative area ratio:    0.41
      Required ratio:    0.00 (Cumulative area) 

    Via: L1M1_PR
      Partial area ratio:    0.23
      Required ratio:    3.00 (Gate area) 
      Cumulative area ratio:    0.23
      Required ratio:    0.00 (Cumulative area) 

  Pin: _0900_/A1 (sky130_fd_sc_hd__mux2_1)
    Layer: met2
      Partial area ratio:   38.52
      Required ratio:    0.00 (Gate area) 
      Partial area ratio:  193.52
      Required ratio: 3312.80 (Side area) 
      Cumulative area ratio:  176.43
      Required ratio:    0.00 (Cumulative area) 
      Cumulative area ratio:  892.80
      Required ratio:    0.00 (Cumulative side area) 

    Layer: met1
      Partial area ratio:    4.93
      Required ratio:    0.00 (Gate area) 
      Partial area ratio:   27.00
      Required ratio:  400.00 (Side area) 
      Cumulative area ratio:    4.93
      Required ratio:    0.00 (Cumulative area) 
      Cumulative area ratio:   27.00
      Required ratio:    0.00 (Cumulative side area) 

    Layer: li1
      Partial area ratio:    0.00
      Required ratio:    0.00 (Gate area) 
      Partial area ratio:    0.00
      Required ratio:   75.00 (Side area) 
      Cumulative area ratio:    0.00
      Required ratio:    0.00 (Cumulative area) 
      Cumulative area ratio:    0.00
      Required ratio:    0.00 (Cumulative side area) 

    Via: M1M2_PR
      Partial area ratio:    0.18
      Required ratio:    6.00 (Gate area) 
      Cumulative area ratio:    0.41
      Required ratio:    0.00 (Cumulative area) 

    Via: L1M1_PR
      Partial area ratio:    0.23
      Required ratio:    3.00 (Gate area) 
      Cumulative area ratio:    0.23
      Required ratio:    0.00 (Cumulative area) 

  Pin: _0691_/A1 (sky130_fd_sc_hd__mux2_1)
    Layer: met2
      Partial area ratio:   38.52
      Required ratio:    0.00 (Gate area) 
      Partial area ratio:  193.52
      Required ratio: 3312.80 (Side area) 
      Cumulative area ratio:  171.50
      Required ratio:    0.00 (Cumulative area) 
      Cumulative area ratio:  865.80
      Required ratio:    0.00 (Cumulative side area) 

    Layer: met1
      Partial area ratio:    0.00
      Required ratio:    0.00 (Gate area) 
      Partial area ratio:    0.00
      Required ratio:  400.00 (Side area) 
      Cumulative area ratio:    0.00
      Required ratio:    0.00 (Cumulative area) 
      Cumulative area ratio:    0.00
      Required ratio:    0.00 (Cumulative side area) 

    Layer: li1
      Partial area ratio:    0.00
      Required ratio:    0.00 (Gate area) 
      Partial area ratio:    0.00
      Required ratio:   75.00 (Side area) 
      Cumulative area ratio:    0.00
      Required ratio:    0.00 (Cumulative area) 
      Cumulative area ratio:    0.00
      Required ratio:    0.00 (Cumulative side area) 

    Via: M1M2_PR
      Partial area ratio:    0.18
      Required ratio:    6.00 (Gate area) 
      Cumulative area ratio:    0.41
      Required ratio:    0.00 (Cumulative area) 

    Via: L1M1_PR
      Partial area ratio:    0.23
      Required ratio:    3.00 (Gate area) 
      Cumulative area ratio:    0.23
      Required ratio:    0.00 (Cumulative area) 

  Pin: _0671_/A1 (sky130_fd_sc_hd__mux2_1)
    Layer: met2
      Partial area ratio:   38.52
      Required ratio:    0.00 (Gate area) 
      Partial area ratio:  193.52
      Required ratio: 3312.80 (Side area) 
      Cumulative area ratio:  171.50
      Required ratio:    0.00 (Cumulative area) 
      Cumulative area ratio:  865.80
      Required ratio:    0.00 (Cumulative side area) 

    Layer: met1
      Partial area ratio:    4.27
      Required ratio:    0.00 (Gate area) 
      Partial area ratio:   22.89
      Required ratio:  400.00 (Side area) 
      Cumulative area ratio:    4.27
      Required ratio:    0.00 (Cumulative area) 
      Cumulative area ratio:   22.89
      Required ratio:    0.00 (Cumulative side area) 

    Layer: li1
      Partial area ratio:    0.00
      Required ratio:    0.00 (Gate area) 
      Partial area ratio:    0.00
      Required ratio:   75.00 (Side area) 
      Cumulative area ratio:    0.00
      Required ratio:    0.00 (Cumulative area) 
      Cumulative area ratio:    0.00
      Required ratio:    0.00 (Cumulative side area) 

    Via: M1M2_PR
      Partial area ratio:    0.36
      Required ratio:    6.00 (Gate area) 
      Cumulative area ratio:    0.59
      Required ratio:    0.00 (Cumulative area) 

    Via: L1M1_PR
      Partial area ratio:    0.23
      Required ratio:    3.00 (Gate area) 
      Cumulative area ratio:    0.23
      Required ratio:    0.00 (Cumulative area) 

  Pin: _0598_/A1 (sky130_fd_sc_hd__mux2_1)
    Layer: met2
      Partial area ratio:   38.52
      Required ratio:    0.00 (Gate area) 
      Partial area ratio:  193.52
      Required ratio: 3312.80 (Side area) 
      Cumulative area ratio:  167.23
      Required ratio:    0.00 (Cumulative area) 
      Cumulative area ratio:  842.91
      Required ratio:    0.00 (Cumulative side area) 

    Layer: met1
      Partial area ratio:    8.60
      Required ratio:    0.00 (Gate area) 
      Partial area ratio:   44.17
      Required ratio:  400.00 (Side area) 
      Cumulative area ratio:    8.60
      Required ratio:    0.00 (Cumulative area) 
      Cumulative area ratio:   44.17
      Required ratio:    0.00 (Cumulative side area) 

    Layer: li1
      Partial area ratio:    0.00
      Required ratio:    0.00 (Gate area) 
      Partial area ratio:    0.00
      Required ratio:   75.00 (Side area) 
      Cumulative area ratio:    0.00
      Required ratio:    0.00 (Cumulative area) 
      Cumulative area ratio:    0.00
      Required ratio:    0.00 (Cumulative side area) 

    Via: M1M2_PR
      Partial area ratio:    0.18
      Required ratio:    6.00 (Gate area) 
      Cumulative area ratio:    0.41
      Required ratio:    0.00 (Cumulative area) 

    Via: L1M1_PR
      Partial area ratio:    0.23
      Required ratio:    3.00 (Gate area) 
      Cumulative area ratio:    0.23
      Required ratio:    0.00 (Cumulative area) 

  Pin: _0653_/A1 (sky130_fd_sc_hd__mux2_1)
    Layer: met2
      Partial area ratio:   38.52
      Required ratio:    0.00 (Gate area) 
      Partial area ratio:  193.52
      Required ratio: 3312.80 (Side area) 
      Cumulative area ratio:  167.23
      Required ratio:    0.00 (Cumulative area) 
      Cumulative area ratio:  842.91
      Required ratio:    0.00 (Cumulative side area) 

    Layer: met1
      Partial area ratio:    8.60
      Required ratio:    0.00 (Gate area) 
      Partial area ratio:   44.17
      Required ratio:  400.00 (Side area) 
      Cumulative area ratio:    8.60
      Required ratio:    0.00 (Cumulative area) 
      Cumulative area ratio:   44.17
      Required ratio:    0.00 (Cumulative side area) 

    Layer: li1
      Partial area ratio:    0.00
      Required ratio:    0.00 (Gate area) 
      Partial area ratio:    0.00
      Required ratio:   75.00 (Side area) 
      Cumulative area ratio:    0.00
      Required ratio:    0.00 (Cumulative area) 
      Cumulative area ratio:    0.00
      Required ratio:    0.00 (Cumulative side area) 

    Via: M1M2_PR
      Partial area ratio:    0.18
      Required ratio:    6.00 (Gate area) 
      Cumulative area ratio:    0.41
      Required ratio:    0.00 (Cumulative area) 

    Via: L1M1_PR
      Partial area ratio:    0.23
      Required ratio:    3.00 (Gate area) 
      Cumulative area ratio:    0.23
      Required ratio:    0.00 (Cumulative area) 


Net: net12
  Pin: fanout28/A (sky130_fd_sc_hd__clkbuf_8)
    Layer: met2
      Partial area ratio:   60.96
      Required ratio:    0.00 (Gate area) 
      Partial area ratio:  305.11
      Required ratio: 3134.60 (Side area) 
      Cumulative area ratio:  174.60
      Required ratio:    0.00 (Cumulative area) 
      Cumulative area ratio:  874.48
      Required ratio:    0.00 (Cumulative side area) 

    Layer: met1
      Partial area ratio:  113.64
      Required ratio:    0.00 (Gate area) 
      Partial area ratio:  569.37
      Required ratio:  400.00 (Side area) (VIOLATED)
      Cumulative area ratio:  113.64
      Required ratio:    0.00 (Cumulative area) 
      Cumulative area ratio:  569.37
      Required ratio:    0.00 (Cumulative side area) 

    Layer: li1
      Partial area ratio:    0.00
      Required ratio:    0.00 (Gate area) 
      Partial area ratio:    0.00
      Required ratio:   75.00 (Side area) 
      Cumulative area ratio:    0.00
      Required ratio:    0.00 (Cumulative area) 
      Cumulative area ratio:    0.00
      Required ratio:    0.00 (Cumulative side area) 

    Via: M1M2_PR
      Partial area ratio:    0.11
      Required ratio:    6.00 (Gate area) 
      Cumulative area ratio:    0.17
      Required ratio:    0.00 (Cumulative area) 

    Via: L1M1_PR
      Partial area ratio:    0.07
      Required ratio:    3.00 (Gate area) 
      Cumulative area ratio:    0.07
      Required ratio:    0.00 (Cumulative area) 

  Pin: _1050_/RESET_B (sky130_fd_sc_hd__dfrtp_1)
    Layer: met2
      Partial area ratio:   60.96
      Required ratio:    0.00 (Gate area) 
      Partial area ratio:  305.11
      Required ratio: 3134.60 (Side area) 
      Cumulative area ratio:  175.19
      Required ratio:    0.00 (Cumulative area) 
      Cumulative area ratio:  877.81
      Required ratio:    0.00 (Cumulative side area) 

    Layer: met1
      Partial area ratio:    0.59
      Required ratio:    0.00 (Gate area) 
      Partial area ratio:    3.33
      Required ratio:  400.00 (Side area) 
      Cumulative area ratio:    0.59
      Required ratio:    0.00 (Cumulative area) 
      Cumulative area ratio:    3.33
      Required ratio:    0.00 (Cumulative side area) 

    Via: M1M2_PR
      Partial area ratio:    0.09
      Required ratio:    6.00 (Gate area) 
      Cumulative area ratio:    0.09
      Required ratio:    0.00 (Cumulative area) 

  Pin: _1049_/RESET_B (sky130_fd_sc_hd__dfrtp_2)
    Layer: met2
      Partial area ratio:   60.96
      Required ratio:    0.00 (Gate area) 
      Partial area ratio:  305.11
      Required ratio: 3134.60 (Side area) 
      Cumulative area ratio:  187.23
      Required ratio:    0.00 (Cumulative area) 
      Cumulative area ratio:  939.20
      Required ratio:    0.00 (Cumulative side area) 

    Layer: met1
      Partial area ratio:    0.00
      Required ratio:    0.00 (Gate area) 
      Partial area ratio:    0.00
      Required ratio:  400.00 (Side area) 
      Cumulative area ratio:    0.00
      Required ratio:    0.00 (Cumulative area) 
      Cumulative area ratio:    0.00
      Required ratio:    0.00 (Cumulative side area) 

    Via: M1M2_PR
      Partial area ratio:    0.09
      Required ratio:    6.00 (Gate area) 
      Cumulative area ratio:    0.09
      Required ratio:    0.00 (Cumulative area) 

  Pin: _1048_/RESET_B (sky130_fd_sc_hd__dfrtp_1)
    Layer: met2
      Partial area ratio:   60.96
      Required ratio:    0.00 (Gate area) 
      Partial area ratio:  305.11
      Required ratio: 3134.60 (Side area) 
      Cumulative area ratio:  187.23
      Required ratio:    0.00 (Cumulative area) 
      Cumulative area ratio:  939.20
      Required ratio:    0.00 (Cumulative side area) 

    Layer: met1
      Partial area ratio:   12.63
      Required ratio:    0.00 (Gate area) 
      Partial area ratio:   64.72
      Required ratio:  400.00 (Side area) 
      Cumulative area ratio:   12.63
      Required ratio:    0.00 (Cumulative area) 
      Cumulative area ratio:   64.72
      Required ratio:    0.00 (Cumulative side area) 

    Via: M1M2_PR
      Partial area ratio:    0.18
      Required ratio:    6.00 (Gate area) 
      Cumulative area ratio:    0.18
      Required ratio:    0.00 (Cumulative area) 


Net: net16
  Pin: _0521_/A1 (sky130_fd_sc_hd__mux2_1)
    Layer: met2
      Partial area ratio:  126.79
      Required ratio:    0.00 (Gate area) 
      Partial area ratio:  635.12
      Required ratio: 2956.40 (Side area) 
      Cumulative area ratio:  127.46
      Required ratio:    0.00 (Cumulative area) 
      Cumulative area ratio:  639.23
      Required ratio:    0.00 (Cumulative side area) 

    Layer: met1
      Partial area ratio:    0.67
      Required ratio:    0.00 (Gate area) 
      Partial area ratio:    4.11
      Required ratio:  400.00 (Side area) 
      Cumulative area ratio:    0.67
      Required ratio:    0.00 (Cumulative area) 
      Cumulative area ratio:    4.11
      Required ratio:    0.00 (Cumulative side area) 

    Layer: li1
      Partial area ratio:    0.00
      Required ratio:    0.00 (Gate area) 
      Partial area ratio:    0.00
      Required ratio:   75.00 (Side area) 
      Cumulative area ratio:    0.00
      Required ratio:    0.00 (Cumulative area) 
      Cumulative area ratio:    0.00
      Required ratio:    0.00 (Cumulative side area) 

    Via: M1M2_PR
      Partial area ratio:    0.18
      Required ratio:    6.00 (Gate area) 
      Cumulative area ratio:    0.41
      Required ratio:    0.00 (Cumulative area) 

    Via: L1M1_PR
      Partial area ratio:    0.23
      Required ratio:    3.00 (Gate area) 
      Cumulative area ratio:    0.23
      Required ratio:    0.00 (Cumulative area) 

  Pin: output16/A (sky130_fd_sc_hd__clkbuf_4)
    Layer: met2
      Partial area ratio:  126.79
      Required ratio:    0.00 (Gate area) 
      Partial area ratio:  635.12
      Required ratio: 2956.40 (Side area) 
      Cumulative area ratio:  449.79
      Required ratio:    0.00 (Cumulative area) 
      Cumulative area ratio: 2250.58
      Required ratio:    0.00 (Cumulative side area) 

    Layer: met1
      Partial area ratio:  323.00
      Required ratio:    0.00 (Gate area) 
      Partial area ratio: 1615.46
      Required ratio:  400.00 (Side area) (VIOLATED)
      Cumulative area ratio:  323.00
      Required ratio:    0.00 (Cumulative area) 
      Cumulative area ratio: 1615.46
      Required ratio:    0.00 (Cumulative side area) 

    Layer: li1
      Partial area ratio:    0.00
      Required ratio:    0.00 (Gate area) 
      Partial area ratio:    0.00
      Required ratio:   75.00 (Side area) 
      Cumulative area ratio:    0.00
      Required ratio:    0.00 (Cumulative area) 
      Cumulative area ratio:    0.00
      Required ratio:    0.00 (Cumulative side area) 

    Via: M1M2_PR
      Partial area ratio:    0.11
      Required ratio:    6.00 (Gate area) 
      Cumulative area ratio:    0.24
      Required ratio:    0.00 (Cumulative area) 

    Via: L1M1_PR
      Partial area ratio:    0.14
      Required ratio:    3.00 (Gate area) 
      Cumulative area ratio:    0.14
      Required ratio:    0.00 (Cumulative area) 


Net: net22
  Pin: output22/A (sky130_fd_sc_hd__clkbuf_4)
    Layer: met2
      Partial area ratio:  110.06
      Required ratio:    0.00 (Gate area) 
      Partial area ratio:  550.87
      Required ratio: 2956.40 (Side area) 
      Cumulative area ratio:  342.66
      Required ratio:    0.00 (Cumulative area) 
      Cumulative area ratio: 1714.32
      Required ratio:    0.00 (Cumulative side area) 

    Layer: met1
      Partial area ratio:  232.60
      Required ratio:    0.00 (Gate area) 
      Partial area ratio: 1163.45
      Required ratio:  400.00 (Side area) (VIOLATED)
      Cumulative area ratio:  232.60
      Required ratio:    0.00 (Cumulative area) 
      Cumulative area ratio: 1163.45
      Required ratio:    0.00 (Cumulative side area) 

    Layer: li1
      Partial area ratio:    0.00
      Required ratio:    0.00 (Gate area) 
      Partial area ratio:    0.00
      Required ratio:   75.00 (Side area) 
      Cumulative area ratio:    0.00
      Required ratio:    0.00 (Cumulative area) 
      Cumulative area ratio:    0.00
      Required ratio:    0.00 (Cumulative side area) 

    Via: M1M2_PR
      Partial area ratio:    0.11
      Required ratio:    6.00 (Gate area) 
      Cumulative area ratio:    0.24
      Required ratio:    0.00 (Cumulative area) 

    Via: L1M1_PR
      Partial area ratio:    0.14
      Required ratio:    3.00 (Gate area) 
      Cumulative area ratio:    0.14
      Required ratio:    0.00 (Cumulative area) 

  Pin: _0575_/A1 (sky130_fd_sc_hd__mux2_1)
    Layer: met2
      Partial area ratio:  110.06
      Required ratio:    0.00 (Gate area) 
      Partial area ratio:  550.87
      Required ratio: 2956.40 (Side area) 
      Cumulative area ratio:  117.37
      Required ratio:    0.00 (Cumulative area) 
      Cumulative area ratio:  588.21
      Required ratio:    0.00 (Cumulative side area) 

    Layer: met1
      Partial area ratio:    7.31
      Required ratio:    0.00 (Gate area) 
      Partial area ratio:   37.33
      Required ratio:  400.00 (Side area) 
      Cumulative area ratio:    7.31
      Required ratio:    0.00 (Cumulative area) 
      Cumulative area ratio:   37.33
      Required ratio:    0.00 (Cumulative side area) 

    Layer: li1
      Partial area ratio:    0.00
      Required ratio:    0.00 (Gate area) 
      Partial area ratio:    0.00
      Required ratio:   75.00 (Side area) 
      Cumulative area ratio:    0.00
      Required ratio:    0.00 (Cumulative area) 
      Cumulative area ratio:    0.00
      Required ratio:    0.00 (Cumulative side area) 

    Via: M1M2_PR
      Partial area ratio:    0.18
      Required ratio:    6.00 (Gate area) 
      Cumulative area ratio:    0.41
      Required ratio:    0.00 (Cumulative area) 

    Via: L1M1_PR
      Partial area ratio:    0.23
      Required ratio:    3.00 (Gate area) 
      Cumulative area ratio:    0.23
      Required ratio:    0.00 (Cumulative area) 


Net: net30
  Pin: _1058_/CLK (sky130_fd_sc_hd__dfrtp_1)
    Layer: met2
      Partial area ratio:    9.57
      Required ratio:    0.00 (Gate area) 
      Partial area ratio:   48.60
      Required ratio: 2956.40 (Side area) 
      Cumulative area ratio:   17.41
      Required ratio:    0.00 (Cumulative area) 
      Cumulative area ratio:   89.02
      Required ratio:    0.00 (Cumulative side area) 

    Layer: met1
      Partial area ratio:    7.84
      Required ratio:    0.00 (Gate area) 
      Partial area ratio:   40.42
      Required ratio:  400.00 (Side area) 
      Cumulative area ratio:    7.84
      Required ratio:    0.00 (Cumulative area) 
      Cumulative area ratio:   40.42
      Required ratio:    0.00 (Cumulative side area) 

    Layer: li1
      Partial area ratio:    0.00
      Required ratio:    0.00 (Gate area) 
      Partial area ratio:    0.00
      Required ratio:   75.00 (Side area) 
      Cumulative area ratio:    0.00
      Required ratio:    0.00 (Cumulative area) 
      Cumulative area ratio:    0.00
      Required ratio:    0.00 (Cumulative side area) 

    Via: M1M2_PR
      Partial area ratio:    0.14
      Required ratio:    6.00 (Gate area) 
      Cumulative area ratio:    0.32
      Required ratio:    0.00 (Cumulative area) 

    Via: L1M1_PR
      Partial area ratio:    0.18
      Required ratio:    3.00 (Gate area) 
      Cumulative area ratio:    0.18
      Required ratio:    0.00 (Cumulative area) 

  Pin: fanout29/A (sky130_fd_sc_hd__buf_4)
    Layer: met2
      Partial area ratio:    9.57
      Required ratio:    0.00 (Gate area) 
      Partial area ratio:   48.60
      Required ratio: 2956.40 (Side area) 
      Cumulative area ratio:    9.91
      Required ratio:    0.00 (Cumulative area) 
      Cumulative area ratio:   50.69
      Required ratio:    0.00 (Cumulative side area) 

    Layer: met1
      Partial area ratio:    0.34
      Required ratio:    0.00 (Gate area) 
      Partial area ratio:    2.09
      Required ratio:  400.00 (Side area) 
      Cumulative area ratio:    0.34
      Required ratio:    0.00 (Cumulative area) 
      Cumulative area ratio:    2.09
      Required ratio:    0.00 (Cumulative side area) 

    Layer: li1
      Partial area ratio:    0.00
      Required ratio:    0.00 (Gate area) 
      Partial area ratio:    0.00
      Required ratio:   75.00 (Side area) 
      Cumulative area ratio:    0.00
      Required ratio:    0.00 (Cumulative area) 
      Cumulative area ratio:    0.00
      Required ratio:    0.00 (Cumulative side area) 

    Via: M1M2_PR
      Partial area ratio:    0.09
      Required ratio:    6.00 (Gate area) 
      Cumulative area ratio:    0.21
      Required ratio:    0.00 (Cumulative area) 

    Via: L1M1_PR
      Partial area ratio:    0.12
      Required ratio:    3.00 (Gate area) 
      Cumulative area ratio:    0.12
      Required ratio:    0.00 (Cumulative area) 

  Pin: _1059_/CLK (sky130_fd_sc_hd__dfrtp_4)
    Layer: met1
      Partial area ratio:    0.00
      Required ratio:    0.00 (Gate area) 
      Partial area ratio:    0.00
      Required ratio:  400.00 (Side area) 
      Cumulative area ratio:    0.00
      Required ratio:    0.00 (Cumulative area) 
      Cumulative area ratio:    0.00
      Required ratio:    0.00 (Cumulative side area) 

    Layer: li1
      Partial area ratio:    0.00
      Required ratio:    0.00 (Gate area) 
      Partial area ratio:    0.00
      Required ratio:   75.00 (Side area) 
      Cumulative area ratio:    0.00
      Required ratio:    0.00 (Cumulative area) 
      Cumulative area ratio:    0.00
      Required ratio:    0.00 (Cumulative side area) 

    Via: M1M2_PR
      Partial area ratio:    0.14
      Required ratio:    6.00 (Gate area) 
      Cumulative area ratio:    0.32
      Required ratio:    0.00 (Cumulative area) 

    Via: L1M1_PR
      Partial area ratio:    0.18
      Required ratio:    3.00 (Gate area) 
      Cumulative area ratio:    0.18
      Required ratio:    0.00 (Cumulative area) 

  Pin: _1057_/CLK (sky130_fd_sc_hd__dfrtp_1)
    Layer: met1
      Partial area ratio:  107.67
      Required ratio:    0.00 (Gate area) 
      Partial area ratio:  542.65
      Required ratio:  400.00 (Side area) (VIOLATED)
      Cumulative area ratio:  107.67
      Required ratio:    0.00 (Cumulative area) 
      Cumulative area ratio:  542.65
      Required ratio:    0.00 (Cumulative side area) 

    Layer: li1
      Partial area ratio:    0.00
      Required ratio:    0.00 (Gate area) 
      Partial area ratio:    0.00
      Required ratio:   75.00 (Side area) 
      Cumulative area ratio:    0.00
      Required ratio:    0.00 (Cumulative area) 
      Cumulative area ratio:    0.00
      Required ratio:    0.00 (Cumulative side area) 

    Via: M1M2_PR
      Partial area ratio:    0.42
      Required ratio:    6.00 (Gate area) 
      Cumulative area ratio:    0.61
      Required ratio:    0.00 (Cumulative area) 

    Via: L1M1_PR
      Partial area ratio:    0.18
      Required ratio:    3.00 (Gate area) 
      Cumulative area ratio:    0.18
      Required ratio:    0.00 (Cumulative area) 

  Pin: _1053_/CLK (sky130_fd_sc_hd__dfrtp_2)
    Layer: met1
      Partial area ratio:    1.36
      Required ratio:    0.00 (Gate area) 
      Partial area ratio:    8.01
      Required ratio:  400.00 (Side area) 
      Cumulative area ratio:    1.36
      Required ratio:    0.00 (Cumulative area) 
      Cumulative area ratio:    8.01
      Required ratio:    0.00 (Cumulative side area) 

    Layer: li1
      Partial area ratio:    0.00
      Required ratio:    0.00 (Gate area) 
      Partial area ratio:    0.00
      Required ratio:   75.00 (Side area) 
      Cumulative area ratio:    0.00
      Required ratio:    0.00 (Cumulative area) 
      Cumulative area ratio:    0.00
      Required ratio:    0.00 (Cumulative side area) 

    Via: M1M2_PR
      Partial area ratio:    0.14
      Required ratio:    6.00 (Gate area) 
      Cumulative area ratio:    0.32
      Required ratio:    0.00 (Cumulative area) 

    Via: L1M1_PR
      Partial area ratio:    0.18
      Required ratio:    3.00 (Gate area) 
      Cumulative area ratio:    0.18
      Required ratio:    0.00 (Cumulative area) 

  Pin: _1054_/CLK (sky130_fd_sc_hd__dfrtp_1)
    Layer: met1
      Partial area ratio:    1.34
      Required ratio:    0.00 (Gate area) 
      Partial area ratio:    7.31
      Required ratio:  400.00 (Side area) 
      Cumulative area ratio:    1.34
      Required ratio:    0.00 (Cumulative area) 
      Cumulative area ratio:    7.31
      Required ratio:    0.00 (Cumulative side area) 

    Layer: li1
      Partial area ratio:    0.00
      Required ratio:    0.00 (Gate area) 
      Partial area ratio:    0.00
      Required ratio:   75.00 (Side area) 
      Cumulative area ratio:    0.00
      Required ratio:    0.00 (Cumulative area) 
      Cumulative area ratio:    0.00
      Required ratio:    0.00 (Cumulative side area) 

    Via: M1M2_PR
      Partial area ratio:    0.14
      Required ratio:    6.00 (Gate area) 
      Cumulative area ratio:    0.32
      Required ratio:    0.00 (Cumulative area) 

    Via: L1M1_PR
      Partial area ratio:    0.18
      Required ratio:    3.00 (Gate area) 
      Cumulative area ratio:    0.18
      Required ratio:    0.00 (Cumulative area) 

  Pin: _0915_/CLK (sky130_fd_sc_hd__dfxtp_4)
    Layer: met1
      Partial area ratio:    4.17
      Required ratio:    0.00 (Gate area) 
      Partial area ratio:   21.48
      Required ratio:  400.00 (Side area) 
      Cumulative area ratio:    4.17
      Required ratio:    0.00 (Cumulative area) 
      Cumulative area ratio:   21.48
      Required ratio:    0.00 (Cumulative side area) 

    Layer: li1
      Partial area ratio:    0.00
      Required ratio:    0.00 (Gate area) 
      Partial area ratio:    0.00
      Required ratio:   75.00 (Side area) 
      Cumulative area ratio:    0.00
      Required ratio:    0.00 (Cumulative area) 
      Cumulative area ratio:    0.00
      Required ratio:    0.00 (Cumulative side area) 

    Via: M1M2_PR
      Partial area ratio:    0.28
      Required ratio:    6.00 (Gate area) 
      Cumulative area ratio:    0.46
      Required ratio:    0.00 (Cumulative area) 

    Via: L1M1_PR
      Partial area ratio:    0.18
      Required ratio:    3.00 (Gate area) 
      Cumulative area ratio:    0.18
      Required ratio:    0.00 (Cumulative area) 

  Pin: _0916_/CLK (sky130_fd_sc_hd__dfxtp_4)
    Layer: met1
      Partial area ratio:    0.00
      Required ratio:    0.00 (Gate area) 
      Partial area ratio:    0.00
      Required ratio:  400.00 (Side area) 
      Cumulative area ratio:    0.00
      Required ratio:    0.00 (Cumulative area) 
      Cumulative area ratio:    0.00
      Required ratio:    0.00 (Cumulative side area) 

    Layer: li1
      Partial area ratio:    0.00
      Required ratio:    0.00 (Gate area) 
      Partial area ratio:    0.00
      Required ratio:   75.00 (Side area) 
      Cumulative area ratio:    0.00
      Required ratio:    0.00 (Cumulative area) 
      Cumulative area ratio:    0.00
      Required ratio:    0.00 (Cumulative side area) 

    Via: M1M2_PR
      Partial area ratio:    0.14
      Required ratio:    6.00 (Gate area) 
      Cumulative area ratio:    0.32
      Required ratio:    0.00 (Cumulative area) 

    Via: L1M1_PR
      Partial area ratio:    0.18
      Required ratio:    3.00 (Gate area) 
      Cumulative area ratio:    0.18
      Required ratio:    0.00 (Cumulative area) 

  Pin: _0921_/CLK (sky130_fd_sc_hd__dfxtp_4)
    Layer: met1
      Partial area ratio:    0.00
      Required ratio:    0.00 (Gate area) 
      Partial area ratio:    0.00
      Required ratio:  400.00 (Side area) 
      Cumulative area ratio:    0.00
      Required ratio:    0.00 (Cumulative area) 
      Cumulative area ratio:    0.00
      Required ratio:    0.00 (Cumulative side area) 

    Layer: li1
      Partial area ratio:    0.00
      Required ratio:    0.00 (Gate area) 
      Partial area ratio:    0.00
      Required ratio:   75.00 (Side area) 
      Cumulative area ratio:    0.00
      Required ratio:    0.00 (Cumulative area) 
      Cumulative area ratio:    0.00
      Required ratio:    0.00 (Cumulative side area) 

    Via: M1M2_PR
      Partial area ratio:    0.14
      Required ratio:    6.00 (Gate area) 
      Cumulative area ratio:    0.32
      Required ratio:    0.00 (Cumulative area) 

    Via: L1M1_PR
      Partial area ratio:    0.18
      Required ratio:    3.00 (Gate area) 
      Cumulative area ratio:    0.18
      Required ratio:    0.00 (Cumulative area) 

  Pin: _0918_/CLK (sky130_fd_sc_hd__dfxtp_4)
    Layer: met1
      Partial area ratio:    0.93
      Required ratio:    0.00 (Gate area) 
      Partial area ratio:    5.28
      Required ratio:  400.00 (Side area) 
      Cumulative area ratio:    0.93
      Required ratio:    0.00 (Cumulative area) 
      Cumulative area ratio:    5.28
      Required ratio:    0.00 (Cumulative side area) 

    Layer: li1
      Partial area ratio:    0.00
      Required ratio:    0.00 (Gate area) 
      Partial area ratio:    0.00
      Required ratio:   75.00 (Side area) 
      Cumulative area ratio:    0.00
      Required ratio:    0.00 (Cumulative area) 
      Cumulative area ratio:    0.00
      Required ratio:    0.00 (Cumulative side area) 

    Via: M1M2_PR
      Partial area ratio:    0.14
      Required ratio:    6.00 (Gate area) 
      Cumulative area ratio:    0.32
      Required ratio:    0.00 (Cumulative area) 

    Via: L1M1_PR
      Partial area ratio:    0.18
      Required ratio:    3.00 (Gate area) 
      Cumulative area ratio:    0.18
      Required ratio:    0.00 (Cumulative area) 

  Pin: _0914_/CLK (sky130_fd_sc_hd__dfxtp_4)
    Layer: met1
      Partial area ratio:    0.00
      Required ratio:    0.00 (Gate area) 
      Partial area ratio:    0.00
      Required ratio:  400.00 (Side area) 
      Cumulative area ratio:    0.00
      Required ratio:    0.00 (Cumulative area) 
      Cumulative area ratio:    0.00
      Required ratio:    0.00 (Cumulative side area) 

    Layer: li1
      Partial area ratio:    0.00
      Required ratio:    0.00 (Gate area) 
      Partial area ratio:    0.00
      Required ratio:   75.00 (Side area) 
      Cumulative area ratio:    0.00
      Required ratio:    0.00 (Cumulative area) 
      Cumulative area ratio:    0.00
      Required ratio:    0.00 (Cumulative side area) 

    Via: M1M2_PR
      Partial area ratio:    0.14
      Required ratio:    6.00 (Gate area) 
      Cumulative area ratio:    0.32
      Required ratio:    0.00 (Cumulative area) 

    Via: L1M1_PR
      Partial area ratio:    0.18
      Required ratio:    3.00 (Gate area) 
      Cumulative area ratio:    0.18
      Required ratio:    0.00 (Cumulative area) 

  Pin: _0917_/CLK (sky130_fd_sc_hd__dfxtp_4)
    Layer: met1
      Partial area ratio:    2.96
      Required ratio:    0.00 (Gate area) 
      Partial area ratio:   15.41
      Required ratio:  400.00 (Side area) 
      Cumulative area ratio:    2.96
      Required ratio:    0.00 (Cumulative area) 
      Cumulative area ratio:   15.41
      Required ratio:    0.00 (Cumulative side area) 

    Layer: li1
      Partial area ratio:    0.00
      Required ratio:    0.00 (Gate area) 
      Partial area ratio:    0.00
      Required ratio:   75.00 (Side area) 
      Cumulative area ratio:    0.00
      Required ratio:    0.00 (Cumulative area) 
      Cumulative area ratio:    0.00
      Required ratio:    0.00 (Cumulative side area) 

    Via: M1M2_PR
      Partial area ratio:    0.14
      Required ratio:    6.00 (Gate area) 
      Cumulative area ratio:    0.32
      Required ratio:    0.00 (Cumulative area) 

    Via: L1M1_PR
      Partial area ratio:    0.18
      Required ratio:    3.00 (Gate area) 
      Cumulative area ratio:    0.18
      Required ratio:    0.00 (Cumulative area) 


[INFO ANT-0002] Found 9 net violations.
[INFO ANT-0001] Found 10 pin violations.
