OpenROAD 41a51eaf4ca2171c92ff38afb91eb37bbd3f36da 
This program is licensed under the BSD-3 license. See the LICENSE file for details.
Components of this program may be licensed under more restrictive licenses which must be honored.
[INFO]: Reading ODB at '/openlane/designs/AsynFifo/runs/last_ru1n/results/routing/AsynFifo.odb'…
define_corners Typical
read_liberty -corner Typical /home/nguyenson99/.ciel/sky130A/libs.ref/sky130_fd_sc_hd/lib/sky130_fd_sc_hd__tt_025C_1v80.lib
Using 1e-12 for capacitance...
Using 1e+03 for resistance...
Using 1e-09 for time...
Using 1e+00 for voltage...
Using 1e-03 for current...
Using 1e-09 for power...
Using 1e-06 for distance...
Reading design constraints file at '/openlane/designs/AsynFifo/runs/last_ru1n/tmp/17-AsynFifo.sdc'…
Net: _0268_
  Pin: _0584_/A0 (sky130_fd_sc_hd__mux2_1)
    Layer: met2
      Partial area ratio:    4.47
      Required ratio:    0.00 (Gate area) 
      Partial area ratio:   23.89
      Required ratio: 2771.60 (Side area) 
      Cumulative area ratio:   89.71
      Required ratio:    0.00 (Cumulative area) 
      Cumulative area ratio:  454.78
      Required ratio:    0.00 (Cumulative side area) 

    Layer: met1
      Partial area ratio:   85.24
      Required ratio:    0.00 (Gate area) 
      Partial area ratio:  430.89
      Required ratio:  400.00 (Side area) (VIOLATED)
      Cumulative area ratio:   85.24
      Required ratio:    0.00 (Cumulative area) 
      Cumulative area ratio:  430.89
      Required ratio:    0.00 (Cumulative side area) 

    Layer: li1
      Partial area ratio:    0.00
      Required ratio:    0.00 (Gate area) 
      Partial area ratio:    0.00
      Required ratio:   75.00 (Side area) 
      Cumulative area ratio:    0.00
      Required ratio:    0.00 (Cumulative area) 
      Cumulative area ratio:    0.00
      Required ratio:    0.00 (Cumulative side area) 

    Via: M1M2_PR
      Partial area ratio:    0.18
      Required ratio:    6.00 (Gate area) 
      Cumulative area ratio:    0.41
      Required ratio:    0.00 (Cumulative area) 

    Via: L1M1_PR
      Partial area ratio:    0.23
      Required ratio:    3.00 (Gate area) 
      Cumulative area ratio:    0.23
      Required ratio:    0.00 (Cumulative area) 


Net: net4
  Pin: _0490_/A1 (sky130_fd_sc_hd__mux2_1)
    Layer: met2
      Partial area ratio:   13.76
      Required ratio:    0.00 (Gate area) 
      Partial area ratio:   69.74
      Required ratio: 3236.16 (Side area) 
      Cumulative area ratio:  145.01
      Required ratio:    0.00 (Cumulative area) 
      Cumulative area ratio:  730.62
      Required ratio:    0.00 (Cumulative side area) 

    Layer: met1
      Partial area ratio:  131.24
      Required ratio:    0.00 (Gate area) 
      Partial area ratio:  660.89
      Required ratio:  400.00 (Side area) (VIOLATED)
      Cumulative area ratio:  131.24
      Required ratio:    0.00 (Cumulative area) 
      Cumulative area ratio:  660.89
      Required ratio:    0.00 (Cumulative side area) 

    Layer: li1
      Partial area ratio:    0.00
      Required ratio:    0.00 (Gate area) 
      Partial area ratio:    0.00
      Required ratio:   75.00 (Side area) 
      Cumulative area ratio:    0.00
      Required ratio:    0.00 (Cumulative area) 
      Cumulative area ratio:    0.00
      Required ratio:    0.00 (Cumulative side area) 

    Via: M1M2_PR
      Partial area ratio:    0.54
      Required ratio:    6.00 (Gate area) 
      Cumulative area ratio:    0.77
      Required ratio:    0.00 (Cumulative area) 

    Via: L1M1_PR
      Partial area ratio:    0.23
      Required ratio:    3.00 (Gate area) 
      Cumulative area ratio:    0.23
      Required ratio:    0.00 (Cumulative area) 

  Pin: _0789_/A1 (sky130_fd_sc_hd__mux2_1)
    Layer: met2
      Partial area ratio:   13.76
      Required ratio:    0.00 (Gate area) 
      Partial area ratio:   69.74
      Required ratio: 3236.16 (Side area) 
      Cumulative area ratio:  156.56
      Required ratio:    0.00 (Cumulative area) 
      Cumulative area ratio:  789.96
      Required ratio:    0.00 (Cumulative side area) 

    Layer: met1
      Partial area ratio:    1.18
      Required ratio:    0.00 (Gate area) 
      Partial area ratio:    6.67
      Required ratio:  400.00 (Side area) 
      Cumulative area ratio:    1.18
      Required ratio:    0.00 (Cumulative area) 
      Cumulative area ratio:    6.67
      Required ratio:    0.00 (Cumulative side area) 

    Layer: li1
      Partial area ratio:    0.00
      Required ratio:    0.00 (Gate area) 
      Partial area ratio:    0.00
      Required ratio:   75.00 (Side area) 
      Cumulative area ratio:    0.00
      Required ratio:    0.00 (Cumulative area) 
      Cumulative area ratio:    0.00
      Required ratio:    0.00 (Cumulative side area) 

    Via: M1M2_PR
      Partial area ratio:    0.18
      Required ratio:    6.00 (Gate area) 
      Cumulative area ratio:    0.41
      Required ratio:    0.00 (Cumulative area) 

    Via: L1M1_PR
      Partial area ratio:    0.23
      Required ratio:    3.00 (Gate area) 
      Cumulative area ratio:    0.23
      Required ratio:    0.00 (Cumulative area) 

  Pin: _0607_/A1 (sky130_fd_sc_hd__mux2_1)
    Layer: met2
      Partial area ratio:   13.76
      Required ratio:    0.00 (Gate area) 
      Partial area ratio:   69.74
      Required ratio: 3236.16 (Side area) 
      Cumulative area ratio:  167.98
      Required ratio:    0.00 (Cumulative area) 
      Cumulative area ratio:  848.62
      Required ratio:    0.00 (Cumulative side area) 

    Layer: met1
      Partial area ratio:    9.38
      Required ratio:    0.00 (Gate area) 
      Partial area ratio:   48.44
      Required ratio:  400.00 (Side area) 
      Cumulative area ratio:    9.38
      Required ratio:    0.00 (Cumulative area) 
      Cumulative area ratio:   48.44
      Required ratio:    0.00 (Cumulative side area) 

    Layer: li1
      Partial area ratio:    0.00
      Required ratio:    0.00 (Gate area) 
      Partial area ratio:    0.00
      Required ratio:   75.00 (Side area) 
      Cumulative area ratio:    0.00
      Required ratio:    0.00 (Cumulative area) 
      Cumulative area ratio:    0.00
      Required ratio:    0.00 (Cumulative side area) 

    Via: M1M2_PR
      Partial area ratio:    0.18
      Required ratio:    6.00 (Gate area) 
      Cumulative area ratio:    0.41
      Required ratio:    0.00 (Cumulative area) 

    Via: L1M1_PR
      Partial area ratio:    0.23
      Required ratio:    3.00 (Gate area) 
      Cumulative area ratio:    0.23
      Required ratio:    0.00 (Cumulative area) 

  Pin: _0771_/A1 (sky130_fd_sc_hd__mux2_1)
    Layer: met2
      Partial area ratio:   13.76
      Required ratio:    0.00 (Gate area) 
      Partial area ratio:   69.74
      Required ratio: 3236.16 (Side area) 
      Cumulative area ratio:  158.61
      Required ratio:    0.00 (Cumulative area) 
      Cumulative area ratio:  800.18
      Required ratio:    0.00 (Cumulative side area) 

    Layer: met1
      Partial area ratio:    0.00
      Required ratio:    0.00 (Gate area) 
      Partial area ratio:    0.00
      Required ratio:  400.00 (Side area) 
      Cumulative area ratio:    0.00
      Required ratio:    0.00 (Cumulative area) 
      Cumulative area ratio:    0.00
      Required ratio:    0.00 (Cumulative side area) 

    Layer: li1
      Partial area ratio:    0.00
      Required ratio:    0.00 (Gate area) 
      Partial area ratio:    0.00
      Required ratio:   75.00 (Side area) 
      Cumulative area ratio:    0.00
      Required ratio:    0.00 (Cumulative area) 
      Cumulative area ratio:    0.00
      Required ratio:    0.00 (Cumulative side area) 

    Via: M1M2_PR
      Partial area ratio:    0.18
      Required ratio:    6.00 (Gate area) 
      Cumulative area ratio:    0.41
      Required ratio:    0.00 (Cumulative area) 

    Via: L1M1_PR
      Partial area ratio:    0.23
      Required ratio:    3.00 (Gate area) 
      Cumulative area ratio:    0.23
      Required ratio:    0.00 (Cumulative area) 

  Pin: _0718_/A1 (sky130_fd_sc_hd__mux2_1)
    Layer: met2
      Partial area ratio:   13.76
      Required ratio:    0.00 (Gate area) 
      Partial area ratio:   69.74
      Required ratio: 3236.16 (Side area) 
      Cumulative area ratio:  158.61
      Required ratio:    0.00 (Cumulative area) 
      Cumulative area ratio:  800.18
      Required ratio:    0.00 (Cumulative side area) 

    Layer: met1
      Partial area ratio:    3.22
      Required ratio:    0.00 (Gate area) 
      Partial area ratio:   16.89
      Required ratio:  400.00 (Side area) 
      Cumulative area ratio:    3.22
      Required ratio:    0.00 (Cumulative area) 
      Cumulative area ratio:   16.89
      Required ratio:    0.00 (Cumulative side area) 

    Layer: li1
      Partial area ratio:    0.00
      Required ratio:    0.00 (Gate area) 
      Partial area ratio:    0.00
      Required ratio:   75.00 (Side area) 
      Cumulative area ratio:    0.00
      Required ratio:    0.00 (Cumulative area) 
      Cumulative area ratio:    0.00
      Required ratio:    0.00 (Cumulative side area) 

    Via: M1M2_PR
      Partial area ratio:    0.36
      Required ratio:    6.00 (Gate area) 
      Cumulative area ratio:    0.59
      Required ratio:    0.00 (Cumulative area) 

    Via: L1M1_PR
      Partial area ratio:    0.23
      Required ratio:    3.00 (Gate area) 
      Cumulative area ratio:    0.23
      Required ratio:    0.00 (Cumulative area) 

  Pin: _0753_/A1 (sky130_fd_sc_hd__mux2_1)
    Layer: met2
      Partial area ratio:   13.76
      Required ratio:    0.00 (Gate area) 
      Partial area ratio:   69.74
      Required ratio: 3236.16 (Side area) 
      Cumulative area ratio:  155.38
      Required ratio:    0.00 (Cumulative area) 
      Cumulative area ratio:  783.29
      Required ratio:    0.00 (Cumulative side area) 

    Layer: met1
      Partial area ratio:   10.38
      Required ratio:    0.00 (Gate area) 
      Partial area ratio:   52.67
      Required ratio:  400.00 (Side area) 
      Cumulative area ratio:   10.38
      Required ratio:    0.00 (Cumulative area) 
      Cumulative area ratio:   52.67
      Required ratio:    0.00 (Cumulative side area) 

    Layer: li1
      Partial area ratio:    0.00
      Required ratio:    0.00 (Gate area) 
      Partial area ratio:    0.00
      Required ratio:   75.00 (Side area) 
      Cumulative area ratio:    0.00
      Required ratio:    0.00 (Cumulative area) 
      Cumulative area ratio:    0.00
      Required ratio:    0.00 (Cumulative side area) 

    Via: M1M2_PR
      Partial area ratio:    0.18
      Required ratio:    6.00 (Gate area) 
      Cumulative area ratio:    0.41
      Required ratio:    0.00 (Cumulative area) 

    Via: L1M1_PR
      Partial area ratio:    0.23
      Required ratio:    3.00 (Gate area) 
      Cumulative area ratio:    0.23
      Required ratio:    0.00 (Cumulative area) 

  Pin: _0819_/A1 (sky130_fd_sc_hd__mux2_1)
    Layer: met2
      Partial area ratio:   13.76
      Required ratio:    0.00 (Gate area) 
      Partial area ratio:   69.74
      Required ratio: 3236.16 (Side area) 
      Cumulative area ratio:  155.38
      Required ratio:    0.00 (Cumulative area) 
      Cumulative area ratio:  783.29
      Required ratio:    0.00 (Cumulative side area) 

    Layer: met1
      Partial area ratio:   10.38
      Required ratio:    0.00 (Gate area) 
      Partial area ratio:   52.67
      Required ratio:  400.00 (Side area) 
      Cumulative area ratio:   10.38
      Required ratio:    0.00 (Cumulative area) 
      Cumulative area ratio:   52.67
      Required ratio:    0.00 (Cumulative side area) 

    Layer: li1
      Partial area ratio:    0.00
      Required ratio:    0.00 (Gate area) 
      Partial area ratio:    0.00
      Required ratio:   75.00 (Side area) 
      Cumulative area ratio:    0.00
      Required ratio:    0.00 (Cumulative area) 
      Cumulative area ratio:    0.00
      Required ratio:    0.00 (Cumulative side area) 

    Via: M1M2_PR
      Partial area ratio:    0.18
      Required ratio:    6.00 (Gate area) 
      Cumulative area ratio:    0.41
      Required ratio:    0.00 (Cumulative area) 

    Via: L1M1_PR
      Partial area ratio:    0.23
      Required ratio:    3.00 (Gate area) 
      Cumulative area ratio:    0.23
      Required ratio:    0.00 (Cumulative area) 

  Pin: _0700_/A1 (sky130_fd_sc_hd__mux2_1)
    Layer: met2
      Partial area ratio:   13.76
      Required ratio:    0.00 (Gate area) 
      Partial area ratio:   69.74
      Required ratio: 3236.16 (Side area) 
      Cumulative area ratio:  146.70
      Required ratio:    0.00 (Cumulative area) 
      Cumulative area ratio:  739.85
      Required ratio:    0.00 (Cumulative side area) 

    Layer: met1
      Partial area ratio:    1.69
      Required ratio:    0.00 (Gate area) 
      Partial area ratio:    9.22
      Required ratio:  400.00 (Side area) 
      Cumulative area ratio:    1.69
      Required ratio:    0.00 (Cumulative area) 
      Cumulative area ratio:    9.22
      Required ratio:    0.00 (Cumulative side area) 

    Layer: li1
      Partial area ratio:    0.00
      Required ratio:    0.00 (Gate area) 
      Partial area ratio:    0.00
      Required ratio:   75.00 (Side area) 
      Cumulative area ratio:    0.00
      Required ratio:    0.00 (Cumulative area) 
      Cumulative area ratio:    0.00
      Required ratio:    0.00 (Cumulative side area) 

    Via: M1M2_PR
      Partial area ratio:    0.18
      Required ratio:    6.00 (Gate area) 
      Cumulative area ratio:    0.41
      Required ratio:    0.00 (Cumulative area) 

    Via: L1M1_PR
      Partial area ratio:    0.23
      Required ratio:    3.00 (Gate area) 
      Cumulative area ratio:    0.23
      Required ratio:    0.00 (Cumulative area) 

  Pin: _0588_/A1 (sky130_fd_sc_hd__mux2_1)
    Layer: met2
      Partial area ratio:   13.76
      Required ratio:    0.00 (Gate area) 
      Partial area ratio:   69.74
      Required ratio: 3236.16 (Side area) 
      Cumulative area ratio:  153.16
      Required ratio:    0.00 (Cumulative area) 
      Cumulative area ratio:  774.51
      Required ratio:    0.00 (Cumulative side area) 

    Layer: met1
      Partial area ratio:    1.69
      Required ratio:    0.00 (Gate area) 
      Partial area ratio:    9.22
      Required ratio:  400.00 (Side area) 
      Cumulative area ratio:    1.69
      Required ratio:    0.00 (Cumulative area) 
      Cumulative area ratio:    9.22
      Required ratio:    0.00 (Cumulative side area) 

    Layer: li1
      Partial area ratio:    0.00
      Required ratio:    0.00 (Gate area) 
      Partial area ratio:    0.00
      Required ratio:   75.00 (Side area) 
      Cumulative area ratio:    0.00
      Required ratio:    0.00 (Cumulative area) 
      Cumulative area ratio:    0.00
      Required ratio:    0.00 (Cumulative side area) 

    Via: M1M2_PR
      Partial area ratio:    0.18
      Required ratio:    6.00 (Gate area) 
      Cumulative area ratio:    0.41
      Required ratio:    0.00 (Cumulative area) 

    Via: L1M1_PR
      Partial area ratio:    0.23
      Required ratio:    3.00 (Gate area) 
      Cumulative area ratio:    0.23
      Required ratio:    0.00 (Cumulative area) 

  Pin: _0625_/A1 (sky130_fd_sc_hd__mux2_1)
    Layer: met2
      Partial area ratio:   13.76
      Required ratio:    0.00 (Gate area) 
      Partial area ratio:   69.74
      Required ratio: 3236.16 (Side area) 
      Cumulative area ratio:  162.52
      Required ratio:    0.00 (Cumulative area) 
      Cumulative area ratio:  822.07
      Required ratio:    0.00 (Cumulative side area) 

    Layer: met1
      Partial area ratio:   11.04
      Required ratio:    0.00 (Gate area) 
      Partial area ratio:   56.78
      Required ratio:  400.00 (Side area) 
      Cumulative area ratio:   11.04
      Required ratio:    0.00 (Cumulative area) 
      Cumulative area ratio:   56.78
      Required ratio:    0.00 (Cumulative side area) 

    Layer: li1
      Partial area ratio:    0.00
      Required ratio:    0.00 (Gate area) 
      Partial area ratio:    0.00
      Required ratio:   75.00 (Side area) 
      Cumulative area ratio:    0.00
      Required ratio:    0.00 (Cumulative area) 
      Cumulative area ratio:    0.00
      Required ratio:    0.00 (Cumulative side area) 

    Via: M1M2_PR
      Partial area ratio:    0.36
      Required ratio:    6.00 (Gate area) 
      Cumulative area ratio:    0.59
      Required ratio:    0.00 (Cumulative area) 

    Via: L1M1_PR
      Partial area ratio:    0.23
      Required ratio:    3.00 (Gate area) 
      Cumulative area ratio:    0.23
      Required ratio:    0.00 (Cumulative area) 

  Pin: _0643_/A1 (sky130_fd_sc_hd__mux2_1)
    Layer: met2
      Partial area ratio:   13.76
      Required ratio:    0.00 (Gate area) 
      Partial area ratio:   69.74
      Required ratio: 3236.16 (Side area) 
      Cumulative area ratio:  168.81
      Required ratio:    0.00 (Cumulative area) 
      Cumulative area ratio:  854.29
      Required ratio:    0.00 (Cumulative side area) 

    Layer: met1
      Partial area ratio:    6.29
      Required ratio:    0.00 (Gate area) 
      Partial area ratio:   32.22
      Required ratio:  400.00 (Side area) 
      Cumulative area ratio:    6.29
      Required ratio:    0.00 (Cumulative area) 
      Cumulative area ratio:   32.22
      Required ratio:    0.00 (Cumulative side area) 

    Layer: li1
      Partial area ratio:    0.00
      Required ratio:    0.00 (Gate area) 
      Partial area ratio:    0.00
      Required ratio:   75.00 (Side area) 
      Cumulative area ratio:    0.00
      Required ratio:    0.00 (Cumulative area) 
      Cumulative area ratio:    0.00
      Required ratio:    0.00 (Cumulative side area) 

    Via: M1M2_PR
      Partial area ratio:    0.18
      Required ratio:    6.00 (Gate area) 
      Cumulative area ratio:    0.41
      Required ratio:    0.00 (Cumulative area) 

    Via: L1M1_PR
      Partial area ratio:    0.23
      Required ratio:    3.00 (Gate area) 
      Cumulative area ratio:    0.23
      Required ratio:    0.00 (Cumulative area) 

  Pin: _0681_/A1 (sky130_fd_sc_hd__mux2_1)
    Layer: met2
      Partial area ratio:   13.76
      Required ratio:    0.00 (Gate area) 
      Partial area ratio:   69.74
      Required ratio: 3236.16 (Side area) 
      Cumulative area ratio:  180.74
      Required ratio:    0.00 (Cumulative area) 
      Cumulative area ratio:  919.40
      Required ratio:    0.00 (Cumulative side area) 

    Layer: met1
      Partial area ratio:   11.93
      Required ratio:    0.00 (Gate area) 
      Partial area ratio:   65.11
      Required ratio:  400.00 (Side area) 
      Cumulative area ratio:   11.93
      Required ratio:    0.00 (Cumulative area) 
      Cumulative area ratio:   65.11
      Required ratio:    0.00 (Cumulative side area) 

    Layer: li1
      Partial area ratio:    0.00
      Required ratio:    0.00 (Gate area) 
      Partial area ratio:    0.00
      Required ratio:   75.00 (Side area) 
      Cumulative area ratio:    0.00
      Required ratio:    0.00 (Cumulative area) 
      Cumulative area ratio:    0.00
      Required ratio:    0.00 (Cumulative side area) 

    Via: M1M2_PR
      Partial area ratio:    0.54
      Required ratio:    6.00 (Gate area) 
      Cumulative area ratio:    0.77
      Required ratio:    0.00 (Cumulative area) 

    Via: L1M1_PR
      Partial area ratio:    0.23
      Required ratio:    3.00 (Gate area) 
      Cumulative area ratio:    0.23
      Required ratio:    0.00 (Cumulative area) 

  Pin: _0736_/A1 (sky130_fd_sc_hd__mux2_1)
    Layer: met2
      Partial area ratio:   13.76
      Required ratio:    0.00 (Gate area) 
      Partial area ratio:   69.74
      Required ratio: 3236.16 (Side area) 
      Cumulative area ratio:  183.98
      Required ratio:    0.00 (Cumulative area) 
      Cumulative area ratio:  937.18
      Required ratio:    0.00 (Cumulative side area) 

    Layer: met1
      Partial area ratio:    3.24
      Required ratio:    0.00 (Gate area) 
      Partial area ratio:   17.78
      Required ratio:  400.00 (Side area) 
      Cumulative area ratio:    3.24
      Required ratio:    0.00 (Cumulative area) 
      Cumulative area ratio:   17.78
      Required ratio:    0.00 (Cumulative side area) 

    Layer: li1
      Partial area ratio:    0.00
      Required ratio:    0.00 (Gate area) 
      Partial area ratio:    0.00
      Required ratio:   75.00 (Side area) 
      Cumulative area ratio:    0.00
      Required ratio:    0.00 (Cumulative area) 
      Cumulative area ratio:    0.00
      Required ratio:    0.00 (Cumulative side area) 

    Via: M1M2_PR
      Partial area ratio:    0.18
      Required ratio:    6.00 (Gate area) 
      Cumulative area ratio:    0.41
      Required ratio:    0.00 (Cumulative area) 

    Via: L1M1_PR
      Partial area ratio:    0.23
      Required ratio:    3.00 (Gate area) 
      Cumulative area ratio:    0.23
      Required ratio:    0.00 (Cumulative area) 

  Pin: _0890_/A1 (sky130_fd_sc_hd__mux2_1)
    Layer: met2
      Partial area ratio:   13.76
      Required ratio:    0.00 (Gate area) 
      Partial area ratio:   69.74
      Required ratio: 3236.16 (Side area) 
      Cumulative area ratio:  181.41
      Required ratio:    0.00 (Cumulative area) 
      Cumulative area ratio:  923.51
      Required ratio:    0.00 (Cumulative side area) 

    Layer: met1
      Partial area ratio:    0.67
      Required ratio:    0.00 (Gate area) 
      Partial area ratio:    4.11
      Required ratio:  400.00 (Side area) 
      Cumulative area ratio:    0.67
      Required ratio:    0.00 (Cumulative area) 
      Cumulative area ratio:    4.11
      Required ratio:    0.00 (Cumulative side area) 

    Layer: li1
      Partial area ratio:    0.00
      Required ratio:    0.00 (Gate area) 
      Partial area ratio:    0.00
      Required ratio:   75.00 (Side area) 
      Cumulative area ratio:    0.00
      Required ratio:    0.00 (Cumulative area) 
      Cumulative area ratio:    0.00
      Required ratio:    0.00 (Cumulative side area) 

    Via: M1M2_PR
      Partial area ratio:    0.18
      Required ratio:    6.00 (Gate area) 
      Cumulative area ratio:    0.41
      Required ratio:    0.00 (Cumulative area) 

    Via: L1M1_PR
      Partial area ratio:    0.23
      Required ratio:    3.00 (Gate area) 
      Cumulative area ratio:    0.23
      Required ratio:    0.00 (Cumulative area) 

  Pin: _0661_/A1 (sky130_fd_sc_hd__mux2_1)
    Layer: met2
      Partial area ratio:   13.76
      Required ratio:    0.00 (Gate area) 
      Partial area ratio:   69.74
      Required ratio: 3236.16 (Side area) 
      Cumulative area ratio:  168.81
      Required ratio:    0.00 (Cumulative area) 
      Cumulative area ratio:  854.29
      Required ratio:    0.00 (Cumulative side area) 

    Layer: met1
      Partial area ratio:    6.29
      Required ratio:    0.00 (Gate area) 
      Partial area ratio:   32.22
      Required ratio:  400.00 (Side area) 
      Cumulative area ratio:    6.29
      Required ratio:    0.00 (Cumulative area) 
      Cumulative area ratio:   32.22
      Required ratio:    0.00 (Cumulative side area) 

    Layer: li1
      Partial area ratio:    0.00
      Required ratio:    0.00 (Gate area) 
      Partial area ratio:    0.00
      Required ratio:   75.00 (Side area) 
      Cumulative area ratio:    0.00
      Required ratio:    0.00 (Cumulative area) 
      Cumulative area ratio:    0.00
      Required ratio:    0.00 (Cumulative side area) 

    Via: M1M2_PR
      Partial area ratio:    0.18
      Required ratio:    6.00 (Gate area) 
      Cumulative area ratio:    0.41
      Required ratio:    0.00 (Cumulative area) 

    Via: L1M1_PR
      Partial area ratio:    0.23
      Required ratio:    3.00 (Gate area) 
      Cumulative area ratio:    0.23
      Required ratio:    0.00 (Cumulative area) 

  Pin: _0872_/A1 (sky130_fd_sc_hd__mux2_1)
    Layer: met2
      Partial area ratio:   13.76
      Required ratio:    0.00 (Gate area) 
      Partial area ratio:   69.74
      Required ratio: 3236.16 (Side area) 
      Cumulative area ratio:  151.47
      Required ratio:    0.00 (Cumulative area) 
      Cumulative area ratio:  765.29
      Required ratio:    0.00 (Cumulative side area) 

    Layer: met1
      Partial area ratio:    6.47
      Required ratio:    0.00 (Gate area) 
      Partial area ratio:   34.67
      Required ratio:  400.00 (Side area) 
      Cumulative area ratio:    6.47
      Required ratio:    0.00 (Cumulative area) 
      Cumulative area ratio:   34.67
      Required ratio:    0.00 (Cumulative side area) 

    Layer: li1
      Partial area ratio:    0.00
      Required ratio:    0.00 (Gate area) 
      Partial area ratio:    0.00
      Required ratio:   75.00 (Side area) 
      Cumulative area ratio:    0.00
      Required ratio:    0.00 (Cumulative area) 
      Cumulative area ratio:    0.00
      Required ratio:    0.00 (Cumulative side area) 

    Via: M1M2_PR
      Partial area ratio:    0.54
      Required ratio:    6.00 (Gate area) 
      Cumulative area ratio:    0.77
      Required ratio:    0.00 (Cumulative area) 

    Via: L1M1_PR
      Partial area ratio:    0.23
      Required ratio:    3.00 (Gate area) 
      Cumulative area ratio:    0.23
      Required ratio:    0.00 (Cumulative area) 


Net: net17
  Pin: _0530_/A1 (sky130_fd_sc_hd__mux2_1)
    Layer: met2
      Partial area ratio:    2.98
      Required ratio:    0.00 (Gate area) 
      Partial area ratio:   15.57
      Required ratio: 2771.60 (Side area) 
      Cumulative area ratio:   85.58
      Required ratio:    0.00 (Cumulative area) 
      Cumulative area ratio:  430.13
      Required ratio:    0.00 (Cumulative side area) 

    Layer: met1
      Partial area ratio:   82.60
      Required ratio:    0.00 (Gate area) 
      Partial area ratio:  414.56
      Required ratio:  400.00 (Side area) (VIOLATED)
      Cumulative area ratio:   82.60
      Required ratio:    0.00 (Cumulative area) 
      Cumulative area ratio:  414.56
      Required ratio:    0.00 (Cumulative side area) 

    Layer: li1
      Partial area ratio:    0.00
      Required ratio:    0.00 (Gate area) 
      Partial area ratio:    0.00
      Required ratio:   75.00 (Side area) 
      Cumulative area ratio:    0.00
      Required ratio:    0.00 (Cumulative area) 
      Cumulative area ratio:    0.00
      Required ratio:    0.00 (Cumulative side area) 

    Via: M1M2_PR
      Partial area ratio:    0.36
      Required ratio:    6.00 (Gate area) 
      Cumulative area ratio:    0.59
      Required ratio:    0.00 (Cumulative area) 

    Via: L1M1_PR
      Partial area ratio:    0.23
      Required ratio:    3.00 (Gate area) 
      Cumulative area ratio:    0.23
      Required ratio:    0.00 (Cumulative area) 

  Pin: output17/A (sky130_fd_sc_hd__buf_2)
    Layer: met2
      Partial area ratio:    2.98
      Required ratio:    0.00 (Gate area) 
      Partial area ratio:   15.57
      Required ratio: 2771.60 (Side area) 
      Cumulative area ratio:   85.58
      Required ratio:    0.00 (Cumulative area) 
      Cumulative area ratio:  430.13
      Required ratio:    0.00 (Cumulative side area) 

    Layer: met1
      Partial area ratio:    0.00
      Required ratio:    0.00 (Gate area) 
      Partial area ratio:    0.00
      Required ratio:  400.00 (Side area) 
      Cumulative area ratio:    0.00
      Required ratio:    0.00 (Cumulative area) 
      Cumulative area ratio:    0.00
      Required ratio:    0.00 (Cumulative side area) 

    Layer: li1
      Partial area ratio:    0.00
      Required ratio:    0.00 (Gate area) 
      Partial area ratio:    0.00
      Required ratio:   75.00 (Side area) 
      Cumulative area ratio:    0.00
      Required ratio:    0.00 (Cumulative area) 
      Cumulative area ratio:    0.00
      Required ratio:    0.00 (Cumulative side area) 

    Via: M1M2_PR
      Partial area ratio:    0.14
      Required ratio:    6.00 (Gate area) 
      Cumulative area ratio:    0.32
      Required ratio:    0.00 (Cumulative area) 

    Via: L1M1_PR
      Partial area ratio:    0.18
      Required ratio:    3.00 (Gate area) 
      Cumulative area ratio:    0.18
      Required ratio:    0.00 (Cumulative area) 


Net: net19
  Pin: _0548_/A1 (sky130_fd_sc_hd__mux2_1)
    Layer: met2
      Partial area ratio:   35.50
      Required ratio:    0.00 (Gate area) 
      Partial area ratio:  178.08
      Required ratio: 2771.60 (Side area) 
      Cumulative area ratio:  116.57
      Required ratio:    0.00 (Cumulative area) 
      Cumulative area ratio:  584.97
      Required ratio:    0.00 (Cumulative side area) 

    Layer: met1
      Partial area ratio:   81.07
      Required ratio:    0.00 (Gate area) 
      Partial area ratio:  406.89
      Required ratio:  400.00 (Side area) (VIOLATED)
      Cumulative area ratio:   81.07
      Required ratio:    0.00 (Cumulative area) 
      Cumulative area ratio:  406.89
      Required ratio:    0.00 (Cumulative side area) 

    Layer: li1
      Partial area ratio:    0.00
      Required ratio:    0.00 (Gate area) 
      Partial area ratio:    0.00
      Required ratio:   75.00 (Side area) 
      Cumulative area ratio:    0.00
      Required ratio:    0.00 (Cumulative area) 
      Cumulative area ratio:    0.00
      Required ratio:    0.00 (Cumulative side area) 

    Via: M1M2_PR
      Partial area ratio:    0.36
      Required ratio:    6.00 (Gate area) 
      Cumulative area ratio:    0.59
      Required ratio:    0.00 (Cumulative area) 

    Via: L1M1_PR
      Partial area ratio:    0.23
      Required ratio:    3.00 (Gate area) 
      Cumulative area ratio:    0.23
      Required ratio:    0.00 (Cumulative area) 

  Pin: output19/A (sky130_fd_sc_hd__clkbuf_4)
    Layer: met2
      Partial area ratio:   35.50
      Required ratio:    0.00 (Gate area) 
      Partial area ratio:  178.08
      Required ratio: 2771.60 (Side area) 
      Cumulative area ratio:  116.57
      Required ratio:    0.00 (Cumulative area) 
      Cumulative area ratio:  584.97
      Required ratio:    0.00 (Cumulative side area) 

    Layer: met1
      Partial area ratio:    0.00
      Required ratio:    0.00 (Gate area) 
      Partial area ratio:    0.00
      Required ratio:  400.00 (Side area) 
      Cumulative area ratio:    0.00
      Required ratio:    0.00 (Cumulative area) 
      Cumulative area ratio:    0.00
      Required ratio:    0.00 (Cumulative side area) 

    Layer: li1
      Partial area ratio:    0.00
      Required ratio:    0.00 (Gate area) 
      Partial area ratio:    0.00
      Required ratio:   75.00 (Side area) 
      Cumulative area ratio:    0.00
      Required ratio:    0.00 (Cumulative area) 
      Cumulative area ratio:    0.00
      Required ratio:    0.00 (Cumulative side area) 

    Via: M1M2_PR
      Partial area ratio:    0.11
      Required ratio:    6.00 (Gate area) 
      Cumulative area ratio:    0.24
      Required ratio:    0.00 (Cumulative area) 

    Via: L1M1_PR
      Partial area ratio:    0.14
      Required ratio:    3.00 (Gate area) 
      Cumulative area ratio:    0.14
      Required ratio:    0.00 (Cumulative area) 


[INFO ANT-0002] Found 4 net violations.
[INFO ANT-0001] Found 4 pin violations.
