OpenROAD 41a51eaf4ca2171c92ff38afb91eb37bbd3f36da 
This program is licensed under the BSD-3 license. See the LICENSE file for details.
Components of this program may be licensed under more restrictive licenses which must be honored.
[INFO]: Reading ODB at '/openlane/designs/AsynFifo/runs/last_run/results/floorplan/AsynFifo.odb'…
define_corners Typical
read_liberty -corner Typical /home/nguyenson99/.ciel/sky130A/libs.ref/sky130_fd_sc_hd/lib/sky130_fd_sc_hd__tt_025C_1v80.lib
Using 1e-12 for capacitance...
Using 1e+03 for resistance...
Using 1e-09 for time...
Using 1e+00 for voltage...
Using 1e-03 for current...
Using 1e-09 for power...
Using 1e-06 for distance...
Reading design constraints file at '/openlane/designs/AsynFifo/runs/last_run/tmp/floorplan/3-initial_fp.sdc'…
[INFO]: Setting RC values...
[INFO]: Setting signal min routing layer to: met1 and clock min routing layer to met3. 
[INFO]: Setting signal max routing layer to: met5 and clock max routing layer to met5. 
[INFO GPL-0002] DBU: 1000
[INFO GPL-0003] SiteSize: 460 2720
[INFO GPL-0004] CoreAreaLxLy: 5520 10880
[INFO GPL-0005] CoreAreaUxUy: 94300 87040
[INFO GPL-0006] NumInstances: 774
[INFO GPL-0007] NumPlaceInstances: 628
[INFO GPL-0008] NumFixedInstances: 146
[INFO GPL-0009] NumDummyInstances: 0
[INFO GPL-0010] NumNets: 642
[INFO GPL-0011] NumPins: 2146
[INFO GPL-0012] DieAreaLxLy: 0 0
[INFO GPL-0013] DieAreaUxUy: 100000 100000
[INFO GPL-0014] CoreAreaLxLy: 5520 10880
[INFO GPL-0015] CoreAreaUxUy: 94300 87040
[INFO GPL-0016] CoreArea: 6761484800
[INFO GPL-0017] NonPlaceInstsArea: 322809600
[INFO GPL-0018] PlaceInstsArea: 8041462400
[INFO GPL-0019] Util(%): 124.89
[INFO GPL-0020] StdInstsArea: 8041462400
[INFO GPL-0021] MacroInstsArea: 0
[ERROR GPL-0301] Utilization exceeds 100%.
Error: gpl.tcl, 71 GPL-0301
