
61. Printing statistics.

=== AsynFifo ===

   Number of wires:                628
   Number of wire bits:            642
   Number of public wires:         176
   Number of public wire bits:     190
   Number of memories:               0
   Number of memory bits:            0
   Number of processes:              0
   Number of cells:                628
     sky130_fd_sc_hd__a2111o_2       1
     sky130_fd_sc_hd__a21bo_2        1
     sky130_fd_sc_hd__a21oi_2        1
     sky130_fd_sc_hd__a31o_2         2
     sky130_fd_sc_hd__and2_2         2
     sky130_fd_sc_hd__and3_2         1
     sky130_fd_sc_hd__and4_2         2
     sky130_fd_sc_hd__and4b_2        4
     sky130_fd_sc_hd__buf_1        159
     sky130_fd_sc_hd__dfrtp_2       38
     sky130_fd_sc_hd__dfxtp_2      136
     sky130_fd_sc_hd__inv_2          8
     sky130_fd_sc_hd__mux2_2       172
     sky130_fd_sc_hd__mux4_2        32
     sky130_fd_sc_hd__nand2_2        5
     sky130_fd_sc_hd__nand3b_2       1
     sky130_fd_sc_hd__nor2_2        12
     sky130_fd_sc_hd__o2111a_2       1
     sky130_fd_sc_hd__o211a_2       16
     sky130_fd_sc_hd__o21a_2         1
     sky130_fd_sc_hd__o21ai_2        1
     sky130_fd_sc_hd__o21ba_2        1
     sky130_fd_sc_hd__or2_2          5
     sky130_fd_sc_hd__or3_2          4
     sky130_fd_sc_hd__or4_2          1
     sky130_fd_sc_hd__xnor2_2       13
     sky130_fd_sc_hd__xor2_2         8

   Chip area for module '\AsynFifo': 8041.462400

