OpenROAD 41a51eaf4ca2171c92ff38afb91eb37bbd3f36da 
This program is licensed under the BSD-3 license. See the LICENSE file for details.
Components of this program may be licensed under more restrictive licenses which must be honored.
[INFO]: Reading ODB at '/openlane/designs/AsynFifo/runs/last_ru1n/tmp/cts/14-AsynFifo.resized.odb'…
define_corners Slowest Typical Fastest
read_liberty -corner Slowest /home/nguyenson99/.ciel/sky130A/libs.ref/sky130_fd_sc_hd/lib/sky130_fd_sc_hd__ss_100C_1v60.lib
read_liberty -corner Typical /home/nguyenson99/.ciel/sky130A/libs.ref/sky130_fd_sc_hd/lib/sky130_fd_sc_hd__tt_025C_1v80.lib
read_liberty -corner Fastest /home/nguyenson99/.ciel/sky130A/libs.ref/sky130_fd_sc_hd/lib/sky130_fd_sc_hd__ff_n40C_1v95.lib
Using 1e-12 for capacitance...
Using 1e+03 for resistance...
Using 1e-09 for time...
Using 1e+00 for voltage...
Using 1e-03 for current...
Using 1e-09 for power...
Using 1e-06 for distance...
Reading design constraints file at '/openlane/designs/AsynFifo/runs/last_ru1n/tmp/cts/14-AsynFifo.resized.sdc'…
[INFO]: Setting signal min routing layer to: met1 and clock min routing layer to met3. 
[INFO]: Setting signal max routing layer to: met5 and clock max routing layer to met5. 
-congestion_iterations 50 -verbose -congestion_report_file /openlane/designs/AsynFifo/runs/last_ru1n/tmp/routing/resizer-routing-design-congestion.rpt
[INFO GRT-0020] Min routing layer: met1
[INFO GRT-0021] Max routing layer: met5
[INFO GRT-0022] Global adjustment: 30%
[INFO GRT-0023] Grid origin: (0, 0)
[INFO GRT-0043] No OR_DEFAULT vias defined.
[INFO GRT-0088] Layer li1     Track-Pitch = 0.4600  line-2-Via Pitch: 0.3400
[INFO GRT-0088] Layer met1    Track-Pitch = 0.3400  line-2-Via Pitch: 0.3400
[INFO GRT-0088] Layer met2    Track-Pitch = 0.4600  line-2-Via Pitch: 0.3500
[INFO GRT-0088] Layer met3    Track-Pitch = 0.6800  line-2-Via Pitch: 0.6150
[INFO GRT-0088] Layer met4    Track-Pitch = 0.9200  line-2-Via Pitch: 1.0400
[INFO GRT-0088] Layer met5    Track-Pitch = 3.4000  line-2-Via Pitch: 3.1100
[INFO GRT-0019] Found 18 clock nets.
[INFO GRT-0001] Minimum degree: 2
[INFO GRT-0002] Maximum degree: 19
[INFO GRT-0003] Macros: 0
[INFO GRT-0004] Blockages: 3145

[INFO GRT-0053] Routing resources analysis:
          Routing      Original      Derated      Resource
Layer     Direction    Resources     Resources    Reduction (%)
---------------------------------------------------------------
li1        Vertical            0             0          0.00%
met1       Horizontal      25920         13007          49.82%
met2       Vertical        19440         12844          33.93%
met3       Horizontal      12960          8945          30.98%
met4       Vertical         7776          4984          35.91%
met5       Horizontal       2592          1225          52.74%
---------------------------------------------------------------

[INFO GRT-0197] Via related to pin nodes: 3075
[INFO GRT-0198] Via related Steiner nodes: 87
[INFO GRT-0199] Via filling finished.
[INFO GRT-0111] Final number of vias: 3393
[INFO GRT-0112] Final usage 3D: 12948

[INFO GRT-0096] Final congestion report:
Layer         Resource        Demand        Usage (%)    Max H / Max V / Total Overflow
---------------------------------------------------------------------------------------
li1                  0             0            0.00%             0 /  0 /  0
met1             13007          1346           10.35%             0 /  0 /  0
met2             12844          1349           10.50%             0 /  0 /  0
met3              8945            60            0.67%             0 /  0 /  0
met4              4984            14            0.28%             0 /  0 /  0
met5              1225             0            0.00%             0 /  0 /  0
---------------------------------------------------------------------------------------
Total            41005          2769            6.75%             0 /  0 /  0

[INFO GRT-0018] Total wirelength: 30601 um
[INFO GRT-0014] Routed nets: 825
[INFO]: Setting RC values...
[INFO RSZ-0058] Using max wire length 4508um.
[INFO GRT-0009] rerouting 2 nets.
[INFO GRT-0001] Minimum degree: 2147483647
[INFO GRT-0002] Maximum degree: 1
[INFO GRT-0009] rerouting 1 nets.
[INFO GRT-0009] rerouting 3 nets.
[INFO GRT-0009] rerouting 3 nets.
[INFO GRT-0009] rerouting 5 nets.
[INFO GRT-0009] rerouting 7 nets.
[INFO GRT-0001] Minimum degree: 19
[INFO GRT-0002] Maximum degree: 19
[INFO GRT-0009] rerouting 1 nets.
[INFO GRT-0009] rerouting 3 nets.
[INFO GRT-0001] Minimum degree: 2
[INFO GRT-0002] Maximum degree: 2
[INFO GRT-0009] rerouting 2 nets.
[INFO GRT-0001] Minimum degree: 2147483647
[INFO GRT-0002] Maximum degree: 1
[INFO GRT-0009] rerouting 2 nets.
[INFO GRT-0009] rerouting 3 nets.
[INFO GRT-0009] rerouting 5 nets.
[INFO GRT-0009] rerouting 7 nets.
[INFO GRT-0009] rerouting 9 nets.
[INFO GRT-0009] rerouting 11 nets.
[INFO GRT-0001] Minimum degree: 3
[INFO GRT-0002] Maximum degree: 3
[INFO GRT-0009] rerouting 1 nets.
[INFO GRT-0009] rerouting 2 nets.
[INFO GRT-0009] rerouting 3 nets.
[INFO GRT-0009] rerouting 4 nets.
[INFO GRT-0009] rerouting 6 nets.
[INFO GRT-0009] rerouting 6 nets.
[INFO GRT-0009] rerouting 9 nets.
[INFO GRT-0009] rerouting 10 nets.
[INFO GRT-0009] rerouting 11 nets.
[INFO GRT-0009] rerouting 12 nets.
[INFO GRT-0009] rerouting 12 nets.
[INFO GRT-0009] rerouting 12 nets.
[INFO GRT-0009] rerouting 13 nets.
[INFO GRT-0001] Minimum degree: 19
[INFO GRT-0002] Maximum degree: 19
[INFO GRT-0009] rerouting 2 nets.
[INFO GRT-0009] rerouting 3 nets.
[INFO GRT-0009] rerouting 5 nets.
[INFO GRT-0009] rerouting 7 nets.
[INFO GRT-0009] rerouting 7 nets.
[INFO GRT-0009] rerouting 7 nets.
[INFO GRT-0009] rerouting 7 nets.
[INFO GRT-0009] rerouting 7 nets.
[INFO RSZ-0039] Resized 17 instances.
Placement Analysis
---------------------------------
total displacement          9.6 u
average displacement        0.0 u
max displacement            2.7 u
original HPWL           15517.2 u
legalized HPWL          16442.2 u
delta HPWL                    6 %

[INFO DPL-0020] Mirrored 345 instances
[INFO DPL-0021] HPWL before           16442.2 u
[INFO DPL-0022] HPWL after            15525.4 u
[INFO DPL-0023] HPWL delta               -5.6 %
Setting global connections for newly added cells…
Writing OpenROAD database to '/openlane/designs/AsynFifo/runs/last_ru1n/tmp/15-AsynFifo.odb'…
Writing netlist to '/openlane/designs/AsynFifo/runs/last_ru1n/tmp/15-AsynFifo.nl.v'…
Writing powered netlist to '/openlane/designs/AsynFifo/runs/last_ru1n/tmp/15-AsynFifo.pnl.v'…
Writing layout to '/openlane/designs/AsynFifo/runs/last_ru1n/tmp/15-AsynFifo.def'…
Writing timing constraints to '/openlane/designs/AsynFifo/runs/last_ru1n/tmp/15-AsynFifo.sdc'…
area_report

===========================================================================
report_design_area
============================================================================
Design area 10778 u^2 20% utilization.
area_report_end
