OpenROAD 41a51eaf4ca2171c92ff38afb91eb37bbd3f36da 
This program is licensed under the BSD-3 license. See the LICENSE file for details.
Components of this program may be licensed under more restrictive licenses which must be honored.
[INFO]: Reading ODB at '/openlane/designs/AsynFifo/runs/last_ru1n/tmp/routing/22-fill.odb'…
define_corners Typical
read_liberty -corner Typical /home/nguyenson99/.ciel/sky130A/libs.ref/sky130_fd_sc_hd/lib/sky130_fd_sc_hd__tt_025C_1v80.lib
Using 1e-12 for capacitance...
Using 1e+03 for resistance...
Using 1e-09 for time...
Using 1e+00 for voltage...
Using 1e-03 for current...
Using 1e-09 for power...
Using 1e-06 for distance...
Reading design constraints file at '/openlane/designs/AsynFifo/runs/last_ru1n/tmp/17-AsynFifo.sdc'…
[INFO ORD-0030] Using 2 thread(s).
[INFO DRT-0149] Reading tech and libs.

Units:                1000
Number of layers:     13
Number of macros:     441
Number of vias:       25
Number of viarulegen: 25

[INFO DRT-0150] Reading design.

Design:                   AsynFifo
Die area:                 ( 0 0 ) ( 250000 250000 )
Number of track patterns: 12
Number of DEF vias:       0
Number of components:     5851
Number of terminals:      26
Number of snets:          2
Number of nets:           825

[INFO DRT-0167] List of default vias:
  Layer mcon
    default via: L1M1_PR
  Layer via
    default via: M1M2_PR
  Layer via2
    default via: M2M3_PR
  Layer via3
    default via: M3M4_PR
  Layer via4
    default via: M4M5_PR
[INFO DRT-0162] Library cell analysis.
[INFO DRT-0163] Instance analysis.
[INFO DRT-0164] Number of unique instances = 86.
[INFO DRT-0168] Init region query.
[INFO DRT-0024]   Complete FR_MASTERSLICE.
[INFO DRT-0024]   Complete licon.
[INFO DRT-0024]   Complete li1.
[INFO DRT-0024]   Complete mcon.
[INFO DRT-0024]   Complete met1.
[INFO DRT-0024]   Complete via.
[INFO DRT-0024]   Complete met2.
[INFO DRT-0024]   Complete via2.
[INFO DRT-0024]   Complete met3.
[INFO DRT-0024]   Complete via3.
[INFO DRT-0024]   Complete met4.
[INFO DRT-0024]   Complete via4.
[INFO DRT-0024]   Complete met5.
[INFO DRT-0033] FR_MASTERSLICE shape region query size = 0.
[INFO DRT-0033] licon shape region query size = 0.
[INFO DRT-0033] li1 shape region query size = 54279.
[INFO DRT-0033] mcon shape region query size = 55152.
[INFO DRT-0033] met1 shape region query size = 15327.
[INFO DRT-0033] via shape region query size = 840.
[INFO DRT-0033] met2 shape region query size = 518.
[INFO DRT-0033] via2 shape region query size = 672.
[INFO DRT-0033] met3 shape region query size = 514.
[INFO DRT-0033] via3 shape region query size = 672.
[INFO DRT-0033] met4 shape region query size = 184.
[INFO DRT-0033] via4 shape region query size = 8.
[INFO DRT-0033] met5 shape region query size = 16.
[INFO DRT-0165] Start pin access.
[INFO DRT-0076]   Complete 100 pins.
[INFO DRT-0076]   Complete 200 pins.
[INFO DRT-0078]   Complete 226 pins.
[INFO DRT-0081]   Complete 68 unique inst patterns.
[INFO DRT-0084]   Complete 534 groups.
#scanned instances     = 5851
#unique  instances     = 86
#stdCellGenAp          = 1796
#stdCellValidPlanarAp  = 20
#stdCellValidViaAp     = 1280
#stdCellPinNoAp        = 0
#stdCellPinCnt         = 2488
#instTermValidViaApCnt = 0
#macroGenAp            = 0
#macroValidPlanarAp    = 0
#macroValidViaAp       = 0
#macroNoAp             = 0
[INFO DRT-0166] Complete pin access.
[INFO DRT-0267] cpu time = 00:00:12, elapsed time = 00:00:06, memory = 131.84 (MB), peak = 131.51 (MB)

Number of guides:     5551

[INFO DRT-0169] Post process guides.
[INFO DRT-0176] GCELLGRID X 0 DO 36 STEP 6900 ;
[INFO DRT-0177] GCELLGRID Y 0 DO 36 STEP 6900 ;
[INFO DRT-0028]   Complete FR_MASTERSLICE.
[INFO DRT-0028]   Complete licon.
[INFO DRT-0028]   Complete li1.
[INFO DRT-0028]   Complete mcon.
[INFO DRT-0028]   Complete met1.
[INFO DRT-0028]   Complete via.
[INFO DRT-0028]   Complete met2.
[INFO DRT-0028]   Complete via2.
[INFO DRT-0028]   Complete met3.
[INFO DRT-0028]   Complete via3.
[INFO DRT-0028]   Complete met4.
[INFO DRT-0028]   Complete via4.
[INFO DRT-0028]   Complete met5.
[INFO DRT-0178] Init guide query.
[INFO DRT-0035]   Complete FR_MASTERSLICE (guide).
[INFO DRT-0035]   Complete licon (guide).
[INFO DRT-0035]   Complete li1 (guide).
[INFO DRT-0035]   Complete mcon (guide).
[INFO DRT-0035]   Complete met1 (guide).
[INFO DRT-0035]   Complete via (guide).
[INFO DRT-0035]   Complete met2 (guide).
[INFO DRT-0035]   Complete via2 (guide).
[INFO DRT-0035]   Complete met3 (guide).
[INFO DRT-0035]   Complete via3 (guide).
[INFO DRT-0035]   Complete met4 (guide).
[INFO DRT-0035]   Complete via4 (guide).
[INFO DRT-0035]   Complete met5 (guide).
[INFO DRT-0036] FR_MASTERSLICE guide region query size = 0.
[INFO DRT-0036] licon guide region query size = 0.
[INFO DRT-0036] li1 guide region query size = 2025.
[INFO DRT-0036] mcon guide region query size = 0.
[INFO DRT-0036] met1 guide region query size = 1503.
[INFO DRT-0036] via guide region query size = 0.
[INFO DRT-0036] met2 guide region query size = 753.
[INFO DRT-0036] via2 guide region query size = 0.
[INFO DRT-0036] met3 guide region query size = 41.
[INFO DRT-0036] via3 guide region query size = 0.
[INFO DRT-0036] met4 guide region query size = 7.
[INFO DRT-0036] via4 guide region query size = 0.
[INFO DRT-0036] met5 guide region query size = 0.
[INFO DRT-0179] Init gr pin query.
[INFO DRT-0245] skipped writing guide updates to database.
[INFO DRT-0185] Post process initialize RPin region query.
[INFO DRT-0181] Start track assignment.
[INFO DRT-0184] Done with 2785 vertical wires in 1 frboxes and 1544 horizontal wires in 1 frboxes.
[INFO DRT-0186] Done with 197 vertical wires in 1 frboxes and 436 horizontal wires in 1 frboxes.
[INFO DRT-0182] Complete track assignment.
[INFO DRT-0267] cpu time = 00:00:00, elapsed time = 00:00:00, memory = 149.62 (MB), peak = 166.52 (MB)
[INFO DRT-0187] Start routing data preparation.
[INFO DRT-0267] cpu time = 00:00:00, elapsed time = 00:00:00, memory = 149.62 (MB), peak = 166.52 (MB)
[INFO DRT-0194] Start detail routing.
[INFO DRT-0195] Start 0th optimization iteration.
    Completing 10% with 0 violations.
    elapsed time = 00:00:00, memory = 217.22 (MB).
    Completing 20% with 0 violations.
    elapsed time = 00:00:01, memory = 259.97 (MB).
    Completing 30% with 50 violations.
    elapsed time = 00:00:02, memory = 209.58 (MB).
    Completing 40% with 50 violations.
    elapsed time = 00:00:03, memory = 244.63 (MB).
    Completing 50% with 50 violations.
    elapsed time = 00:00:03, memory = 255.89 (MB).
    Completing 60% with 86 violations.
    elapsed time = 00:00:05, memory = 231.10 (MB).
    Completing 70% with 86 violations.
    elapsed time = 00:00:05, memory = 235.47 (MB).
    Completing 80% with 138 violations.
    elapsed time = 00:00:07, memory = 226.78 (MB).
    Completing 90% with 138 violations.
    elapsed time = 00:00:07, memory = 254.41 (MB).
    Completing 100% with 161 violations.
    elapsed time = 00:00:08, memory = 196.86 (MB).
[INFO DRT-0199]   Number of violations = 409.
Viol/Layer         li1   mcon   met1   met2   met3   met4
Cut Spacing          0      1      0      0      0      0
Metal Spacing        3      0     47      4      4      0
Recheck              0      0    162     63     18      5
Short                0      0    100      2      0      0
[INFO DRT-0267] cpu time = 00:00:13, elapsed time = 00:00:08, memory = 500.95 (MB), peak = 500.60 (MB)
Total wire length = 20925 um.
Total wire length on LAYER li1 = 0 um.
Total wire length on LAYER met1 = 10483 um.
Total wire length on LAYER met2 = 9519 um.
Total wire length on LAYER met3 = 864 um.
Total wire length on LAYER met4 = 58 um.
Total wire length on LAYER met5 = 0 um.
Total number of vias = 5037.
Up-via summary (total 5037):.

-----------------------
 FR_MASTERSLICE       0
            li1    2453
           met1    2524
           met2      53
           met3       7
           met4       0
-----------------------
                   5037


[INFO DRT-0195] Start 1st optimization iteration.
    Completing 10% with 409 violations.
    elapsed time = 00:00:00, memory = 518.78 (MB).
    Completing 20% with 409 violations.
    elapsed time = 00:00:01, memory = 555.17 (MB).
    Completing 30% with 323 violations.
    elapsed time = 00:00:02, memory = 513.80 (MB).
    Completing 40% with 323 violations.
    elapsed time = 00:00:03, memory = 531.45 (MB).
    Completing 50% with 323 violations.
    elapsed time = 00:00:08, memory = 552.51 (MB).
    Completing 60% with 260 violations.
    elapsed time = 00:00:09, memory = 537.50 (MB).
    Completing 70% with 260 violations.
    elapsed time = 00:00:09, memory = 537.61 (MB).
    Completing 80% with 142 violations.
    elapsed time = 00:00:10, memory = 530.42 (MB).
    Completing 90% with 142 violations.
    elapsed time = 00:00:11, memory = 533.62 (MB).
    Completing 100% with 57 violations.
    elapsed time = 00:00:11, memory = 499.72 (MB).
[INFO DRT-0199]   Number of violations = 57.
Viol/Layer        met1   met2
Metal Spacing       11      2
Min Hole             1      0
Short               43      0
[INFO DRT-0267] cpu time = 00:00:16, elapsed time = 00:00:11, memory = 500.89 (MB), peak = 556.85 (MB)
Total wire length = 20755 um.
Total wire length on LAYER li1 = 0 um.
Total wire length on LAYER met1 = 10440 um.
Total wire length on LAYER met2 = 9462 um.
Total wire length on LAYER met3 = 803 um.
Total wire length on LAYER met4 = 48 um.
Total wire length on LAYER met5 = 0 um.
Total number of vias = 4998.
Up-via summary (total 4998):.

-----------------------
 FR_MASTERSLICE       0
            li1    2451
           met1    2495
           met2      49
           met3       3
           met4       0
-----------------------
                   4998


[INFO DRT-0195] Start 2nd optimization iteration.
    Completing 10% with 57 violations.
    elapsed time = 00:00:00, memory = 500.89 (MB).
    Completing 20% with 57 violations.
    elapsed time = 00:00:00, memory = 536.08 (MB).
    Completing 30% with 60 violations.
    elapsed time = 00:00:01, memory = 499.73 (MB).
    Completing 40% with 60 violations.
    elapsed time = 00:00:01, memory = 499.73 (MB).
    Completing 50% with 60 violations.
    elapsed time = 00:00:03, memory = 533.36 (MB).
    Completing 60% with 41 violations.
    elapsed time = 00:00:04, memory = 535.52 (MB).
    Completing 70% with 41 violations.
    elapsed time = 00:00:04, memory = 546.08 (MB).
    Completing 80% with 33 violations.
    elapsed time = 00:00:04, memory = 499.40 (MB).
    Completing 90% with 33 violations.
    elapsed time = 00:00:05, memory = 541.54 (MB).
    Completing 100% with 40 violations.
    elapsed time = 00:00:05, memory = 499.71 (MB).
[INFO DRT-0199]   Number of violations = 40.
Viol/Layer        met1   met2
Metal Spacing       13      3
Short               23      1
[INFO DRT-0267] cpu time = 00:00:08, elapsed time = 00:00:06, memory = 500.89 (MB), peak = 556.85 (MB)
Total wire length = 20604 um.
Total wire length on LAYER li1 = 0 um.
Total wire length on LAYER met1 = 10394 um.
Total wire length on LAYER met2 = 9380 um.
Total wire length on LAYER met3 = 774 um.
Total wire length on LAYER met4 = 54 um.
Total wire length on LAYER met5 = 0 um.
Total number of vias = 4995.
Up-via summary (total 4995):.

-----------------------
 FR_MASTERSLICE       0
            li1    2451
           met1    2493
           met2      48
           met3       3
           met4       0
-----------------------
                   4995


[INFO DRT-0195] Start 3rd optimization iteration.
    Completing 10% with 40 violations.
    elapsed time = 00:00:00, memory = 537.87 (MB).
    Completing 20% with 40 violations.
    elapsed time = 00:00:00, memory = 537.87 (MB).
    Completing 30% with 34 violations.
    elapsed time = 00:00:00, memory = 499.88 (MB).
    Completing 40% with 34 violations.
    elapsed time = 00:00:00, memory = 531.63 (MB).
    Completing 50% with 34 violations.
    elapsed time = 00:00:01, memory = 531.63 (MB).
    Completing 60% with 24 violations.
    elapsed time = 00:00:01, memory = 524.86 (MB).
    Completing 70% with 24 violations.
    elapsed time = 00:00:01, memory = 524.86 (MB).
    Completing 80% with 6 violations.
    elapsed time = 00:00:04, memory = 499.44 (MB).
    Completing 90% with 6 violations.
    elapsed time = 00:00:04, memory = 519.62 (MB).
    Completing 100% with 0 violations.
    elapsed time = 00:00:04, memory = 519.62 (MB).
[INFO DRT-0199]   Number of violations = 0.
[INFO DRT-0267] cpu time = 00:00:05, elapsed time = 00:00:04, memory = 519.62 (MB), peak = 556.85 (MB)
Total wire length = 20566 um.
Total wire length on LAYER li1 = 0 um.
Total wire length on LAYER met1 = 10319 um.
Total wire length on LAYER met2 = 9364 um.
Total wire length on LAYER met3 = 827 um.
Total wire length on LAYER met4 = 54 um.
Total wire length on LAYER met5 = 0 um.
Total number of vias = 5008.
Up-via summary (total 5008):.

-----------------------
 FR_MASTERSLICE       0
            li1    2451
           met1    2502
           met2      52
           met3       3
           met4       0
-----------------------
                   5008


[INFO DRT-0198] Complete detail routing.
Total wire length = 20566 um.
Total wire length on LAYER li1 = 0 um.
Total wire length on LAYER met1 = 10319 um.
Total wire length on LAYER met2 = 9364 um.
Total wire length on LAYER met3 = 827 um.
Total wire length on LAYER met4 = 54 um.
Total wire length on LAYER met5 = 0 um.
Total number of vias = 5008.
Up-via summary (total 5008):.

-----------------------
 FR_MASTERSLICE       0
            li1    2451
           met1    2502
           met2      52
           met3       3
           met4       0
-----------------------
                   5008


[INFO DRT-0267] cpu time = 00:00:44, elapsed time = 00:00:30, memory = 519.62 (MB), peak = 556.85 (MB)

[INFO DRT-0180] Post processing.
Setting global connections for newly added cells…
Writing OpenROAD database to '/openlane/designs/AsynFifo/runs/last_ru1n/results/routing/AsynFifo.odb'…
Writing netlist to '/openlane/designs/AsynFifo/runs/last_ru1n/results/routing/AsynFifo.nl.v'…
Writing powered netlist to '/openlane/designs/AsynFifo/runs/last_ru1n/results/routing/AsynFifo.pnl.v'…
Writing layout to '/openlane/designs/AsynFifo/runs/last_ru1n/results/routing/AsynFifo.def'…
