OpenROAD 41a51eaf4ca2171c92ff38afb91eb37bbd3f36da 
This program is licensed under the BSD-3 license. See the LICENSE file for details.
Components of this program may be licensed under more restrictive licenses which must be honored.
[INFO]: Reading ODB at '/openlane/designs/AsynFifo/runs/run_1/results/floorplan/AsynFifo.odb'…
define_corners Typical
read_liberty -corner Typical /home/nguyenson99/.ciel/sky130A/libs.ref/sky130_fd_sc_hd/lib/sky130_fd_sc_hd__tt_025C_1v80.lib
Using 1e-12 for capacitance...
Using 1e+03 for resistance...
Using 1e-09 for time...
Using 1e+00 for voltage...
Using 1e-03 for current...
Using 1e-09 for power...
Using 1e-06 for distance...
Reading design constraints file at '/openlane/designs/AsynFifo/runs/run_1/tmp/floorplan/3-initial_fp.sdc'…
[INFO]: Setting RC values...
[INFO]: Setting signal min routing layer to: met1 and clock min routing layer to met3. 
[INFO]: Setting signal max routing layer to: met5 and clock max routing layer to met5. 
[INFO GPL-0002] DBU: 1000
[INFO GPL-0003] SiteSize: 460 2720
[INFO GPL-0004] CoreAreaLxLy: 5520 10880
[INFO GPL-0005] CoreAreaUxUy: 994060 987360
[INFO GPL-0006] NumInstances: 15064
[INFO GPL-0007] NumPlaceInstances: 628
[INFO GPL-0008] NumFixedInstances: 14436
[INFO GPL-0009] NumDummyInstances: 0
[INFO GPL-0010] NumNets: 642
[INFO GPL-0011] NumPins: 2146
[INFO GPL-0012] DieAreaLxLy: 0 0
[INFO GPL-0013] DieAreaUxUy: 1000000 1000000
[INFO GPL-0014] CoreAreaLxLy: 5520 10880
[INFO GPL-0015] CoreAreaUxUy: 994060 987360
[INFO GPL-0016] CoreArea: 965289539200
[INFO GPL-0017] NonPlaceInstsArea: 19859046400
[INFO GPL-0018] PlaceInstsArea: 8041462400
[INFO GPL-0019] Util(%): 0.85
[INFO GPL-0020] StdInstsArea: 8041462400
[INFO GPL-0021] MacroInstsArea: 0
[InitialPlace]  Iter: 1 CG residual: 0.00000003 HPWL: 29809570
[InitialPlace]  Iter: 2 CG residual: 0.00000008 HPWL: 24516569
[InitialPlace]  Iter: 3 CG residual: 0.00000008 HPWL: 24652520
[InitialPlace]  Iter: 4 CG residual: 0.00000007 HPWL: 24687899
[InitialPlace]  Iter: 5 CG residual: 0.00000010 HPWL: 24709297
[INFO GPL-0031] FillerInit: NumGCells: 30152
[INFO GPL-0032] FillerInit: NumGNets: 642
[INFO GPL-0033] FillerInit: NumGPins: 2146
[INFO GPL-0023] TargetDensity: 0.40
[INFO GPL-0024] AveragePlaceInstArea: 12804876
[INFO GPL-0025] IdealBinArea: 32012190
[INFO GPL-0026] IdealBinCnt: 30153
[INFO GPL-0027] TotalBinArea: 965289539200
[INFO GPL-0028] BinCnt: 128 128
[INFO GPL-0029] BinSize: 7723 7629
[INFO GPL-0030] NumBins: 16384
[NesterovSolve] Iter: 1 overflow: 0.927811 HPWL: 23223694
[NesterovSolve] Iter: 10 overflow: 0.79244 HPWL: 26590108
[INFO GPL-0100] worst slack 5.21e-09
[INFO GPL-0103] Weighted 64 nets.
[NesterovSolve] Iter: 20 overflow: 0.789294 HPWL: 25186244
[NesterovSolve] Iter: 30 overflow: 0.777697 HPWL: 25179730
[NesterovSolve] Iter: 40 overflow: 0.787357 HPWL: 25384392
[NesterovSolve] Iter: 50 overflow: 0.777939 HPWL: 25170976
[NesterovSolve] Iter: 60 overflow: 0.7842 HPWL: 25196464
[NesterovSolve] Iter: 70 overflow: 0.781248 HPWL: 25409467
[NesterovSolve] Iter: 80 overflow: 0.778303 HPWL: 25353900
[NesterovSolve] Iter: 90 overflow: 0.788721 HPWL: 25398022
[NesterovSolve] Iter: 100 overflow: 0.777624 HPWL: 25574233
[NesterovSolve] Iter: 110 overflow: 0.782579 HPWL: 25393546
[NesterovSolve] Iter: 120 overflow: 0.776206 HPWL: 25561214
[NesterovSolve] Iter: 130 overflow: 0.775858 HPWL: 25541868
[NesterovSolve] Iter: 140 overflow: 0.778507 HPWL: 25454353
[NesterovSolve] Iter: 150 overflow: 0.774354 HPWL: 25649177
[NesterovSolve] Iter: 160 overflow: 0.777044 HPWL: 25668517
[NesterovSolve] Iter: 170 overflow: 0.781316 HPWL: 25749198
[NesterovSolve] Iter: 180 overflow: 0.773931 HPWL: 25770043
[NesterovSolve] Iter: 190 overflow: 0.770686 HPWL: 25727372
[NesterovSolve] Iter: 200 overflow: 0.762113 HPWL: 25627313
[NesterovSolve] Iter: 210 overflow: 0.753962 HPWL: 25395411
[NesterovSolve] Iter: 220 overflow: 0.738692 HPWL: 25525356
[NesterovSolve] Iter: 230 overflow: 0.711284 HPWL: 25382334
[NesterovSolve] Iter: 240 overflow: 0.682826 HPWL: 25177673
[NesterovSolve] Iter: 250 overflow: 0.648779 HPWL: 24808822
[INFO GPL-0100] worst slack 5.23e-09
[INFO GPL-0103] Weighted 64 nets.
[NesterovSolve] Iter: 260 overflow: 0.60531 HPWL: 24936144
[NesterovSolve] Snapshot saved at iter = 261
[NesterovSolve] Iter: 270 overflow: 0.559397 HPWL: 25013206
[NesterovSolve] Iter: 280 overflow: 0.513447 HPWL: 25299771
[INFO GPL-0100] worst slack 5.23e-09
[INFO GPL-0103] Weighted 63 nets.
[NesterovSolve] Iter: 290 overflow: 0.469318 HPWL: 25690910
[NesterovSolve] Iter: 300 overflow: 0.411048 HPWL: 25625952
[NesterovSolve] Iter: 310 overflow: 0.376435 HPWL: 25724431
[NesterovSolve] Iter: 320 overflow: 0.329347 HPWL: 25874801
[NesterovSolve] Iter: 330 overflow: 0.303401 HPWL: 26024061
[INFO GPL-0100] worst slack 5.17e-09
[INFO GPL-0103] Weighted 64 nets.
[NesterovSolve] Iter: 340 overflow: 0.273441 HPWL: 26176467
[NesterovSolve] Iter: 350 overflow: 0.231872 HPWL: 26713479
[INFO GPL-0100] worst slack 5.25e-09
[INFO GPL-0103] Weighted 64 nets.
[NesterovSolve] Iter: 360 overflow: 0.207901 HPWL: 27399505
[INFO GPL-0075] Routability numCall: 1 inflationIterCnt: 1 bloatIterCnt: 0
[INFO GPL-0036] TileLxLy: 0 0
[INFO GPL-0037] TileSize: 6900 6900
[INFO GPL-0038] TileCnt: 144 144
[INFO GPL-0039] numRoutingLayers: 6
[INFO GPL-0040] NumTiles: 20736
[INFO GPL-0063] TotalRouteOverflowH2: 0.0
[INFO GPL-0064] TotalRouteOverflowV2: 0.0
[INFO GPL-0065] OverflowTileCnt2: 0
[INFO GPL-0066] 0.5%RC: 0.7536303629182747
[INFO GPL-0067] 1.0%RC: 0.6778878079782619
[INFO GPL-0068] 2.0%RC: 0.6722841996242566
[INFO GPL-0069] 5.0%RC: 0.5735196938902741
[INFO GPL-0070] 0.5rcK: 1.0
[INFO GPL-0071] 1.0rcK: 1.0
[INFO GPL-0072] 2.0rcK: 0.0
[INFO GPL-0073] 5.0rcK: 0.0
[INFO GPL-0074] FinalRC: 0.7157591
[NesterovSolve] Iter: 370 overflow: 0.183709 HPWL: 27668293
[NesterovSolve] Iter: 380 overflow: 0.148956 HPWL: 27670249
[INFO GPL-0100] worst slack 5.26e-09
[INFO GPL-0103] Weighted 63 nets.
[NesterovSolve] Iter: 390 overflow: 0.137878 HPWL: 27800623
[NesterovSolve] Iter: 400 overflow: 0.11402 HPWL: 27945910
[NesterovSolve] Finished with Overflow: 0.092232
Setting global connections for newly added cells…
Writing OpenROAD database to '/openlane/designs/AsynFifo/runs/run_1/tmp/placement/7-global.odb'…
Writing netlist to '/openlane/designs/AsynFifo/runs/run_1/tmp/placement/7-global.nl.v'…
Writing powered netlist to '/openlane/designs/AsynFifo/runs/run_1/tmp/placement/7-global.pnl.v'…
Writing layout to '/openlane/designs/AsynFifo/runs/run_1/tmp/placement/7-global.def'…
