
===========================================================================
 report_power
============================================================================
======================= Fastest Corner ===================================

Group                  Internal  Switching    Leakage      Total
                          Power      Power      Power      Power (Watts)
----------------------------------------------------------------
Sequential             1.11e-03   2.30e-04   1.84e-07   1.34e-03  36.6%
Combinational          1.43e-03   8.84e-04   9.89e-09   2.31e-03  63.4%
Macro                  0.00e+00   0.00e+00   0.00e+00   0.00e+00   0.0%
Pad                    0.00e+00   0.00e+00   0.00e+00   0.00e+00   0.0%
----------------------------------------------------------------
Total                  2.53e-03   1.11e-03   1.94e-07   3.65e-03 100.0%
                          69.5%      30.5%       0.0%

======================= Slowest Corner ===================================

Group                  Internal  Switching    Leakage      Total
                          Power      Power      Power      Power (Watts)
----------------------------------------------------------------
Sequential             7.59e-04   1.48e-04   2.72e-06   9.10e-04  36.5%
Combinational          1.01e-03   5.69e-04   4.01e-06   1.58e-03  63.5%
Macro                  0.00e+00   0.00e+00   0.00e+00   0.00e+00   0.0%
Pad                    0.00e+00   0.00e+00   0.00e+00   0.00e+00   0.0%
----------------------------------------------------------------
Total                  1.77e-03   7.17e-04   6.73e-06   2.49e-03 100.0%
                          70.9%      28.8%       0.3%

======================= Typical Corner ===================================

Group                  Internal  Switching    Leakage      Total
                          Power      Power      Power      Power (Watts)
----------------------------------------------------------------
Sequential             9.62e-04   1.91e-04   1.83e-07   1.15e-03  36.6%
Combinational          1.26e-03   7.38e-04   6.17e-09   2.00e-03  63.4%
Macro                  0.00e+00   0.00e+00   0.00e+00   0.00e+00   0.0%
Pad                    0.00e+00   0.00e+00   0.00e+00   0.00e+00   0.0%
----------------------------------------------------------------
Total                  2.22e-03   9.30e-04   1.89e-07   3.15e-03 100.0%
                          70.5%      29.5%       0.0%

