
 /----------------------------------------------------------------------------\
 |                                                                            |
 |  yosys -- Yosys Open SYnthesis Suite                                       |
 |                                                                            |
 |  Copyright (C) 2012 - 2020  Claire Xenia Wolf <claire@yosyshq.com>         |
 |                                                                            |
 |  Permission to use, copy, modify, and/or distribute this software for any  |
 |  purpose with or without fee is hereby granted, provided that the above    |
 |  copyright notice and this permission notice appear in all copies.         |
 |                                                                            |
 |  THE SOFTWARE IS PROVIDED "AS IS" AND THE AUTHOR DISCLAIMS ALL WARRANTIES  |
 |  WITH REGARD TO THIS SOFTWARE INCLUDING ALL IMPLIED WARRANTIES OF          |
 |  MERCHANTABILITY AND FITNESS. IN NO EVENT SHALL THE AUTHOR BE LIABLE FOR   |
 |  ANY SPECIAL, DIRECT, INDIRECT, OR CONSEQUENTIAL DAMAGES OR ANY DAMAGES    |
 |  WHATSOEVER RESULTING FROM LOSS OF USE, DATA OR PROFITS, WHETHER IN AN     |
 |  ACTION OF CONTRACT, NEGLIGENCE OR OTHER TORTIOUS ACTION, ARISING OUT OF   |
 |  OR IN CONNECTION WITH THE USE OR PERFORMANCE OF THIS SOFTWARE.            |
 |                                                                            |
 \----------------------------------------------------------------------------/

 Yosys 0.30+48 (git sha1 14d50a176d5, gcc 8.3.1 -fPIC -Os)

[TCL: yosys -import] Command name collision: found pre-existing command `cd' -> skip.
[TCL: yosys -import] Command name collision: found pre-existing command `eval' -> skip.
[TCL: yosys -import] Command name collision: found pre-existing command `exec' -> skip.
[TCL: yosys -import] Command name collision: found pre-existing command `read' -> skip.
[TCL: yosys -import] Command name collision: found pre-existing command `trace' -> skip.

1. Executing Verilog-2005 frontend: /openlane/designs/AsynFifo/src/AsynFifo.v
Parsing SystemVerilog input from `/openlane/designs/AsynFifo/src/AsynFifo.v' to AST representation.
Generating RTLIL representation for module `\AsynFifo'.
Successfully finished Verilog frontend.

2. Generating Graphviz representation of design.
Writing dot description to `/openlane/designs/AsynFifo/runs/run1/tmp/synthesis/hierarchy.dot'.
Dumping module AsynFifo to page 1.

3. Executing HIERARCHY pass (managing design hierarchy).

3.1. Analyzing design hierarchy..
Top module:  \AsynFifo

3.2. Analyzing design hierarchy..
Top module:  \AsynFifo
Removed 0 unused modules.

4. Executing TRIBUF pass.

5. Executing HIERARCHY pass (managing design hierarchy).

5.1. Analyzing design hierarchy..
Top module:  \AsynFifo

5.2. Analyzing design hierarchy..
Top module:  \AsynFifo
Removed 0 unused modules.

6. Executing PROC_CLEAN pass (remove empty switches from decision trees).
Cleaned up 0 empty switches.

7. Executing PROC_RMDEAD pass (remove dead branches from decision trees).
Marked 1 switch rules as full_case in process $proc$/openlane/designs/AsynFifo/src/AsynFifo.v:113$27 in module AsynFifo.
Marked 1 switch rules as full_case in process $proc$/openlane/designs/AsynFifo/src/AsynFifo.v:100$25 in module AsynFifo.
Marked 1 switch rules as full_case in process $proc$/openlane/designs/AsynFifo/src/AsynFifo.v:78$16 in module AsynFifo.
Marked 1 switch rules as full_case in process $proc$/openlane/designs/AsynFifo/src/AsynFifo.v:65$14 in module AsynFifo.
Marked 1 switch rules as full_case in process $proc$/openlane/designs/AsynFifo/src/AsynFifo.v:52$12 in module AsynFifo.
Removed a total of 0 dead cases.

8. Executing PROC_PRUNE pass (remove redundant assignments in processes).
Removed 4 redundant assignments.
Promoted 3 assignments to connections.

9. Executing PROC_INIT pass (extract init attributes).

10. Executing PROC_ARST pass (detect async resets in processes).
Found async reset \r_rst_n in `\AsynFifo.$proc$/openlane/designs/AsynFifo/src/AsynFifo.v:113$27'.
Found async reset \w_rst_n in `\AsynFifo.$proc$/openlane/designs/AsynFifo/src/AsynFifo.v:100$25'.
Found async reset \r_rst_n in `\AsynFifo.$proc$/openlane/designs/AsynFifo/src/AsynFifo.v:65$14'.
Found async reset \w_rst_n in `\AsynFifo.$proc$/openlane/designs/AsynFifo/src/AsynFifo.v:52$12'.

11. Executing PROC_ROM pass (convert switches to ROMs).
Converted 0 switches.
<suppressed ~4 debug messages>

12. Executing PROC_MUX pass (convert decision trees to multiplexers).
Creating decoders for process `\AsynFifo.$proc$/openlane/designs/AsynFifo/src/AsynFifo.v:113$27'.
     1/2: $0\w_ptr_g_sync2[4:0]
     2/2: $0\w_ptr_g_sync1[4:0]
Creating decoders for process `\AsynFifo.$proc$/openlane/designs/AsynFifo/src/AsynFifo.v:100$25'.
     1/2: $0\r_ptr_g_sync2[4:0]
     2/2: $0\r_ptr_g_sync1[4:0]
Creating decoders for process `\AsynFifo.$proc$/openlane/designs/AsynFifo/src/AsynFifo.v:89$23'.
     1/1: $0\r_data_r[7:0]
Creating decoders for process `\AsynFifo.$proc$/openlane/designs/AsynFifo/src/AsynFifo.v:78$16'.
     1/3: $1$memwr$\mem$/openlane/designs/AsynFifo/src/AsynFifo.v:80$1_EN[7:0]$22
     2/3: $1$memwr$\mem$/openlane/designs/AsynFifo/src/AsynFifo.v:80$1_DATA[7:0]$21
     3/3: $1$memwr$\mem$/openlane/designs/AsynFifo/src/AsynFifo.v:80$1_ADDR[3:0]$20
Creating decoders for process `\AsynFifo.$proc$/openlane/designs/AsynFifo/src/AsynFifo.v:65$14'.
     1/2: $0\r_ptr_g[4:0]
     2/2: $0\r_ptr_b[4:0]
Creating decoders for process `\AsynFifo.$proc$/openlane/designs/AsynFifo/src/AsynFifo.v:52$12'.
     1/2: $0\w_ptr_g[4:0]
     2/2: $0\w_ptr_b[4:0]

13. Executing PROC_DLATCH pass (convert process syncs to latches).

14. Executing PROC_DFF pass (convert process syncs to FFs).
Creating register for signal `\AsynFifo.\w_ptr_g_sync1' using process `\AsynFifo.$proc$/openlane/designs/AsynFifo/src/AsynFifo.v:113$27'.
  created $adff cell `$procdff$51' with positive edge clock and negative level reset.
Creating register for signal `\AsynFifo.\w_ptr_g_sync2' using process `\AsynFifo.$proc$/openlane/designs/AsynFifo/src/AsynFifo.v:113$27'.
  created $adff cell `$procdff$52' with positive edge clock and negative level reset.
Creating register for signal `\AsynFifo.\r_ptr_g_sync1' using process `\AsynFifo.$proc$/openlane/designs/AsynFifo/src/AsynFifo.v:100$25'.
  created $adff cell `$procdff$53' with positive edge clock and negative level reset.
Creating register for signal `\AsynFifo.\r_ptr_g_sync2' using process `\AsynFifo.$proc$/openlane/designs/AsynFifo/src/AsynFifo.v:100$25'.
  created $adff cell `$procdff$54' with positive edge clock and negative level reset.
Creating register for signal `\AsynFifo.\r_data_r' using process `\AsynFifo.$proc$/openlane/designs/AsynFifo/src/AsynFifo.v:89$23'.
  created $dff cell `$procdff$55' with positive edge clock.
Creating register for signal `\AsynFifo.$memwr$\mem$/openlane/designs/AsynFifo/src/AsynFifo.v:80$1_ADDR' using process `\AsynFifo.$proc$/openlane/designs/AsynFifo/src/AsynFifo.v:78$16'.
  created $dff cell `$procdff$56' with positive edge clock.
Creating register for signal `\AsynFifo.$memwr$\mem$/openlane/designs/AsynFifo/src/AsynFifo.v:80$1_DATA' using process `\AsynFifo.$proc$/openlane/designs/AsynFifo/src/AsynFifo.v:78$16'.
  created $dff cell `$procdff$57' with positive edge clock.
Creating register for signal `\AsynFifo.$memwr$\mem$/openlane/designs/AsynFifo/src/AsynFifo.v:80$1_EN' using process `\AsynFifo.$proc$/openlane/designs/AsynFifo/src/AsynFifo.v:78$16'.
  created $dff cell `$procdff$58' with positive edge clock.
Creating register for signal `\AsynFifo.\r_ptr_b' using process `\AsynFifo.$proc$/openlane/designs/AsynFifo/src/AsynFifo.v:65$14'.
  created $adff cell `$procdff$59' with positive edge clock and negative level reset.
Creating register for signal `\AsynFifo.\r_ptr_g' using process `\AsynFifo.$proc$/openlane/designs/AsynFifo/src/AsynFifo.v:65$14'.
  created $adff cell `$procdff$60' with positive edge clock and negative level reset.
Creating register for signal `\AsynFifo.\w_ptr_b' using process `\AsynFifo.$proc$/openlane/designs/AsynFifo/src/AsynFifo.v:52$12'.
  created $adff cell `$procdff$61' with positive edge clock and negative level reset.
Creating register for signal `\AsynFifo.\w_ptr_g' using process `\AsynFifo.$proc$/openlane/designs/AsynFifo/src/AsynFifo.v:52$12'.
  created $adff cell `$procdff$62' with positive edge clock and negative level reset.

15. Executing PROC_MEMWR pass (convert process memory writes to cells).

16. Executing PROC_CLEAN pass (remove empty switches from decision trees).
Removing empty process `AsynFifo.$proc$/openlane/designs/AsynFifo/src/AsynFifo.v:113$27'.
Removing empty process `AsynFifo.$proc$/openlane/designs/AsynFifo/src/AsynFifo.v:100$25'.
Found and cleaned up 1 empty switch in `\AsynFifo.$proc$/openlane/designs/AsynFifo/src/AsynFifo.v:89$23'.
Removing empty process `AsynFifo.$proc$/openlane/designs/AsynFifo/src/AsynFifo.v:89$23'.
Found and cleaned up 1 empty switch in `\AsynFifo.$proc$/openlane/designs/AsynFifo/src/AsynFifo.v:78$16'.
Removing empty process `AsynFifo.$proc$/openlane/designs/AsynFifo/src/AsynFifo.v:78$16'.
Found and cleaned up 1 empty switch in `\AsynFifo.$proc$/openlane/designs/AsynFifo/src/AsynFifo.v:65$14'.
Removing empty process `AsynFifo.$proc$/openlane/designs/AsynFifo/src/AsynFifo.v:65$14'.
Found and cleaned up 1 empty switch in `\AsynFifo.$proc$/openlane/designs/AsynFifo/src/AsynFifo.v:52$12'.
Removing empty process `AsynFifo.$proc$/openlane/designs/AsynFifo/src/AsynFifo.v:52$12'.
Cleaned up 4 empty switches.

17. Executing CHECK pass (checking for obvious problems).
Checking module AsynFifo...
Found and reported 0 problems.

18. Executing OPT_EXPR pass (perform const folding).
Optimizing module AsynFifo.
<suppressed ~2 debug messages>

19. Executing FLATTEN pass (flatten design).

20. Executing OPT_EXPR pass (perform const folding).
Optimizing module AsynFifo.

21. Executing OPT_CLEAN pass (remove unused cells and wires).
Finding unused cells or wires in module \AsynFifo..
Removed 7 unused cells and 40 unused wires.
<suppressed ~8 debug messages>

22. Executing OPT pass (performing simple optimizations).

22.1. Executing OPT_EXPR pass (perform const folding).
Optimizing module AsynFifo.

22.2. Executing OPT_MERGE pass (detect identical cells).
Finding identical cells in module `\AsynFifo'.
Removed a total of 0 cells.

22.3. Executing OPT_MUXTREE pass (detect dead branches in mux trees).
Running muxtree optimizer on module \AsynFifo..
  Creating internal representation of mux trees.
  Evaluating internal representation of mux trees.
  Analyzing evaluation results.
Removed 0 multiplexer ports.
<suppressed ~8 debug messages>

22.4. Executing OPT_REDUCE pass (consolidate $*mux and $reduce_* inputs).
  Optimizing cells in module \AsynFifo.
    Consolidated identical input bits for $mux cell $procmux$35:
      Old ports: A=8'00000000, B=8'11111111, Y=$0$memwr$\mem$/openlane/designs/AsynFifo/src/AsynFifo.v:80$1_EN[7:0]$19
      New ports: A=1'0, B=1'1, Y=$0$memwr$\mem$/openlane/designs/AsynFifo/src/AsynFifo.v:80$1_EN[7:0]$19 [0]
      New connections: $0$memwr$\mem$/openlane/designs/AsynFifo/src/AsynFifo.v:80$1_EN[7:0]$19 [7:1] = { $0$memwr$\mem$/openlane/designs/AsynFifo/src/AsynFifo.v:80$1_EN[7:0]$19 [0] $0$memwr$\mem$/openlane/designs/AsynFifo/src/AsynFifo.v:80$1_EN[7:0]$19 [0] $0$memwr$\mem$/openlane/designs/AsynFifo/src/AsynFifo.v:80$1_EN[7:0]$19 [0] $0$memwr$\mem$/openlane/designs/AsynFifo/src/AsynFifo.v:80$1_EN[7:0]$19 [0] $0$memwr$\mem$/openlane/designs/AsynFifo/src/AsynFifo.v:80$1_EN[7:0]$19 [0] $0$memwr$\mem$/openlane/designs/AsynFifo/src/AsynFifo.v:80$1_EN[7:0]$19 [0] $0$memwr$\mem$/openlane/designs/AsynFifo/src/AsynFifo.v:80$1_EN[7:0]$19 [0] }
  Optimizing cells in module \AsynFifo.
Performed a total of 1 changes.

22.5. Executing OPT_MERGE pass (detect identical cells).
Finding identical cells in module `\AsynFifo'.
Removed a total of 0 cells.

22.6. Executing OPT_DFF pass (perform DFF optimizations).

22.7. Executing OPT_CLEAN pass (remove unused cells and wires).
Finding unused cells or wires in module \AsynFifo..

22.8. Executing OPT_EXPR pass (perform const folding).
Optimizing module AsynFifo.

22.9. Rerunning OPT passes. (Maybe there is more to do..)

22.10. Executing OPT_MUXTREE pass (detect dead branches in mux trees).
Running muxtree optimizer on module \AsynFifo..
  Creating internal representation of mux trees.
  Evaluating internal representation of mux trees.
  Analyzing evaluation results.
Removed 0 multiplexer ports.
<suppressed ~8 debug messages>

22.11. Executing OPT_REDUCE pass (consolidate $*mux and $reduce_* inputs).
  Optimizing cells in module \AsynFifo.
Performed a total of 0 changes.

22.12. Executing OPT_MERGE pass (detect identical cells).
Finding identical cells in module `\AsynFifo'.
Removed a total of 0 cells.

22.13. Executing OPT_DFF pass (perform DFF optimizations).

22.14. Executing OPT_CLEAN pass (remove unused cells and wires).
Finding unused cells or wires in module \AsynFifo..

22.15. Executing OPT_EXPR pass (perform const folding).
Optimizing module AsynFifo.

22.16. Finished OPT passes. (There is nothing left to do.)

23. Executing FSM pass (extract and optimize FSM).

23.1. Executing FSM_DETECT pass (finding FSMs in design).

23.2. Executing FSM_EXTRACT pass (extracting FSM from design).

23.3. Executing FSM_OPT pass (simple optimizations of FSMs).

23.4. Executing OPT_CLEAN pass (remove unused cells and wires).
Finding unused cells or wires in module \AsynFifo..

23.5. Executing FSM_OPT pass (simple optimizations of FSMs).

23.6. Executing FSM_RECODE pass (re-assigning FSM state encoding).

23.7. Executing FSM_INFO pass (dumping all available information on FSM cells).

23.8. Executing FSM_MAP pass (mapping FSMs to basic logic).

24. Executing OPT pass (performing simple optimizations).

24.1. Executing OPT_EXPR pass (perform const folding).
Optimizing module AsynFifo.

24.2. Executing OPT_MERGE pass (detect identical cells).
Finding identical cells in module `\AsynFifo'.
Removed a total of 0 cells.

24.3. Executing OPT_MUXTREE pass (detect dead branches in mux trees).
Running muxtree optimizer on module \AsynFifo..
  Creating internal representation of mux trees.
  Evaluating internal representation of mux trees.
  Analyzing evaluation results.
Removed 0 multiplexer ports.
<suppressed ~8 debug messages>

24.4. Executing OPT_REDUCE pass (consolidate $*mux and $reduce_* inputs).
  Optimizing cells in module \AsynFifo.
Performed a total of 0 changes.

24.5. Executing OPT_MERGE pass (detect identical cells).
Finding identical cells in module `\AsynFifo'.
Removed a total of 0 cells.

24.6. Executing OPT_DFF pass (perform DFF optimizations).
Adding EN signal on $procdff$62 ($adff) from module AsynFifo (D = \w_ptr_gnext, Q = \w_ptr_g).
Adding EN signal on $procdff$61 ($adff) from module AsynFifo (D = \w_ptr_bnext, Q = \w_ptr_b).
Adding EN signal on $procdff$60 ($adff) from module AsynFifo (D = \r_ptr_gnext, Q = \r_ptr_g).
Adding EN signal on $procdff$59 ($adff) from module AsynFifo (D = \r_ptr_bnext, Q = \r_ptr_b).
Adding EN signal on $procdff$55 ($dff) from module AsynFifo (D = $memrd$\mem$/openlane/designs/AsynFifo/src/AsynFifo.v:91$24_DATA, Q = \r_data_r).

24.7. Executing OPT_CLEAN pass (remove unused cells and wires).
Finding unused cells or wires in module \AsynFifo..
Removed 5 unused cells and 5 unused wires.
<suppressed ~6 debug messages>

24.8. Executing OPT_EXPR pass (perform const folding).
Optimizing module AsynFifo.

24.9. Rerunning OPT passes. (Maybe there is more to do..)

24.10. Executing OPT_MUXTREE pass (detect dead branches in mux trees).
Running muxtree optimizer on module \AsynFifo..
  Creating internal representation of mux trees.
  Evaluating internal representation of mux trees.
  Analyzing evaluation results.
Removed 0 multiplexer ports.
<suppressed ~3 debug messages>

24.11. Executing OPT_REDUCE pass (consolidate $*mux and $reduce_* inputs).
  Optimizing cells in module \AsynFifo.
Performed a total of 0 changes.

24.12. Executing OPT_MERGE pass (detect identical cells).
Finding identical cells in module `\AsynFifo'.
Removed a total of 0 cells.

24.13. Executing OPT_DFF pass (perform DFF optimizations).

24.14. Executing OPT_CLEAN pass (remove unused cells and wires).
Finding unused cells or wires in module \AsynFifo..

24.15. Executing OPT_EXPR pass (perform const folding).
Optimizing module AsynFifo.

24.16. Finished OPT passes. (There is nothing left to do.)

25. Executing WREDUCE pass (reducing word size of cells).
Removed top 1 bits (of 5) from port A of cell AsynFifo.$xor$/openlane/designs/AsynFifo/src/AsynFifo.v:46$9 ($xor).
Removed top 1 bits (of 5) from port A of cell AsynFifo.$xor$/openlane/designs/AsynFifo/src/AsynFifo.v:47$11 ($xor).

26. Executing PEEPOPT pass (run peephole optimizers).

27. Executing OPT_CLEAN pass (remove unused cells and wires).
Finding unused cells or wires in module \AsynFifo..

28. Executing ALUMACC pass (create $alu and $macc cells).
Extracting $alu and $macc cells in module AsynFifo:
  creating $macc model for $add$/openlane/designs/AsynFifo/src/AsynFifo.v:42$6 ($add).
  creating $macc model for $add$/openlane/designs/AsynFifo/src/AsynFifo.v:43$7 ($add).
  creating $alu model for $macc $add$/openlane/designs/AsynFifo/src/AsynFifo.v:43$7.
  creating $alu model for $macc $add$/openlane/designs/AsynFifo/src/AsynFifo.v:42$6.
  creating $alu cell for $add$/openlane/designs/AsynFifo/src/AsynFifo.v:42$6: $auto$alumacc.cc:485:replace_alu$69
  creating $alu cell for $add$/openlane/designs/AsynFifo/src/AsynFifo.v:43$7: $auto$alumacc.cc:485:replace_alu$72
  created 2 $alu and 0 $macc cells.

29. Executing SHARE pass (SAT-based resource sharing).

30. Executing OPT pass (performing simple optimizations).

30.1. Executing OPT_EXPR pass (perform const folding).
Optimizing module AsynFifo.

30.2. Executing OPT_MERGE pass (detect identical cells).
Finding identical cells in module `\AsynFifo'.
Removed a total of 0 cells.

30.3. Executing OPT_MUXTREE pass (detect dead branches in mux trees).
Running muxtree optimizer on module \AsynFifo..
  Creating internal representation of mux trees.
  Evaluating internal representation of mux trees.
  Analyzing evaluation results.
Removed 0 multiplexer ports.
<suppressed ~3 debug messages>

30.4. Executing OPT_REDUCE pass (consolidate $*mux and $reduce_* inputs).
  Optimizing cells in module \AsynFifo.
Performed a total of 0 changes.

30.5. Executing OPT_MERGE pass (detect identical cells).
Finding identical cells in module `\AsynFifo'.
Removed a total of 0 cells.

30.6. Executing OPT_DFF pass (perform DFF optimizations).

30.7. Executing OPT_CLEAN pass (remove unused cells and wires).
Finding unused cells or wires in module \AsynFifo..

30.8. Executing OPT_EXPR pass (perform const folding).
Optimizing module AsynFifo.

30.9. Finished OPT passes. (There is nothing left to do.)

31. Executing MEMORY pass.

31.1. Executing OPT_MEM pass (optimize memories).
Performed a total of 0 transformations.

31.2. Executing OPT_MEM_PRIORITY pass (removing unnecessary memory write priority relations).
Performed a total of 0 transformations.

31.3. Executing OPT_MEM_FEEDBACK pass (finding memory read-to-write feedback paths).
  Analyzing AsynFifo.mem write port 0.

31.4. Executing MEMORY_BMUX2ROM pass (converting muxes to ROMs).

31.5. Executing MEMORY_DFF pass (merging $dff cells to $memrd).
Checking read port `\mem'[0] in module `\AsynFifo': merging output FF to cell.

31.6. Executing OPT_CLEAN pass (remove unused cells and wires).
Finding unused cells or wires in module \AsynFifo..
Removed 1 unused cells and 9 unused wires.
<suppressed ~2 debug messages>

31.7. Executing MEMORY_SHARE pass (consolidating $memrd/$memwr cells).

31.8. Executing OPT_MEM_WIDEN pass (optimize memories where all ports are wide).
Performed a total of 0 transformations.

31.9. Executing OPT_CLEAN pass (remove unused cells and wires).
Finding unused cells or wires in module \AsynFifo..

31.10. Executing MEMORY_COLLECT pass (generating $mem cells).

32. Executing OPT_CLEAN pass (remove unused cells and wires).
Finding unused cells or wires in module \AsynFifo..

33. Executing OPT pass (performing simple optimizations).

33.1. Executing OPT_EXPR pass (perform const folding).
Optimizing module AsynFifo.
<suppressed ~13 debug messages>

33.2. Executing OPT_MERGE pass (detect identical cells).
Finding identical cells in module `\AsynFifo'.
Removed a total of 0 cells.

33.3. Executing OPT_DFF pass (perform DFF optimizations).

33.4. Executing OPT_CLEAN pass (remove unused cells and wires).
Finding unused cells or wires in module \AsynFifo..
Removed 0 unused cells and 7 unused wires.
<suppressed ~1 debug messages>

33.5. Finished fast OPT passes.

34. Executing MEMORY_MAP pass (converting memories to logic and flip-flops).
Mapping memory \mem in module \AsynFifo:
  created 16 $dff cells and 0 static cells of width 8.
Extracted data FF from read port 0 of AsynFifo.mem: $\mem$rdreg[0]
  read interface: 1 $dff and 15 $mux cells.
  write interface: 16 write mux blocks.

35. Executing OPT pass (performing simple optimizations).

35.1. Executing OPT_EXPR pass (perform const folding).
Optimizing module AsynFifo.
<suppressed ~8 debug messages>

35.2. Executing OPT_MERGE pass (detect identical cells).
Finding identical cells in module `\AsynFifo'.
Removed a total of 0 cells.

35.3. Executing OPT_MUXTREE pass (detect dead branches in mux trees).
Running muxtree optimizer on module \AsynFifo..
  Creating internal representation of mux trees.
  Evaluating internal representation of mux trees.
  Analyzing evaluation results.
Removed 0 multiplexer ports.
<suppressed ~17 debug messages>

35.4. Executing OPT_REDUCE pass (consolidate $*mux and $reduce_* inputs).
  Optimizing cells in module \AsynFifo.
Performed a total of 0 changes.

35.5. Executing OPT_MERGE pass (detect identical cells).
Finding identical cells in module `\AsynFifo'.
Removed a total of 0 cells.

35.6. Executing OPT_SHARE pass.

35.7. Executing OPT_DFF pass (perform DFF optimizations).

35.8. Executing OPT_CLEAN pass (remove unused cells and wires).
Finding unused cells or wires in module \AsynFifo..
Removed 0 unused cells and 36 unused wires.
<suppressed ~1 debug messages>

35.9. Executing OPT_EXPR pass (perform const folding).
Optimizing module AsynFifo.

35.10. Rerunning OPT passes. (Maybe there is more to do..)

35.11. Executing OPT_MUXTREE pass (detect dead branches in mux trees).
Running muxtree optimizer on module \AsynFifo..
  Creating internal representation of mux trees.
  Evaluating internal representation of mux trees.
  Analyzing evaluation results.
Removed 0 multiplexer ports.
<suppressed ~17 debug messages>

35.12. Executing OPT_REDUCE pass (consolidate $*mux and $reduce_* inputs).
  Optimizing cells in module \AsynFifo.
Performed a total of 0 changes.

35.13. Executing OPT_MERGE pass (detect identical cells).
Finding identical cells in module `\AsynFifo'.
Removed a total of 0 cells.

35.14. Executing OPT_SHARE pass.

35.15. Executing OPT_DFF pass (perform DFF optimizations).
Adding EN signal on $memory\mem[9]$108 ($dff) from module AsynFifo (D = \w_data, Q = \mem[9]).
Adding EN signal on $memory\mem[8]$106 ($dff) from module AsynFifo (D = \w_data, Q = \mem[8]).
Adding EN signal on $memory\mem[7]$104 ($dff) from module AsynFifo (D = \w_data, Q = \mem[7]).
Adding EN signal on $memory\mem[6]$102 ($dff) from module AsynFifo (D = \w_data, Q = \mem[6]).
Adding EN signal on $memory\mem[5]$100 ($dff) from module AsynFifo (D = \w_data, Q = \mem[5]).
Adding EN signal on $memory\mem[4]$98 ($dff) from module AsynFifo (D = \w_data, Q = \mem[4]).
Adding EN signal on $memory\mem[3]$96 ($dff) from module AsynFifo (D = \w_data, Q = \mem[3]).
Adding EN signal on $memory\mem[2]$94 ($dff) from module AsynFifo (D = \w_data, Q = \mem[2]).
Adding EN signal on $memory\mem[1]$92 ($dff) from module AsynFifo (D = \w_data, Q = \mem[1]).
Adding EN signal on $memory\mem[15]$120 ($dff) from module AsynFifo (D = \w_data, Q = \mem[15]).
Adding EN signal on $memory\mem[14]$118 ($dff) from module AsynFifo (D = \w_data, Q = \mem[14]).
Adding EN signal on $memory\mem[13]$116 ($dff) from module AsynFifo (D = \w_data, Q = \mem[13]).
Adding EN signal on $memory\mem[12]$114 ($dff) from module AsynFifo (D = \w_data, Q = \mem[12]).
Adding EN signal on $memory\mem[11]$112 ($dff) from module AsynFifo (D = \w_data, Q = \mem[11]).
Adding EN signal on $memory\mem[10]$110 ($dff) from module AsynFifo (D = \w_data, Q = \mem[10]).
Adding EN signal on $memory\mem[0]$90 ($dff) from module AsynFifo (D = \w_data, Q = \mem[0]).

35.16. Executing OPT_CLEAN pass (remove unused cells and wires).
Finding unused cells or wires in module \AsynFifo..
Removed 16 unused cells and 16 unused wires.
<suppressed ~17 debug messages>

35.17. Executing OPT_EXPR pass (perform const folding).
Optimizing module AsynFifo.

35.18. Rerunning OPT passes. (Maybe there is more to do..)

35.19. Executing OPT_MUXTREE pass (detect dead branches in mux trees).
Running muxtree optimizer on module \AsynFifo..
  Creating internal representation of mux trees.
  Evaluating internal representation of mux trees.
  Analyzing evaluation results.
Removed 0 multiplexer ports.
<suppressed ~1 debug messages>

35.20. Executing OPT_REDUCE pass (consolidate $*mux and $reduce_* inputs).
  Optimizing cells in module \AsynFifo.
Performed a total of 0 changes.

35.21. Executing OPT_MERGE pass (detect identical cells).
Finding identical cells in module `\AsynFifo'.
Removed a total of 0 cells.

35.22. Executing OPT_SHARE pass.

35.23. Executing OPT_DFF pass (perform DFF optimizations).

35.24. Executing OPT_CLEAN pass (remove unused cells and wires).
Finding unused cells or wires in module \AsynFifo..

35.25. Executing OPT_EXPR pass (perform const folding).
Optimizing module AsynFifo.

35.26. Finished OPT passes. (There is nothing left to do.)

36. Executing TECHMAP pass (map to technology primitives).

36.1. Executing Verilog-2005 frontend: /build/bin/../share/yosys/techmap.v
Parsing Verilog input from `/build/bin/../share/yosys/techmap.v' to AST representation.
Generating RTLIL representation for module `\_90_simplemap_bool_ops'.
Generating RTLIL representation for module `\_90_simplemap_reduce_ops'.
Generating RTLIL representation for module `\_90_simplemap_logic_ops'.
Generating RTLIL representation for module `\_90_simplemap_compare_ops'.
Generating RTLIL representation for module `\_90_simplemap_various'.
Generating RTLIL representation for module `\_90_simplemap_registers'.
Generating RTLIL representation for module `\_90_shift_ops_shr_shl_sshl_sshr'.
Generating RTLIL representation for module `\_90_shift_shiftx'.
Generating RTLIL representation for module `\_90_fa'.
Generating RTLIL representation for module `\_90_lcu'.
Generating RTLIL representation for module `\_90_alu'.
Generating RTLIL representation for module `\_90_macc'.
Generating RTLIL representation for module `\_90_alumacc'.
Generating RTLIL representation for module `\$__div_mod_u'.
Generating RTLIL representation for module `\$__div_mod_trunc'.
Generating RTLIL representation for module `\_90_div'.
Generating RTLIL representation for module `\_90_mod'.
Generating RTLIL representation for module `\$__div_mod_floor'.
Generating RTLIL representation for module `\_90_divfloor'.
Generating RTLIL representation for module `\_90_modfloor'.
Generating RTLIL representation for module `\_90_pow'.
Generating RTLIL representation for module `\_90_pmux'.
Generating RTLIL representation for module `\_90_demux'.
Generating RTLIL representation for module `\_90_lut'.
Successfully finished Verilog frontend.

36.2. Continuing TECHMAP pass.
Using extmapper simplemap for cells of type $mux.
Using extmapper simplemap for cells of type $not.
Using extmapper simplemap for cells of type $and.
Using template $paramod$672a140277c71df8314410f22acc08d55222c3c7\_90_alu for cells of type $alu.
Using extmapper simplemap for cells of type $dffe.
Using extmapper simplemap for cells of type $xor.
Using extmapper simplemap for cells of type $eq.
Using extmapper simplemap for cells of type $adffe.
Using extmapper simplemap for cells of type $adff.
Using template $paramod\_90_lcu\WIDTH=32'00000000000000000000000000000101 for cells of type $lcu.
Using extmapper simplemap for cells of type $pos.
Using extmapper simplemap for cells of type $or.
No more expansions possible.
<suppressed ~339 debug messages>

37. Executing OPT pass (performing simple optimizations).

37.1. Executing OPT_EXPR pass (perform const folding).
Optimizing module AsynFifo.
<suppressed ~52 debug messages>

37.2. Executing OPT_MERGE pass (detect identical cells).
Finding identical cells in module `\AsynFifo'.
<suppressed ~33 debug messages>
Removed a total of 11 cells.

37.3. Executing OPT_DFF pass (perform DFF optimizations).

37.4. Executing OPT_CLEAN pass (remove unused cells and wires).
Finding unused cells or wires in module \AsynFifo..
Removed 7 unused cells and 76 unused wires.
<suppressed ~8 debug messages>

37.5. Finished fast OPT passes.

38. Executing ABC pass (technology mapping using ABC).

38.1. Extracting gate netlist of module `\AsynFifo' to `<abc-temp-dir>/input.blif'..
Extracted 210 gates and 364 wires to a netlist network with 154 inputs and 46 outputs.

38.1.1. Executing ABC.
Running ABC command: "<yosys-exe-dir>/yosys-abc" -s -f <abc-temp-dir>/abc.script 2>&1
ABC: ABC command line: "source <abc-temp-dir>/abc.script".
ABC: 
ABC: + read_blif <abc-temp-dir>/input.blif 
ABC: + read_library <abc-temp-dir>/stdcells.genlib 
ABC: Entered genlib library with 13 gates from file "<abc-temp-dir>/stdcells.genlib".
ABC: + strash 
ABC: + dretime 
ABC: + map 
ABC: + write_blif <abc-temp-dir>/output.blif 

38.1.2. Re-integrating ABC results.
ABC RESULTS:               MUX cells:      120
ABC RESULTS:              NAND cells:        4
ABC RESULTS:              XNOR cells:        7
ABC RESULTS:               NOT cells:       14
ABC RESULTS:               XOR cells:       20
ABC RESULTS:             ORNOT cells:        4
ABC RESULTS:                OR cells:       19
ABC RESULTS:            ANDNOT cells:       27
ABC RESULTS:               AND cells:        4
ABC RESULTS:        internal signals:      164
ABC RESULTS:           input signals:      154
ABC RESULTS:          output signals:       46
Removing temp directory.

39. Executing OPT pass (performing simple optimizations).

39.1. Executing OPT_EXPR pass (perform const folding).
Optimizing module AsynFifo.
<suppressed ~56 debug messages>

39.2. Executing OPT_MERGE pass (detect identical cells).
Finding identical cells in module `\AsynFifo'.
Removed a total of 0 cells.

39.3. Executing OPT_DFF pass (perform DFF optimizations).

39.4. Executing OPT_CLEAN pass (remove unused cells and wires).
Finding unused cells or wires in module \AsynFifo..
Removed 1 unused cells and 252 unused wires.
<suppressed ~2 debug messages>

39.5. Finished fast OPT passes.

40. Executing HIERARCHY pass (managing design hierarchy).

40.1. Analyzing design hierarchy..
Top module:  \AsynFifo

40.2. Analyzing design hierarchy..
Top module:  \AsynFifo
Removed 0 unused modules.

41. Printing statistics.

=== AsynFifo ===

   Number of wires:                230
   Number of wire bits:            418
   Number of public wires:          41
   Number of public wire bits:     222
   Number of memories:               0
   Number of memory bits:            0
   Number of processes:              0
   Number of cells:                392
     $_ANDNOT_                      27
     $_AND_                          4
     $_DFFE_PN0P_                   18
     $_DFFE_PP_                    136
     $_DFF_PN0_                     20
     $_MUX_                        120
     $_NAND_                         4
     $_NOT_                         13
     $_ORNOT_                        4
     $_OR_                          19
     $_XNOR_                         7
     $_XOR_                         20

42. Executing CHECK pass (checking for obvious problems).
Checking module AsynFifo...
Found and reported 0 problems.

43. Generating Graphviz representation of design.
Writing dot description to `/openlane/designs/AsynFifo/runs/run1/tmp/synthesis/post_techmap.dot'.
Dumping module AsynFifo to page 1.

44. Executing SHARE pass (SAT-based resource sharing).

45. Executing OPT pass (performing simple optimizations).

45.1. Executing OPT_EXPR pass (perform const folding).
Optimizing module AsynFifo.

45.2. Executing OPT_MERGE pass (detect identical cells).
Finding identical cells in module `\AsynFifo'.
Removed a total of 0 cells.

45.3. Executing OPT_MUXTREE pass (detect dead branches in mux trees).
Running muxtree optimizer on module \AsynFifo..
  Creating internal representation of mux trees.
  No muxes found in this module.
Removed 0 multiplexer ports.

45.4. Executing OPT_REDUCE pass (consolidate $*mux and $reduce_* inputs).
  Optimizing cells in module \AsynFifo.
Performed a total of 0 changes.

45.5. Executing OPT_MERGE pass (detect identical cells).
Finding identical cells in module `\AsynFifo'.
Removed a total of 0 cells.

45.6. Executing OPT_DFF pass (perform DFF optimizations).

45.7. Executing OPT_CLEAN pass (remove unused cells and wires).
Finding unused cells or wires in module \AsynFifo..

45.8. Executing OPT_EXPR pass (perform const folding).
Optimizing module AsynFifo.

45.9. Finished OPT passes. (There is nothing left to do.)

46. Executing OPT_CLEAN pass (remove unused cells and wires).
Finding unused cells or wires in module \AsynFifo..
Removed 0 unused cells and 1 unused wires.
<suppressed ~1 debug messages>

47. Printing statistics.

=== AsynFifo ===

   Number of wires:                229
   Number of wire bits:            410
   Number of public wires:          40
   Number of public wire bits:     214
   Number of memories:               0
   Number of memory bits:            0
   Number of processes:              0
   Number of cells:                392
     $_ANDNOT_                      27
     $_AND_                          4
     $_DFFE_PN0P_                   18
     $_DFFE_PP_                    136
     $_DFF_PN0_                     20
     $_MUX_                        120
     $_NAND_                         4
     $_NOT_                         13
     $_ORNOT_                        4
     $_OR_                          19
     $_XNOR_                         7
     $_XOR_                         20

mapping tbuf

48. Executing TECHMAP pass (map to technology primitives).

48.1. Executing Verilog-2005 frontend: /home/nguyenson99/.ciel/sky130A/libs.tech/openlane/sky130_fd_sc_hd/tribuff_map.v
Parsing Verilog input from `/home/nguyenson99/.ciel/sky130A/libs.tech/openlane/sky130_fd_sc_hd/tribuff_map.v' to AST representation.
Generating RTLIL representation for module `\$_TBUF_'.
Successfully finished Verilog frontend.

48.2. Continuing TECHMAP pass.
No more expansions possible.
<suppressed ~3 debug messages>

49. Executing SIMPLEMAP pass (map simple cells to gate primitives).

50. Executing TECHMAP pass (map to technology primitives).

50.1. Executing Verilog-2005 frontend: /home/nguyenson99/.ciel/sky130A/libs.tech/openlane/sky130_fd_sc_hd/latch_map.v
Parsing Verilog input from `/home/nguyenson99/.ciel/sky130A/libs.tech/openlane/sky130_fd_sc_hd/latch_map.v' to AST representation.
Generating RTLIL representation for module `\$_DLATCH_P_'.
Generating RTLIL representation for module `\$_DLATCH_N_'.
Successfully finished Verilog frontend.

50.2. Continuing TECHMAP pass.
No more expansions possible.
<suppressed ~4 debug messages>

51. Executing SIMPLEMAP pass (map simple cells to gate primitives).

52. Executing DFFLIBMAP pass (mapping DFF cells to sequential cells from liberty file).
  cell sky130_fd_sc_hd__dfxtp_2 (noninv, pins=3, area=21.27) is a direct match for cell type $_DFF_P_.
  cell sky130_fd_sc_hd__dfrtp_2 (noninv, pins=4, area=26.28) is a direct match for cell type $_DFF_PN0_.
  cell sky130_fd_sc_hd__dfstp_2 (noninv, pins=4, area=26.28) is a direct match for cell type $_DFF_PN1_.
  cell sky130_fd_sc_hd__dfbbn_2 (noninv, pins=6, area=35.03) is a direct match for cell type $_DFFSR_NNN_.
  final dff cell mappings:
    unmapped dff cell: $_DFF_N_
    \sky130_fd_sc_hd__dfxtp_2 _DFF_P_ (.CLK( C), .D( D), .Q( Q));
    unmapped dff cell: $_DFF_NN0_
    unmapped dff cell: $_DFF_NN1_
    unmapped dff cell: $_DFF_NP0_
    unmapped dff cell: $_DFF_NP1_
    \sky130_fd_sc_hd__dfrtp_2 _DFF_PN0_ (.CLK( C), .D( D), .Q( Q), .RESET_B( R));
    \sky130_fd_sc_hd__dfstp_2 _DFF_PN1_ (.CLK( C), .D( D), .Q( Q), .SET_B( R));
    unmapped dff cell: $_DFF_PP0_
    unmapped dff cell: $_DFF_PP1_
    \sky130_fd_sc_hd__dfbbn_2 _DFFSR_NNN_ (.CLK_N( C), .D( D), .Q( Q), .Q_N(~Q), .RESET_B( R), .SET_B( S));
    unmapped dff cell: $_DFFSR_NNP_
    unmapped dff cell: $_DFFSR_NPN_
    unmapped dff cell: $_DFFSR_NPP_
    unmapped dff cell: $_DFFSR_PNN_
    unmapped dff cell: $_DFFSR_PNP_
    unmapped dff cell: $_DFFSR_PPN_
    unmapped dff cell: $_DFFSR_PPP_

52.1. Executing DFFLEGALIZE pass (convert FFs to types supported by the target).
Mapping DFF cells in module `\AsynFifo':
  mapped 38 $_DFF_PN0_ cells to \sky130_fd_sc_hd__dfrtp_2 cells.
  mapped 136 $_DFF_P_ cells to \sky130_fd_sc_hd__dfxtp_2 cells.

53. Printing statistics.

=== AsynFifo ===

   Number of wires:                383
   Number of wire bits:            564
   Number of public wires:          40
   Number of public wire bits:     214
   Number of memories:               0
   Number of memory bits:            0
   Number of processes:              0
   Number of cells:                546
     $_ANDNOT_                      27
     $_AND_                          4
     $_MUX_                        274
     $_NAND_                         4
     $_NOT_                         13
     $_ORNOT_                        4
     $_OR_                          19
     $_XNOR_                         7
     $_XOR_                         20
     sky130_fd_sc_hd__dfrtp_2       38
     sky130_fd_sc_hd__dfxtp_2      136

[INFO]: USING STRATEGY AREA 1

54. Executing ABC pass (technology mapping using ABC).

54.1. Extracting gate netlist of module `\AsynFifo' to `/tmp/yosys-abc-FAp8G0/input.blif'..
Extracted 372 gates and 546 wires to a netlist network with 174 inputs and 156 outputs.

54.1.1. Executing ABC.
Running ABC command: "/build/bin/yosys-abc" -s -f /tmp/yosys-abc-FAp8G0/abc.script 2>&1
ABC: ABC command line: "source /tmp/yosys-abc-FAp8G0/abc.script".
ABC: 
ABC: + read_blif /tmp/yosys-abc-FAp8G0/input.blif 
ABC: + read_lib -w /openlane/designs/AsynFifo/runs/run1/tmp/synthesis/trimmed.lib 
ABC: Parsing finished successfully.  Parsing time =     0.08 sec
ABC: Scl_LibertyReadGenlib() skipped sequential cell "sky130_fd_sc_hd__dfbbn_2".
ABC: Scl_LibertyReadGenlib() skipped sequential cell "sky130_fd_sc_hd__dfrbp_2".
ABC: Scl_LibertyReadGenlib() skipped sequential cell "sky130_fd_sc_hd__dfrtp_2".
ABC: Scl_LibertyReadGenlib() skipped sequential cell "sky130_fd_sc_hd__dfrtp_4".
ABC: Scl_LibertyReadGenlib() skipped sequential cell "sky130_fd_sc_hd__dfsbp_2".
ABC: Scl_LibertyReadGenlib() skipped sequential cell "sky130_fd_sc_hd__dfstp_2".
ABC: Scl_LibertyReadGenlib() skipped sequential cell "sky130_fd_sc_hd__dfstp_4".
ABC: Scl_LibertyReadGenlib() skipped sequential cell "sky130_fd_sc_hd__dfxbp_2".
ABC: Scl_LibertyReadGenlib() skipped sequential cell "sky130_fd_sc_hd__dfxtp_2".
ABC: Scl_LibertyReadGenlib() skipped sequential cell "sky130_fd_sc_hd__dfxtp_4".
ABC: Scl_LibertyReadGenlib() skipped sequential cell "sky130_fd_sc_hd__dlxtn_1".
ABC: Scl_LibertyReadGenlib() skipped sequential cell "sky130_fd_sc_hd__dlxtn_2".
ABC: Scl_LibertyReadGenlib() skipped sequential cell "sky130_fd_sc_hd__dlxtn_4".
ABC: Scl_LibertyReadGenlib() skipped sequential cell "sky130_fd_sc_hd__dlxtp_1".
ABC: Scl_LibertyReadGenlib() skipped three-state cell "sky130_fd_sc_hd__ebufn_2".
ABC: Scl_LibertyReadGenlib() skipped three-state cell "sky130_fd_sc_hd__ebufn_4".
ABC: Scl_LibertyReadGenlib() skipped three-state cell "sky130_fd_sc_hd__ebufn_8".
ABC: Library "sky130A_merged" from "/openlane/designs/AsynFifo/runs/run1/tmp/synthesis/trimmed.lib" has 175 cells (17 skipped: 14 seq; 3 tri-state; 0 no func; 0 dont_use).  Time =     0.12 sec
ABC: Memory =    9.54 MB. Time =     0.12 sec
ABC: Warning: Detected 2 multi-output gates (for example, "sky130_fd_sc_hd__fa_1").
ABC: + read_constr -v /openlane/designs/AsynFifo/runs/run1/tmp/synthesis/synthesis.sdc 
ABC: Setting driving cell to be "sky130_fd_sc_hd__inv_2".
ABC: Setting output load to be 33.442001.
ABC: + read_constr /openlane/designs/AsynFifo/runs/run1/tmp/synthesis/synthesis.sdc 
ABC: + fx 
ABC: + mfs 
ABC: + strash 
ABC: + refactor 
ABC: + balance 
ABC: + rewrite 
ABC: + refactor 
ABC: + balance 
ABC: + rewrite 
ABC: + rewrite -z 
ABC: + balance 
ABC: + refactor -z 
ABC: + rewrite -z 
ABC: + balance 
ABC: + retime -D -D 10000 -M 5 
ABC: + scleanup 
ABC: Error: The network is combinational.
ABC: + fraig_store 
ABC: + balance 
ABC: + fraig_store 
ABC: + balance 
ABC: + rewrite 
ABC: + refactor 
ABC: + balance 
ABC: + rewrite 
ABC: + rewrite -z 
ABC: + balance 
ABC: + refactor -z 
ABC: + rewrite -z 
ABC: + balance 
ABC: + fraig_store 
ABC: + balance 
ABC: + rewrite 
ABC: + refactor 
ABC: + balance 
ABC: + rewrite 
ABC: + rewrite -z 
ABC: + balance 
ABC: + refactor -z 
ABC: + rewrite -z 
ABC: + balance 
ABC: + fraig_store 
ABC: + balance 
ABC: + rewrite 
ABC: + refactor 
ABC: + balance 
ABC: + rewrite 
ABC: + rewrite -z 
ABC: + balance 
ABC: + refactor -z 
ABC: + rewrite -z 
ABC: + balance 
ABC: + fraig_store 
ABC: + fraig_restore 
ABC: + amap -m -Q 0.1 -F 20 -A 20 -C 5000 
ABC: + fraig_store 
ABC: + balance 
ABC: + fraig_store 
ABC: + balance 
ABC: + rewrite 
ABC: + refactor 
ABC: + balance 
ABC: + rewrite 
ABC: + rewrite -z 
ABC: + balance 
ABC: + refactor -z 
ABC: + rewrite -z 
ABC: + balance 
ABC: + fraig_store 
ABC: + balance 
ABC: + rewrite 
ABC: + refactor 
ABC: + balance 
ABC: + rewrite 
ABC: + rewrite -z 
ABC: + balance 
ABC: + refactor -z 
ABC: + rewrite -z 
ABC: + balance 
ABC: + fraig_store 
ABC: + balance 
ABC: + rewrite 
ABC: + refactor 
ABC: + balance 
ABC: + rewrite 
ABC: + rewrite -z 
ABC: + balance 
ABC: + refactor -z 
ABC: + rewrite -z 
ABC: + balance 
ABC: + fraig_store 
ABC: + fraig_restore 
ABC: + amap -m -Q 0.1 -F 20 -A 20 -C 5000 
ABC: + retime -D -D 10000 
ABC: + &get -n 
ABC: + &st 
ABC: + &dch 
ABC: + &nf 
ABC: + &put 
ABC: + buffer -N 16 -S 500.0 
ABC: + upsize -D 10000 
ABC: Current delay (2577.01 ps) does not exceed the target delay (10000.00 ps). Upsizing is not performed.
ABC: + dnsize -D 10000 
ABC: + stime -p 
ABC: WireLoad = "none"  Gates =    454 ( 36.8 %)   Cap = 12.9 ff ( 12.5 %)   Area =     4150.23 ( 56.2 %)   Delay =  3008.20 ps  ( 54.6 %)               
ABC: Path  0 --      54 : 0    1 pi                       A =   0.00  Df =   8.2   -5.1 ps  S =  17.7 ps  Cin =  0.0 ff  Cout =   2.2 ff  Cmax =   0.0 ff  G =    0  
ABC: Path  1 --     332 : 1   13 sky130_fd_sc_hd__buf_1   A =   3.75  Df = 387.5 -159.0 ps  S = 492.0 ps  Cin =  2.1 ff  Cout =  41.9 ff  Cmax = 130.0 ff  G = 1921  
ABC: Path  2 --     335 : 3    1 sky130_fd_sc_hd__and3_2  A =   7.51  Df = 654.0 -181.1 ps  S =  48.0 ps  Cin =  1.5 ff  Cout =   2.2 ff  Cmax = 309.5 ff  G =  141  
ABC: Path  3 --     336 : 1    5 sky130_fd_sc_hd__buf_1   A =   3.75  Df = 889.9 -256.0 ps  S = 267.8 ps  Cin =  2.1 ff  Cout =  22.2 ff  Cmax = 130.0 ff  G = 1018  
ABC: Path  4 --     337 : 2    2 sky130_fd_sc_hd__xnor2_2 A =  16.27  Df =1112.3 -296.9 ps  S = 160.2 ps  Cin =  8.5 ff  Cout =   8.0 ff  Cmax = 121.8 ff  G =   90  
ABC: Path  5 --     338 : 3    2 sky130_fd_sc_hd__mux2_2  A =  11.26  Df =1470.6 -359.2 ps  S =  75.2 ps  Cin =  2.3 ff  Cout =  10.2 ff  Cmax = 297.6 ff  G =  439  
ABC: Path  6 --     339 : 2    4 sky130_fd_sc_hd__xnor2_2 A =  16.27  Df =1647.4 -382.6 ps  S = 181.7 ps  Cin =  8.5 ff  Cout =   9.9 ff  Cmax = 121.8 ff  G =  110  
ABC: Path  7 --     340 : 1   16 sky130_fd_sc_hd__buf_1   A =   3.75  Df =2073.6 -559.5 ps  S = 501.9 ps  Cin =  2.1 ff  Cout =  42.6 ff  Cmax = 130.0 ff  G = 1924  
ABC: Path  8 --     368 : 4    8 sky130_fd_sc_hd__o211a_2 A =  10.01  Df =2445.1  -19.7 ps  S = 171.1 ps  Cin =  2.4 ff  Cout =  26.8 ff  Cmax = 268.3 ff  G = 1089  
ABC: Path  9 --     369 : 3    1 sky130_fd_sc_hd__mux2_2  A =  11.26  Df =2773.0  -84.8 ps  S =  45.5 ps  Cin =  2.3 ff  Cout =   2.2 ff  Cmax = 297.6 ff  G =   92  
ABC: Path 10 --     370 : 1    1 sky130_fd_sc_hd__buf_1   A =   3.75  Df =3008.2  -16.4 ps  S = 396.3 ps  Cin =  2.1 ff  Cout =  33.4 ff  Cmax = 130.0 ff  G = 1590  
ABC: Start-point = pi53 (\w_ptr_b [0]).  End-point = po2 ($auto$rtlil.cc:2607:MuxGate$1105).
ABC: + print_stats -m 
ABC: netlist                       : i/o =  174/  156  lat =    0  nd =   454  edge =   1108  area =4149.65  delay =10.00  lev = 10
ABC: + write_blif /tmp/yosys-abc-FAp8G0/output.blif 

54.1.2. Re-integrating ABC results.
ABC RESULTS:   sky130_fd_sc_hd__and3_2 cells:        1
ABC RESULTS:   sky130_fd_sc_hd__a21oi_2 cells:        1
ABC RESULTS:   sky130_fd_sc_hd__o21ai_2 cells:        1
ABC RESULTS:   sky130_fd_sc_hd__a21bo_2 cells:        1
ABC RESULTS:   sky130_fd_sc_hd__nand3b_2 cells:        1
ABC RESULTS:   sky130_fd_sc_hd__a2111o_2 cells:        1
ABC RESULTS:   sky130_fd_sc_hd__mux4_2 cells:       32
ABC RESULTS:   sky130_fd_sc_hd__and4_2 cells:        2
ABC RESULTS:   sky130_fd_sc_hd__o2111a_2 cells:        1
ABC RESULTS:   sky130_fd_sc_hd__and4b_2 cells:        4
ABC RESULTS:   sky130_fd_sc_hd__o21a_2 cells:        1
ABC RESULTS:   sky130_fd_sc_hd__o21ba_2 cells:        1
ABC RESULTS:   sky130_fd_sc_hd__nand2_2 cells:        5
ABC RESULTS:   sky130_fd_sc_hd__or2_2 cells:        5
ABC RESULTS:   sky130_fd_sc_hd__or3_2 cells:        4
ABC RESULTS:   sky130_fd_sc_hd__and2_2 cells:        2
ABC RESULTS:   sky130_fd_sc_hd__a31o_2 cells:        2
ABC RESULTS:   sky130_fd_sc_hd__or4_2 cells:        1
ABC RESULTS:   sky130_fd_sc_hd__xnor2_2 cells:       13
ABC RESULTS:   sky130_fd_sc_hd__xor2_2 cells:        8
ABC RESULTS:   sky130_fd_sc_hd__inv_2 cells:        8
ABC RESULTS:   sky130_fd_sc_hd__nor2_2 cells:       12
ABC RESULTS:   sky130_fd_sc_hd__o211a_2 cells:       16
ABC RESULTS:   sky130_fd_sc_hd__mux2_2 cells:      172
ABC RESULTS:   sky130_fd_sc_hd__buf_1 cells:      159
ABC RESULTS:        internal signals:      216
ABC RESULTS:           input signals:      174
ABC RESULTS:          output signals:      156
Removing temp directory.

55. Executing SETUNDEF pass (replace undef values with defined constants).

56. Executing HILOMAP pass (mapping to constant drivers).

57. Executing SPLITNETS pass (splitting up multi-bit signals).

58. Executing OPT_CLEAN pass (remove unused cells and wires).
Finding unused cells or wires in module \AsynFifo..
Removed 0 unused cells and 550 unused wires.
<suppressed ~25 debug messages>

59. Executing INSBUF pass (insert buffer cells for connected wires).

60. Executing CHECK pass (checking for obvious problems).
Checking module AsynFifo...
Warning: Wire AsynFifo.\r_data [7] is used but has no driver.
Warning: Wire AsynFifo.\r_data [6] is used but has no driver.
Warning: Wire AsynFifo.\r_data [5] is used but has no driver.
Warning: Wire AsynFifo.\r_data [4] is used but has no driver.
Warning: Wire AsynFifo.\r_data [3] is used but has no driver.
Warning: Wire AsynFifo.\r_data [2] is used but has no driver.
Warning: Wire AsynFifo.\r_data [1] is used but has no driver.
Warning: Wire AsynFifo.\r_data [0] is used but has no driver.
Warning: Wire AsynFifo.\full is used but has no driver.
Warning: Wire AsynFifo.\empty is used but has no driver.
Found and reported 10 problems.

61. Printing statistics.

=== AsynFifo ===

   Number of wires:                628
   Number of wire bits:            642
   Number of public wires:         176
   Number of public wire bits:     190
   Number of memories:               0
   Number of memory bits:            0
   Number of processes:              0
   Number of cells:                628
     sky130_fd_sc_hd__a2111o_2       1
     sky130_fd_sc_hd__a21bo_2        1
     sky130_fd_sc_hd__a21oi_2        1
     sky130_fd_sc_hd__a31o_2         2
     sky130_fd_sc_hd__and2_2         2
     sky130_fd_sc_hd__and3_2         1
     sky130_fd_sc_hd__and4_2         2
     sky130_fd_sc_hd__and4b_2        4
     sky130_fd_sc_hd__buf_1        159
     sky130_fd_sc_hd__dfrtp_2       38
     sky130_fd_sc_hd__dfxtp_2      136
     sky130_fd_sc_hd__inv_2          8
     sky130_fd_sc_hd__mux2_2       172
     sky130_fd_sc_hd__mux4_2        32
     sky130_fd_sc_hd__nand2_2        5
     sky130_fd_sc_hd__nand3b_2       1
     sky130_fd_sc_hd__nor2_2        12
     sky130_fd_sc_hd__o2111a_2       1
     sky130_fd_sc_hd__o211a_2       16
     sky130_fd_sc_hd__o21a_2         1
     sky130_fd_sc_hd__o21ai_2        1
     sky130_fd_sc_hd__o21ba_2        1
     sky130_fd_sc_hd__or2_2          5
     sky130_fd_sc_hd__or3_2          4
     sky130_fd_sc_hd__or4_2          1
     sky130_fd_sc_hd__xnor2_2       13
     sky130_fd_sc_hd__xor2_2         8

   Chip area for module '\AsynFifo': 8041.462400

62. Executing Verilog backend.
Dumping module `\AsynFifo'.

Warnings: 10 unique messages, 10 total
End of script. Logfile hash: 92993caaab, CPU: user 0.67s system 0.04s, MEM: 30.27 MB peak
Yosys 0.30+48 (git sha1 14d50a176d5, gcc 8.3.1 -fPIC -Os)
Time spent: 73% 2x abc (1 sec), 5% 2x write_verilog (0 sec), ...
