OpenROAD 41a51eaf4ca2171c92ff38afb91eb37bbd3f36da 
This program is licensed under the BSD-3 license. See the LICENSE file for details.
Components of this program may be licensed under more restrictive licenses which must be honored.
[INFO]: Reading ODB at '/openlane/designs/AsynFifo/runs/run_multicorner/results/cts/AsynFifo.odb'…
define_corners Slowest Typical Fastest
read_liberty -corner Slowest /home/nguyenson99/.ciel/sky130A/libs.ref/sky130_fd_sc_hd/lib/sky130_fd_sc_hd__ss_100C_1v60.lib
read_liberty -corner Typical /home/nguyenson99/.ciel/sky130A/libs.ref/sky130_fd_sc_hd/lib/sky130_fd_sc_hd__tt_025C_1v80.lib
read_liberty -corner Fastest /home/nguyenson99/.ciel/sky130A/libs.ref/sky130_fd_sc_hd/lib/sky130_fd_sc_hd__ff_n40C_1v95.lib
Using 1e-12 for capacitance...
Using 1e+03 for resistance...
Using 1e-09 for time...
Using 1e+00 for voltage...
Using 1e-03 for current...
Using 1e-09 for power...
Using 1e-06 for distance...
Reading design constraints file at '/openlane/designs/AsynFifo/runs/run_multicorner/results/cts/AsynFifo.sdc'…
[INFO]: Setting RC values...
[INFO RSZ-0046] Found 137 endpoints with hold violations.
[INFO RSZ-0032] Inserted 137 hold buffers.
Placement Analysis
---------------------------------
total displacement        513.0 u
average displacement        0.0 u
max displacement            9.1 u
original HPWL           30544.7 u
legalized HPWL          31820.1 u
delta HPWL                    4 %

[INFO DPL-0020] Mirrored 353 instances
[INFO DPL-0021] HPWL before           31820.1 u
[INFO DPL-0022] HPWL after            30837.9 u
[INFO DPL-0023] HPWL delta               -3.1 %
Setting global connections for newly added cells…
Writing OpenROAD database to '/openlane/designs/AsynFifo/runs/run_multicorner/tmp/cts/14-AsynFifo.resized.odb'…
Writing netlist to '/openlane/designs/AsynFifo/runs/run_multicorner/tmp/cts/14-AsynFifo.resized.nl.v'…
Writing powered netlist to '/openlane/designs/AsynFifo/runs/run_multicorner/tmp/cts/14-AsynFifo.resized.pnl.v'…
Writing layout to '/openlane/designs/AsynFifo/runs/run_multicorner/tmp/cts/14-AsynFifo.resized.def'…
Writing timing constraints to '/openlane/designs/AsynFifo/runs/run_multicorner/tmp/cts/14-AsynFifo.resized.sdc'…
area_report

===========================================================================
report_design_area
============================================================================
Design area 27093 u^2 3% utilization.
area_report_end
