[INFO]: Run Directory: /openlane/designs/AsynFifo/runs/RUN_2026.08.25_22.59.59
[INFO]: Saving runtime environment...
[INFO]: Preparing LEF files for the nom corner...
[INFO]: Preparing LEF files for the min corner...
[INFO]: Preparing LEF files for the max corner...
[INFO]: Running linter (Verilator) (log: designs/AsynFifo/runs/RUN_2026.08.25_22.59.59/logs/synthesis/linter.log)...
[INFO]: 0 errors found by linter
[WARNING]: 12 warnings found by linter
[INFO]: Running Synthesis (log: designs/AsynFifo/runs/RUN_2026.08.25_22.59.59/logs/synthesis/1-synthesis.log)...
[ERROR]: Yosys checks have failed: Encountered check error:
Warning: multiple conflicting drivers for AsynFifo.$memrd$\mem$/openlane/designs/AsynFifo/src/AsynFifo.v:97$29_DATA [3]:
    port Q[3] of cell $procdff$58 ($dff)
    port DATA[3] of cell $memrd$\mem$/openlane/designs/AsynFifo/src/AsynFifo.v:97$29 ($memrd)

Encountered check error:
Warning: multiple conflicting drivers for AsynFifo.$memrd$\mem$/openlane/designs/AsynFifo/src/AsynFifo.v:97$29_DATA [2]:
    port Q[2] of cell $procdff$58 ($dff)
    port DATA[2] of cell $memrd$\mem$/openlane/designs/AsynFifo/src/AsynFifo.v:97$29 ($memrd)

Encountered check error:
Warning: multiple conflicting drivers for AsynFifo.$memrd$\mem$/openlane/designs/AsynFifo/src/AsynFifo.v:97$29_DATA [1]:
    port Q[1] of cell $procdff$58 ($dff)
    port DATA[1] of cell $memrd$\mem$/openlane/designs/AsynFifo/src/AsynFifo.v:97$29 ($memrd)

Encountered check error:
Warning: multiple conflicting drivers for AsynFifo.$memrd$\mem$/openlane/designs/AsynFifo/src/AsynFifo.v:97$29_DATA [0]:
    port Q[0] of cell $procdff$58 ($dff)
    port DATA[0] of cell $memrd$\mem$/openlane/designs/AsynFifo/src/AsynFifo.v:97$29 ($memrd)

child process exited abnormally
[ERROR]: See the full report here: designs/AsynFifo/runs/RUN_2026.08.25_22.59.59/reports/synthesis/1-synthesis_pre_synth.chk.rpt
[ERROR]: Step 1 (synthesis) failed with error:
-code 1 -level 0 -errorcode NONE -errorinfo {
    while executing
"throw_error"
    (procedure "check_synth_misc" line 17)
    invoked from within
"check_synth_misc $report"
    (procedure "run_synthesis_checkers" line 5)
    invoked from within
"run_synthesis_checkers $log $pre_synth_report"
    (procedure "run_synthesis" line 19)
    invoked from within
"run_synthesis"} -errorline 1
[INFO]: Saving current set of views in 'designs/AsynFifo/runs/RUN_2026.08.25_22.59.59/results/final'...
[INFO]: Generating final set of reports...
[INFO]: Created manufacturability report at 'designs/AsynFifo/runs/RUN_2026.08.25_22.59.59/reports/manufacturability.rpt'.
[INFO]: Created metrics report at 'designs/AsynFifo/runs/RUN_2026.08.25_22.59.59/reports/metrics.csv'.
[INFO]: Saving runtime environment...
[ERROR]: Flow failed.
[INFO]: The failure may have been because of the following warnings:
