
===========================================================================
report_checks -unconstrained
===========================================================================
======================= Fastest Corner ===================================

Startpoint: w_rst_n (input port clocked by w_clk)
Endpoint: _1062_ (recovery check against rising-edge clock w_clk)
Path Group: asynchronous
Path Type: max
Corner: Fastest

Fanout     Cap    Slew   Delay    Time   Description
-----------------------------------------------------------------------------
                          0.00    0.00   clock w_clk (rise edge)
                          0.00    0.00   clock network delay (propagated)
                          2.00    2.00 ^ input external delay
                  0.03    0.02    2.02 ^ w_rst_n (in)
     1    0.01                           w_rst_n (net)
                  0.03    0.00    2.02 ^ input12/A (sky130_fd_sc_hd__buf_6)
                  0.17    0.14    2.16 ^ input12/X (sky130_fd_sc_hd__buf_6)
     2    0.12                           net12 (net)
                  0.21    0.07    2.22 ^ fanout28/A (sky130_fd_sc_hd__buf_6)
                  0.14    0.16    2.39 ^ fanout28/X (sky130_fd_sc_hd__buf_6)
    18    0.09                           net28 (net)
                  0.14    0.01    2.40 ^ _1062_/RESET_B (sky130_fd_sc_hd__dfrtp_4)
                                  2.40   data arrival time

                         10.00   10.00   clock w_clk (rise edge)
                          0.00   10.00   clock source latency
                  0.26    0.18   10.18 ^ w_clk (in)
     1    0.08                           w_clk (net)
                  0.27    0.00   10.18 ^ clkbuf_0_w_clk/A (sky130_fd_sc_hd__clkbuf_16)
                  0.10    0.17   10.35 ^ clkbuf_0_w_clk/X (sky130_fd_sc_hd__clkbuf_16)
    16    0.11                           clknet_0_w_clk (net)
                  0.10    0.01   10.36 ^ clkbuf_4_1_0_w_clk/A (sky130_fd_sc_hd__clkbuf_8)
                  0.06    0.12   10.48 ^ clkbuf_4_1_0_w_clk/X (sky130_fd_sc_hd__clkbuf_8)
    10    0.04                           clknet_4_1_0_w_clk (net)
                  0.06    0.00   10.48 ^ _1062_/CLK (sky130_fd_sc_hd__dfrtp_4)
                         -0.25   10.23   clock uncertainty
                          0.00   10.23   clock reconvergence pessimism
                          0.10   10.33   library recovery time
                                 10.33   data required time
-----------------------------------------------------------------------------
                                 10.33   data required time
                                 -2.40   data arrival time
-----------------------------------------------------------------------------
                                  7.93   slack (MET)


Startpoint: _1060_ (rising edge-triggered flip-flop clocked by w_clk)
Endpoint: full (output port clocked by w_clk)
Path Group: w_clk
Path Type: max
Corner: Fastest

Fanout     Cap    Slew   Delay    Time   Description
-----------------------------------------------------------------------------
                          0.00    0.00   clock w_clk (rise edge)
                          0.00    0.00   clock source latency
                  0.26    0.20    0.20 ^ w_clk (in)
     1    0.08                           w_clk (net)
                  0.27    0.00    0.20 ^ clkbuf_0_w_clk/A (sky130_fd_sc_hd__clkbuf_16)
                  0.10    0.19    0.39 ^ clkbuf_0_w_clk/X (sky130_fd_sc_hd__clkbuf_16)
    16    0.11                           clknet_0_w_clk (net)
                  0.10    0.01    0.40 ^ clkbuf_4_1_0_w_clk/A (sky130_fd_sc_hd__clkbuf_8)
                  0.06    0.13    0.53 ^ clkbuf_4_1_0_w_clk/X (sky130_fd_sc_hd__clkbuf_8)
    10    0.04                           clknet_4_1_0_w_clk (net)
                  0.06    0.00    0.53 ^ _1060_/CLK (sky130_fd_sc_hd__dfrtp_1)
                  0.04    0.25    0.79 v _1060_/Q (sky130_fd_sc_hd__dfrtp_1)
     1    0.01                           w_ptr_b[0] (net)
                  0.04    0.00    0.79 v _0453_/A (sky130_fd_sc_hd__clkbuf_4)
                  0.07    0.14    0.93 v _0453_/X (sky130_fd_sc_hd__clkbuf_4)
    13    0.04                           _0155_ (net)
                  0.07    0.00    0.93 v _0456_/A (sky130_fd_sc_hd__and3_1)
                  0.04    0.12    1.05 v _0456_/X (sky130_fd_sc_hd__and3_1)
     1    0.01                           _0158_ (net)
                  0.04    0.00    1.05 v _0457_/A (sky130_fd_sc_hd__clkbuf_2)
                  0.06    0.11    1.17 v _0457_/X (sky130_fd_sc_hd__clkbuf_2)
     5    0.02                           _0159_ (net)
                  0.06    0.00    1.17 v _0465_/A (sky130_fd_sc_hd__or3_1)
                  0.07    0.26    1.43 v _0465_/X (sky130_fd_sc_hd__or3_1)
     3    0.01                           _0167_ (net)
                  0.07    0.00    1.43 v _0466_/A2 (sky130_fd_sc_hd__a21bo_1)
                  0.03    0.15    1.58 v _0466_/X (sky130_fd_sc_hd__a21bo_1)
     1    0.01                           _0168_ (net)
                  0.03    0.00    1.58 v _0473_/A1 (sky130_fd_sc_hd__a2111o_2)
                  0.07    0.30    1.88 v _0473_/X (sky130_fd_sc_hd__a2111o_2)
     2    0.01                           _0175_ (net)
                  0.07    0.00    1.88 v _0474_/A (sky130_fd_sc_hd__buf_8)
                  0.06    0.13    2.00 v _0474_/X (sky130_fd_sc_hd__buf_8)
    18    0.09                           _0176_ (net)
                  0.06    0.00    2.01 v _0475_/B (sky130_fd_sc_hd__nor2_1)
                  0.19    0.17    2.18 ^ _0475_/Y (sky130_fd_sc_hd__nor2_1)
     1    0.01                           net15 (net)
                  0.19    0.00    2.18 ^ wire24/A (sky130_fd_sc_hd__clkbuf_4)
                  0.15    0.21    2.39 ^ wire24/X (sky130_fd_sc_hd__clkbuf_4)
     1    0.06                           net24 (net)
                  0.15    0.02    2.41 ^ output15/A (sky130_fd_sc_hd__clkbuf_4)
                  0.08    0.16    2.57 ^ output15/X (sky130_fd_sc_hd__clkbuf_4)
     1    0.03                           full (net)
                  0.08    0.00    2.57 ^ full (out)
                                  2.57   data arrival time

                         10.00   10.00   clock w_clk (rise edge)
                          0.00   10.00   clock network delay (propagated)
                         -0.25    9.75   clock uncertainty
                          0.00    9.75   clock reconvergence pessimism
                         -2.00    7.75   output external delay
                                  7.75   data required time
-----------------------------------------------------------------------------
                                  7.75   data required time
                                 -2.57   data arrival time
-----------------------------------------------------------------------------
                                  5.18   slack (MET)



======================= Slowest Corner ===================================

Startpoint: w_rst_n (input port clocked by w_clk)
Endpoint: _1062_ (recovery check against rising-edge clock w_clk)
Path Group: asynchronous
Path Type: max
Corner: Slowest

Fanout     Cap    Slew   Delay    Time   Description
-----------------------------------------------------------------------------
                          0.00    0.00   clock w_clk (rise edge)
                          0.00    0.00   clock network delay (propagated)
                          2.00    2.00 ^ input external delay
                  0.05    0.03    2.03 ^ w_rst_n (in)
     1    0.01                           w_rst_n (net)
                  0.05    0.00    2.03 ^ input12/A (sky130_fd_sc_hd__buf_6)
                  0.37    0.38    2.41 ^ input12/X (sky130_fd_sc_hd__buf_6)
     2    0.12                           net12 (net)
                  0.39    0.07    2.48 ^ fanout28/A (sky130_fd_sc_hd__buf_6)
                  0.28    0.48    2.96 ^ fanout28/X (sky130_fd_sc_hd__buf_6)
    18    0.09                           net28 (net)
                  0.28    0.01    2.97 ^ _1062_/RESET_B (sky130_fd_sc_hd__dfrtp_4)
                                  2.97   data arrival time

                         10.00   10.00   clock w_clk (rise edge)
                          0.00   10.00   clock source latency
                  0.55    0.38   10.38 ^ w_clk (in)
     1    0.08                           w_clk (net)
                  0.55    0.00   10.38 ^ clkbuf_0_w_clk/A (sky130_fd_sc_hd__clkbuf_16)
                  0.20    0.51   10.88 ^ clkbuf_0_w_clk/X (sky130_fd_sc_hd__clkbuf_16)
    16    0.11                           clknet_0_w_clk (net)
                  0.20    0.01   10.89 ^ clkbuf_4_1_0_w_clk/A (sky130_fd_sc_hd__clkbuf_8)
                  0.12    0.31   11.20 ^ clkbuf_4_1_0_w_clk/X (sky130_fd_sc_hd__clkbuf_8)
    10    0.04                           clknet_4_1_0_w_clk (net)
                  0.12    0.00   11.20 ^ _1062_/CLK (sky130_fd_sc_hd__dfrtp_4)
                         -0.25   10.95   clock uncertainty
                          0.00   10.95   clock reconvergence pessimism
                          0.36   11.32   library recovery time
                                 11.32   data required time
-----------------------------------------------------------------------------
                                 11.32   data required time
                                 -2.97   data arrival time
-----------------------------------------------------------------------------
                                  8.34   slack (MET)


Startpoint: _1061_ (rising edge-triggered flip-flop clocked by w_clk)
Endpoint: full (output port clocked by w_clk)
Path Group: w_clk
Path Type: max
Corner: Slowest

Fanout     Cap    Slew   Delay    Time   Description
-----------------------------------------------------------------------------
                          0.00    0.00   clock w_clk (rise edge)
                          0.00    0.00   clock source latency
                  0.55    0.42    0.42 ^ w_clk (in)
     1    0.08                           w_clk (net)
                  0.55    0.00    0.42 ^ clkbuf_0_w_clk/A (sky130_fd_sc_hd__clkbuf_16)
                  0.20    0.56    0.97 ^ clkbuf_0_w_clk/X (sky130_fd_sc_hd__clkbuf_16)
    16    0.11                           clknet_0_w_clk (net)
                  0.20    0.01    0.98 ^ clkbuf_4_1_0_w_clk/A (sky130_fd_sc_hd__clkbuf_8)
                  0.12    0.34    1.33 ^ clkbuf_4_1_0_w_clk/X (sky130_fd_sc_hd__clkbuf_8)
    10    0.04                           clknet_4_1_0_w_clk (net)
                  0.12    0.00    1.33 ^ _1061_/CLK (sky130_fd_sc_hd__dfrtp_4)
                  0.20    1.19    2.52 v _1061_/Q (sky130_fd_sc_hd__dfrtp_4)
    11    0.04                           w_ptr_b[1] (net)
                  0.20    0.00    2.53 v _0456_/B (sky130_fd_sc_hd__and3_1)
                  0.11    0.47    2.99 v _0456_/X (sky130_fd_sc_hd__and3_1)
     1    0.01                           _0158_ (net)
                  0.11    0.00    2.99 v _0457_/A (sky130_fd_sc_hd__clkbuf_2)
                  0.16    0.31    3.30 v _0457_/X (sky130_fd_sc_hd__clkbuf_2)
     5    0.02                           _0159_ (net)
                  0.16    0.00    3.30 v _0465_/A (sky130_fd_sc_hd__or3_1)
                  0.21    1.03    4.33 v _0465_/X (sky130_fd_sc_hd__or3_1)
     3    0.01                           _0167_ (net)
                  0.21    0.00    4.33 v _0466_/A2 (sky130_fd_sc_hd__a21bo_1)
                  0.08    0.44    4.77 v _0466_/X (sky130_fd_sc_hd__a21bo_1)
     1    0.01                           _0168_ (net)
                  0.08    0.00    4.77 v _0473_/A1 (sky130_fd_sc_hd__a2111o_2)
                  0.18    0.96    5.72 v _0473_/X (sky130_fd_sc_hd__a2111o_2)
     2    0.01                           _0175_ (net)
                  0.18    0.00    5.73 v _0474_/A (sky130_fd_sc_hd__buf_8)
                  0.13    0.35    6.08 v _0474_/X (sky130_fd_sc_hd__buf_8)
    18    0.09                           _0176_ (net)
                  0.13    0.00    6.08 v _0475_/B (sky130_fd_sc_hd__nor2_1)
                  0.44    0.42    6.50 ^ _0475_/Y (sky130_fd_sc_hd__nor2_1)
     1    0.01                           net15 (net)
                  0.44    0.00    6.50 ^ wire24/A (sky130_fd_sc_hd__clkbuf_4)
                  0.31    0.61    7.12 ^ wire24/X (sky130_fd_sc_hd__clkbuf_4)
     1    0.06                           net24 (net)
                  0.31    0.02    7.13 ^ output15/A (sky130_fd_sc_hd__clkbuf_4)
                  0.18    0.46    7.59 ^ output15/X (sky130_fd_sc_hd__clkbuf_4)
     1    0.03                           full (net)
                  0.18    0.00    7.59 ^ full (out)
                                  7.59   data arrival time

                         10.00   10.00   clock w_clk (rise edge)
                          0.00   10.00   clock network delay (propagated)
                         -0.25    9.75   clock uncertainty
                          0.00    9.75   clock reconvergence pessimism
                         -2.00    7.75   output external delay
                                  7.75   data required time
-----------------------------------------------------------------------------
                                  7.75   data required time
                                 -7.59   data arrival time
-----------------------------------------------------------------------------
                                  0.16   slack (MET)



======================= Typical Corner ===================================

Startpoint: w_rst_n (input port clocked by w_clk)
Endpoint: _1062_ (recovery check against rising-edge clock w_clk)
Path Group: asynchronous
Path Type: max
Corner: Typical

Fanout     Cap    Slew   Delay    Time   Description
-----------------------------------------------------------------------------
                          0.00    0.00   clock w_clk (rise edge)
                          0.00    0.00   clock network delay (propagated)
                          2.00    2.00 ^ input external delay
                  0.03    0.02    2.02 ^ w_rst_n (in)
     1    0.01                           w_rst_n (net)
                  0.03    0.00    2.02 ^ input12/A (sky130_fd_sc_hd__buf_6)
                  0.23    0.21    2.23 ^ input12/X (sky130_fd_sc_hd__buf_6)
     2    0.12                           net12 (net)
                  0.26    0.07    2.30 ^ fanout28/A (sky130_fd_sc_hd__buf_6)
                  0.19    0.27    2.56 ^ fanout28/X (sky130_fd_sc_hd__buf_6)
    18    0.09                           net28 (net)
                  0.19    0.01    2.58 ^ _1062_/RESET_B (sky130_fd_sc_hd__dfrtp_4)
                                  2.58   data arrival time

                         10.00   10.00   clock w_clk (rise edge)
                          0.00   10.00   clock source latency
                  0.35    0.24   10.24 ^ w_clk (in)
     1    0.08                           w_clk (net)
                  0.35    0.00   10.24 ^ clkbuf_0_w_clk/A (sky130_fd_sc_hd__clkbuf_16)
                  0.13    0.27   10.51 ^ clkbuf_0_w_clk/X (sky130_fd_sc_hd__clkbuf_16)
    16    0.11                           clknet_0_w_clk (net)
                  0.13    0.01   10.52 ^ clkbuf_4_1_0_w_clk/A (sky130_fd_sc_hd__clkbuf_8)
                  0.08    0.17   10.69 ^ clkbuf_4_1_0_w_clk/X (sky130_fd_sc_hd__clkbuf_8)
    10    0.04                           clknet_4_1_0_w_clk (net)
                  0.08    0.00   10.69 ^ _1062_/CLK (sky130_fd_sc_hd__dfrtp_4)
                         -0.25   10.44   clock uncertainty
                          0.00   10.44   clock reconvergence pessimism
                          0.18   10.62   library recovery time
                                 10.62   data required time
-----------------------------------------------------------------------------
                                 10.62   data required time
                                 -2.58   data arrival time
-----------------------------------------------------------------------------
                                  8.04   slack (MET)


Startpoint: _1060_ (rising edge-triggered flip-flop clocked by w_clk)
Endpoint: full (output port clocked by w_clk)
Path Group: w_clk
Path Type: max
Corner: Typical

Fanout     Cap    Slew   Delay    Time   Description
-----------------------------------------------------------------------------
                          0.00    0.00   clock w_clk (rise edge)
                          0.00    0.00   clock source latency
                  0.35    0.27    0.27 ^ w_clk (in)
     1    0.08                           w_clk (net)
                  0.35    0.00    0.27 ^ clkbuf_0_w_clk/A (sky130_fd_sc_hd__clkbuf_16)
                  0.13    0.30    0.56 ^ clkbuf_0_w_clk/X (sky130_fd_sc_hd__clkbuf_16)
    16    0.11                           clknet_0_w_clk (net)
                  0.13    0.01    0.57 ^ clkbuf_4_1_0_w_clk/A (sky130_fd_sc_hd__clkbuf_8)
                  0.08    0.19    0.76 ^ clkbuf_4_1_0_w_clk/X (sky130_fd_sc_hd__clkbuf_8)
    10    0.04                           clknet_4_1_0_w_clk (net)
                  0.08    0.00    0.77 ^ _1060_/CLK (sky130_fd_sc_hd__dfrtp_1)
                  0.05    0.40    1.17 v _1060_/Q (sky130_fd_sc_hd__dfrtp_1)
     1    0.01                           w_ptr_b[0] (net)
                  0.05    0.00    1.17 v _0453_/A (sky130_fd_sc_hd__clkbuf_4)
                  0.09    0.21    1.38 v _0453_/X (sky130_fd_sc_hd__clkbuf_4)
    13    0.04                           _0155_ (net)
                  0.09    0.00    1.38 v _0456_/A (sky130_fd_sc_hd__and3_1)
                  0.06    0.19    1.57 v _0456_/X (sky130_fd_sc_hd__and3_1)
     1    0.01                           _0158_ (net)
                  0.06    0.00    1.58 v _0457_/A (sky130_fd_sc_hd__clkbuf_2)
                  0.09    0.17    1.74 v _0457_/X (sky130_fd_sc_hd__clkbuf_2)
     5    0.02                           _0159_ (net)
                  0.09    0.00    1.74 v _0465_/A (sky130_fd_sc_hd__or3_1)
                  0.10    0.45    2.19 v _0465_/X (sky130_fd_sc_hd__or3_1)
     3    0.01                           _0167_ (net)
                  0.10    0.00    2.19 v _0466_/A2 (sky130_fd_sc_hd__a21bo_1)
                  0.05    0.23    2.42 v _0466_/X (sky130_fd_sc_hd__a21bo_1)
     1    0.01                           _0168_ (net)
                  0.05    0.00    2.42 v _0473_/A1 (sky130_fd_sc_hd__a2111o_2)
                  0.10    0.48    2.91 v _0473_/X (sky130_fd_sc_hd__a2111o_2)
     2    0.01                           _0175_ (net)
                  0.10    0.00    2.91 v _0474_/A (sky130_fd_sc_hd__buf_8)
                  0.07    0.19    3.10 v _0474_/X (sky130_fd_sc_hd__buf_8)
    18    0.09                           _0176_ (net)
                  0.07    0.00    3.10 v _0475_/B (sky130_fd_sc_hd__nor2_1)
                  0.26    0.24    3.35 ^ _0475_/Y (sky130_fd_sc_hd__nor2_1)
     1    0.01                           net15 (net)
                  0.26    0.00    3.35 ^ wire24/A (sky130_fd_sc_hd__clkbuf_4)
                  0.19    0.33    3.68 ^ wire24/X (sky130_fd_sc_hd__clkbuf_4)
     1    0.06                           net24 (net)
                  0.20    0.02    3.69 ^ output15/A (sky130_fd_sc_hd__clkbuf_4)
                  0.11    0.25    3.94 ^ output15/X (sky130_fd_sc_hd__clkbuf_4)
     1    0.03                           full (net)
                  0.11    0.00    3.95 ^ full (out)
                                  3.95   data arrival time

                         10.00   10.00   clock w_clk (rise edge)
                          0.00   10.00   clock network delay (propagated)
                         -0.25    9.75   clock uncertainty
                          0.00    9.75   clock reconvergence pessimism
                         -2.00    7.75   output external delay
                                  7.75   data required time
-----------------------------------------------------------------------------
                                  7.75   data required time
                                 -3.95   data arrival time
-----------------------------------------------------------------------------
                                  3.80   slack (MET)




===========================================================================
report_checks --slack_max -0.01
============================================================================
======================= Fastest Corner ===================================

No paths found.

======================= Slowest Corner ===================================

No paths found.

======================= Typical Corner ===================================

No paths found.


===========================================================================
 report_check_types -max_slew -max_cap -max_fanout -violators
============================================================================
======================= Fastest Corner ===================================


======================= Slowest Corner ===================================

max slew

Pin                                    Limit    Slew   Slack
------------------------------------------------------------
output19/A                              0.50    0.60   -0.10 (VIOLATED)
_0548_/A1                               0.50    0.59   -0.09 (VIOLATED)
_0917_/Q                                0.50    0.59   -0.09 (VIOLATED)
clkbuf_0_w_clk/A                        0.50    0.55   -0.05 (VIOLATED)
w_clk                                   0.50    0.55   -0.05 (VIOLATED)


======================= Typical Corner ===================================



===========================================================================
report_parasitic_annotation -report_unannotated
============================================================================
Found 0 unannotated drivers.
Found 0 partially unannotated drivers.

===========================================================================
max slew violation count 5
max fanout violation count 0
max cap violation count 0
============================================================================

===========================================================================
check_setup -verbose -unconstrained_endpoints -multiple_clock -no_clock -no_input_delay -loops -generated_clocks
===========================================================================
Warning: There are 27 unclocked register/latch pins.
  _0914_/CLK
  _0915_/CLK
  _0916_/CLK
  _0917_/CLK
  _0918_/CLK
  _0919_/CLK
  _0920_/CLK
  _0921_/CLK
  _1031_/CLK
  _1032_/CLK
  _1033_/CLK
  _1034_/CLK
  _1035_/CLK
  _1036_/CLK
  _1037_/CLK
  _1038_/CLK
  _1039_/CLK
  _1040_/CLK
  _1051_/CLK
  _1052_/CLK
  _1053_/CLK
  _1054_/CLK
  _1055_/CLK
  _1056_/CLK
  _1057_/CLK
  _1058_/CLK
  _1059_/CLK
Warning: There are 41 unconstrained endpoints.
  empty
  r_data[0]
  r_data[1]
  r_data[2]
  r_data[3]
  r_data[4]
  r_data[5]
  r_data[6]
  r_data[7]
  _0914_/D
  _0915_/D
  _0916_/D
  _0917_/D
  _0918_/D
  _0919_/D
  _0920_/D
  _0921_/D
  _1031_/D
  _1032_/D
  _1033_/D
  _1034_/D
  _1035_/D
  _1036_/D
  _1037_/D
  _1038_/D
  _1039_/D
  _1040_/D
  _1041_/D
  _1042_/D
  _1043_/D
  _1044_/D
  _1045_/D
  _1051_/D
  _1052_/D
  _1053_/D
  _1054_/D
  _1055_/D
  _1056_/D
  _1057_/D
  _1058_/D
  _1059_/D
