
===========================================================================
 report_power
============================================================================
======================= Fastest Corner ===================================

Group                  Internal  Switching    Leakage      Total
                          Power      Power      Power      Power (Watts)
----------------------------------------------------------------
Sequential             1.12e-03   3.68e-04   1.85e-07   1.49e-03  37.8%
Combinational          1.43e-03   1.02e-03   5.47e-08   2.45e-03  62.2%
Macro                  0.00e+00   0.00e+00   0.00e+00   0.00e+00   0.0%
Pad                    0.00e+00   0.00e+00   0.00e+00   0.00e+00   0.0%
----------------------------------------------------------------
Total                  2.55e-03   1.39e-03   2.39e-07   3.94e-03 100.0%
                          64.8%      35.2%       0.0%

======================= Slowest Corner ===================================

Group                  Internal  Switching    Leakage      Total
                          Power      Power      Power      Power (Watts)
----------------------------------------------------------------
Sequential             7.69e-04   2.40e-04   2.74e-06   1.01e-03  37.7%
Combinational          1.01e-03   6.61e-04   4.11e-06   1.67e-03  62.3%
Macro                  0.00e+00   0.00e+00   0.00e+00   0.00e+00   0.0%
Pad                    0.00e+00   0.00e+00   0.00e+00   0.00e+00   0.0%
----------------------------------------------------------------
Total                  1.78e-03   9.01e-04   6.84e-06   2.69e-03 100.0%
                          66.2%      33.5%       0.3%

======================= Typical Corner ===================================

Group                  Internal  Switching    Leakage      Total
                          Power      Power      Power      Power (Watts)
----------------------------------------------------------------
Sequential             9.74e-04   3.09e-04   1.84e-07   1.28e-03  37.7%
Combinational          1.26e-03   8.54e-04   5.08e-08   2.12e-03  62.3%
Macro                  0.00e+00   0.00e+00   0.00e+00   0.00e+00   0.0%
Pad                    0.00e+00   0.00e+00   0.00e+00   0.00e+00   0.0%
----------------------------------------------------------------
Total                  2.24e-03   1.16e-03   2.34e-07   3.40e-03 100.0%
                          65.8%      34.2%       0.0%

