
===========================================================================
 report_power
============================================================================
======================= Fastest Corner ===================================

Group                  Internal  Switching    Leakage      Total
                          Power      Power      Power      Power (Watts)
----------------------------------------------------------------
Sequential             1.11e-03   2.40e-04   1.84e-07   1.35e-03  36.4%
Combinational          1.43e-03   9.20e-04   9.89e-09   2.35e-03  63.6%
Macro                  0.00e+00   0.00e+00   0.00e+00   0.00e+00   0.0%
Pad                    0.00e+00   0.00e+00   0.00e+00   0.00e+00   0.0%
----------------------------------------------------------------
Total                  2.54e-03   1.16e-03   1.94e-07   3.70e-03 100.0%
                          68.6%      31.4%       0.0%

======================= Slowest Corner ===================================

Group                  Internal  Switching    Leakage      Total
                          Power      Power      Power      Power (Watts)
----------------------------------------------------------------
Sequential             7.59e-04   1.54e-04   2.72e-06   9.16e-04  36.3%
Combinational          1.01e-03   5.93e-04   4.01e-06   1.60e-03  63.7%
Macro                  0.00e+00   0.00e+00   0.00e+00   0.00e+00   0.0%
Pad                    0.00e+00   0.00e+00   0.00e+00   0.00e+00   0.0%
----------------------------------------------------------------
Total                  1.77e-03   7.47e-04   6.73e-06   2.52e-03 100.0%
                          70.1%      29.6%       0.3%

======================= Typical Corner ===================================

Group                  Internal  Switching    Leakage      Total
                          Power      Power      Power      Power (Watts)
----------------------------------------------------------------
Sequential             9.62e-04   2.00e-04   1.83e-07   1.16e-03  36.4%
Combinational          1.26e-03   7.68e-04   6.17e-09   2.03e-03  63.6%
Macro                  0.00e+00   0.00e+00   0.00e+00   0.00e+00   0.0%
Pad                    0.00e+00   0.00e+00   0.00e+00   0.00e+00   0.0%
----------------------------------------------------------------
Total                  2.22e-03   9.68e-04   1.89e-07   3.19e-03 100.0%
                          69.6%      30.4%       0.0%

