[ERROR]: during executing openroad script /openlane/scripts/openroad/gpl.tcl
[ERROR]: Log: designs/AsynFifo/runs/last_run/logs/placement/7-global.log
[ERROR]: Last 10 lines:
[INFO GPL-0015] CoreAreaUxUy: 94300 87040
[INFO GPL-0016] CoreArea: 6761484800
[INFO GPL-0017] NonPlaceInstsArea: 322809600
[INFO GPL-0018] PlaceInstsArea: 8041462400
[INFO GPL-0019] Util(%): 124.89
[INFO GPL-0020] StdInstsArea: 8041462400
[INFO GPL-0021] MacroInstsArea: 0
[ERROR GPL-0301] Utilization exceeds 100%.
Error: gpl.tcl, 71 GPL-0301
child process exited abnormally

[ERROR]: Creating issue reproducible...
[ERROR]: Step 7 (placement) failed with error:
-code 1 -level 0 -errorcode NONE -errorinfo {
    while executing
"throw_error"
    (procedure "run_tcl_script" line 219)
    invoked from within
"run_tcl_script -tool openroad -no_consume {*}$args"
    (procedure "run_openroad_script" line 2)
    invoked from within
"run_openroad_script $::env(SCRIPTS_DIR)/openroad/gpl.tcl -indexed_log [index_file $::env(placement_logs)/global.log] -save "to=$::env(placement_tmpfil..."
    (procedure "global_placement_or" line 12)
    invoked from within
"global_placement_or"
    (procedure "run_placement" line 14)
    invoked from within
"run_placement"
    (procedure "run_placement_step" line 8)
    invoked from within
"run_placement_step"} -errorline 1
[ERROR]: Flow failed.
