[INFO]: Run Directory: /openlane/designs/AsynFifo/runs/last_run
[INFO]: Saving runtime environment...
[INFO]: Preparing LEF files for the nom corner...
[INFO]: Preparing LEF files for the min corner...
[INFO]: Preparing LEF files for the max corner...
[INFO]: Running linter (Verilator) (log: designs/AsynFifo/runs/last_run/logs/synthesis/linter.log)...
[INFO]: 0 errors found by linter
[WARNING]: 1 warnings found by linter
[INFO]: Running Synthesis (log: designs/AsynFifo/runs/last_run/logs/synthesis/1-synthesis.log)...
[INFO]: Running Single-Corner Static Timing Analysis (log: designs/AsynFifo/runs/last_run/logs/synthesis/2-sta.log)...
[INFO]: Running Initial Floorplanning (log: designs/AsynFifo/runs/last_run/logs/floorplan/3-initial_fp.log)...
[WARNING]: Current core area is too small for the power grid settings chosen. The power grid will be scaled down.
[INFO]: Floorplanned with width 88.78 and height 76.16.
[INFO]: Running IO Placement...
[INFO]: Running Tap/Decap Insertion (log: designs/AsynFifo/runs/last_run/logs/floorplan/5-tap.log)...
[INFO]: Power planning with power {vccd1} and ground {vssd1}...
[INFO]: Generating PDN (log: designs/AsynFifo/runs/last_run/logs/floorplan/6-pdn.log)...
[INFO]: Running Global Placement (log: designs/AsynFifo/runs/last_run/logs/placement/7-global.log)...
[ERROR]: during executing openroad script /openlane/scripts/openroad/gpl.tcl
[ERROR]: Log: designs/AsynFifo/runs/last_run/logs/placement/7-global.log
[ERROR]: Last 10 lines:
[INFO GPL-0015] CoreAreaUxUy: 94300 87040
[INFO GPL-0016] CoreArea: 6761484800
[INFO GPL-0017] NonPlaceInstsArea: 322809600
[INFO GPL-0018] PlaceInstsArea: 8041462400
[INFO GPL-0019] Util(%): 124.89
[INFO GPL-0020] StdInstsArea: 8041462400
[INFO GPL-0021] MacroInstsArea: 0
[ERROR GPL-0301] Utilization exceeds 100%.
Error: gpl.tcl, 71 GPL-0301
child process exited abnormally

[ERROR]: Creating issue reproducible...
[INFO]: Saving runtime environment...
[INFO]: Reproducible packaged: Please tarball and upload 'designs/AsynFifo/runs/last_run/issue_reproducible' if you're going to submit an issue.
[ERROR]: Step 7 (placement) failed with error:
-code 1 -level 0 -errorcode NONE -errorinfo {
    while executing
"throw_error"
    (procedure "run_tcl_script" line 219)
    invoked from within
"run_tcl_script -tool openroad -no_consume {*}$args"
    (procedure "run_openroad_script" line 2)
    invoked from within
"run_openroad_script $::env(SCRIPTS_DIR)/openroad/gpl.tcl -indexed_log [index_file $::env(placement_logs)/global.log] -save "to=$::env(placement_tmpfil..."
    (procedure "global_placement_or" line 12)
    invoked from within
"global_placement_or"
    (procedure "run_placement" line 14)
    invoked from within
"run_placement"
    (procedure "run_placement_step" line 8)
    invoked from within
"run_placement_step"} -errorline 1
[INFO]: Saving current set of views in 'designs/AsynFifo/runs/last_run/results/final'...
[INFO]: Generating final set of reports...
[INFO]: Created manufacturability report at 'designs/AsynFifo/runs/last_run/reports/manufacturability.rpt'.
[INFO]: Created metrics report at 'designs/AsynFifo/runs/last_run/reports/metrics.csv'.
[INFO]: Saving runtime environment...
[ERROR]: Flow failed.
[INFO]: The failure may have been because of the following warnings:
