
===========================================================================
 report_power
============================================================================
======================= Fastest Corner ===================================

Group                  Internal  Switching    Leakage      Total
                          Power      Power      Power      Power (Watts)
----------------------------------------------------------------
Sequential             1.11e-03   2.49e-04   1.84e-07   1.36e-03  36.2%
Combinational          1.43e-03   9.52e-04   9.89e-09   2.38e-03  63.8%
Macro                  0.00e+00   0.00e+00   0.00e+00   0.00e+00   0.0%
Pad                    0.00e+00   0.00e+00   0.00e+00   0.00e+00   0.0%
----------------------------------------------------------------
Total                  2.54e-03   1.20e-03   1.94e-07   3.74e-03 100.0%
                          67.9%      32.1%       0.0%

======================= Slowest Corner ===================================

Group                  Internal  Switching    Leakage      Total
                          Power      Power      Power      Power (Watts)
----------------------------------------------------------------
Sequential             7.59e-04   1.60e-04   2.72e-06   9.21e-04  36.1%
Combinational          1.01e-03   6.15e-04   4.01e-06   1.63e-03  63.9%
Macro                  0.00e+00   0.00e+00   0.00e+00   0.00e+00   0.0%
Pad                    0.00e+00   0.00e+00   0.00e+00   0.00e+00   0.0%
----------------------------------------------------------------
Total                  1.77e-03   7.75e-04   6.73e-06   2.55e-03 100.0%
                          69.3%      30.4%       0.3%

======================= Typical Corner ===================================

Group                  Internal  Switching    Leakage      Total
                          Power      Power      Power      Power (Watts)
----------------------------------------------------------------
Sequential             9.62e-04   2.07e-04   1.83e-07   1.17e-03  36.2%
Combinational          1.26e-03   7.96e-04   6.17e-09   2.06e-03  63.8%
Macro                  0.00e+00   0.00e+00   0.00e+00   0.00e+00   0.0%
Pad                    0.00e+00   0.00e+00   0.00e+00   0.00e+00   0.0%
----------------------------------------------------------------
Total                  2.22e-03   1.00e-03   1.89e-07   3.23e-03 100.0%
                          68.9%      31.1%       0.0%

