
61. Printing statistics.

=== AsynFifo ===

   Number of wires:                605
   Number of wire bits:            619
   Number of public wires:         195
   Number of public wire bits:     209
   Number of memories:               0
   Number of memory bits:            0
   Number of processes:              0
   Number of cells:                605
     sky130_fd_sc_hd__a2111o_2       1
     sky130_fd_sc_hd__a21bo_2        1
     sky130_fd_sc_hd__a21boi_2       1
     sky130_fd_sc_hd__a21o_2         2
     sky130_fd_sc_hd__a21oi_2        3
     sky130_fd_sc_hd__a31o_2         1
     sky130_fd_sc_hd__a31oi_2        1
     sky130_fd_sc_hd__a32o_2         1
     sky130_fd_sc_hd__and2_2         4
     sky130_fd_sc_hd__and2b_2        4
     sky130_fd_sc_hd__and3_2         3
     sky130_fd_sc_hd__and3b_2        1
     sky130_fd_sc_hd__and4_2         2
     sky130_fd_sc_hd__buf_1        154
     sky130_fd_sc_hd__dfrtp_2       38
     sky130_fd_sc_hd__dfxtp_2      136
     sky130_fd_sc_hd__inv_2          2
     sky130_fd_sc_hd__mux2_2       160
     sky130_fd_sc_hd__mux4_2        32
     sky130_fd_sc_hd__nand2_2        5
     sky130_fd_sc_hd__nand3_2        1
     sky130_fd_sc_hd__nand3b_2       4
     sky130_fd_sc_hd__nor2_2         9
     sky130_fd_sc_hd__nor2b_2        1
     sky130_fd_sc_hd__nor3_2         2
     sky130_fd_sc_hd__nor3b_2        2
     sky130_fd_sc_hd__nor4_2         1
     sky130_fd_sc_hd__o2111ai_2      1
     sky130_fd_sc_hd__o21ai_2        2
     sky130_fd_sc_hd__o22ai_2        1
     sky130_fd_sc_hd__o311a_2        1
     sky130_fd_sc_hd__o31a_2         1
     sky130_fd_sc_hd__o41a_2         1
     sky130_fd_sc_hd__or2b_2         3
     sky130_fd_sc_hd__or3_2          3
     sky130_fd_sc_hd__or3b_2         9
     sky130_fd_sc_hd__or4_2          1
     sky130_fd_sc_hd__xnor2_2        3
     sky130_fd_sc_hd__xor2_2         7

   Chip area for module '\AsynFifo': 7813.744000

