
17. Executing CHECK pass (checking for obvious problems).
Checking module AsynFifo...
Warning: found logic loop in module AsynFifo:
    cell $add$/openlane/designs/AsynFifo/src/AsynFifo.v:36$6 ($add)
    cell $and$/openlane/designs/AsynFifo/src/AsynFifo.v:32$3 ($and)
    cell $eq$/openlane/designs/AsynFifo/src/AsynFifo.v:100$30 ($eq)
    cell $not$/openlane/designs/AsynFifo/src/AsynFifo.v:32$2 ($not)
    cell $xor$/openlane/designs/AsynFifo/src/AsynFifo.v:39$9 ($xor)
    wire $add$/openlane/designs/AsynFifo/src/AsynFifo.v:36$6_Y [0]
    wire $and$/openlane/designs/AsynFifo/src/AsynFifo.v:32$3_Y
    wire $eq$/openlane/designs/AsynFifo/src/AsynFifo.v:100$30_Y
    wire $not$/openlane/designs/AsynFifo/src/AsynFifo.v:32$2_Y
    wire $xor$/openlane/designs/AsynFifo/src/AsynFifo.v:39$9_Y [0]
Warning: found logic loop in module AsynFifo:
    cell $add$/openlane/designs/AsynFifo/src/AsynFifo.v:36$6 ($add)
    cell $and$/openlane/designs/AsynFifo/src/AsynFifo.v:32$3 ($and)
    cell $eq$/openlane/designs/AsynFifo/src/AsynFifo.v:100$30 ($eq)
    cell $not$/openlane/designs/AsynFifo/src/AsynFifo.v:32$2 ($not)
    cell $xor$/openlane/designs/AsynFifo/src/AsynFifo.v:39$9 ($xor)
    wire $add$/openlane/designs/AsynFifo/src/AsynFifo.v:36$6_Y [1]
    wire $and$/openlane/designs/AsynFifo/src/AsynFifo.v:32$3_Y
    wire $eq$/openlane/designs/AsynFifo/src/AsynFifo.v:100$30_Y
    wire $not$/openlane/designs/AsynFifo/src/AsynFifo.v:32$2_Y
    wire $xor$/openlane/designs/AsynFifo/src/AsynFifo.v:39$9_Y [0]
Warning: found logic loop in module AsynFifo:
    cell $add$/openlane/designs/AsynFifo/src/AsynFifo.v:36$6 ($add)
    cell $and$/openlane/designs/AsynFifo/src/AsynFifo.v:32$3 ($and)
    cell $eq$/openlane/designs/AsynFifo/src/AsynFifo.v:100$30 ($eq)
    cell $not$/openlane/designs/AsynFifo/src/AsynFifo.v:32$2 ($not)
    cell $xor$/openlane/designs/AsynFifo/src/AsynFifo.v:39$9 ($xor)
    wire $add$/openlane/designs/AsynFifo/src/AsynFifo.v:36$6_Y [2]
    wire $and$/openlane/designs/AsynFifo/src/AsynFifo.v:32$3_Y
    wire $eq$/openlane/designs/AsynFifo/src/AsynFifo.v:100$30_Y
    wire $not$/openlane/designs/AsynFifo/src/AsynFifo.v:32$2_Y
    wire $xor$/openlane/designs/AsynFifo/src/AsynFifo.v:39$9_Y [0]
Warning: found logic loop in module AsynFifo:
    cell $add$/openlane/designs/AsynFifo/src/AsynFifo.v:36$6 ($add)
    cell $and$/openlane/designs/AsynFifo/src/AsynFifo.v:32$3 ($and)
    cell $eq$/openlane/designs/AsynFifo/src/AsynFifo.v:100$30 ($eq)
    cell $not$/openlane/designs/AsynFifo/src/AsynFifo.v:32$2 ($not)
    cell $xor$/openlane/designs/AsynFifo/src/AsynFifo.v:39$9 ($xor)
    wire $add$/openlane/designs/AsynFifo/src/AsynFifo.v:36$6_Y [3]
    wire $and$/openlane/designs/AsynFifo/src/AsynFifo.v:32$3_Y
    wire $eq$/openlane/designs/AsynFifo/src/AsynFifo.v:100$30_Y
    wire $not$/openlane/designs/AsynFifo/src/AsynFifo.v:32$2_Y
    wire $xor$/openlane/designs/AsynFifo/src/AsynFifo.v:39$9_Y [0]
Warning: found logic loop in module AsynFifo:
    cell $add$/openlane/designs/AsynFifo/src/AsynFifo.v:36$6 ($add)
    cell $and$/openlane/designs/AsynFifo/src/AsynFifo.v:32$3 ($and)
    cell $eq$/openlane/designs/AsynFifo/src/AsynFifo.v:100$30 ($eq)
    cell $not$/openlane/designs/AsynFifo/src/AsynFifo.v:32$2 ($not)
    cell $xor$/openlane/designs/AsynFifo/src/AsynFifo.v:39$9 ($xor)
    wire $add$/openlane/designs/AsynFifo/src/AsynFifo.v:36$6_Y [4]
    wire $and$/openlane/designs/AsynFifo/src/AsynFifo.v:32$3_Y
    wire $eq$/openlane/designs/AsynFifo/src/AsynFifo.v:100$30_Y
    wire $not$/openlane/designs/AsynFifo/src/AsynFifo.v:32$2_Y
    wire $xor$/openlane/designs/AsynFifo/src/AsynFifo.v:39$9_Y [0]
Found and reported 5 problems.
