Instance name,  X location,  Y location,  Voltage 
FILLER_0_82_359, 175.44, 236.64, 1.79877
FILLER_0_80_357, 175.44, 231.2, 1.79877
FILLER_0_78_357, 175.44, 225.76, 1.79878
FILLER_0_76_357, 175.44, 220.32, 1.79879
FILLER_0_74_357, 175.44, 214.88, 1.79881
FILLER_0_72_357, 175.44, 209.44, 1.79883
FILLER_0_70_357, 175.44, 204, 1.79885
FILLER_0_68_357, 175.44, 198.56, 1.79888
FILLER_0_66_357, 175.44, 193.12, 1.79891
FILLER_0_64_357, 175.44, 187.68, 1.79895
FILLER_0_62_357, 175.44, 182.24, 1.79898
FILLER_0_60_357, 175.44, 176.8, 1.79871
FILLER_0_58_358, 175.44, 171.36, 1.79837
FILLER_0_51_381, 175.44, 149.6, 1.79715
FILLER_0_48_356, 175.44, 144.16, 1.79697
FILLER_0_46_358, 175.44, 138.72, 1.79671
FILLER_0_47_381, 175.44, 138.72, 1.79671
FILLER_0_38_357, 175.44, 116.96, 1.79608
FILLER_0_36_357, 175.44, 111.52, 1.79602
FILLER_0_37_381, 175.44, 111.52, 1.79602
FILLER_0_28_357, 175.44, 89.76, 1.79556
FILLER_0_24_357, 175.44, 78.88, 1.79556
FILLER_0_22_357, 175.44, 73.44, 1.79548
FILLER_0_20_357, 175.44, 68, 1.79551
FILLER_0_18_357, 175.44, 62.56, 1.79543
FILLER_0_16_357, 175.44, 57.12, 1.79547
FILLER_0_14_357, 175.44, 51.68, 1.79551
FILLER_0_12_357, 175.44, 46.24, 1.7955
FILLER_0_10_357, 175.44, 40.8, 1.79549
FILLER_0_8_357, 175.44, 35.36, 1.79548
FILLER_0_6_357, 175.44, 29.92, 1.79547
FILLER_0_4_357, 175.44, 24.48, 1.79546
FILLER_0_2_357, 175.44, 19.04, 1.79546
FILLER_0_0_357, 175.44, 13.6, 1.79545
FILLER_0_75_45, 21.84, 214.88, 1.79766
FILLER_0_59_45, 21.84, 171.36, 1.79704
_0480_, 21.84, 155.04, 1.79635
_1041_, 21.84, 155.04, 1.79635
fanout27, 21.84, 155.04, 1.79635
_0845_, 21.84, 149.6, 1.7961
_0846_, 21.84, 149.6, 1.7961
_1018_, 21.84, 149.6, 1.7961
FILLER_0_51_43, 21.84, 149.6, 1.7961
FILLER_0_52_37, 21.84, 149.6, 1.7961
FILLER_0_48_29, 21.84, 144.16, 1.796
_0478_, 21.84, 138.72, 1.79581
_0810_, 21.84, 138.72, 1.79581
_0844_, 21.84, 138.72, 1.79581
_1019_, 21.84, 138.72, 1.79581
FILLER_0_48_37, 21.84, 138.72, 1.79581
_0849_, 21.84, 133.28, 1.79563
_1042_, 21.84, 133.28, 1.79563
_0481_, 21.84, 127.84, 1.79564
FILLER_0_42_29, 21.84, 127.84, 1.79564
FILLER_0_44_44, 21.84, 127.84, 1.79564
_0479_, 21.84, 122.4, 1.79524
_0816_, 21.84, 122.4, 1.79524
_1022_, 21.84, 122.4, 1.79524
FILLER_0_41_35, 21.84, 122.4, 1.79524
FILLER_0_41_48, 21.84, 122.4, 1.79524
_0814_, 21.84, 116.96, 1.79537
_1045_, 21.84, 116.96, 1.79537
hold2, 21.84, 116.96, 1.79537
FILLER_0_38_29, 21.84, 116.96, 1.79537
FILLER_0_40_36, 21.84, 116.96, 1.79537
_0477_, 21.84, 111.52, 1.79535
_1021_, 21.84, 111.52, 1.79535
_0482_, 21.84, 106.08, 1.79519
_1044_, 21.84, 106.08, 1.79519
FILLER_0_35_49, 21.84, 106.08, 1.79519
_0856_, 21.84, 100.64, 1.79518
_0848_, 21.84, 95.2, 1.79508
_0855_, 21.84, 95.2, 1.79508
_0861_, 21.84, 95.2, 1.79508
FILLER_0_32_36, 21.84, 95.2, 1.79508
FILLER_0_30_48, 21.84, 89.76, 1.79506
_0853_, 21.84, 84.32, 1.795
_1057_, 21.84, 84.32, 1.795
FILLER_0_26_29, 21.84, 84.32, 1.795
FILLER_0_28_41, 21.84, 84.32, 1.795
_0854_, 21.84, 78.88, 1.79515
fanout26, 21.84, 78.88, 1.79515
FILLER_0_26_37, 21.84, 78.88, 1.79515
FILLER_0_26_43, 21.84, 78.88, 1.79515
FILLER_0_11_45, 21.84, 40.8, 1.79528
PHY_164, 5.52, 236.64, 1.7977
PHY_165, 244.26, 236.64, 1.79877
output19, 244.26, 236.64, 1.79877
FILLER_0_82_53, 34.64, 236.64, 1.79778
input6, 47.44, 236.64, 1.79786
FILLER_0_82_81, 47.44, 236.64, 1.79786
FILLER_0_82_137, 73.04, 236.64, 1.79804
input1, 85.84, 236.64, 1.79813
FILLER_0_82_165, 85.84, 236.64, 1.79813
FILLER_0_82_193, 98.64, 236.64, 1.79822
FILLER_0_82_221, 111.44, 236.64, 1.79831
FILLER_0_82_249, 124.24, 236.64, 1.7984
FILLER_0_82_277, 137.04, 236.64, 1.7985
FILLER_0_82_305, 149.84, 236.64, 1.79859
FILLER_0_82_333, 162.64, 236.64, 1.79868
FILLER_0_82_389, 186.91, 236.64, 1.79877
FILLER_0_82_417, 198.38, 236.64, 1.79877
ANTENNA_1, 221.32, 236.64, 1.79877
PHY_160, 5.52, 231.2, 1.79769
PHY_162, 5.52, 231.2, 1.79769
input12, 5.52, 231.2, 1.79769
PHY_161, 244.26, 231.2, 1.79877
PHY_163, 244.26, 231.2, 1.79877
FILLER_0_80_513, 244.26, 231.2, 1.79877
FILLER_0_81_513, 244.26, 231.2, 1.79877
FILLER_0_82_19, 13.68, 231.2, 1.79769
FILLER_0_81_51, 34.64, 231.2, 1.79778
FILLER_0_81_105, 47.44, 231.2, 1.79787
FILLER_0_82_105, 47.44, 231.2, 1.79787
FILLER_0_80_133, 73.04, 231.2, 1.79805
FILLER_0_81_161, 85.84, 231.2, 1.79814
FILLER_0_80_189, 98.64, 231.2, 1.79823
FILLER_0_81_217, 111.44, 231.2, 1.79832
FILLER_0_80_245, 124.24, 231.2, 1.79841
FILLER_0_81_273, 137.04, 231.2, 1.7985
FILLER_0_80_301, 149.84, 231.2, 1.79859
input9, 162.64, 231.2, 1.79868
FILLER_0_81_329, 162.64, 231.2, 1.79868
FILLER_0_82_349, 162.64, 231.2, 1.79868
FILLER_0_81_385, 186.91, 231.2, 1.79877
FILLER_0_80_413, 198.38, 231.2, 1.79877
output14, 209.85, 231.2, 1.79877
FILLER_0_81_441, 209.85, 231.2, 1.79877
FILLER_0_82_445, 209.85, 231.2, 1.79877
FILLER_0_80_469, 221.32, 231.2, 1.79877
FILLER_0_82_471, 221.32, 231.2, 1.79877
FILLER_0_81_497, 232.79, 231.2, 1.79877
FILLER_0_81_505, 232.79, 231.2, 1.79877
FILLER_0_82_501, 232.79, 231.2, 1.79877
FILLER_0_82_505, 232.79, 231.2, 1.79877
PHY_156, 5.52, 225.76, 1.79769
PHY_158, 5.52, 225.76, 1.79769
PHY_157, 244.26, 225.76, 1.79878
PHY_159, 244.26, 225.76, 1.79878
FILLER_0_78_513, 244.26, 225.76, 1.79878
FILLER_0_79_513, 244.26, 225.76, 1.79878
FILLER_0_79_51, 34.64, 225.76, 1.79778
FILLER_0_80_77, 34.64, 225.76, 1.79778
FILLER_0_79_105, 47.44, 225.76, 1.79787
FILLER_0_78_133, 73.04, 225.76, 1.79805
FILLER_0_79_161, 85.84, 225.76, 1.79814
FILLER_0_78_189, 98.64, 225.76, 1.79824
FILLER_0_79_217, 111.44, 225.76, 1.79833
FILLER_0_78_245, 124.24, 225.76, 1.79842
FILLER_0_79_273, 137.04, 225.76, 1.79851
FILLER_0_78_301, 149.84, 225.76, 1.7986
FILLER_0_79_329, 162.64, 225.76, 1.79869
FILLER_0_79_385, 186.91, 225.76, 1.79878
FILLER_0_78_413, 198.38, 225.76, 1.79878
FILLER_0_79_441, 209.85, 225.76, 1.79878
FILLER_0_78_469, 221.32, 225.76, 1.79878
FILLER_0_79_497, 232.79, 225.76, 1.79878
FILLER_0_79_505, 232.79, 225.76, 1.79878
PHY_152, 5.52, 220.32, 1.79768
PHY_154, 5.52, 220.32, 1.79768
PHY_153, 244.26, 220.32, 1.79879
PHY_155, 244.26, 220.32, 1.79879
FILLER_0_76_513, 244.26, 220.32, 1.79879
FILLER_0_77_513, 244.26, 220.32, 1.79879
FILLER_0_77_51, 34.64, 220.32, 1.79777
FILLER_0_78_77, 34.64, 220.32, 1.79777
FILLER_0_77_105, 47.44, 220.32, 1.79786
FILLER_0_76_133, 73.04, 220.32, 1.79805
FILLER_0_77_161, 85.84, 220.32, 1.79814
FILLER_0_76_189, 98.64, 220.32, 1.79824
FILLER_0_77_217, 111.44, 220.32, 1.79833
FILLER_0_76_245, 124.24, 220.32, 1.79842
FILLER_0_77_273, 137.04, 220.32, 1.79851
FILLER_0_76_301, 149.84, 220.32, 1.79861
FILLER_0_77_329, 162.64, 220.32, 1.7987
FILLER_0_77_385, 186.91, 220.32, 1.79879
FILLER_0_76_413, 198.38, 220.32, 1.79879
FILLER_0_77_441, 209.85, 220.32, 1.79879
FILLER_0_76_469, 221.32, 220.32, 1.79879
FILLER_0_77_497, 232.79, 220.32, 1.79879
FILLER_0_77_505, 232.79, 220.32, 1.79879
PHY_148, 5.52, 214.88, 1.79765
PHY_150, 5.52, 214.88, 1.79765
input8, 5.52, 214.88, 1.79765
PHY_149, 244.26, 214.88, 1.79881
PHY_151, 244.26, 214.88, 1.79881
FILLER_0_74_513, 244.26, 214.88, 1.79881
FILLER_0_75_513, 244.26, 214.88, 1.79881
FILLER_0_75_53, 34.64, 214.88, 1.79776
FILLER_0_76_77, 34.64, 214.88, 1.79776
FILLER_0_75_105, 47.44, 214.88, 1.79785
FILLER_0_74_133, 73.04, 214.88, 1.79804
FILLER_0_75_161, 85.84, 214.88, 1.79814
FILLER_0_74_189, 98.64, 214.88, 1.79823
FILLER_0_75_217, 111.44, 214.88, 1.79833
FILLER_0_74_245, 124.24, 214.88, 1.79843
FILLER_0_75_273, 137.04, 214.88, 1.79852
FILLER_0_74_301, 149.84, 214.88, 1.79862
FILLER_0_75_329, 162.64, 214.88, 1.79871
FILLER_0_75_385, 186.91, 214.88, 1.79881
FILLER_0_74_413, 198.38, 214.88, 1.79881
FILLER_0_75_441, 209.85, 214.88, 1.79881
FILLER_0_74_469, 221.32, 214.88, 1.79881
FILLER_0_75_497, 232.79, 214.88, 1.79881
FILLER_0_75_505, 232.79, 214.88, 1.79881
PHY_144, 5.52, 209.44, 1.79764
PHY_146, 5.52, 209.44, 1.79764
PHY_145, 244.26, 209.44, 1.79883
PHY_147, 244.26, 209.44, 1.79883
output16, 244.26, 209.44, 1.79883
FILLER_0_72_509, 244.26, 209.44, 1.79883
FILLER_0_73_513, 244.26, 209.44, 1.79883
FILLER_0_73_51, 34.64, 209.44, 1.79774
FILLER_0_74_77, 34.64, 209.44, 1.79774
FILLER_0_73_105, 47.44, 209.44, 1.79784
FILLER_0_72_133, 73.04, 209.44, 1.79804
FILLER_0_73_161, 85.84, 209.44, 1.79814
FILLER_0_72_189, 98.64, 209.44, 1.79824
FILLER_0_73_217, 111.44, 209.44, 1.79834
FILLER_0_72_245, 124.24, 209.44, 1.79843
FILLER_0_73_273, 137.04, 209.44, 1.79853
FILLER_0_72_301, 149.84, 209.44, 1.79863
FILLER_0_73_329, 162.64, 209.44, 1.79873
FILLER_0_73_385, 186.91, 209.44, 1.79883
FILLER_0_72_413, 198.38, 209.44, 1.79883
FILLER_0_73_441, 209.85, 209.44, 1.79883
FILLER_0_72_469, 221.32, 209.44, 1.79883
FILLER_0_73_497, 232.79, 209.44, 1.79883
FILLER_0_73_505, 232.79, 209.44, 1.79883
PHY_140, 5.52, 204, 1.79762
PHY_142, 5.52, 204, 1.79762
PHY_141, 244.26, 204, 1.79885
PHY_143, 244.26, 204, 1.79885
FILLER_0_70_513, 244.26, 204, 1.79885
FILLER_0_71_513, 244.26, 204, 1.79885
FILLER_0_71_51, 34.64, 204, 1.79772
FILLER_0_72_77, 34.64, 204, 1.79772
FILLER_0_71_105, 47.44, 204, 1.79783
FILLER_0_70_133, 73.04, 204, 1.79803
FILLER_0_71_161, 85.84, 204, 1.79813
FILLER_0_70_189, 98.64, 204, 1.79824
FILLER_0_71_217, 111.44, 204, 1.79834
FILLER_0_70_245, 124.24, 204, 1.79844
FILLER_0_71_273, 137.04, 204, 1.79855
FILLER_0_70_301, 149.84, 204, 1.79865
FILLER_0_71_329, 162.64, 204, 1.79875
FILLER_0_71_385, 186.91, 204, 1.79885
FILLER_0_70_413, 198.38, 204, 1.79885
FILLER_0_71_441, 209.85, 204, 1.79885
FILLER_0_70_469, 221.32, 204, 1.79885
FILLER_0_71_497, 232.79, 204, 1.79885
FILLER_0_71_505, 232.79, 204, 1.79885
FILLER_0_72_501, 232.79, 204, 1.79885
PHY_136, 5.52, 198.56, 1.79759
PHY_138, 5.52, 198.56, 1.79759
PHY_137, 244.26, 198.56, 1.79888
PHY_139, 244.26, 198.56, 1.79888
FILLER_0_68_513, 244.26, 198.56, 1.79888
FILLER_0_69_513, 244.26, 198.56, 1.79888
FILLER_0_69_51, 34.64, 198.56, 1.7977
FILLER_0_70_77, 34.64, 198.56, 1.7977
FILLER_0_69_105, 47.44, 198.56, 1.79781
FILLER_0_68_133, 73.04, 198.56, 1.79802
FILLER_0_69_161, 85.84, 198.56, 1.79813
FILLER_0_68_189, 98.64, 198.56, 1.79824
FILLER_0_69_217, 111.44, 198.56, 1.79834
FILLER_0_68_245, 124.24, 198.56, 1.79845
FILLER_0_69_273, 137.04, 198.56, 1.79856
FILLER_0_68_301, 149.84, 198.56, 1.79867
FILLER_0_69_329, 162.64, 198.56, 1.79877
FILLER_0_69_385, 186.91, 198.56, 1.79888
FILLER_0_68_413, 198.38, 198.56, 1.79888
FILLER_0_69_441, 209.85, 198.56, 1.79888
FILLER_0_68_469, 221.32, 198.56, 1.79888
FILLER_0_69_497, 232.79, 198.56, 1.79888
FILLER_0_69_505, 232.79, 198.56, 1.79888
PHY_132, 5.52, 193.12, 1.79756
PHY_134, 5.52, 193.12, 1.79756
PHY_133, 244.26, 193.12, 1.79891
PHY_135, 244.26, 193.12, 1.79891
FILLER_0_66_513, 244.26, 193.12, 1.79891
FILLER_0_67_513, 244.26, 193.12, 1.79891
FILLER_0_67_51, 34.64, 193.12, 1.79767
FILLER_0_68_77, 34.64, 193.12, 1.79767
FILLER_0_67_105, 47.44, 193.12, 1.79779
FILLER_0_66_133, 73.04, 193.12, 1.79801
FILLER_0_67_161, 85.84, 193.12, 1.79813
FILLER_0_66_189, 98.64, 193.12, 1.79824
FILLER_0_67_217, 111.44, 193.12, 1.79835
FILLER_0_66_245, 124.24, 193.12, 1.79846
FILLER_0_67_273, 137.04, 193.12, 1.79858
FILLER_0_66_301, 149.84, 193.12, 1.79869
FILLER_0_67_329, 162.64, 193.12, 1.7988
FILLER_0_67_385, 186.91, 193.12, 1.79891
FILLER_0_66_413, 198.38, 193.12, 1.79891
FILLER_0_67_441, 209.85, 193.12, 1.79891
FILLER_0_66_469, 221.32, 193.12, 1.79891
FILLER_0_67_497, 232.79, 193.12, 1.79891
FILLER_0_67_505, 232.79, 193.12, 1.79891
PHY_128, 5.52, 187.68, 1.79752
PHY_130, 5.52, 187.68, 1.79752
PHY_129, 244.26, 187.68, 1.79895
PHY_131, 244.26, 187.68, 1.79895
FILLER_0_64_513, 244.26, 187.68, 1.79895
FILLER_0_65_513, 244.26, 187.68, 1.79895
FILLER_0_65_51, 34.64, 187.68, 1.79764
FILLER_0_66_77, 34.64, 187.68, 1.79764
FILLER_0_65_105, 47.44, 187.68, 1.79776
FILLER_0_64_133, 73.04, 187.68, 1.798
FILLER_0_65_161, 85.84, 187.68, 1.79812
FILLER_0_64_189, 98.64, 187.68, 1.79824
FILLER_0_65_217, 111.44, 187.68, 1.79836
FILLER_0_64_245, 124.24, 187.68, 1.79848
FILLER_0_65_273, 137.04, 187.68, 1.7986
FILLER_0_64_301, 149.84, 187.68, 1.79871
FILLER_0_65_329, 162.64, 187.68, 1.79883
FILLER_0_65_385, 186.91, 187.68, 1.79895
FILLER_0_64_413, 198.38, 187.68, 1.79895
FILLER_0_65_441, 209.85, 187.68, 1.79895
FILLER_0_64_469, 221.32, 187.68, 1.79895
FILLER_0_65_497, 232.79, 187.68, 1.79895
FILLER_0_65_505, 232.79, 187.68, 1.79895
PHY_124, 5.52, 182.24, 1.79747
PHY_126, 5.52, 182.24, 1.79747
PHY_125, 244.26, 182.24, 1.79898
PHY_127, 244.26, 182.24, 1.79898
FILLER_0_62_513, 244.26, 182.24, 1.79898
FILLER_0_63_513, 244.26, 182.24, 1.79898
FILLER_0_63_51, 34.64, 182.24, 1.79758
FILLER_0_64_77, 34.64, 182.24, 1.79758
FILLER_0_63_105, 47.44, 182.24, 1.79769
FILLER_0_62_133, 73.04, 182.24, 1.79791
_0636_, 85.84, 182.24, 1.79802
hold107, 85.84, 182.24, 1.79802
FILLER_0_62_172, 85.84, 182.24, 1.79802
FILLER_0_63_161, 85.84, 182.24, 1.79802
_0880_, 98.64, 182.24, 1.79815
hold130, 98.64, 182.24, 1.79815
FILLER_0_63_193, 98.64, 182.24, 1.79815
FILLER_0_63_219, 111.44, 182.24, 1.79828
FILLER_0_62_249, 124.24, 182.24, 1.79842
FILLER_0_62_253, 124.24, 182.24, 1.79842
FILLER_0_63_273, 137.04, 182.24, 1.79856
FILLER_0_62_304, 149.84, 182.24, 1.7987
FILLER_0_63_329, 162.64, 182.24, 1.79884
FILLER_0_63_385, 186.91, 182.24, 1.79898
FILLER_0_62_413, 198.38, 182.24, 1.79898
FILLER_0_63_441, 209.85, 182.24, 1.79898
FILLER_0_62_469, 221.32, 182.24, 1.79898
FILLER_0_63_497, 232.79, 182.24, 1.79898
FILLER_0_63_505, 232.79, 182.24, 1.79898
PHY_120, 5.52, 176.8, 1.79726
PHY_122, 5.52, 176.8, 1.79726
PHY_121, 244.26, 176.8, 1.79871
PHY_123, 244.26, 176.8, 1.79871
FILLER_0_60_513, 244.26, 176.8, 1.79871
FILLER_0_61_513, 244.26, 176.8, 1.79871
FILLER_0_61_51, 34.64, 176.8, 1.79728
FILLER_0_62_77, 34.64, 176.8, 1.79728
FILLER_0_61_105, 47.44, 176.8, 1.79731
_0882_, 73.04, 176.8, 1.79736
_1069_, 73.04, 176.8, 1.79736
FILLER_0_60_133, 73.04, 176.8, 1.79736
FILLER_0_60_141, 73.04, 176.8, 1.79736
FILLER_0_61_137, 73.04, 176.8, 1.79736
FILLER_0_62_153, 73.04, 176.8, 1.79736
_0635_, 85.84, 176.8, 1.79742
_1068_, 85.84, 176.8, 1.79742
hold70, 85.84, 176.8, 1.79742
_0633_, 98.64, 176.8, 1.79752
_0634_, 98.64, 176.8, 1.79752
_0881_, 98.64, 176.8, 1.79752
_0942_, 98.64, 176.8, 1.79752
hold75, 98.64, 176.8, 1.79752
FILLER_0_60_193, 98.64, 176.8, 1.79752
FILLER_0_60_197, 98.64, 176.8, 1.79752
_0940_, 111.44, 176.8, 1.79766
_1066_, 111.44, 176.8, 1.79766
FILLER_0_61_237, 111.44, 176.8, 1.79766
FILLER_0_62_241, 111.44, 176.8, 1.79766
_0629_, 124.24, 176.8, 1.79786
_0630_, 124.24, 176.8, 1.79786
hold99, 124.24, 176.8, 1.79786
FILLER_0_60_301, 149.84, 176.8, 1.79828
FILLER_0_61_329, 162.64, 176.8, 1.7985
FILLER_0_61_385, 186.91, 176.8, 1.79871
FILLER_0_60_413, 198.38, 176.8, 1.79871
FILLER_0_61_441, 209.85, 176.8, 1.79871
FILLER_0_60_469, 221.32, 176.8, 1.79871
FILLER_0_61_497, 232.79, 176.8, 1.79871
FILLER_0_61_505, 232.79, 176.8, 1.79871
PHY_116, 5.52, 171.36, 1.79703
PHY_118, 5.52, 171.36, 1.79703
input11, 5.52, 171.36, 1.79703
PHY_117, 244.26, 171.36, 1.79837
PHY_119, 244.26, 171.36, 1.79837
FILLER_0_58_513, 244.26, 171.36, 1.79837
FILLER_0_59_513, 244.26, 171.36, 1.79837
FILLER_0_59_53, 34.64, 171.36, 1.79703
FILLER_0_60_77, 34.64, 171.36, 1.79703
FILLER_0_59_105, 47.44, 171.36, 1.79702
_0598_, 73.04, 171.36, 1.797
_0599_, 73.04, 171.36, 1.797
_0883_, 73.04, 171.36, 1.797
_0927_, 73.04, 171.36, 1.797
_0943_, 73.04, 171.36, 1.797
hold24, 73.04, 171.36, 1.797
hold35, 73.04, 171.36, 1.797
FILLER_0_60_150, 73.04, 171.36, 1.797
_0597_, 85.84, 171.36, 1.79707
_0653_, 85.84, 171.36, 1.79707
hold65, 85.84, 171.36, 1.79707
_0553_, 98.64, 171.36, 1.79716
_0652_, 98.64, 171.36, 1.79716
hold61, 98.64, 171.36, 1.79716
FILLER_0_59_191, 98.64, 171.36, 1.79716
FILLER_0_59_203, 98.64, 171.36, 1.79716
_0593_, 111.44, 171.36, 1.79729
_0876_, 111.44, 171.36, 1.79729
_0877_, 111.44, 171.36, 1.79729
hold44, 111.44, 171.36, 1.79729
FILLER_0_58_219, 111.44, 171.36, 1.79729
FILLER_0_58_230, 111.44, 171.36, 1.79729
FILLER_0_59_225, 111.44, 171.36, 1.79729
_0647_, 124.24, 171.36, 1.79744
_0648_, 124.24, 171.36, 1.79744
_0948_, 124.24, 171.36, 1.79744
hold42, 124.24, 171.36, 1.79744
FILLER_0_58_246, 124.24, 171.36, 1.79744
FILLER_0_59_271, 124.24, 171.36, 1.79744
_0631_, 137.04, 171.36, 1.79764
_1067_, 137.04, 171.36, 1.79764
hold52, 137.04, 171.36, 1.79764
FILLER_0_59_281, 137.04, 171.36, 1.79764
_0650_, 149.84, 171.36, 1.79787
hold102, 149.84, 171.36, 1.79787
FILLER_0_59_326, 149.84, 171.36, 1.79787
FILLER_0_59_385, 186.91, 171.36, 1.79837
FILLER_0_58_413, 198.38, 171.36, 1.79837
FILLER_0_59_441, 209.85, 171.36, 1.79837
FILLER_0_58_469, 221.32, 171.36, 1.79837
FILLER_0_59_497, 232.79, 171.36, 1.79837
FILLER_0_59_505, 232.79, 171.36, 1.79837
PHY_112, 5.52, 165.92, 1.7968
PHY_114, 5.52, 165.92, 1.7968
PHY_113, 244.26, 165.92, 1.79801
PHY_115, 244.26, 165.92, 1.79801
input7, 244.26, 165.92, 1.79801
FILLER_0_57_513, 244.26, 165.92, 1.79801
FILLER_0_57_51, 34.64, 165.92, 1.79672
FILLER_0_58_77, 34.64, 165.92, 1.79672
FILLER_0_57_105, 47.44, 165.92, 1.79665
_0640_, 60.24, 165.92, 1.79657
_0886_, 60.24, 165.92, 1.79657
_0945_, 60.24, 165.92, 1.79657
hold88, 60.24, 165.92, 1.79657
_0562_, 73.04, 165.92, 1.79654
_0639_, 73.04, 165.92, 1.79654
_0657_, 73.04, 165.92, 1.79654
_0953_, 73.04, 165.92, 1.79654
hold133, 73.04, 165.92, 1.79654
FILLER_0_56_136, 73.04, 165.92, 1.79654
FILLER_0_57_160, 73.04, 165.92, 1.79654
_0654_, 85.84, 165.92, 1.79658
_0926_, 85.84, 165.92, 1.79658
_0951_, 85.84, 165.92, 1.79658
FILLER_0_57_185, 85.84, 165.92, 1.79658
_0596_, 98.64, 165.92, 1.79666
_0899_, 98.64, 165.92, 1.79666
_0950_, 98.64, 165.92, 1.79666
FILLER_0_56_193, 98.64, 165.92, 1.79666
FILLER_0_56_202, 98.64, 165.92, 1.79666
FILLER_0_57_198, 98.64, 165.92, 1.79666
_0535_, 111.44, 165.92, 1.79679
_0592_, 111.44, 165.92, 1.79679
_0924_, 111.44, 165.92, 1.79679
hold55, 111.44, 165.92, 1.79679
hold131, 111.44, 165.92, 1.79679
FILLER_0_56_225, 111.44, 165.92, 1.79679
_0894_, 124.24, 165.92, 1.79698
FILLER_0_58_269, 124.24, 165.92, 1.79698
_0544_, 137.04, 165.92, 1.79718
_0632_, 137.04, 165.92, 1.79718
_0878_, 137.04, 165.92, 1.79718
_0879_, 137.04, 165.92, 1.79718
_0941_, 137.04, 165.92, 1.79718
_0649_, 149.84, 165.92, 1.79744
_0949_, 149.84, 165.92, 1.79744
hold112, 149.84, 165.92, 1.79744
FILLER_0_57_329, 162.64, 165.92, 1.79774
FILLER_0_57_385, 186.91, 165.92, 1.79803
FILLER_0_56_413, 198.38, 165.92, 1.79803
FILLER_0_57_441, 209.85, 165.92, 1.79802
FILLER_0_56_469, 221.32, 165.92, 1.79802
FILLER_0_57_497, 232.79, 165.92, 1.79801
FILLER_0_57_505, 232.79, 165.92, 1.79801
PHY_108, 5.52, 160.48, 1.79662
PHY_110, 5.52, 160.48, 1.79662
PHY_109, 244.26, 160.48, 1.79777
PHY_111, 244.26, 160.48, 1.79777
FILLER_0_54_513, 244.26, 160.48, 1.79777
FILLER_0_55_513, 244.26, 160.48, 1.79777
FILLER_0_55_51, 34.64, 160.48, 1.79655
FILLER_0_56_77, 34.64, 160.48, 1.79655
_1071_, 47.44, 160.48, 1.79649
FILLER_0_56_97, 47.44, 160.48, 1.79649
_0580_, 60.24, 160.48, 1.79645
_0602_, 60.24, 160.48, 1.79645
_0603_, 60.24, 160.48, 1.79645
_0887_, 60.24, 160.48, 1.79645
_0929_, 60.24, 160.48, 1.79645
hold56, 60.24, 160.48, 1.79645
_0658_, 73.04, 160.48, 1.79648
FILLER_0_54_133, 73.04, 160.48, 1.79648
_0690_, 85.84, 160.48, 1.79652
_0900_, 85.84, 160.48, 1.79652
hold28, 85.84, 160.48, 1.79652
FILLER_0_55_162, 85.84, 160.48, 1.79652
_0651_, 98.64, 160.48, 1.79658
_0898_, 98.64, 160.48, 1.79658
_1076_, 98.64, 160.48, 1.79658
hold40, 98.64, 160.48, 1.79658
hold59, 98.64, 160.48, 1.79658
FILLER_0_55_189, 98.64, 160.48, 1.79658
FILLER_0_55_219, 111.44, 160.48, 1.7967
FILLER_0_55_237, 111.44, 160.48, 1.7967
_0537_, 124.24, 160.48, 1.79681
_0895_, 124.24, 160.48, 1.79681
_0925_, 124.24, 160.48, 1.79681
_1074_, 124.24, 160.48, 1.79681
hold62, 124.24, 160.48, 1.79681
_0594_, 137.04, 160.48, 1.79701
_0595_, 137.04, 160.48, 1.79701
hold81, 137.04, 160.48, 1.79701
FILLER_0_55_277, 137.04, 160.48, 1.79701
_0546_, 149.84, 160.48, 1.79723
_0687_, 149.84, 160.48, 1.79723
_0897_, 149.84, 160.48, 1.79723
hold134, 149.84, 160.48, 1.79723
FILLER_0_54_300, 149.84, 160.48, 1.79723
FILLER_0_55_302, 149.84, 160.48, 1.79723
FILLER_0_55_322, 149.84, 160.48, 1.79723
_0896_, 162.64, 160.48, 1.79749
hold58, 162.64, 160.48, 1.79749
hold111, 162.64, 160.48, 1.79749
FILLER_0_56_354, 162.64, 160.48, 1.79749
FILLER_0_54_413, 198.38, 160.48, 1.79777
FILLER_0_55_441, 209.85, 160.48, 1.79777
FILLER_0_54_469, 221.32, 160.48, 1.79777
FILLER_0_55_497, 232.79, 160.48, 1.79777
FILLER_0_55_505, 232.79, 160.48, 1.79777
FILLER_0_56_501, 232.79, 160.48, 1.79777
PHY_104, 5.52, 155.04, 1.79634
PHY_106, 5.52, 155.04, 1.79634
PHY_105, 244.26, 155.04, 1.79745
PHY_107, 244.26, 155.04, 1.79745
FILLER_0_52_513, 244.26, 155.04, 1.79745
FILLER_0_53_513, 244.26, 155.04, 1.79745
fanout29, 13.68, 155.04, 1.79634
FILLER_0_52_15, 13.68, 155.04, 1.79634
FILLER_0_53_15, 13.68, 155.04, 1.79634
_1046_, 34.64, 155.04, 1.79619
hold3, 34.64, 155.04, 1.79619
FILLER_0_53_57, 34.64, 155.04, 1.79619
_1061_, 47.44, 155.04, 1.79607
_1060_, 60.24, 155.04, 1.79599
FILLER_0_53_107, 60.24, 155.04, 1.79599
_0672_, 73.04, 155.04, 1.79593
_0691_, 73.04, 155.04, 1.79593
_0692_, 73.04, 155.04, 1.79593
_0959_, 73.04, 155.04, 1.79593
_1077_, 73.04, 155.04, 1.79593
hold32, 73.04, 155.04, 1.79593
FILLER_0_53_137, 73.04, 155.04, 1.79593
FILLER_0_54_156, 73.04, 155.04, 1.79593
_0564_, 85.84, 155.04, 1.79594
_0689_, 85.84, 155.04, 1.79594
_0901_, 85.84, 155.04, 1.79594
_0966_, 85.84, 155.04, 1.79594
FILLER_0_53_179, 85.84, 155.04, 1.79594
FILLER_0_54_176, 85.84, 155.04, 1.79594
_0554_, 98.64, 155.04, 1.796
_0555_, 98.64, 155.04, 1.796
FILLER_0_52_197, 98.64, 155.04, 1.796
FILLER_0_53_195, 98.64, 155.04, 1.796
_0536_, 111.44, 155.04, 1.79611
_0666_, 111.44, 155.04, 1.79611
_0685_, 111.44, 155.04, 1.79611
_0686_, 111.44, 155.04, 1.79611
_0956_, 111.44, 155.04, 1.79611
hold29, 111.44, 155.04, 1.79611
hold79, 111.44, 155.04, 1.79611
FILLER_0_53_219, 111.44, 155.04, 1.79611
FILLER_0_53_225, 111.44, 155.04, 1.79611
FILLER_0_53_240, 111.44, 155.04, 1.79611
FILLER_0_54_234, 111.44, 155.04, 1.79611
_0741_, 124.24, 155.04, 1.7963
_0988_, 124.24, 155.04, 1.7963
FILLER_0_52_246, 124.24, 155.04, 1.7963
_0938_, 137.04, 155.04, 1.79651
_0965_, 137.04, 155.04, 1.79651
hold103, 137.04, 155.04, 1.79651
FILLER_0_52_277, 137.04, 155.04, 1.79651
_0667_, 149.84, 155.04, 1.79679
_0688_, 149.84, 155.04, 1.79679
_1075_, 149.84, 155.04, 1.79679
FILLER_0_53_315, 149.84, 155.04, 1.79679
FILLER_0_54_318, 149.84, 155.04, 1.79679
_0743_, 162.64, 155.04, 1.7971
_0989_, 162.64, 155.04, 1.7971
hold98, 162.64, 155.04, 1.7971
FILLER_0_53_330, 162.64, 155.04, 1.7971
FILLER_0_54_355, 162.64, 155.04, 1.7971
FILLER_0_53_385, 186.91, 155.04, 1.79745
FILLER_0_52_413, 198.38, 155.04, 1.79745
FILLER_0_53_441, 209.85, 155.04, 1.79745
FILLER_0_52_469, 221.32, 155.04, 1.79745
FILLER_0_53_497, 232.79, 155.04, 1.79745
FILLER_0_53_505, 232.79, 155.04, 1.79745
_1036_, 5.52, 149.6, 1.79608
PHY_100, 5.52, 149.6, 1.79608
PHY_102, 5.52, 149.6, 1.79608
PHY_101, 244.26, 149.6, 1.79715
PHY_103, 244.26, 149.6, 1.79715
FILLER_0_50_513, 244.26, 149.6, 1.79715
FILLER_0_51_513, 244.26, 149.6, 1.79715
_1055_, 13.68, 149.6, 1.79608
fanout28, 13.68, 149.6, 1.79608
_0469_, 34.64, 149.6, 1.79588
_0806_, 34.64, 149.6, 1.79588
_0807_, 34.64, 149.6, 1.79588
hold136, 34.64, 149.6, 1.79588
_0463_, 47.44, 149.6, 1.79569
_0862_, 47.44, 149.6, 1.79569
_0863_, 47.44, 149.6, 1.79569
_0864_, 47.44, 149.6, 1.79569
FILLER_0_50_79, 47.44, 149.6, 1.79569
FILLER_0_50_85, 47.44, 149.6, 1.79569
FILLER_0_51_79, 47.44, 149.6, 1.79569
FILLER_0_51_95, 47.44, 149.6, 1.79569
_0453_, 60.24, 149.6, 1.79554
FILLER_0_51_108, 60.24, 149.6, 1.79554
_0563_, 73.04, 149.6, 1.79542
_0967_, 73.04, 149.6, 1.79542
clkbuf_4_7_0_w_clk, 73.04, 149.6, 1.79542
FILLER_0_50_141, 73.04, 149.6, 1.79542
_0671_, 85.84, 149.6, 1.79541
_0991_, 85.84, 149.6, 1.79541
hold105, 85.84, 149.6, 1.79541
FILLER_0_51_164, 85.84, 149.6, 1.79541
FILLER_0_52_186, 85.84, 149.6, 1.79541
_0670_, 98.64, 149.6, 1.79544
_0744_, 98.64, 149.6, 1.79544
_0745_, 98.64, 149.6, 1.79544
_0958_, 98.64, 149.6, 1.79544
_0990_, 98.64, 149.6, 1.79544
FILLER_0_52_205, 98.64, 149.6, 1.79544
_0964_, 111.44, 149.6, 1.79554
clkbuf_4_12_0_w_clk, 111.44, 149.6, 1.79554
clkbuf_4_13_0_w_clk, 111.44, 149.6, 1.79554
FILLER_0_50_221, 111.44, 149.6, 1.79554
FILLER_0_51_221, 111.44, 149.6, 1.79554
_0740_, 124.24, 149.6, 1.79578
hold110, 124.24, 149.6, 1.79578
hold118, 124.24, 149.6, 1.79578
FILLER_0_51_252, 124.24, 149.6, 1.79578
_0515_, 137.04, 149.6, 1.79606
_0625_, 137.04, 149.6, 1.79606
_0626_, 137.04, 149.6, 1.79606
_0873_, 137.04, 149.6, 1.79606
hold104, 137.04, 149.6, 1.79606
FILLER_0_50_279, 137.04, 149.6, 1.79606
FILLER_0_51_276, 137.04, 149.6, 1.79606
FILLER_0_51_281, 137.04, 149.6, 1.79606
_0545_, 149.84, 149.6, 1.79637
_0547_, 149.84, 149.6, 1.79637
_0957_, 149.84, 149.6, 1.79637
FILLER_0_50_304, 149.84, 149.6, 1.79637
FILLER_0_51_307, 149.84, 149.6, 1.79637
_0548_, 162.64, 149.6, 1.79676
_0742_, 162.64, 149.6, 1.79676
FILLER_0_51_331, 162.64, 149.6, 1.79676
FILLER_0_51_337, 162.64, 149.6, 1.79676
FILLER_0_51_345, 162.64, 149.6, 1.79676
FILLER_0_51_389, 186.91, 149.6, 1.79715
FILLER_0_50_413, 198.38, 149.6, 1.79715
FILLER_0_51_441, 209.85, 149.6, 1.79715
FILLER_0_50_469, 221.32, 149.6, 1.79715
FILLER_0_51_497, 232.79, 149.6, 1.79715
FILLER_0_51_505, 232.79, 149.6, 1.79715
_1031_, 5.52, 144.16, 1.79599
PHY_96, 5.52, 144.16, 1.79599
PHY_98, 5.52, 144.16, 1.79599
PHY_97, 244.26, 144.16, 1.79697
PHY_99, 244.26, 144.16, 1.79697
FILLER_0_48_513, 244.26, 144.16, 1.79697
FILLER_0_49_513, 244.26, 144.16, 1.79697
FILLER_0_50_23, 13.68, 144.16, 1.796
_1063_, 34.64, 144.16, 1.79581
hold135, 34.64, 144.16, 1.79581
FILLER_0_49_51, 34.64, 144.16, 1.79581
FILLER_0_49_57, 34.64, 144.16, 1.79581
_0867_, 47.44, 144.16, 1.79566
_1062_, 47.44, 144.16, 1.79566
clkbuf_4_4_0_w_clk, 47.44, 144.16, 1.79566
FILLER_0_48_81, 47.44, 144.16, 1.79566
FILLER_0_49_102, 47.44, 144.16, 1.79566
FILLER_0_50_96, 47.44, 144.16, 1.79566
_0484_, 60.24, 144.16, 1.79561
_0623_, 60.24, 144.16, 1.79561
_0659_, 60.24, 144.16, 1.79561
FILLER_0_48_107, 60.24, 144.16, 1.79561
FILLER_0_48_115, 60.24, 144.16, 1.79561
_0642_, 73.04, 144.16, 1.79558
clkbuf_4_6_0_w_clk, 73.04, 144.16, 1.79558
FILLER_0_48_134, 73.04, 144.16, 1.79558
FILLER_0_48_141, 73.04, 144.16, 1.79558
FILLER_0_49_157, 73.04, 144.16, 1.79558
_0746_, 85.84, 144.16, 1.79562
_0747_, 85.84, 144.16, 1.79562
_1007_, 85.84, 144.16, 1.79562
hold9, 85.84, 144.16, 1.79562
hold25, 85.84, 144.16, 1.79562
FILLER_0_49_187, 85.84, 144.16, 1.79562
FILLER_0_50_186, 85.84, 144.16, 1.79562
_0669_, 98.64, 144.16, 1.79571
hold12, 98.64, 144.16, 1.79571
hold50, 98.64, 144.16, 1.79571
FILLER_0_49_216, 98.64, 144.16, 1.79571
_0665_, 111.44, 144.16, 1.79583
hold8, 111.44, 144.16, 1.79583
FILLER_0_49_225, 111.44, 144.16, 1.79583
_0588_, 124.24, 144.16, 1.79597
_0589_, 124.24, 144.16, 1.79597
_1064_, 124.24, 144.16, 1.79597
hold14, 124.24, 144.16, 1.79597
FILLER_0_48_246, 124.24, 144.16, 1.79597
FILLER_0_49_251, 124.24, 144.16, 1.79597
FILLER_0_50_261, 124.24, 144.16, 1.79597
_0872_, 137.04, 144.16, 1.79614
_0946_, 137.04, 144.16, 1.79614
hold67, 137.04, 144.16, 1.79614
_0517_, 149.84, 144.16, 1.79636
_0519_, 149.84, 144.16, 1.79636
_0644_, 149.84, 144.16, 1.79636
_0662_, 149.84, 144.16, 1.79636
_0668_, 149.84, 144.16, 1.79636
hold128, 149.84, 144.16, 1.79636
FILLER_0_48_305, 149.84, 144.16, 1.79636
_0522_, 162.64, 144.16, 1.79664
_0549_, 162.64, 144.16, 1.79664
_0914_, 162.64, 144.16, 1.79664
_0917_, 162.64, 144.16, 1.79664
hold83, 162.64, 144.16, 1.79664
FILLER_0_49_329, 162.64, 144.16, 1.79664
FILLER_0_49_337, 162.64, 144.16, 1.79664
FILLER_0_49_388, 186.91, 144.16, 1.79697
FILLER_0_48_413, 198.38, 144.16, 1.79697
FILLER_0_49_441, 209.85, 144.16, 1.79697
FILLER_0_48_469, 221.32, 144.16, 1.79697
FILLER_0_49_497, 232.79, 144.16, 1.79697
FILLER_0_49_505, 232.79, 144.16, 1.79697
_1032_, 5.52, 138.72, 1.79579
PHY_92, 5.52, 138.72, 1.79579
PHY_94, 5.52, 138.72, 1.79579
FILLER_0_47_3, 5.52, 138.72, 1.79579
PHY_93, 244.26, 138.72, 1.79671
PHY_95, 244.26, 138.72, 1.79671
FILLER_0_46_513, 244.26, 138.72, 1.79671
FILLER_0_47_513, 244.26, 138.72, 1.79671
_1037_, 13.68, 138.72, 1.7958
FILLER_0_48_23, 13.68, 138.72, 1.7958
_0809_, 34.64, 138.72, 1.79559
_0869_, 34.64, 138.72, 1.79559
_0870_, 34.64, 138.72, 1.79559
FILLER_0_46_60, 34.64, 138.72, 1.79559
FILLER_0_47_50, 34.64, 138.72, 1.79559
_0457_, 47.44, 138.72, 1.7954
_0462_, 47.44, 138.72, 1.7954
_0808_, 47.44, 138.72, 1.7954
_0865_, 47.44, 138.72, 1.7954
_0866_, 47.44, 138.72, 1.7954
max_cap24, 47.44, 138.72, 1.7954
clkbuf_4_5_0_w_clk, 47.44, 138.72, 1.7954
FILLER_0_47_78, 47.44, 138.72, 1.7954
FILLER_0_47_90, 47.44, 138.72, 1.7954
_0456_, 60.24, 138.72, 1.79533
_0587_, 60.24, 138.72, 1.79533
_0624_, 60.24, 138.72, 1.79533
_0641_, 60.24, 138.72, 1.79533
_0769_, 60.24, 138.72, 1.79533
FILLER_0_47_106, 60.24, 138.72, 1.79533
FILLER_0_47_113, 60.24, 138.72, 1.79533
_0485_, 73.04, 138.72, 1.79528
_0605_, 73.04, 138.72, 1.79528
_0660_, 73.04, 138.72, 1.79528
FILLER_0_47_158, 73.04, 138.72, 1.79528
FILLER_0_48_158, 73.04, 138.72, 1.79528
_0618_, 85.84, 138.72, 1.79526
_0781_, 85.84, 138.72, 1.79526
_0782_, 85.84, 138.72, 1.79526
_0935_, 85.84, 138.72, 1.79526
FILLER_0_47_183, 85.84, 138.72, 1.79526
_0617_, 98.64, 138.72, 1.79528
_0711_, 98.64, 138.72, 1.79528
_1005_, 98.64, 138.72, 1.79528
FILLER_0_46_200, 98.64, 138.72, 1.79528
FILLER_0_47_210, 98.64, 138.72, 1.79528
FILLER_0_48_205, 98.64, 138.72, 1.79528
FILLER_0_48_213, 98.64, 138.72, 1.79528
_0542_, 111.44, 138.72, 1.79534
_0613_, 111.44, 138.72, 1.79534
_0614_, 111.44, 138.72, 1.79534
_0777_, 111.44, 138.72, 1.79534
_0778_, 111.44, 138.72, 1.79534
_0543_, 124.24, 138.72, 1.79544
_0707_, 124.24, 138.72, 1.79544
_0922_, 124.24, 138.72, 1.79544
_0973_, 124.24, 138.72, 1.79544
clkbuf_4_14_0_w_clk, 137.04, 138.72, 1.79562
clkbuf_4_15_0_w_clk, 137.04, 138.72, 1.79562
FILLER_0_46_281, 137.04, 138.72, 1.79562
FILLER_0_47_276, 137.04, 138.72, 1.79562
FILLER_0_47_281, 137.04, 138.72, 1.79562
FILLER_0_48_286, 137.04, 138.72, 1.79562
_0643_, 149.84, 138.72, 1.79595
_0661_, 149.84, 138.72, 1.79595
_0954_, 149.84, 138.72, 1.79595
hold119, 149.84, 138.72, 1.79595
FILLER_0_47_323, 149.84, 138.72, 1.79595
FILLER_0_48_318, 149.84, 138.72, 1.79595
_0521_, 162.64, 138.72, 1.79632
hold86, 162.64, 138.72, 1.79632
FILLER_0_47_389, 186.91, 138.72, 1.79671
FILLER_0_46_413, 198.38, 138.72, 1.79671
FILLER_0_47_441, 209.85, 138.72, 1.79671
FILLER_0_46_469, 221.32, 138.72, 1.79671
FILLER_0_47_497, 232.79, 138.72, 1.79671
FILLER_0_47_505, 232.79, 138.72, 1.79671
PHY_88, 5.52, 133.28, 1.79562
PHY_90, 5.52, 133.28, 1.79562
FILLER_0_45_3, 5.52, 133.28, 1.79562
PHY_89, 244.26, 133.28, 1.7965
PHY_91, 244.26, 133.28, 1.7965
FILLER_0_44_513, 244.26, 133.28, 1.7965
FILLER_0_45_513, 244.26, 133.28, 1.7965
_1056_, 13.68, 133.28, 1.79562
FILLER_0_44_15, 13.68, 133.28, 1.79562
_0458_, 34.64, 133.28, 1.79536
_0868_, 34.64, 133.28, 1.79536
_1047_, 34.64, 133.28, 1.79536
hold1, 34.64, 133.28, 1.79536
FILLER_0_44_52, 34.64, 133.28, 1.79536
FILLER_0_45_51, 34.64, 133.28, 1.79536
FILLER_0_45_77, 34.64, 133.28, 1.79536
_0454_, 47.44, 133.28, 1.79513
_0464_, 47.44, 133.28, 1.79513
_0465_, 47.44, 133.28, 1.79513
_0466_, 47.44, 133.28, 1.79513
_0467_, 47.44, 133.28, 1.79513
_0586_, 47.44, 133.28, 1.79513
_0470_, 60.24, 133.28, 1.79495
_0604_, 60.24, 133.28, 1.79495
_0697_, 60.24, 133.28, 1.79495
_0770_, 60.24, 133.28, 1.79495
FILLER_0_45_113, 60.24, 133.28, 1.79495
FILLER_0_45_120, 60.24, 133.28, 1.79495
_0606_, 73.04, 133.28, 1.79483
_0677_, 73.04, 133.28, 1.79483
_0698_, 73.04, 133.28, 1.79483
_0699_, 73.04, 133.28, 1.79483
_0716_, 73.04, 133.28, 1.79483
_0717_, 73.04, 133.28, 1.79483
FILLER_0_44_141, 73.04, 133.28, 1.79483
FILLER_0_46_147, 73.04, 133.28, 1.79483
_0560_, 85.84, 133.28, 1.79484
_0565_, 85.84, 133.28, 1.79484
_0983_, 85.84, 133.28, 1.79484
FILLER_0_45_162, 85.84, 133.28, 1.79484
FILLER_0_45_178, 85.84, 133.28, 1.79484
FILLER_0_46_188, 85.84, 133.28, 1.79484
_0710_, 98.64, 133.28, 1.79493
_0975_, 98.64, 133.28, 1.79493
_0981_, 98.64, 133.28, 1.79493
hold41, 98.64, 133.28, 1.79493
FILLER_0_46_212, 98.64, 133.28, 1.79493
_0724_, 111.44, 133.28, 1.79508
_0725_, 111.44, 133.28, 1.79508
_0933_, 111.44, 133.28, 1.79508
hold18, 111.44, 133.28, 1.79508
FILLER_0_45_242, 111.44, 133.28, 1.79508
_0706_, 124.24, 133.28, 1.79527
hold117, 124.24, 133.28, 1.79527
FILLER_0_44_253, 124.24, 133.28, 1.79527
_0637_, 137.04, 133.28, 1.79548
_0944_, 137.04, 133.28, 1.79548
_0952_, 137.04, 133.28, 1.79548
hold97, 137.04, 133.28, 1.79548
FILLER_0_45_281, 137.04, 133.28, 1.79548
_0516_, 149.84, 133.28, 1.79576
_0638_, 149.84, 133.28, 1.79576
_0682_, 149.84, 133.28, 1.79576
_0890_, 149.84, 133.28, 1.79576
_0962_, 149.84, 133.28, 1.79576
FILLER_0_44_303, 149.84, 133.28, 1.79576
FILLER_0_44_309, 149.84, 133.28, 1.79576
FILLER_0_46_320, 149.84, 133.28, 1.79576
_0891_, 162.64, 133.28, 1.79611
_0986_, 162.64, 133.28, 1.79611
_1072_, 162.64, 133.28, 1.79611
FILLER_0_44_413, 198.38, 133.28, 1.7965
FILLER_0_45_441, 209.85, 133.28, 1.7965
FILLER_0_44_469, 221.32, 133.28, 1.7965
FILLER_0_45_497, 232.79, 133.28, 1.7965
FILLER_0_45_505, 232.79, 133.28, 1.7965
_0919_, 5.52, 127.84, 1.79561
PHY_84, 5.52, 127.84, 1.79561
PHY_86, 5.52, 127.84, 1.79561
PHY_85, 244.26, 127.84, 1.79644
PHY_87, 244.26, 127.84, 1.79644
FILLER_0_42_513, 244.26, 127.84, 1.79644
FILLER_0_43_513, 244.26, 127.84, 1.79644
_0566_, 13.68, 127.84, 1.79562
_0567_, 13.68, 127.84, 1.79562
_0850_, 13.68, 127.84, 1.79562
FILLER_0_44_21, 13.68, 127.84, 1.79562
_0455_, 34.64, 127.84, 1.79553
_0815_, 34.64, 127.84, 1.79553
max_cap25, 34.64, 127.84, 1.79553
FILLER_0_43_52, 34.64, 127.84, 1.79553
FILLER_0_43_57, 34.64, 127.84, 1.79553
FILLER_0_43_74, 34.64, 127.84, 1.79553
FILLER_0_44_75, 34.64, 127.84, 1.79553
_0471_, 47.44, 127.84, 1.79544
_0473_, 47.44, 127.84, 1.79544
_0752_, 47.44, 127.84, 1.79544
FILLER_0_42_85, 47.44, 127.84, 1.79544
_0486_, 60.24, 127.84, 1.79539
_0678_, 60.24, 127.84, 1.79539
_0817_, 60.24, 127.84, 1.79539
_0871_, 60.24, 127.84, 1.79539
FILLER_0_43_109, 60.24, 127.84, 1.79539
FILLER_0_43_127, 60.24, 127.84, 1.79539
FILLER_0_44_132, 60.24, 127.84, 1.79539
_0679_, 73.04, 127.84, 1.79538
_0680_, 73.04, 127.84, 1.79538
_0734_, 73.04, 127.84, 1.79538
_0787_, 73.04, 127.84, 1.79538
_0888_, 73.04, 127.84, 1.79538
FILLER_0_42_144, 73.04, 127.84, 1.79538
FILLER_0_43_158, 73.04, 127.84, 1.79538
FILLER_0_44_159, 73.04, 127.84, 1.79538
_0561_, 85.84, 127.84, 1.79539
_0728_, 85.84, 127.84, 1.79539
_0729_, 85.84, 127.84, 1.79539
hold10, 85.84, 127.84, 1.79539
hold113, 85.84, 127.84, 1.79539
FILLER_0_42_163, 85.84, 127.84, 1.79539
FILLER_0_42_171, 85.84, 127.84, 1.79539
FILLER_0_44_183, 85.84, 127.84, 1.79539
hold64, 98.64, 127.84, 1.79544
FILLER_0_43_214, 98.64, 127.84, 1.79544
_0997_, 111.44, 127.84, 1.79551
hold34, 111.44, 127.84, 1.79551
FILLER_0_43_225, 111.44, 127.84, 1.79551
FILLER_0_44_244, 111.44, 127.84, 1.79551
_0601_, 124.24, 127.84, 1.7956
_0928_, 124.24, 127.84, 1.7956
_1070_, 124.24, 127.84, 1.7956
hold15, 124.24, 127.84, 1.7956
FILLER_0_42_248, 124.24, 127.84, 1.7956
FILLER_0_43_251, 124.24, 127.84, 1.7956
FILLER_0_44_261, 124.24, 127.84, 1.7956
_0571_, 137.04, 127.84, 1.79576
_0884_, 137.04, 127.84, 1.79576
_0885_, 137.04, 127.84, 1.79576
hold101, 137.04, 127.84, 1.79576
_0655_, 149.84, 127.84, 1.79597
_0681_, 149.84, 127.84, 1.79597
hold108, 149.84, 127.84, 1.79597
FILLER_0_42_300, 149.84, 127.84, 1.79597
FILLER_0_42_309, 149.84, 127.84, 1.79597
FILLER_0_43_323, 149.84, 127.84, 1.79597
_0736_, 162.64, 127.84, 1.79619
_0737_, 162.64, 127.84, 1.79619
hold77, 162.64, 127.84, 1.79619
FILLER_0_43_331, 162.64, 127.84, 1.79619
FILLER_0_44_355, 162.64, 127.84, 1.79619
FILLER_0_43_382, 186.91, 127.84, 1.79644
FILLER_0_42_413, 198.38, 127.84, 1.79644
FILLER_0_43_441, 209.85, 127.84, 1.79644
FILLER_0_42_469, 221.32, 127.84, 1.79644
FILLER_0_43_497, 232.79, 127.84, 1.79644
FILLER_0_43_505, 232.79, 127.84, 1.79644
_1035_, 5.52, 122.4, 1.79524
PHY_80, 5.52, 122.4, 1.79524
PHY_82, 5.52, 122.4, 1.79524
output21, 5.52, 122.4, 1.79524
PHY_81, 244.26, 122.4, 1.79614
PHY_83, 244.26, 122.4, 1.79614
output17, 244.26, 122.4, 1.79614
FILLER_0_40_513, 244.26, 122.4, 1.79614
FILLER_0_42_25, 13.68, 122.4, 1.79524
_0452_, 34.64, 122.4, 1.79478
_0459_, 34.64, 122.4, 1.79478
_0468_, 34.64, 122.4, 1.79478
_1050_, 34.64, 122.4, 1.79478
FILLER_0_41_57, 34.64, 122.4, 1.79478
FILLER_0_41_75, 34.64, 122.4, 1.79478
FILLER_0_42_65, 34.64, 122.4, 1.79478
_0461_, 47.44, 122.4, 1.79437
_0472_, 47.44, 122.4, 1.79437
_0474_, 47.44, 122.4, 1.79437
FILLER_0_41_92, 47.44, 122.4, 1.79437
_0475_, 60.24, 122.4, 1.79422
_0487_, 60.24, 122.4, 1.79422
_0489_, 60.24, 122.4, 1.79422
_0805_, 60.24, 122.4, 1.79422
FILLER_0_41_109, 60.24, 122.4, 1.79422
FILLER_0_41_125, 60.24, 122.4, 1.79422
FILLER_0_42_119, 60.24, 122.4, 1.79422
_0735_, 73.04, 122.4, 1.79413
_0818_, 73.04, 122.4, 1.79413
_0889_, 73.04, 122.4, 1.79413
_0500_, 85.84, 122.4, 1.79412
_0763_, 85.84, 122.4, 1.79412
FILLER_0_41_163, 85.84, 122.4, 1.79412
FILLER_0_41_178, 85.84, 122.4, 1.79412
_0760_, 98.64, 122.4, 1.79413
_0795_, 98.64, 122.4, 1.79413
_0829_, 98.64, 122.4, 1.79413
clkbuf_0_w_clk, 98.64, 122.4, 1.79413
hold48, 98.64, 122.4, 1.79413
_0496_, 111.44, 122.4, 1.79434
_0497_, 111.44, 122.4, 1.79434
_0541_, 111.44, 122.4, 1.79434
_0759_, 111.44, 122.4, 1.79434
_1013_, 111.44, 122.4, 1.79434
FILLER_0_42_233, 111.44, 122.4, 1.79434
_0600_, 124.24, 122.4, 1.79463
_0826_, 124.24, 122.4, 1.79463
_1026_, 124.24, 122.4, 1.79463
hold93, 124.24, 122.4, 1.79463
FILLER_0_40_249, 124.24, 122.4, 1.79463
FILLER_0_42_261, 124.24, 122.4, 1.79463
_0656_, 137.04, 122.4, 1.79495
_0874_, 137.04, 122.4, 1.79495
hold96, 137.04, 122.4, 1.79495
FILLER_0_42_291, 137.04, 122.4, 1.79495
_0628_, 149.84, 122.4, 1.7953
_0645_, 149.84, 122.4, 1.7953
_0646_, 149.84, 122.4, 1.7953
_0939_, 149.84, 122.4, 1.7953
_0947_, 149.84, 122.4, 1.7953
hold90, 149.84, 122.4, 1.7953
FILLER_0_41_301, 149.84, 122.4, 1.7953
FILLER_0_41_309, 149.84, 122.4, 1.7953
FILLER_0_40_337, 162.64, 122.4, 1.79572
FILLER_0_41_331, 162.64, 122.4, 1.79572
FILLER_0_42_355, 162.64, 122.4, 1.79572
FILLER_0_41_385, 186.91, 122.4, 1.79614
FILLER_0_40_413, 198.38, 122.4, 1.79614
FILLER_0_41_441, 209.85, 122.4, 1.79614
FILLER_0_40_469, 221.32, 122.4, 1.79614
FILLER_0_41_497, 232.79, 122.4, 1.79614
FILLER_0_41_505, 232.79, 122.4, 1.79614
_1040_, 5.52, 116.96, 1.79536
PHY_76, 5.52, 116.96, 1.79536
PHY_78, 5.52, 116.96, 1.79536
FILLER_0_40_3, 5.52, 116.96, 1.79536
PHY_77, 244.26, 116.96, 1.79608
PHY_79, 244.26, 116.96, 1.79608
FILLER_0_38_513, 244.26, 116.96, 1.79608
FILLER_0_39_513, 244.26, 116.96, 1.79608
_0460_, 34.64, 116.96, 1.79518
_0813_, 34.64, 116.96, 1.79518
hold137, 34.64, 116.96, 1.79518
FILLER_0_39_52, 34.64, 116.96, 1.79518
_0811_, 47.44, 116.96, 1.79506
_0812_, 47.44, 116.96, 1.79506
FILLER_0_38_78, 47.44, 116.96, 1.79506
FILLER_0_40_97, 47.44, 116.96, 1.79506
_0788_, 60.24, 116.96, 1.79495
hold6, 60.24, 116.96, 1.79495
_0488_, 73.04, 116.96, 1.79488
_0676_, 73.04, 116.96, 1.79488
_0696_, 73.04, 116.96, 1.79488
_0961_, 73.04, 116.96, 1.79488
_0999_, 73.04, 116.96, 1.79488
FILLER_0_39_147, 73.04, 116.96, 1.79488
FILLER_0_40_153, 73.04, 116.96, 1.79488
_0559_, 85.84, 116.96, 1.79487
_0911_, 85.84, 116.96, 1.79487
_1015_, 85.84, 116.96, 1.79487
_0501_, 98.64, 116.96, 1.79492
_0830_, 98.64, 116.96, 1.79492
_1028_, 98.64, 116.96, 1.79492
FILLER_0_38_193, 98.64, 116.96, 1.79492
FILLER_0_38_197, 98.64, 116.96, 1.79492
FILLER_0_39_213, 98.64, 116.96, 1.79492
_0796_, 111.44, 116.96, 1.79501
_0909_, 111.44, 116.96, 1.79501
hold60, 111.44, 116.96, 1.79501
_0825_, 124.24, 116.96, 1.79515
_0923_, 124.24, 116.96, 1.79515
FILLER_0_39_246, 124.24, 116.96, 1.79515
FILLER_0_39_261, 124.24, 116.96, 1.79515
_0526_, 137.04, 116.96, 1.79531
_0590_, 137.04, 116.96, 1.79531
_0627_, 137.04, 116.96, 1.79531
_0875_, 137.04, 116.96, 1.79531
_1065_, 137.04, 116.96, 1.79531
hold116, 137.04, 116.96, 1.79531
FILLER_0_38_274, 137.04, 116.96, 1.79531
FILLER_0_39_293, 137.04, 116.96, 1.79531
hold89, 149.84, 116.96, 1.79554
FILLER_0_38_309, 149.84, 116.96, 1.79554
FILLER_0_39_325, 149.84, 116.96, 1.79554
_0530_, 162.64, 116.96, 1.79579
_0531_, 162.64, 116.96, 1.79579
_0915_, 162.64, 116.96, 1.79579
_0955_, 162.64, 116.96, 1.79579
FILLER_0_39_333, 162.64, 116.96, 1.79579
FILLER_0_39_337, 162.64, 116.96, 1.79579
FILLER_0_38_413, 198.38, 116.96, 1.79608
FILLER_0_39_441, 209.85, 116.96, 1.79608
FILLER_0_38_469, 221.32, 116.96, 1.79608
FILLER_0_39_497, 232.79, 116.96, 1.79608
FILLER_0_39_505, 232.79, 116.96, 1.79608
_1034_, 5.52, 111.52, 1.79534
PHY_72, 5.52, 111.52, 1.79534
PHY_74, 5.52, 111.52, 1.79534
PHY_73, 244.26, 111.52, 1.79602
PHY_75, 244.26, 111.52, 1.79602
FILLER_0_36_513, 244.26, 111.52, 1.79602
FILLER_0_37_513, 244.26, 111.52, 1.79602
_1048_, 34.64, 111.52, 1.79523
_1049_, 34.64, 111.52, 1.79523
_0483_, 47.44, 111.52, 1.79515
_1020_, 47.44, 111.52, 1.79515
_1033_, 47.44, 111.52, 1.79515
FILLER_0_38_97, 47.44, 111.52, 1.79515
_0969_, 60.24, 111.52, 1.79511
FILLER_0_37_125, 60.24, 111.52, 1.79511
_0675_, 73.04, 111.52, 1.79509
_0695_, 73.04, 111.52, 1.79509
_0764_, 73.04, 111.52, 1.79509
_0799_, 73.04, 111.52, 1.79509
hold82, 73.04, 111.52, 1.79509
_0800_, 85.84, 111.52, 1.7951
hold74, 85.84, 111.52, 1.7951
FILLER_0_36_173, 85.84, 111.52, 1.7951
FILLER_0_37_169, 85.84, 111.52, 1.7951
FILLER_0_38_185, 85.84, 111.52, 1.7951
_0722_, 98.64, 111.52, 1.79513
_0723_, 98.64, 111.52, 1.79513
_0776_, 98.64, 111.52, 1.79513
hold53, 98.64, 111.52, 1.79513
hold54, 98.64, 111.52, 1.79513
FILLER_0_37_194, 98.64, 111.52, 1.79513
FILLER_0_38_205, 98.64, 111.52, 1.79513
FILLER_0_38_213, 98.64, 111.52, 1.79513
_0533_, 111.44, 111.52, 1.7952
_0612_, 111.44, 111.52, 1.7952
_0775_, 111.44, 111.52, 1.7952
hold19, 111.44, 111.52, 1.7952
FILLER_0_38_243, 111.44, 111.52, 1.7952
_0591_, 124.24, 111.52, 1.79531
_0704_, 124.24, 111.52, 1.79531
_0705_, 124.24, 111.52, 1.79531
hold13, 124.24, 111.52, 1.79531
FILLER_0_38_265, 124.24, 111.52, 1.79531
_0673_, 137.04, 111.52, 1.79545
hold92, 137.04, 111.52, 1.79545
FILLER_0_37_277, 137.04, 111.52, 1.79545
FILLER_0_37_291, 137.04, 111.52, 1.79545
_0528_, 149.84, 111.52, 1.79561
_0529_, 149.84, 111.52, 1.79561
_0663_, 149.84, 111.52, 1.79561
_0684_, 149.84, 111.52, 1.79561
FILLER_0_38_317, 149.84, 111.52, 1.79561
_0664_, 162.64, 111.52, 1.79581
hold87, 162.64, 111.52, 1.79581
FILLER_0_37_389, 186.91, 111.52, 1.79602
FILLER_0_36_413, 198.38, 111.52, 1.79602
FILLER_0_37_441, 209.85, 111.52, 1.79602
FILLER_0_36_469, 221.32, 111.52, 1.79602
FILLER_0_37_497, 232.79, 111.52, 1.79602
FILLER_0_37_505, 232.79, 111.52, 1.79602
_1039_, 5.52, 106.08, 1.79518
PHY_68, 5.52, 106.08, 1.79518
PHY_70, 5.52, 106.08, 1.79518
FILLER_0_36_3, 5.52, 106.08, 1.79518
PHY_69, 244.26, 106.08, 1.79578
PHY_71, 244.26, 106.08, 1.79578
FILLER_0_34_513, 244.26, 106.08, 1.79578
FILLER_0_35_513, 244.26, 106.08, 1.79578
_0476_, 13.68, 106.08, 1.79519
FILLER_0_35_15, 13.68, 106.08, 1.79519
_1038_, 34.64, 106.08, 1.79496
_1043_, 34.64, 106.08, 1.79496
hold4, 34.64, 106.08, 1.79496
hold5, 34.64, 106.08, 1.79496
FILLER_0_35_65, 34.64, 106.08, 1.79496
_0757_, 47.44, 106.08, 1.79477
hold114, 47.44, 106.08, 1.79477
FILLER_0_34_81, 47.44, 106.08, 1.79477
FILLER_0_35_103, 47.44, 106.08, 1.79477
_0532_, 60.24, 106.08, 1.79461
_0823_, 60.24, 106.08, 1.79461
_0908_, 60.24, 106.08, 1.79461
hold16, 60.24, 106.08, 1.79461
FILLER_0_36_121, 60.24, 106.08, 1.79461
FILLER_0_36_129, 60.24, 106.08, 1.79461
_0750_, 73.04, 106.08, 1.79451
_0824_, 73.04, 106.08, 1.79451
_0905_, 73.04, 106.08, 1.79451
_0993_, 73.04, 106.08, 1.79451
hold69, 73.04, 106.08, 1.79451
hold76, 73.04, 106.08, 1.79451
FILLER_0_34_137, 73.04, 106.08, 1.79451
FILLER_0_34_141, 73.04, 106.08, 1.79451
FILLER_0_35_138, 73.04, 106.08, 1.79451
_0783_, 85.84, 106.08, 1.79447
_0784_, 85.84, 106.08, 1.79447
_0904_, 85.84, 106.08, 1.79447
_1008_, 85.84, 106.08, 1.79447
FILLER_0_35_169, 85.84, 106.08, 1.79447
_0619_, 98.64, 106.08, 1.79448
_0620_, 98.64, 106.08, 1.79448
_0980_, 98.64, 106.08, 1.79448
_1004_, 98.64, 106.08, 1.79448
FILLER_0_35_197, 98.64, 106.08, 1.79448
FILLER_0_36_205, 98.64, 106.08, 1.79448
_0611_, 111.44, 106.08, 1.79456
_0932_, 111.44, 106.08, 1.79456
_0972_, 111.44, 106.08, 1.79456
FILLER_0_34_222, 111.44, 106.08, 1.79456
FILLER_0_35_217, 111.44, 106.08, 1.79456
FILLER_0_35_225, 111.44, 106.08, 1.79456
_0538_, 124.24, 106.08, 1.79468
_0674_, 124.24, 106.08, 1.79468
_0960_, 124.24, 106.08, 1.79468
FILLER_0_35_265, 124.24, 106.08, 1.79468
FILLER_0_36_262, 124.24, 106.08, 1.79468
_0572_, 137.04, 106.08, 1.79486
_0693_, 137.04, 106.08, 1.79486
_0902_, 137.04, 106.08, 1.79486
hold23, 137.04, 106.08, 1.79486
hold57, 137.04, 106.08, 1.79486
hold66, 137.04, 106.08, 1.79486
FILLER_0_35_290, 137.04, 106.08, 1.79486
_0527_, 149.84, 106.08, 1.79511
_0683_, 149.84, 106.08, 1.79511
_0903_, 149.84, 106.08, 1.79511
_0963_, 149.84, 106.08, 1.79511
hold80, 149.84, 106.08, 1.79511
FILLER_0_34_309, 149.84, 106.08, 1.79511
FILLER_0_35_305, 149.84, 106.08, 1.79511
FILLER_0_36_314, 149.84, 106.08, 1.79511
_0892_, 162.64, 106.08, 1.79542
_0893_, 162.64, 106.08, 1.79542
_1073_, 162.64, 106.08, 1.79542
hold36, 162.64, 106.08, 1.79542
FILLER_0_35_385, 186.91, 106.08, 1.79578
FILLER_0_34_413, 198.38, 106.08, 1.79578
FILLER_0_35_441, 209.85, 106.08, 1.79578
FILLER_0_34_469, 221.32, 106.08, 1.79578
FILLER_0_35_497, 232.79, 106.08, 1.79578
FILLER_0_35_505, 232.79, 106.08, 1.79578
_1058_, 5.52, 100.64, 1.79516
PHY_64, 5.52, 100.64, 1.79516
PHY_66, 5.52, 100.64, 1.79516
FILLER_0_33_3, 5.52, 100.64, 1.79516
FILLER_0_34_3, 5.52, 100.64, 1.79516
PHY_65, 244.26, 100.64, 1.79575
PHY_67, 244.26, 100.64, 1.79575
FILLER_0_32_513, 244.26, 100.64, 1.79575
FILLER_0_33_513, 244.26, 100.64, 1.79575
_0857_, 13.68, 100.64, 1.79516
_0858_, 13.68, 100.64, 1.79516
FILLER_0_33_16, 13.68, 100.64, 1.79516
_0847_, 34.64, 100.64, 1.795
FILLER_0_34_73, 34.64, 100.64, 1.795
_0510_, 47.44, 100.64, 1.79482
_0758_, 47.44, 100.64, 1.79482
_0793_, 47.44, 100.64, 1.79482
_0794_, 47.44, 100.64, 1.79482
_0996_, 47.44, 100.64, 1.79482
_1012_, 47.44, 100.64, 1.79482
FILLER_0_32_81, 47.44, 100.64, 1.79482
_0494_, 60.24, 100.64, 1.7947
_0495_, 60.24, 100.64, 1.7947
_1025_, 60.24, 100.64, 1.7947
hold11, 60.24, 100.64, 1.7947
_0581_, 73.04, 100.64, 1.79463
_0582_, 73.04, 100.64, 1.79463
_1079_, 73.04, 100.64, 1.79463
FILLER_0_32_135, 73.04, 100.64, 1.79463
FILLER_0_33_135, 73.04, 100.64, 1.79463
_0751_, 85.84, 100.64, 1.79461
_0936_, 85.84, 100.64, 1.79461
hold72, 85.84, 100.64, 1.79461
FILLER_0_33_165, 85.84, 100.64, 1.79461
_0712_, 98.64, 100.64, 1.79464
hold78, 98.64, 100.64, 1.79464
FILLER_0_32_197, 98.64, 100.64, 1.79464
FILLER_0_33_215, 98.64, 100.64, 1.79464
FILLER_0_34_214, 98.64, 100.64, 1.79464
_0534_, 111.44, 100.64, 1.79469
_0719_, 111.44, 100.64, 1.79469
clkbuf_4_9_0_w_clk, 111.44, 100.64, 1.79469
hold106, 111.44, 100.64, 1.79469
FILLER_0_32_221, 111.44, 100.64, 1.79469
_0694_, 124.24, 100.64, 1.79482
_0930_, 124.24, 100.64, 1.79482
_0968_, 124.24, 100.64, 1.79482
FILLER_0_32_245, 124.24, 100.64, 1.79482
_0573_, 137.04, 100.64, 1.79501
_1078_, 137.04, 100.64, 1.79501
FILLER_0_33_273, 137.04, 100.64, 1.79501
FILLER_0_33_281, 137.04, 100.64, 1.79501
hold27, 149.84, 100.64, 1.79524
FILLER_0_32_305, 149.84, 100.64, 1.79524
FILLER_0_33_322, 149.84, 100.64, 1.79524
_0738_, 162.64, 100.64, 1.79548
_0739_, 162.64, 100.64, 1.79548
hold38, 162.64, 100.64, 1.79548
FILLER_0_33_333, 162.64, 100.64, 1.79548
FILLER_0_34_354, 162.64, 100.64, 1.79548
FILLER_0_32_413, 198.38, 100.64, 1.79575
FILLER_0_33_441, 209.85, 100.64, 1.79575
FILLER_0_32_469, 221.32, 100.64, 1.79575
FILLER_0_33_497, 232.79, 100.64, 1.79575
FILLER_0_33_505, 232.79, 100.64, 1.79575
PHY_60, 5.52, 95.2, 1.79508
PHY_62, 5.52, 95.2, 1.79508
PHY_61, 244.26, 95.2, 1.79561
PHY_63, 244.26, 95.2, 1.79561
FILLER_0_30_513, 244.26, 95.2, 1.79561
FILLER_0_31_513, 244.26, 95.2, 1.79561
_0841_, 34.64, 95.2, 1.79481
_0859_, 34.64, 95.2, 1.79481
_1053_, 34.64, 95.2, 1.79481
FILLER_0_31_51, 34.64, 95.2, 1.79481
_0511_, 47.44, 95.2, 1.79457
clkbuf_4_1_0_w_clk, 47.44, 95.2, 1.79457
FILLER_0_31_85, 47.44, 95.2, 1.79457
FILLER_0_32_104, 47.44, 95.2, 1.79457
_0733_, 60.24, 95.2, 1.7944
clkbuf_4_0_0_w_clk, 60.24, 95.2, 1.7944
hold22, 60.24, 95.2, 1.7944
hold37, 60.24, 95.2, 1.7944
FILLER_0_31_113, 60.24, 95.2, 1.7944
FILLER_0_31_124, 60.24, 95.2, 1.7944
_0513_, 73.04, 95.2, 1.7943
_0514_, 73.04, 95.2, 1.7943
clkbuf_4_3_0_w_clk, 73.04, 95.2, 1.7943
FILLER_0_30_134, 73.04, 95.2, 1.7943
FILLER_0_31_152, 73.04, 95.2, 1.7943
_0731_, 85.84, 95.2, 1.79426
_0984_, 85.84, 95.2, 1.79426
hold39, 85.84, 95.2, 1.79426
hold68, 85.84, 95.2, 1.79426
FILLER_0_31_169, 85.84, 95.2, 1.79426
FILLER_0_32_176, 85.84, 95.2, 1.79426
FILLER_0_32_182, 85.84, 95.2, 1.79426
_0569_, 98.64, 95.2, 1.79427
_0713_, 98.64, 95.2, 1.79427
_0976_, 98.64, 95.2, 1.79427
hold43, 98.64, 95.2, 1.79427
FILLER_0_30_191, 98.64, 95.2, 1.79427
FILLER_0_32_214, 98.64, 95.2, 1.79427
_0608_, 111.44, 95.2, 1.79434
_0771_, 111.44, 95.2, 1.79434
_0772_, 111.44, 95.2, 1.79434
_0978_, 111.44, 95.2, 1.79434
_1002_, 111.44, 95.2, 1.79434
_0509_, 124.24, 95.2, 1.79448
_0512_, 124.24, 95.2, 1.79448
_0607_, 124.24, 95.2, 1.79448
FILLER_0_30_248, 124.24, 95.2, 1.79448
_0748_, 137.04, 95.2, 1.79467
_0749_, 137.04, 95.2, 1.79467
_0992_, 137.04, 95.2, 1.79467
clkbuf_4_11_0_w_clk, 137.04, 95.2, 1.79467
FILLER_0_31_277, 137.04, 95.2, 1.79467
_0987_, 149.84, 95.2, 1.79496
FILLER_0_32_317, 149.84, 95.2, 1.79496
_0539_, 162.64, 95.2, 1.79528
FILLER_0_31_332, 162.64, 95.2, 1.79528
FILLER_0_32_355, 162.64, 95.2, 1.79528
FILLER_0_31_385, 186.91, 95.2, 1.79561
FILLER_0_30_413, 198.38, 95.2, 1.79561
FILLER_0_31_441, 209.85, 95.2, 1.79561
FILLER_0_30_469, 221.32, 95.2, 1.79561
FILLER_0_31_497, 232.79, 95.2, 1.79561
FILLER_0_31_505, 232.79, 95.2, 1.79561
PHY_56, 5.52, 89.76, 1.79504
PHY_58, 5.52, 89.76, 1.79504
FILLER_0_29_3, 5.52, 89.76, 1.79504
PHY_57, 244.26, 89.76, 1.79556
PHY_59, 244.26, 89.76, 1.79556
FILLER_0_28_513, 244.26, 89.76, 1.79556
FILLER_0_29_513, 244.26, 89.76, 1.79556
_0575_, 13.68, 89.76, 1.79504
_1059_, 13.68, 89.76, 1.79504
_0520_, 34.64, 89.76, 1.79483
_0836_, 34.64, 89.76, 1.79483
_0837_, 34.64, 89.76, 1.79483
_0839_, 34.64, 89.76, 1.79483
_0851_, 34.64, 89.76, 1.79483
_0860_, 34.64, 89.76, 1.79483
FILLER_0_28_62, 34.64, 89.76, 1.79483
FILLER_0_29_51, 34.64, 89.76, 1.79483
FILLER_0_30_74, 34.64, 89.76, 1.79483
_0840_, 47.44, 89.76, 1.79464
_1051_, 47.44, 89.76, 1.79464
_1052_, 47.44, 89.76, 1.79464
_0506_, 60.24, 89.76, 1.7945
_0507_, 60.24, 89.76, 1.7945
_0785_, 60.24, 89.76, 1.7945
_0786_, 60.24, 89.76, 1.7945
_1009_, 60.24, 89.76, 1.7945
_0578_, 73.04, 89.76, 1.79439
_0621_, 73.04, 89.76, 1.79439
_0937_, 73.04, 89.76, 1.79439
_0977_, 73.04, 89.76, 1.79439
FILLER_0_30_150, 73.04, 89.76, 1.79439
_0715_, 85.84, 89.76, 1.79436
_0730_, 85.84, 89.76, 1.79436
FILLER_0_28_171, 85.84, 89.76, 1.79436
_0570_, 98.64, 89.76, 1.79435
_0574_, 98.64, 89.76, 1.79435
hold46, 98.64, 89.76, 1.79435
FILLER_0_28_190, 98.64, 89.76, 1.79435
FILLER_0_29_193, 98.64, 89.76, 1.79435
_0718_, 111.44, 89.76, 1.79439
_0773_, 111.44, 89.76, 1.79439
clkbuf_4_8_0_w_clk, 111.44, 89.76, 1.79439
hold95, 111.44, 89.76, 1.79439
FILLER_0_28_217, 111.44, 89.76, 1.79439
_0609_, 124.24, 89.76, 1.79452
_0701_, 124.24, 89.76, 1.79452
_0970_, 124.24, 89.76, 1.79452
clkbuf_4_10_0_w_clk, 124.24, 89.76, 1.79452
hold124, 124.24, 89.76, 1.79452
hold127, 124.24, 89.76, 1.79452
FILLER_0_29_253, 124.24, 89.76, 1.79452
FILLER_0_29_264, 124.24, 89.76, 1.79452
FILLER_0_30_262, 124.24, 89.76, 1.79452
hold126, 137.04, 89.76, 1.79477
_0540_, 149.84, 89.76, 1.79502
FILLER_0_28_302, 149.84, 89.76, 1.79502
FILLER_0_29_325, 149.84, 89.76, 1.79502
FILLER_0_30_321, 149.84, 89.76, 1.79502
_0916_, 162.64, 89.76, 1.79528
FILLER_0_29_333, 162.64, 89.76, 1.79528
FILLER_0_29_389, 186.91, 89.76, 1.79556
FILLER_0_28_413, 198.38, 89.76, 1.79556
FILLER_0_29_441, 209.85, 89.76, 1.79556
FILLER_0_28_469, 221.32, 89.76, 1.79556
FILLER_0_29_497, 232.79, 89.76, 1.79556
FILLER_0_29_505, 232.79, 89.76, 1.79556
_0920_, 5.52, 84.32, 1.79495
PHY_52, 5.52, 84.32, 1.79495
PHY_54, 5.52, 84.32, 1.79495
output15, 5.52, 84.32, 1.79495
PHY_53, 244.26, 84.32, 1.79547
PHY_55, 244.26, 84.32, 1.79547
FILLER_0_26_513, 244.26, 84.32, 1.79547
FILLER_0_27_513, 244.26, 84.32, 1.79547
_0576_, 13.68, 84.32, 1.79497
FILLER_0_27_25, 13.68, 84.32, 1.79497
FILLER_0_28_20, 13.68, 84.32, 1.79497
_0838_, 34.64, 84.32, 1.79476
_0842_, 34.64, 84.32, 1.79476
_0843_, 34.64, 84.32, 1.79476
_0852_, 34.64, 84.32, 1.79476
FILLER_0_26_55, 34.64, 84.32, 1.79476
FILLER_0_27_53, 34.64, 84.32, 1.79476
FILLER_0_27_73, 34.64, 84.32, 1.79476
FILLER_0_28_76, 34.64, 84.32, 1.79476
_0518_, 47.44, 84.32, 1.79454
_0835_, 47.44, 84.32, 1.79454
_1054_, 47.44, 84.32, 1.79454
FILLER_0_26_80, 47.44, 84.32, 1.79454
FILLER_0_27_101, 47.44, 84.32, 1.79454
FILLER_0_28_105, 47.44, 84.32, 1.79454
_0732_, 60.24, 84.32, 1.79434
_0985_, 60.24, 84.32, 1.79434
FILLER_0_27_109, 60.24, 84.32, 1.79434
FILLER_0_27_113, 60.24, 84.32, 1.79434
FILLER_0_27_132, 60.24, 84.32, 1.79434
_0579_, 73.04, 84.32, 1.79417
_0583_, 73.04, 84.32, 1.79417
_0714_, 73.04, 84.32, 1.79417
clkbuf_4_2_0_w_clk, 73.04, 84.32, 1.79417
hold121, 73.04, 84.32, 1.79417
_0615_, 85.84, 84.32, 1.79413
_0616_, 85.84, 84.32, 1.79413
_0622_, 85.84, 84.32, 1.79413
_0779_, 85.84, 84.32, 1.79413
_0934_, 85.84, 84.32, 1.79413
FILLER_0_27_169, 85.84, 84.32, 1.79413
_0552_, 98.64, 84.32, 1.79414
_0556_, 98.64, 84.32, 1.79414
_0709_, 98.64, 84.32, 1.79414
_0974_, 98.64, 84.32, 1.79414
FILLER_0_27_214, 98.64, 84.32, 1.79414
_0721_, 111.44, 84.32, 1.79422
_0774_, 111.44, 84.32, 1.79422
_0979_, 111.44, 84.32, 1.79422
_1003_, 111.44, 84.32, 1.79422
hold91, 111.44, 84.32, 1.79422
FILLER_0_27_241, 111.44, 84.32, 1.79422
FILLER_0_28_244, 111.44, 84.32, 1.79422
_0524_, 124.24, 84.32, 1.79437
_0525_, 124.24, 84.32, 1.79437
_0610_, 124.24, 84.32, 1.79437
_0700_, 124.24, 84.32, 1.79437
_0931_, 124.24, 84.32, 1.79437
FILLER_0_26_247, 124.24, 84.32, 1.79437
FILLER_0_28_263, 124.24, 84.32, 1.79437
_0971_, 137.04, 84.32, 1.79459
hold31, 137.04, 84.32, 1.79459
_0557_, 149.84, 84.32, 1.79486
_0558_, 149.84, 84.32, 1.79486
_0918_, 149.84, 84.32, 1.79486
_0585_, 162.64, 84.32, 1.79515
_0921_, 162.64, 84.32, 1.79515
FILLER_0_26_329, 162.64, 84.32, 1.79515
FILLER_0_27_388, 186.91, 84.32, 1.79547
FILLER_0_26_413, 198.38, 84.32, 1.79547
FILLER_0_27_441, 209.85, 84.32, 1.79547
FILLER_0_26_469, 221.32, 84.32, 1.79547
FILLER_0_27_497, 232.79, 84.32, 1.79547
FILLER_0_27_505, 232.79, 84.32, 1.79547
PHY_48, 5.52, 78.88, 1.79515
PHY_50, 5.52, 78.88, 1.79515
PHY_49, 244.26, 78.88, 1.79555
PHY_51, 244.26, 78.88, 1.79555
input13, 244.26, 78.88, 1.79555
FILLER_0_24_513, 244.26, 78.88, 1.79555
FILLER_0_25_51, 34.64, 78.88, 1.79508
_0767_, 47.44, 78.88, 1.79501
FILLER_0_25_93, 47.44, 78.88, 1.79501
hold109, 60.24, 78.88, 1.79494
hold122, 60.24, 78.88, 1.79494
FILLER_0_24_113, 60.24, 78.88, 1.79494
FILLER_0_26_129, 60.24, 78.88, 1.79494
_0726_, 73.04, 78.88, 1.79489
_0727_, 73.04, 78.88, 1.79489
_0780_, 73.04, 78.88, 1.79489
hold94, 73.04, 78.88, 1.79489
FILLER_0_25_145, 73.04, 78.88, 1.79489
FILLER_0_26_150, 73.04, 78.88, 1.79489
_0551_, 85.84, 78.88, 1.79487
_1006_, 85.84, 78.88, 1.79487
hold26, 85.84, 78.88, 1.79487
_0708_, 98.64, 78.88, 1.79491
hold51, 98.64, 78.88, 1.79491
FILLER_0_25_193, 98.64, 78.88, 1.79491
FILLER_0_25_214, 98.64, 78.88, 1.79491
FILLER_0_26_213, 98.64, 78.88, 1.79491
_0720_, 111.44, 78.88, 1.79497
_0789_, 111.44, 78.88, 1.79497
hold123, 111.44, 78.88, 1.79497
FILLER_0_24_221, 111.44, 78.88, 1.79497
_0702_, 124.24, 78.88, 1.79505
_0703_, 124.24, 78.88, 1.79505
_0906_, 124.24, 78.88, 1.79505
FILLER_0_25_260, 124.24, 78.88, 1.79505
FILLER_0_25_268, 124.24, 78.88, 1.79505
hold21, 137.04, 78.88, 1.79516
FILLER_0_24_305, 149.84, 78.88, 1.79529
_0584_, 162.64, 78.88, 1.79542
FILLER_0_25_329, 162.64, 78.88, 1.79542
FILLER_0_25_382, 186.91, 78.88, 1.79556
FILLER_0_24_413, 198.38, 78.88, 1.79556
FILLER_0_25_441, 209.85, 78.88, 1.79555
FILLER_0_24_469, 221.32, 78.88, 1.79555
FILLER_0_25_497, 232.79, 78.88, 1.79555
FILLER_0_25_505, 232.79, 78.88, 1.79555
PHY_44, 5.52, 73.44, 1.79507
PHY_46, 5.52, 73.44, 1.79507
PHY_45, 244.26, 73.44, 1.79548
PHY_47, 244.26, 73.44, 1.79548
FILLER_0_22_513, 244.26, 73.44, 1.79548
FILLER_0_23_513, 244.26, 73.44, 1.79548
FILLER_0_23_51, 34.64, 73.44, 1.7949
FILLER_0_24_77, 34.64, 73.44, 1.7949
_0804_, 47.44, 73.44, 1.79472
_1001_, 47.44, 73.44, 1.79472
_1017_, 47.44, 73.44, 1.79472
_0504_, 60.24, 73.44, 1.7946
_0577_, 60.24, 73.44, 1.7946
_0768_, 60.24, 73.44, 1.7946
_0913_, 60.24, 73.44, 1.7946
_0833_, 73.04, 73.44, 1.79454
_0834_, 73.04, 73.44, 1.79454
_0982_, 73.04, 73.44, 1.79454
_1030_, 73.04, 73.44, 1.79454
hold132, 73.04, 73.44, 1.79454
FILLER_0_24_153, 73.04, 73.44, 1.79454
hold120, 85.84, 73.44, 1.79454
FILLER_0_22_162, 85.84, 73.44, 1.79454
FILLER_0_23_163, 85.84, 73.44, 1.79454
FILLER_0_24_186, 85.84, 73.44, 1.79454
_0831_, 98.64, 73.44, 1.79456
_0832_, 98.64, 73.44, 1.79456
_1029_, 98.64, 73.44, 1.79456
hold49, 98.64, 73.44, 1.79456
FILLER_0_23_193, 98.64, 73.44, 1.79456
FILLER_0_23_201, 98.64, 73.44, 1.79456
_0754_, 111.44, 73.44, 1.79462
_0790_, 111.44, 73.44, 1.79462
_0994_, 111.44, 73.44, 1.79462
_1010_, 111.44, 73.44, 1.79462
hold84, 111.44, 73.44, 1.79462
FILLER_0_22_221, 111.44, 73.44, 1.79462
FILLER_0_23_241, 111.44, 73.44, 1.79462
FILLER_0_24_244, 111.44, 73.44, 1.79462
_0490_, 124.24, 73.44, 1.79474
_0491_, 124.24, 73.44, 1.79474
_0508_, 124.24, 73.44, 1.79474
hold20, 124.24, 73.44, 1.79474
_0820_, 137.04, 73.44, 1.79492
hold30, 137.04, 73.44, 1.79492
FILLER_0_22_300, 149.84, 73.44, 1.7951
FILLER_0_23_329, 162.64, 73.44, 1.79529
FILLER_0_23_385, 186.91, 73.44, 1.79548
FILLER_0_22_413, 198.38, 73.44, 1.79548
FILLER_0_23_441, 209.85, 73.44, 1.79548
FILLER_0_22_469, 221.32, 73.44, 1.79548
FILLER_0_23_497, 232.79, 73.44, 1.79548
FILLER_0_23_505, 232.79, 73.44, 1.79548
PHY_40, 5.52, 68, 1.79515
PHY_42, 5.52, 68, 1.79515
PHY_41, 244.26, 68, 1.79551
PHY_43, 244.26, 68, 1.79551
FILLER_0_20_513, 244.26, 68, 1.79551
FILLER_0_21_513, 244.26, 68, 1.79551
FILLER_0_21_51, 34.64, 68, 1.79507
FILLER_0_22_77, 34.64, 68, 1.79507
_0803_, 47.44, 68, 1.795
FILLER_0_21_105, 47.44, 68, 1.795
FILLER_0_22_97, 47.44, 68, 1.795
_0505_, 60.24, 68, 1.79493
hold17, 60.24, 68, 1.79493
hold33, 60.24, 68, 1.79493
_0761_, 73.04, 68, 1.79488
_0762_, 73.04, 68, 1.79488
_0998_, 73.04, 68, 1.79488
hold47, 73.04, 68, 1.79488
FILLER_0_21_136, 73.04, 68, 1.79488
_0498_, 85.84, 68, 1.79488
_0828_, 85.84, 68, 1.79488
_1000_, 85.84, 68, 1.79488
FILLER_0_21_161, 85.84, 68, 1.79488
_0568_, 98.64, 68, 1.79491
_0765_, 98.64, 68, 1.79491
FILLER_0_21_216, 98.64, 68, 1.79491
FILLER_0_22_214, 98.64, 68, 1.79491
_0753_, 111.44, 68, 1.79498
hold125, 111.44, 68, 1.79498
FILLER_0_21_225, 111.44, 68, 1.79498
_0819_, 124.24, 68, 1.79506
_1023_, 124.24, 68, 1.79506
FILLER_0_20_249, 124.24, 68, 1.79506
FILLER_0_20_253, 124.24, 68, 1.79506
FILLER_0_21_273, 137.04, 68, 1.79517
FILLER_0_20_301, 149.84, 68, 1.79528
FILLER_0_21_329, 162.64, 68, 1.79539
FILLER_0_21_385, 186.91, 68, 1.79551
FILLER_0_20_413, 198.38, 68, 1.79551
FILLER_0_21_441, 209.85, 68, 1.79551
FILLER_0_20_469, 221.32, 68, 1.79551
FILLER_0_21_497, 232.79, 68, 1.79551
FILLER_0_21_505, 232.79, 68, 1.79551
PHY_36, 5.52, 62.56, 1.79511
PHY_38, 5.52, 62.56, 1.79511
PHY_37, 244.26, 62.56, 1.79543
PHY_39, 244.26, 62.56, 1.79543
FILLER_0_18_513, 244.26, 62.56, 1.79543
FILLER_0_19_513, 244.26, 62.56, 1.79543
FILLER_0_19_51, 34.64, 62.56, 1.79497
FILLER_0_20_77, 34.64, 62.56, 1.79497
FILLER_0_19_105, 47.44, 62.56, 1.79484
_0797_, 60.24, 62.56, 1.7947
_0798_, 60.24, 62.56, 1.7947
FILLER_0_19_125, 60.24, 62.56, 1.7947
FILLER_0_20_121, 60.24, 62.56, 1.7947
_0550_, 73.04, 62.56, 1.79457
_0910_, 73.04, 62.56, 1.79457
_1014_, 73.04, 62.56, 1.79457
hold85, 73.04, 62.56, 1.79457
FILLER_0_18_133, 73.04, 62.56, 1.79457
_0766_, 85.84, 62.56, 1.79453
_0827_, 85.84, 62.56, 1.79453
_1027_, 85.84, 62.56, 1.79453
hold100, 85.84, 62.56, 1.79453
_0503_, 98.64, 62.56, 1.79453
_0802_, 98.64, 62.56, 1.79453
_0912_, 98.64, 62.56, 1.79453
hold45, 98.64, 62.56, 1.79453
hold63, 98.64, 62.56, 1.79453
hold115, 98.64, 62.56, 1.79453
FILLER_0_19_206, 98.64, 62.56, 1.79453
_0755_, 111.44, 62.56, 1.7946
_0756_, 111.44, 62.56, 1.7946
_0791_, 111.44, 62.56, 1.7946
_0792_, 111.44, 62.56, 1.7946
_0995_, 111.44, 62.56, 1.7946
hold73, 111.44, 62.56, 1.7946
FILLER_0_19_219, 111.44, 62.56, 1.7946
FILLER_0_20_241, 111.44, 62.56, 1.7946
_0523_, 124.24, 62.56, 1.79472
_0821_, 124.24, 62.56, 1.79472
_0822_, 124.24, 62.56, 1.79472
hold7, 124.24, 62.56, 1.79472
hold71, 137.04, 62.56, 1.79489
FILLER_0_19_276, 137.04, 62.56, 1.79489
FILLER_0_18_301, 149.84, 62.56, 1.79507
FILLER_0_19_325, 149.84, 62.56, 1.79507
FILLER_0_19_333, 162.64, 62.56, 1.79525
FILLER_0_19_385, 186.91, 62.56, 1.79543
FILLER_0_18_413, 198.38, 62.56, 1.79543
FILLER_0_19_441, 209.85, 62.56, 1.79543
FILLER_0_18_469, 221.32, 62.56, 1.79543
FILLER_0_19_497, 232.79, 62.56, 1.79543
FILLER_0_19_505, 232.79, 62.56, 1.79543
PHY_32, 5.52, 57.12, 1.7952
PHY_34, 5.52, 57.12, 1.7952
PHY_33, 244.26, 57.12, 1.79547
PHY_35, 244.26, 57.12, 1.79547
FILLER_0_16_513, 244.26, 57.12, 1.79547
FILLER_0_17_513, 244.26, 57.12, 1.79547
FILLER_0_17_51, 34.64, 57.12, 1.79517
FILLER_0_18_77, 34.64, 57.12, 1.79517
FILLER_0_17_105, 47.44, 57.12, 1.79514
_0499_, 73.04, 57.12, 1.79508
FILLER_0_16_133, 73.04, 57.12, 1.79508
FILLER_0_18_151, 73.04, 57.12, 1.79508
_1016_, 85.84, 57.12, 1.79505
FILLER_0_17_161, 85.84, 57.12, 1.79505
FILLER_0_17_181, 85.84, 57.12, 1.79505
FILLER_0_18_175, 85.84, 57.12, 1.79505
_0502_, 98.64, 57.12, 1.79505
_0801_, 98.64, 57.12, 1.79505
FILLER_0_16_189, 98.64, 57.12, 1.79505
FILLER_0_17_198, 98.64, 57.12, 1.79505
FILLER_0_18_214, 98.64, 57.12, 1.79505
_0492_, 111.44, 57.12, 1.79506
_1011_, 111.44, 57.12, 1.79506
FILLER_0_16_221, 111.44, 57.12, 1.79506
FILLER_0_17_241, 111.44, 57.12, 1.79506
_0493_, 124.24, 57.12, 1.7951
_0907_, 124.24, 57.12, 1.7951
_1024_, 124.24, 57.12, 1.7951
FILLER_0_17_275, 137.04, 57.12, 1.79519
FILLER_0_16_304, 149.84, 57.12, 1.79528
FILLER_0_17_329, 162.64, 57.12, 1.79538
FILLER_0_17_385, 186.91, 57.12, 1.79547
FILLER_0_16_413, 198.38, 57.12, 1.79547
FILLER_0_17_441, 209.85, 57.12, 1.79547
FILLER_0_16_469, 221.32, 57.12, 1.79547
FILLER_0_17_497, 232.79, 57.12, 1.79547
FILLER_0_17_505, 232.79, 57.12, 1.79547
PHY_28, 5.52, 51.68, 1.79526
PHY_30, 5.52, 51.68, 1.79526
PHY_29, 244.26, 51.68, 1.79551
PHY_31, 244.26, 51.68, 1.79551
FILLER_0_14_513, 244.26, 51.68, 1.79551
FILLER_0_15_513, 244.26, 51.68, 1.79551
FILLER_0_15_51, 34.64, 51.68, 1.79527
FILLER_0_16_77, 34.64, 51.68, 1.79527
FILLER_0_15_105, 47.44, 51.68, 1.79529
FILLER_0_14_133, 73.04, 51.68, 1.79532
FILLER_0_15_161, 85.84, 51.68, 1.79534
FILLER_0_14_189, 98.64, 51.68, 1.79536
hold129, 111.44, 51.68, 1.79537
FILLER_0_15_217, 111.44, 51.68, 1.79537
FILLER_0_14_245, 124.24, 51.68, 1.7954
FILLER_0_15_273, 137.04, 51.68, 1.79543
FILLER_0_14_301, 149.84, 51.68, 1.79545
FILLER_0_15_329, 162.64, 51.68, 1.79548
FILLER_0_15_385, 186.91, 51.68, 1.79551
FILLER_0_14_413, 198.38, 51.68, 1.79551
FILLER_0_15_441, 209.85, 51.68, 1.79551
FILLER_0_14_469, 221.32, 51.68, 1.79551
FILLER_0_15_497, 232.79, 51.68, 1.79551
FILLER_0_15_505, 232.79, 51.68, 1.79551
PHY_24, 5.52, 46.24, 1.79527
PHY_26, 5.52, 46.24, 1.79527
PHY_25, 244.26, 46.24, 1.7955
PHY_27, 244.26, 46.24, 1.7955
FILLER_0_12_513, 244.26, 46.24, 1.7955
FILLER_0_13_513, 244.26, 46.24, 1.7955
FILLER_0_13_51, 34.64, 46.24, 1.79529
FILLER_0_14_77, 34.64, 46.24, 1.79529
FILLER_0_13_105, 47.44, 46.24, 1.79531
FILLER_0_12_133, 73.04, 46.24, 1.79535
FILLER_0_13_161, 85.84, 46.24, 1.79537
FILLER_0_12_189, 98.64, 46.24, 1.79539
FILLER_0_13_217, 111.44, 46.24, 1.79541
FILLER_0_12_245, 124.24, 46.24, 1.79542
FILLER_0_13_273, 137.04, 46.24, 1.79544
FILLER_0_12_301, 149.84, 46.24, 1.79546
FILLER_0_13_329, 162.64, 46.24, 1.79548
FILLER_0_13_385, 186.91, 46.24, 1.7955
FILLER_0_12_413, 198.38, 46.24, 1.7955
FILLER_0_13_441, 209.85, 46.24, 1.7955
FILLER_0_12_469, 221.32, 46.24, 1.7955
FILLER_0_13_497, 232.79, 46.24, 1.7955
FILLER_0_13_505, 232.79, 46.24, 1.7955
PHY_20, 5.52, 40.8, 1.79528
PHY_22, 5.52, 40.8, 1.79528
output22, 5.52, 40.8, 1.79528
PHY_21, 244.26, 40.8, 1.79549
PHY_23, 244.26, 40.8, 1.79549
FILLER_0_10_513, 244.26, 40.8, 1.79549
FILLER_0_11_513, 244.26, 40.8, 1.79549
FILLER_0_11_53, 34.64, 40.8, 1.7953
FILLER_0_12_77, 34.64, 40.8, 1.7953
FILLER_0_11_105, 47.44, 40.8, 1.79532
FILLER_0_10_133, 73.04, 40.8, 1.79535
FILLER_0_11_161, 85.84, 40.8, 1.79537
FILLER_0_10_189, 98.64, 40.8, 1.79539
FILLER_0_11_217, 111.44, 40.8, 1.7954
FILLER_0_10_245, 124.24, 40.8, 1.79542
FILLER_0_11_273, 137.04, 40.8, 1.79544
FILLER_0_10_301, 149.84, 40.8, 1.79546
FILLER_0_11_329, 162.64, 40.8, 1.79547
FILLER_0_11_385, 186.91, 40.8, 1.79549
FILLER_0_10_413, 198.38, 40.8, 1.79549
FILLER_0_11_441, 209.85, 40.8, 1.79549
FILLER_0_10_469, 221.32, 40.8, 1.79549
FILLER_0_11_497, 232.79, 40.8, 1.79549
FILLER_0_11_505, 232.79, 40.8, 1.79549
PHY_16, 5.52, 35.36, 1.79529
PHY_18, 5.52, 35.36, 1.79529
PHY_17, 244.26, 35.36, 1.79548
PHY_19, 244.26, 35.36, 1.79548
output18, 244.26, 35.36, 1.79548
FILLER_0_8_513, 244.26, 35.36, 1.79548
FILLER_0_9_51, 34.64, 35.36, 1.79531
FILLER_0_10_77, 34.64, 35.36, 1.79531
FILLER_0_9_105, 47.44, 35.36, 1.79532
FILLER_0_8_133, 73.04, 35.36, 1.79535
FILLER_0_9_161, 85.84, 35.36, 1.79537
FILLER_0_8_189, 98.64, 35.36, 1.79539
FILLER_0_9_217, 111.44, 35.36, 1.7954
FILLER_0_8_245, 124.24, 35.36, 1.79542
FILLER_0_9_273, 137.04, 35.36, 1.79543
FILLER_0_8_301, 149.84, 35.36, 1.79545
FILLER_0_9_329, 162.64, 35.36, 1.79546
FILLER_0_9_385, 186.91, 35.36, 1.79548
FILLER_0_8_413, 198.38, 35.36, 1.79548
FILLER_0_9_441, 209.85, 35.36, 1.79548
FILLER_0_8_469, 221.32, 35.36, 1.79548
FILLER_0_9_497, 232.79, 35.36, 1.79548
FILLER_0_9_505, 232.79, 35.36, 1.79548
PHY_12, 5.52, 29.92, 1.7953
PHY_14, 5.52, 29.92, 1.7953
PHY_13, 244.26, 29.92, 1.79547
PHY_15, 244.26, 29.92, 1.79547
FILLER_0_6_513, 244.26, 29.92, 1.79547
FILLER_0_7_513, 244.26, 29.92, 1.79547
FILLER_0_7_51, 34.64, 29.92, 1.79531
FILLER_0_8_77, 34.64, 29.92, 1.79531
FILLER_0_7_105, 47.44, 29.92, 1.79533
FILLER_0_6_133, 73.04, 29.92, 1.79536
FILLER_0_7_161, 85.84, 29.92, 1.79537
FILLER_0_6_189, 98.64, 29.92, 1.79538
FILLER_0_7_217, 111.44, 29.92, 1.7954
FILLER_0_6_245, 124.24, 29.92, 1.79541
FILLER_0_7_273, 137.04, 29.92, 1.79543
FILLER_0_6_301, 149.84, 29.92, 1.79544
FILLER_0_7_329, 162.64, 29.92, 1.79545
FILLER_0_7_385, 186.91, 29.92, 1.79547
FILLER_0_6_413, 198.38, 29.92, 1.79547
FILLER_0_7_441, 209.85, 29.92, 1.79547
FILLER_0_6_469, 221.32, 29.92, 1.79547
FILLER_0_7_497, 232.79, 29.92, 1.79547
FILLER_0_7_505, 232.79, 29.92, 1.79547
PHY_8, 5.52, 24.48, 1.79531
PHY_10, 5.52, 24.48, 1.79531
PHY_9, 244.26, 24.48, 1.79546
PHY_11, 244.26, 24.48, 1.79546
FILLER_0_4_513, 244.26, 24.48, 1.79546
FILLER_0_5_513, 244.26, 24.48, 1.79546
FILLER_0_5_51, 34.64, 24.48, 1.79532
FILLER_0_6_77, 34.64, 24.48, 1.79532
FILLER_0_5_105, 47.44, 24.48, 1.79533
FILLER_0_4_133, 73.04, 24.48, 1.79536
FILLER_0_5_161, 85.84, 24.48, 1.79537
FILLER_0_4_189, 98.64, 24.48, 1.79538
FILLER_0_5_217, 111.44, 24.48, 1.7954
FILLER_0_4_245, 124.24, 24.48, 1.79541
FILLER_0_5_273, 137.04, 24.48, 1.79542
FILLER_0_4_301, 149.84, 24.48, 1.79544
FILLER_0_5_329, 162.64, 24.48, 1.79545
FILLER_0_5_385, 186.91, 24.48, 1.79546
FILLER_0_4_413, 198.38, 24.48, 1.79546
FILLER_0_5_441, 209.85, 24.48, 1.79546
FILLER_0_4_469, 221.32, 24.48, 1.79546
FILLER_0_5_497, 232.79, 24.48, 1.79546
FILLER_0_5_505, 232.79, 24.48, 1.79546
PHY_4, 5.52, 19.04, 1.79531
PHY_6, 5.52, 19.04, 1.79531
PHY_5, 244.26, 19.04, 1.79546
PHY_7, 244.26, 19.04, 1.79546
FILLER_0_2_513, 244.26, 19.04, 1.79546
FILLER_0_3_513, 244.26, 19.04, 1.79546
FILLER_0_3_51, 34.64, 19.04, 1.79532
FILLER_0_4_77, 34.64, 19.04, 1.79532
FILLER_0_3_105, 47.44, 19.04, 1.79533
FILLER_0_2_133, 73.04, 19.04, 1.79536
FILLER_0_3_161, 85.84, 19.04, 1.79537
FILLER_0_2_189, 98.64, 19.04, 1.79538
FILLER_0_3_217, 111.44, 19.04, 1.7954
FILLER_0_2_245, 124.24, 19.04, 1.79541
FILLER_0_3_273, 137.04, 19.04, 1.79542
FILLER_0_2_301, 149.84, 19.04, 1.79544
FILLER_0_3_329, 162.64, 19.04, 1.79545
FILLER_0_3_385, 186.91, 19.04, 1.79546
FILLER_0_2_413, 198.38, 19.04, 1.79546
FILLER_0_3_441, 209.85, 19.04, 1.79546
FILLER_0_2_469, 221.32, 19.04, 1.79546
FILLER_0_3_497, 232.79, 19.04, 1.79546
FILLER_0_3_505, 232.79, 19.04, 1.79546
PHY_0, 5.52, 13.6, 1.7953
PHY_2, 5.52, 13.6, 1.7953
input2, 5.52, 13.6, 1.7953
PHY_1, 244.26, 13.6, 1.79542
PHY_3, 244.26, 13.6, 1.79542
FILLER_0_1_513, 244.26, 13.6, 1.79542
FILLER_0_0_19, 13.68, 13.6, 1.7953
input3, 34.64, 13.6, 1.79531
FILLER_0_0_53, 34.64, 13.6, 1.79531
FILLER_0_0_69, 34.64, 13.6, 1.79531
FILLER_0_0_77, 34.64, 13.6, 1.79531
FILLER_0_1_51, 34.64, 13.6, 1.79531
FILLER_0_2_77, 34.64, 13.6, 1.79531
FILLER_0_1_105, 47.44, 13.6, 1.79531
FILLER_0_0_109, 60.24, 13.6, 1.79532
FILLER_0_0_137, 73.04, 13.6, 1.79533
input5, 85.84, 13.6, 1.79534
FILLER_0_0_165, 85.84, 13.6, 1.79534
FILLER_0_0_187, 85.84, 13.6, 1.79534
FILLER_0_1_161, 85.84, 13.6, 1.79534
FILLER_0_0_221, 111.44, 13.6, 1.79537
FILLER_0_1_217, 111.44, 13.6, 1.79537
input10, 124.24, 13.6, 1.79538
FILLER_0_0_249, 124.24, 13.6, 1.79538
FILLER_0_0_273, 137.04, 13.6, 1.7954
FILLER_0_1_273, 137.04, 13.6, 1.7954
FILLER_0_0_305, 149.84, 13.6, 1.79542
output20, 162.64, 13.6, 1.79543
FILLER_0_0_333, 162.64, 13.6, 1.79543
FILLER_0_1_329, 162.64, 13.6, 1.79543
FILLER_0_0_389, 186.91, 13.6, 1.79545
FILLER_0_1_385, 186.91, 13.6, 1.79545
output23, 198.38, 13.6, 1.79544
FILLER_0_0_417, 198.38, 13.6, 1.79544
FILLER_0_0_421, 198.38, 13.6, 1.79544
FILLER_0_1_441, 209.85, 13.6, 1.79544
FILLER_0_0_473, 221.32, 13.6, 1.79543
input4, 232.79, 13.6, 1.79542
FILLER_0_0_501, 232.79, 13.6, 1.79542
FILLER_0_1_497, 232.79, 13.6, 1.79542
FILLER_0_1_505, 232.79, 13.6, 1.79542

