Instance name,  X location,  Y location,  Voltage 
FILLER_0_82_389, 178.74, 233.92, 0.0012011
FILLER_0_81_385, 178.74, 228.48, 0.00119186
FILLER_0_79_385, 178.74, 223.04, 0.00118325
FILLER_0_77_385, 178.74, 217.6, 0.00117043
FILLER_0_75_385, 178.74, 212.16, 0.00115351
FILLER_0_73_385, 178.74, 206.72, 0.00113168
FILLER_0_71_385, 178.74, 201.28, 0.0011055
FILLER_0_69_385, 178.74, 195.84, 0.00107455
FILLER_0_67_385, 178.74, 190.4, 0.00103863
FILLER_0_65_385, 178.74, 184.96, 0.00100121
FILLER_0_63_385, 178.74, 179.52, 0.00129635
FILLER_0_61_385, 178.74, 174.08, 0.00162012
FILLER_0_59_385, 178.74, 168.64, 0.00202126
FILLER_0_57_385, 178.74, 163.2, 0.00223434
FILLER_0_53_385, 178.74, 152.32, 0.0028747
FILLER_0_51_381, 178.74, 146.88, 0.00313361
FILLER_0_51_389, 178.74, 146.88, 0.00313361
FILLER_0_49_388, 178.74, 141.44, 0.00335961
FILLER_0_47_381, 178.74, 136, 0.0035086
FILLER_0_47_389, 178.74, 136, 0.0035086
FILLER_0_43_382, 178.74, 125.12, 0.00384465
FILLER_0_41_385, 178.74, 119.68, 0.0040555
FILLER_0_37_381, 178.74, 108.8, 0.00426731
FILLER_0_37_389, 178.74, 108.8, 0.00426731
FILLER_0_35_385, 178.74, 103.36, 0.00435194
FILLER_0_31_385, 178.74, 92.48, 0.00457127
FILLER_0_29_389, 178.74, 87.04, 0.00458215
FILLER_0_27_388, 178.74, 81.6, 0.00465333
FILLER_0_25_382, 178.74, 76.16, 0.00459198
FILLER_0_23_385, 178.74, 70.72, 0.00468285
FILLER_0_21_385, 178.74, 65.28, 0.00465626
FILLER_0_19_385, 178.74, 59.84, 0.00471567
FILLER_0_17_385, 178.74, 54.4, 0.00464722
FILLER_0_15_385, 178.74, 48.96, 0.00464114
FILLER_0_13_385, 178.74, 43.52, 0.00465392
FILLER_0_11_385, 178.74, 38.08, 0.0046659
FILLER_0_9_385, 178.74, 32.64, 0.00467719
FILLER_0_7_385, 178.74, 27.2, 0.00468262
FILLER_0_5_385, 178.74, 21.76, 0.00468487
FILLER_0_3_385, 178.74, 16.32, 0.00468653
FILLER_0_0_389, 178.74, 10.88, 0.00469629
FILLER_0_1_385, 178.74, 10.88, 0.00469629
FILLER_0_82_53, 25.14, 233.92, 0.00237264
FILLER_0_81_51, 25.14, 228.48, 0.0023707
FILLER_0_79_51, 25.14, 223.04, 0.00237865
FILLER_0_77_51, 25.14, 217.6, 0.00239083
FILLER_0_75_45, 25.14, 212.16, 0.00241099
FILLER_0_75_53, 25.14, 212.16, 0.00241099
FILLER_0_73_51, 25.14, 206.72, 0.00242804
FILLER_0_71_51, 25.14, 201.28, 0.00245334
FILLER_0_69_51, 25.14, 195.84, 0.0024834
FILLER_0_67_51, 25.14, 190.4, 0.00251844
FILLER_0_65_51, 25.14, 184.96, 0.00256245
FILLER_0_63_51, 25.14, 179.52, 0.00278694
FILLER_0_61_51, 25.14, 174.08, 0.00299227
FILLER_0_59_45, 25.14, 168.64, 0.00328592
FILLER_0_59_53, 25.14, 168.64, 0.00328592
FILLER_0_57_51, 25.14, 163.2, 0.00342462
_1041_, 25.14, 157.76, 0.00368436
FILLER_0_55_51, 25.14, 157.76, 0.00368436
_1018_, 25.14, 152.32, 0.00396044
fanout27, 25.14, 152.32, 0.00396044
FILLER_0_52_37, 25.14, 152.32, 0.00396044
_0807_, 25.14, 146.88, 0.00413422
_0845_, 25.14, 146.88, 0.00413422
FILLER_0_51_43, 25.14, 146.88, 0.00413422
_1019_, 25.14, 141.44, 0.00430757
FILLER_0_48_37, 25.14, 141.44, 0.00430757
FILLER_0_49_51, 25.14, 141.44, 0.00430757
_0810_, 25.14, 136, 0.00442105
_0844_, 25.14, 136, 0.00442105
FILLER_0_47_50, 25.14, 136, 0.00442105
_0481_, 25.14, 130.56, 0.00450882
hold1, 25.14, 130.56, 0.00450882
FILLER_0_44_44, 25.14, 130.56, 0.00450882
FILLER_0_44_52, 25.14, 130.56, 0.00450882
FILLER_0_45_51, 25.14, 130.56, 0.00450882
_0815_, 25.14, 125.12, 0.0047908
_1022_, 25.14, 125.12, 0.0047908
FILLER_0_41_35, 25.14, 125.12, 0.0047908
FILLER_0_43_52, 25.14, 125.12, 0.0047908
_0816_, 25.14, 119.68, 0.00480933
_1050_, 25.14, 119.68, 0.00480933
hold2, 25.14, 119.68, 0.00480933
FILLER_0_40_36, 25.14, 119.68, 0.00480933
FILLER_0_41_48, 25.14, 119.68, 0.00480933
_0814_, 25.14, 114.24, 0.0047882
_1021_, 25.14, 114.24, 0.0047882
FILLER_0_39_52, 25.14, 114.24, 0.0047882
_0477_, 25.14, 108.8, 0.00489993
_0482_, 25.14, 108.8, 0.00489993
_1049_, 25.14, 108.8, 0.00489993
_1043_, 25.14, 103.36, 0.00497634
FILLER_0_35_49, 25.14, 103.36, 0.00497634
_0847_, 25.14, 97.92, 0.00502562
_0848_, 25.14, 97.92, 0.00502562
_0855_, 25.14, 97.92, 0.00502562
FILLER_0_32_36, 25.14, 97.92, 0.00502562
_0859_, 25.14, 92.48, 0.00512671
FILLER_0_30_48, 25.14, 92.48, 0.00512671
FILLER_0_31_51, 25.14, 92.48, 0.00512671
_0851_, 25.14, 87.04, 0.00512209
_0853_, 25.14, 87.04, 0.00512209
_1057_, 25.14, 87.04, 0.00512209
FILLER_0_28_41, 25.14, 87.04, 0.00512209
FILLER_0_29_51, 25.14, 87.04, 0.00512209
_0854_, 25.14, 81.6, 0.00510004
fanout26, 25.14, 81.6, 0.00510004
FILLER_0_26_37, 25.14, 81.6, 0.00510004
FILLER_0_26_43, 25.14, 81.6, 0.00510004
FILLER_0_26_55, 25.14, 81.6, 0.00510004
FILLER_0_27_53, 25.14, 81.6, 0.00510004
FILLER_0_25_51, 25.14, 76.16, 0.0050282
FILLER_0_23_51, 25.14, 70.72, 0.00506997
FILLER_0_21_51, 25.14, 65.28, 0.00501002
FILLER_0_19_51, 25.14, 59.84, 0.00501636
FILLER_0_17_51, 25.14, 54.4, 0.00491644
FILLER_0_15_51, 25.14, 48.96, 0.00488827
FILLER_0_13_51, 25.14, 43.52, 0.00487641
FILLER_0_11_45, 25.14, 38.08, 0.00486535
FILLER_0_11_53, 25.14, 38.08, 0.00486535
FILLER_0_9_51, 25.14, 32.64, 0.00485499
FILLER_0_7_51, 25.14, 27.2, 0.00485047
FILLER_0_5_51, 25.14, 21.76, 0.00484915
FILLER_0_3_51, 25.14, 16.32, 0.00484841
FILLER_0_0_53, 25.14, 10.88, 0.00485459
FILLER_0_1_51, 25.14, 10.88, 0.00485459
PHY_162, 5.52, 233.92, 0.00237506
PHY_164, 5.52, 233.92, 0.00237506
input12, 5.52, 233.92, 0.00237506
PHY_163, 244.26, 233.92, 0.0012011
PHY_165, 244.26, 233.92, 0.0012011
output19, 244.26, 233.92, 0.0012011
FILLER_0_81_505, 244.26, 233.92, 0.0012011
FILLER_0_81_513, 244.26, 233.92, 0.0012011
FILLER_0_82_505, 244.26, 233.92, 0.0012011
FILLER_0_82_19, 15.33, 233.92, 0.00237385
FILLER_0_82_81, 37.94, 233.92, 0.00228086
input6, 50.74, 233.92, 0.00218907
FILLER_0_82_105, 50.74, 233.92, 0.00218907
FILLER_0_82_137, 63.54, 233.92, 0.00209213
FILLER_0_82_165, 76.34, 233.92, 0.00199518
input1, 89.14, 233.92, 0.00189824
FILLER_0_82_193, 89.14, 233.92, 0.00189824
FILLER_0_82_221, 101.94, 233.92, 0.00179933
FILLER_0_82_249, 114.74, 233.92, 0.00170043
FILLER_0_82_277, 127.54, 233.92, 0.00160153
FILLER_0_82_305, 140.34, 233.92, 0.00150262
FILLER_0_82_333, 153.14, 233.92, 0.00140372
input9, 165.94, 233.92, 0.00130481
FILLER_0_82_349, 165.94, 233.92, 0.00130481
FILLER_0_82_359, 165.94, 233.92, 0.00130481
FILLER_0_82_417, 191.844, 233.92, 0.0012011
FILLER_0_82_445, 204.948, 233.92, 0.0012011
output14, 218.052, 233.92, 0.0012011
ANTENNA_1, 218.052, 233.92, 0.0012011
FILLER_0_82_471, 218.052, 233.92, 0.0012011
FILLER_0_82_501, 231.156, 233.92, 0.0012011
PHY_158, 5.52, 228.48, 0.0023707
PHY_160, 5.52, 228.48, 0.0023707
PHY_159, 244.26, 228.48, 0.00119186
PHY_161, 244.26, 228.48, 0.00119186
FILLER_0_79_505, 244.26, 228.48, 0.00119186
FILLER_0_79_513, 244.26, 228.48, 0.00119186
FILLER_0_80_513, 244.26, 228.48, 0.00119186
FILLER_0_80_77, 37.94, 228.48, 0.00227246
FILLER_0_81_105, 50.74, 228.48, 0.00217422
FILLER_0_80_133, 63.54, 228.48, 0.00207599
FILLER_0_81_161, 76.34, 228.48, 0.00197775
FILLER_0_80_189, 89.14, 228.48, 0.00187951
FILLER_0_81_217, 101.94, 228.48, 0.00178128
FILLER_0_80_245, 114.74, 228.48, 0.00168304
FILLER_0_81_273, 127.54, 228.48, 0.0015848
FILLER_0_80_301, 140.34, 228.48, 0.00148657
FILLER_0_81_329, 153.14, 228.48, 0.00138833
FILLER_0_80_357, 165.94, 228.48, 0.00129009
FILLER_0_80_413, 191.844, 228.48, 0.00119186
FILLER_0_81_441, 204.948, 228.48, 0.00119186
FILLER_0_80_469, 218.052, 228.48, 0.00119186
FILLER_0_81_497, 231.156, 228.48, 0.00119186
PHY_154, 5.52, 223.04, 0.00237865
PHY_156, 5.52, 223.04, 0.00237865
PHY_155, 244.26, 223.04, 0.00118325
PHY_157, 244.26, 223.04, 0.00118325
FILLER_0_77_505, 244.26, 223.04, 0.00118325
FILLER_0_77_513, 244.26, 223.04, 0.00118325
FILLER_0_78_513, 244.26, 223.04, 0.00118325
FILLER_0_78_77, 37.94, 223.04, 0.00227904
FILLER_0_79_105, 50.74, 223.04, 0.00217942
FILLER_0_78_133, 63.54, 223.04, 0.0020798
FILLER_0_79_161, 76.34, 223.04, 0.00198019
FILLER_0_78_189, 89.14, 223.04, 0.00188057
FILLER_0_79_217, 101.94, 223.04, 0.00178095
FILLER_0_78_245, 114.74, 223.04, 0.00168134
FILLER_0_79_273, 127.54, 223.04, 0.00158172
FILLER_0_78_301, 140.34, 223.04, 0.0014821
FILLER_0_79_329, 153.14, 223.04, 0.00138249
FILLER_0_78_357, 165.94, 223.04, 0.00128287
FILLER_0_78_413, 191.844, 223.04, 0.00118325
FILLER_0_79_441, 204.948, 223.04, 0.00118325
FILLER_0_78_469, 218.052, 223.04, 0.00118325
FILLER_0_79_497, 231.156, 223.04, 0.00118325
PHY_150, 5.52, 217.6, 0.00239083
PHY_152, 5.52, 217.6, 0.00239083
PHY_151, 244.26, 217.6, 0.00117043
PHY_153, 244.26, 217.6, 0.00117043
FILLER_0_75_505, 244.26, 217.6, 0.00117043
FILLER_0_75_513, 244.26, 217.6, 0.00117043
FILLER_0_76_513, 244.26, 217.6, 0.00117043
FILLER_0_76_77, 37.94, 217.6, 0.00228913
FILLER_0_77_105, 50.74, 217.6, 0.00218743
FILLER_0_76_133, 63.54, 217.6, 0.00208573
FILLER_0_77_161, 76.34, 217.6, 0.00198403
FILLER_0_76_189, 89.14, 217.6, 0.00188233
FILLER_0_77_217, 101.94, 217.6, 0.00178063
FILLER_0_76_245, 114.74, 217.6, 0.00167893
FILLER_0_77_273, 127.54, 217.6, 0.00157723
FILLER_0_76_301, 140.34, 217.6, 0.00147553
FILLER_0_77_329, 153.14, 217.6, 0.00137383
FILLER_0_76_357, 165.94, 217.6, 0.00127213
FILLER_0_76_413, 191.844, 217.6, 0.00117043
FILLER_0_77_441, 204.948, 217.6, 0.00117043
FILLER_0_76_469, 218.052, 217.6, 0.00117043
FILLER_0_77_497, 231.156, 217.6, 0.00117043
PHY_146, 5.52, 212.16, 0.00241861
PHY_148, 5.52, 212.16, 0.00241861
input8, 5.52, 212.16, 0.00241861
PHY_147, 244.26, 212.16, 0.00115351
PHY_149, 244.26, 212.16, 0.00115351
FILLER_0_73_505, 244.26, 212.16, 0.00115351
FILLER_0_73_513, 244.26, 212.16, 0.00115351
FILLER_0_74_513, 244.26, 212.16, 0.00115351
FILLER_0_74_77, 37.94, 212.16, 0.0023062
FILLER_0_75_105, 50.74, 212.16, 0.00220141
FILLER_0_74_133, 63.54, 212.16, 0.00209662
FILLER_0_75_161, 76.34, 212.16, 0.00199183
FILLER_0_74_189, 89.14, 212.16, 0.00188704
FILLER_0_75_217, 101.94, 212.16, 0.00178225
FILLER_0_74_245, 114.74, 212.16, 0.00167746
FILLER_0_75_273, 127.54, 212.16, 0.00157267
FILLER_0_74_301, 140.34, 212.16, 0.00146788
FILLER_0_75_329, 153.14, 212.16, 0.00136309
FILLER_0_74_357, 165.94, 212.16, 0.0012583
FILLER_0_74_413, 191.844, 212.16, 0.00115351
FILLER_0_75_441, 204.948, 212.16, 0.00115351
FILLER_0_74_469, 218.052, 212.16, 0.00115351
FILLER_0_75_497, 231.156, 212.16, 0.00115351
PHY_142, 5.52, 206.72, 0.00242804
PHY_144, 5.52, 206.72, 0.00242804
PHY_143, 244.26, 206.72, 0.00113168
PHY_145, 244.26, 206.72, 0.00113168
output16, 244.26, 206.72, 0.00113168
FILLER_0_71_505, 244.26, 206.72, 0.00113168
FILLER_0_71_513, 244.26, 206.72, 0.00113168
FILLER_0_72_509, 244.26, 206.72, 0.00113168
FILLER_0_72_77, 37.94, 206.72, 0.00232001
FILLER_0_73_105, 50.74, 206.72, 0.00221198
FILLER_0_72_133, 63.54, 206.72, 0.00210395
FILLER_0_73_161, 76.34, 206.72, 0.00199592
FILLER_0_72_189, 89.14, 206.72, 0.00188789
FILLER_0_73_217, 101.94, 206.72, 0.00177986
FILLER_0_72_245, 114.74, 206.72, 0.00167183
FILLER_0_73_273, 127.54, 206.72, 0.0015638
FILLER_0_72_301, 140.34, 206.72, 0.00145577
FILLER_0_73_329, 153.14, 206.72, 0.00134774
FILLER_0_72_357, 165.94, 206.72, 0.00123971
FILLER_0_72_413, 191.844, 206.72, 0.00113168
FILLER_0_73_441, 204.948, 206.72, 0.00113168
FILLER_0_72_469, 218.052, 206.72, 0.00113168
FILLER_0_72_501, 231.156, 206.72, 0.00113168
FILLER_0_73_497, 231.156, 206.72, 0.00113168
PHY_138, 5.52, 201.28, 0.00245334
PHY_140, 5.52, 201.28, 0.00245334
PHY_139, 244.26, 201.28, 0.0011055
PHY_141, 244.26, 201.28, 0.0011055
FILLER_0_69_505, 244.26, 201.28, 0.0011055
FILLER_0_69_513, 244.26, 201.28, 0.0011055
FILLER_0_70_513, 244.26, 201.28, 0.0011055
FILLER_0_70_77, 37.94, 201.28, 0.00234102
FILLER_0_71_105, 50.74, 201.28, 0.0022287
FILLER_0_70_133, 63.54, 201.28, 0.00211638
FILLER_0_71_161, 76.34, 201.28, 0.00200406
FILLER_0_70_189, 89.14, 201.28, 0.00189174
FILLER_0_71_217, 101.94, 201.28, 0.00177942
FILLER_0_70_245, 114.74, 201.28, 0.0016671
FILLER_0_71_273, 127.54, 201.28, 0.00155478
FILLER_0_70_301, 140.34, 201.28, 0.00144246
FILLER_0_71_329, 153.14, 201.28, 0.00133014
FILLER_0_70_357, 165.94, 201.28, 0.00121782
FILLER_0_70_413, 191.844, 201.28, 0.0011055
FILLER_0_71_441, 204.948, 201.28, 0.0011055
FILLER_0_70_469, 218.052, 201.28, 0.0011055
FILLER_0_71_497, 231.156, 201.28, 0.0011055
PHY_134, 5.52, 195.84, 0.0024834
PHY_136, 5.52, 195.84, 0.0024834
PHY_135, 244.26, 195.84, 0.00107455
PHY_137, 244.26, 195.84, 0.00107455
FILLER_0_67_505, 244.26, 195.84, 0.00107455
FILLER_0_67_513, 244.26, 195.84, 0.00107455
FILLER_0_68_513, 244.26, 195.84, 0.00107455
FILLER_0_68_77, 37.94, 195.84, 0.002366
FILLER_0_69_105, 50.74, 195.84, 0.00224859
FILLER_0_68_133, 63.54, 195.84, 0.00213119
FILLER_0_69_161, 76.34, 195.84, 0.00201379
FILLER_0_68_189, 89.14, 195.84, 0.00189638
FILLER_0_69_217, 101.94, 195.84, 0.00177898
FILLER_0_68_245, 114.74, 195.84, 0.00166157
FILLER_0_69_273, 127.54, 195.84, 0.00154417
FILLER_0_68_301, 140.34, 195.84, 0.00142677
FILLER_0_69_329, 153.14, 195.84, 0.00130936
FILLER_0_68_357, 165.94, 195.84, 0.00119196
FILLER_0_68_413, 191.844, 195.84, 0.00107455
FILLER_0_69_441, 204.948, 195.84, 0.00107455
FILLER_0_68_469, 218.052, 195.84, 0.00107455
FILLER_0_69_497, 231.156, 195.84, 0.00107455
PHY_130, 5.52, 190.4, 0.00251844
PHY_132, 5.52, 190.4, 0.00251844
PHY_131, 244.26, 190.4, 0.00103863
PHY_133, 244.26, 190.4, 0.00103863
FILLER_0_65_505, 244.26, 190.4, 0.00103863
FILLER_0_65_513, 244.26, 190.4, 0.00103863
FILLER_0_66_513, 244.26, 190.4, 0.00103863
FILLER_0_66_77, 37.94, 190.4, 0.00239513
FILLER_0_67_105, 50.74, 190.4, 0.00227181
FILLER_0_66_133, 63.54, 190.4, 0.00214849
FILLER_0_67_161, 76.34, 190.4, 0.00202517
FILLER_0_66_189, 89.14, 190.4, 0.00190185
FILLER_0_67_217, 101.94, 190.4, 0.00177854
FILLER_0_66_245, 114.74, 190.4, 0.00165522
FILLER_0_67_273, 127.54, 190.4, 0.0015319
FILLER_0_66_301, 140.34, 190.4, 0.00140858
FILLER_0_67_329, 153.14, 190.4, 0.00128526
FILLER_0_66_357, 165.94, 190.4, 0.00116195
FILLER_0_66_413, 191.844, 190.4, 0.00103863
FILLER_0_67_441, 204.948, 190.4, 0.00103863
FILLER_0_66_469, 218.052, 190.4, 0.00103863
FILLER_0_67_497, 231.156, 190.4, 0.00103863
PHY_126, 5.52, 184.96, 0.00256245
PHY_128, 5.52, 184.96, 0.00256245
PHY_127, 244.26, 184.96, 0.00100121
PHY_129, 244.26, 184.96, 0.00100121
FILLER_0_63_505, 244.26, 184.96, 0.00100121
FILLER_0_63_513, 244.26, 184.96, 0.00100121
FILLER_0_64_513, 244.26, 184.96, 0.00100121
FILLER_0_64_77, 37.94, 184.96, 0.00243713
FILLER_0_65_105, 50.74, 184.96, 0.00231181
FILLER_0_64_133, 63.54, 184.96, 0.00218649
FILLER_0_65_161, 76.34, 184.96, 0.00206117
FILLER_0_64_189, 89.14, 184.96, 0.00193585
hold130, 101.94, 184.96, 0.00181053
FILLER_0_65_217, 101.94, 184.96, 0.00181053
FILLER_0_64_245, 114.74, 184.96, 0.00167565
FILLER_0_65_273, 127.54, 184.96, 0.00154076
FILLER_0_64_301, 140.34, 184.96, 0.00140587
FILLER_0_65_329, 153.14, 184.96, 0.00127098
FILLER_0_64_357, 165.94, 184.96, 0.0011361
FILLER_0_64_413, 191.844, 184.96, 0.00100121
FILLER_0_65_441, 204.948, 184.96, 0.00100121
FILLER_0_64_469, 218.052, 184.96, 0.00100121
FILLER_0_65_497, 231.156, 184.96, 0.00100121
PHY_122, 5.52, 179.52, 0.00278694
PHY_124, 5.52, 179.52, 0.00278694
PHY_123, 244.26, 179.52, 0.00129635
PHY_125, 244.26, 179.52, 0.00129635
FILLER_0_61_505, 244.26, 179.52, 0.00129635
FILLER_0_61_513, 244.26, 179.52, 0.00129635
FILLER_0_62_513, 244.26, 179.52, 0.00129635
FILLER_0_62_77, 37.94, 179.52, 0.00273829
FILLER_0_63_105, 50.74, 179.52, 0.00268964
FILLER_0_62_133, 63.54, 179.52, 0.00264099
_1069_, 76.34, 179.52, 0.00259234
hold107, 76.34, 179.52, 0.00259234
FILLER_0_62_153, 76.34, 179.52, 0.00259234
FILLER_0_63_161, 76.34, 179.52, 0.00259234
_0635_, 89.14, 179.52, 0.00251056
_0636_, 89.14, 179.52, 0.00251056
_1068_, 89.14, 179.52, 0.00251056
hold70, 89.14, 179.52, 0.00251056
FILLER_0_62_172, 89.14, 179.52, 0.00251056
FILLER_0_63_193, 89.14, 179.52, 0.00251056
_0634_, 101.94, 179.52, 0.00238438
_0880_, 101.94, 179.52, 0.00238438
_0942_, 101.94, 179.52, 0.00238438
hold75, 101.94, 179.52, 0.00238438
FILLER_0_63_219, 101.94, 179.52, 0.00238438
FILLER_0_61_237, 114.74, 179.52, 0.0022134
FILLER_0_62_241, 114.74, 179.52, 0.0022134
FILLER_0_62_249, 114.74, 179.52, 0.0022134
_0629_, 127.54, 179.52, 0.00204242
hold99, 127.54, 179.52, 0.00204242
FILLER_0_62_253, 127.54, 179.52, 0.00204242
FILLER_0_63_273, 127.54, 179.52, 0.00204242
FILLER_0_62_304, 140.34, 179.52, 0.0018559
FILLER_0_63_329, 153.14, 179.52, 0.00166938
FILLER_0_62_357, 165.94, 179.52, 0.00148286
FILLER_0_62_413, 191.844, 179.52, 0.00129635
FILLER_0_63_441, 204.948, 179.52, 0.00129635
FILLER_0_62_469, 218.052, 179.52, 0.00129635
FILLER_0_63_497, 231.156, 179.52, 0.00129635
PHY_118, 5.52, 174.08, 0.00299227
PHY_120, 5.52, 174.08, 0.00299227
PHY_119, 244.26, 174.08, 0.00162012
PHY_121, 244.26, 174.08, 0.00162012
FILLER_0_59_505, 244.26, 174.08, 0.00162012
FILLER_0_59_513, 244.26, 174.08, 0.00162012
FILLER_0_60_513, 244.26, 174.08, 0.00162012
FILLER_0_60_77, 37.94, 174.08, 0.00296219
FILLER_0_61_105, 50.74, 174.08, 0.00293211
FILLER_0_60_133, 63.54, 174.08, 0.00290203
FILLER_0_61_137, 63.54, 174.08, 0.00290203
_0598_, 76.34, 174.08, 0.00287196
_0599_, 76.34, 174.08, 0.00287196
_0882_, 76.34, 174.08, 0.00287196
_0883_, 76.34, 174.08, 0.00287196
_0943_, 76.34, 174.08, 0.00287196
FILLER_0_60_141, 76.34, 174.08, 0.00287196
FILLER_0_60_150, 76.34, 174.08, 0.00287196
_0653_, 89.14, 174.08, 0.00279827
_0881_, 89.14, 174.08, 0.00279827
hold65, 89.14, 174.08, 0.00279827
FILLER_0_60_193, 89.14, 174.08, 0.00279827
_0633_, 101.94, 174.08, 0.00270408
_0652_, 101.94, 174.08, 0.00270408
FILLER_0_59_203, 101.94, 174.08, 0.00270408
FILLER_0_60_197, 101.94, 174.08, 0.00270408
_0630_, 114.74, 174.08, 0.00259854
_0876_, 114.74, 174.08, 0.00259854
_0877_, 114.74, 174.08, 0.00259854
_0940_, 114.74, 174.08, 0.00259854
_1066_, 114.74, 174.08, 0.00259854
hold44, 114.74, 174.08, 0.00259854
FILLER_0_59_225, 114.74, 174.08, 0.00259854
_0647_, 127.54, 174.08, 0.0024216
hold42, 127.54, 174.08, 0.0024216
hold52, 140.34, 174.08, 0.00222888
FILLER_0_59_281, 140.34, 174.08, 0.00222888
FILLER_0_60_301, 140.34, 174.08, 0.00222888
FILLER_0_61_329, 153.14, 174.08, 0.00202596
FILLER_0_60_357, 165.94, 174.08, 0.00182304
FILLER_0_60_413, 191.844, 174.08, 0.00162012
FILLER_0_61_441, 204.948, 174.08, 0.00162012
FILLER_0_60_469, 218.052, 174.08, 0.00162012
FILLER_0_61_497, 231.156, 174.08, 0.00162012
PHY_114, 5.52, 168.64, 0.00329285
PHY_116, 5.52, 168.64, 0.00329285
input11, 5.52, 168.64, 0.00329285
PHY_115, 244.26, 168.64, 0.00202126
PHY_117, 244.26, 168.64, 0.00202126
FILLER_0_57_505, 244.26, 168.64, 0.00202126
FILLER_0_57_513, 244.26, 168.64, 0.00202126
FILLER_0_58_513, 244.26, 168.64, 0.00202126
FILLER_0_58_77, 37.94, 168.64, 0.00338107
FILLER_0_59_105, 50.74, 168.64, 0.00347622
_0886_, 63.54, 168.64, 0.00357137
_0945_, 63.54, 168.64, 0.00357137
hold35, 63.54, 168.64, 0.00357137
hold88, 63.54, 168.64, 0.00357137
_0562_, 76.34, 168.64, 0.00361692
_0657_, 76.34, 168.64, 0.00361692
_0927_, 76.34, 168.64, 0.00361692
hold24, 76.34, 168.64, 0.00361692
hold133, 76.34, 168.64, 0.00361692
_0597_, 89.14, 168.64, 0.00359113
_0926_, 89.14, 168.64, 0.00359113
_0951_, 89.14, 168.64, 0.00359113
hold61, 89.14, 168.64, 0.00359113
FILLER_0_59_191, 89.14, 168.64, 0.00359113
_0553_, 101.94, 168.64, 0.0035039
_0950_, 101.94, 168.64, 0.0035039
FILLER_0_57_198, 101.94, 168.64, 0.0035039
FILLER_0_58_219, 101.94, 168.64, 0.0035039
_0593_, 114.74, 168.64, 0.0033715
_0648_, 114.74, 168.64, 0.0033715
_0924_, 114.74, 168.64, 0.0033715
hold55, 114.74, 168.64, 0.0033715
FILLER_0_58_230, 114.74, 168.64, 0.0033715
FILLER_0_58_246, 114.74, 168.64, 0.0033715
_0948_, 127.54, 168.64, 0.00319696
_1067_, 127.54, 168.64, 0.00319696
FILLER_0_58_269, 127.54, 168.64, 0.00319696
FILLER_0_59_271, 127.54, 168.64, 0.00319696
_0544_, 140.34, 168.64, 0.00297493
_0631_, 140.34, 168.64, 0.00297493
_0632_, 140.34, 168.64, 0.00297493
_0878_, 140.34, 168.64, 0.00297493
_0941_, 140.34, 168.64, 0.00297493
hold102, 140.34, 168.64, 0.00297493
_0650_, 153.14, 168.64, 0.00268284
_0949_, 153.14, 168.64, 0.00268284
hold112, 153.14, 168.64, 0.00268284
FILLER_0_59_326, 153.14, 168.64, 0.00268284
FILLER_0_58_358, 165.94, 168.64, 0.00235205
FILLER_0_58_413, 191.844, 168.64, 0.00202126
FILLER_0_59_441, 204.948, 168.64, 0.00202126
FILLER_0_58_469, 218.052, 168.64, 0.00202126
FILLER_0_59_497, 231.156, 168.64, 0.00202126
PHY_110, 5.52, 163.2, 0.00342462
PHY_112, 5.52, 163.2, 0.00342462
PHY_111, 244.26, 163.2, 0.00225712
PHY_113, 244.26, 163.2, 0.00225712
input7, 244.26, 163.2, 0.00225712
FILLER_0_55_505, 244.26, 163.2, 0.00225712
FILLER_0_55_513, 244.26, 163.2, 0.00225712
FILLER_0_56_77, 37.94, 163.2, 0.00346187
_1071_, 50.74, 163.2, 0.00349913
FILLER_0_56_97, 50.74, 163.2, 0.00349913
FILLER_0_57_105, 50.74, 163.2, 0.00349913
_0602_, 63.54, 163.2, 0.00351263
_0639_, 63.54, 163.2, 0.00351263
_0640_, 63.54, 163.2, 0.00351263
_0929_, 63.54, 163.2, 0.00351263
hold56, 63.54, 163.2, 0.00351263
FILLER_0_56_136, 63.54, 163.2, 0.00351263
_0654_, 76.34, 163.2, 0.00347757
_0953_, 76.34, 163.2, 0.00347757
FILLER_0_57_160, 76.34, 163.2, 0.00347757
_0596_, 89.14, 163.2, 0.00341398
_0900_, 89.14, 163.2, 0.00341398
hold28, 89.14, 163.2, 0.00341398
FILLER_0_56_193, 89.14, 163.2, 0.00341398
FILLER_0_57_185, 89.14, 163.2, 0.00341398
_0651_, 101.94, 163.2, 0.00332778
_0898_, 101.94, 163.2, 0.00332778
_0899_, 101.94, 163.2, 0.00332778
hold131, 101.94, 163.2, 0.00332778
FILLER_0_56_202, 101.94, 163.2, 0.00332778
_0535_, 114.74, 163.2, 0.0032134
_0592_, 114.74, 163.2, 0.0032134
FILLER_0_55_237, 114.74, 163.2, 0.0032134
FILLER_0_56_225, 114.74, 163.2, 0.0032134
_0879_, 127.54, 163.2, 0.00307187
_0894_, 127.54, 163.2, 0.00307187
_0925_, 127.54, 163.2, 0.00307187
hold62, 127.54, 163.2, 0.00307187
_0594_, 140.34, 163.2, 0.00288625
hold81, 140.34, 163.2, 0.00288625
_0649_, 153.14, 163.2, 0.00268518
hold134, 153.14, 163.2, 0.00268518
FILLER_0_57_329, 153.14, 163.2, 0.00268518
_0896_, 165.94, 163.2, 0.00246818
hold58, 165.94, 163.2, 0.00246818
FILLER_0_56_354, 165.94, 163.2, 0.00246818
FILLER_0_56_413, 191.844, 163.2, 0.0022389
FILLER_0_57_441, 204.948, 163.2, 0.00224345
FILLER_0_56_469, 218.052, 163.2, 0.00224801
FILLER_0_56_501, 231.156, 163.2, 0.00225257
FILLER_0_57_497, 231.156, 163.2, 0.00225257
PHY_106, 5.52, 157.76, 0.00368436
PHY_108, 5.52, 157.76, 0.00368436
PHY_107, 244.26, 157.76, 0.00256993
PHY_109, 244.26, 157.76, 0.00256993
FILLER_0_53_505, 244.26, 157.76, 0.00256993
FILLER_0_53_513, 244.26, 157.76, 0.00256993
FILLER_0_54_513, 244.26, 157.76, 0.00256993
FILLER_0_53_15, 15.33, 157.76, 0.00368436
_1046_, 37.94, 157.76, 0.00379618
hold3, 37.94, 157.76, 0.00379618
FILLER_0_53_57, 37.94, 157.76, 0.00379618
_0603_, 50.74, 157.76, 0.00387627
_0887_, 50.74, 157.76, 0.00387627
_0580_, 63.54, 157.76, 0.00394813
FILLER_0_54_133, 63.54, 157.76, 0.00394813
_0658_, 76.34, 157.76, 0.00398969
_0691_, 76.34, 157.76, 0.00398969
_0692_, 76.34, 157.76, 0.00398969
_1077_, 76.34, 157.76, 0.00398969
FILLER_0_54_156, 76.34, 157.76, 0.00398969
FILLER_0_55_162, 76.34, 157.76, 0.00398969
_0564_, 89.14, 157.76, 0.00399163
_0690_, 89.14, 157.76, 0.00399163
_0966_, 89.14, 157.76, 0.00399163
hold59, 89.14, 157.76, 0.00399163
FILLER_0_53_179, 89.14, 157.76, 0.00399163
FILLER_0_54_176, 89.14, 157.76, 0.00399163
FILLER_0_55_189, 89.14, 157.76, 0.00399163
_0554_, 101.94, 157.76, 0.00393914
_0555_, 101.94, 157.76, 0.00393914
_1076_, 101.94, 157.76, 0.00393914
hold40, 101.94, 157.76, 0.00393914
FILLER_0_55_219, 101.94, 157.76, 0.00393914
_0685_, 114.74, 157.76, 0.00380918
_0686_, 114.74, 157.76, 0.00380918
_0895_, 114.74, 157.76, 0.00380918
_1074_, 114.74, 157.76, 0.00380918
hold29, 114.74, 157.76, 0.00380918
FILLER_0_53_225, 114.74, 157.76, 0.00380918
FILLER_0_54_234, 114.74, 157.76, 0.00380918
_0537_, 127.54, 157.76, 0.00362959
_0595_, 127.54, 157.76, 0.00362959
_0741_, 127.54, 157.76, 0.00362959
FILLER_0_55_277, 127.54, 157.76, 0.00362959
_0687_, 140.34, 157.76, 0.00341997
_0938_, 140.34, 157.76, 0.00341997
FILLER_0_54_300, 140.34, 157.76, 0.00341997
FILLER_0_55_302, 140.34, 157.76, 0.00341997
_0546_, 153.14, 157.76, 0.00318018
_0897_, 153.14, 157.76, 0.00318018
_1075_, 153.14, 157.76, 0.00318018
hold111, 153.14, 157.76, 0.00318018
FILLER_0_53_315, 153.14, 157.76, 0.00318018
FILLER_0_54_318, 153.14, 157.76, 0.00318018
FILLER_0_55_322, 153.14, 157.76, 0.00318018
_0989_, 165.94, 157.76, 0.00288711
FILLER_0_54_355, 165.94, 157.76, 0.00288711
FILLER_0_54_413, 191.844, 157.76, 0.00256993
FILLER_0_55_441, 204.948, 157.76, 0.00256993
FILLER_0_54_469, 218.052, 157.76, 0.00256993
FILLER_0_55_497, 231.156, 157.76, 0.00256993
PHY_102, 5.52, 152.32, 0.00396657
PHY_104, 5.52, 152.32, 0.00396657
PHY_103, 244.26, 152.32, 0.0028747
PHY_105, 244.26, 152.32, 0.0028747
FILLER_0_51_505, 244.26, 152.32, 0.0028747
FILLER_0_51_513, 244.26, 152.32, 0.0028747
FILLER_0_52_513, 244.26, 152.32, 0.0028747
_0480_, 15.33, 152.32, 0.00396657
fanout28, 15.33, 152.32, 0.00396657
fanout29, 15.33, 152.32, 0.00396657
FILLER_0_52_15, 15.33, 152.32, 0.00396657
_0469_, 37.94, 152.32, 0.00417777
_0806_, 37.94, 152.32, 0.00417777
hold136, 37.94, 152.32, 0.00417777
_0863_, 50.74, 152.32, 0.00436444
_1060_, 50.74, 152.32, 0.00436444
_1061_, 50.74, 152.32, 0.00436444
FILLER_0_51_95, 50.74, 152.32, 0.00436444
FILLER_0_53_107, 50.74, 152.32, 0.00436444
_0453_, 63.54, 152.32, 0.00447687
_0672_, 63.54, 152.32, 0.00447687
FILLER_0_53_137, 63.54, 152.32, 0.00447687
_0563_, 76.34, 152.32, 0.00455381
_0901_, 76.34, 152.32, 0.00455381
_0959_, 76.34, 152.32, 0.00455381
clkbuf_4_7_0_w_clk, 76.34, 152.32, 0.00455381
hold32, 76.34, 152.32, 0.00455381
_0671_, 89.14, 152.32, 0.00450572
_0689_, 89.14, 152.32, 0.00450572
hold105, 89.14, 152.32, 0.00450572
FILLER_0_52_186, 89.14, 152.32, 0.00450572
FILLER_0_53_195, 89.14, 152.32, 0.00450572
_0744_, 101.94, 152.32, 0.00443362
_0745_, 101.94, 152.32, 0.00443362
_0990_, 101.94, 152.32, 0.00443362
hold79, 101.94, 152.32, 0.00443362
FILLER_0_52_197, 101.94, 152.32, 0.00443362
FILLER_0_52_205, 101.94, 152.32, 0.00443362
FILLER_0_53_219, 101.94, 152.32, 0.00443362
_0536_, 114.74, 152.32, 0.00431575
_0666_, 114.74, 152.32, 0.00431575
_0956_, 114.74, 152.32, 0.00431575
_0964_, 114.74, 152.32, 0.00431575
FILLER_0_52_246, 114.74, 152.32, 0.00431575
FILLER_0_53_240, 114.74, 152.32, 0.00431575
_0740_, 127.54, 152.32, 0.00412546
_0988_, 127.54, 152.32, 0.00412546
hold110, 127.54, 152.32, 0.00412546
FILLER_0_51_252, 127.54, 152.32, 0.00412546
FILLER_0_52_277, 127.54, 152.32, 0.00412546
_0625_, 140.34, 152.32, 0.00389293
_0626_, 140.34, 152.32, 0.00389293
_0688_, 140.34, 152.32, 0.00389293
_0965_, 140.34, 152.32, 0.00389293
hold103, 140.34, 152.32, 0.00389293
hold104, 140.34, 152.32, 0.00389293
FILLER_0_51_281, 140.34, 152.32, 0.00389293
_0545_, 153.14, 152.32, 0.0036011
_0667_, 153.14, 152.32, 0.0036011
_0743_, 153.14, 152.32, 0.0036011
_0957_, 153.14, 152.32, 0.0036011
FILLER_0_51_307, 153.14, 152.32, 0.0036011
FILLER_0_53_330, 153.14, 152.32, 0.0036011
_0548_, 165.94, 152.32, 0.00325078
_0742_, 165.94, 152.32, 0.00325078
hold98, 165.94, 152.32, 0.00325078
FILLER_0_51_337, 165.94, 152.32, 0.00325078
FILLER_0_51_345, 165.94, 152.32, 0.00325078
FILLER_0_52_413, 191.844, 152.32, 0.0028747
FILLER_0_53_441, 204.948, 152.32, 0.0028747
FILLER_0_52_469, 218.052, 152.32, 0.0028747
FILLER_0_53_497, 231.156, 152.32, 0.0028747
_1031_, 5.52, 146.88, 0.00417096
_1036_, 5.52, 146.88, 0.00417096
PHY_98, 5.52, 146.88, 0.00417096
PHY_100, 5.52, 146.88, 0.00417096
PHY_99, 244.26, 146.88, 0.00313361
PHY_101, 244.26, 146.88, 0.00313361
FILLER_0_49_505, 244.26, 146.88, 0.00313361
FILLER_0_49_513, 244.26, 146.88, 0.00313361
FILLER_0_50_513, 244.26, 146.88, 0.00313361
_0846_, 15.33, 146.88, 0.00415851
_1055_, 15.33, 146.88, 0.00415851
FILLER_0_50_23, 15.33, 146.88, 0.00415851
_0864_, 37.94, 146.88, 0.00435454
_1063_, 37.94, 146.88, 0.00435454
FILLER_0_49_57, 37.94, 146.88, 0.00435454
FILLER_0_50_79, 37.94, 146.88, 0.00435454
FILLER_0_51_79, 37.94, 146.88, 0.00435454
_0463_, 50.74, 146.88, 0.00452982
_0862_, 50.74, 146.88, 0.00452982
_1062_, 50.74, 146.88, 0.00452982
FILLER_0_50_85, 50.74, 146.88, 0.00452982
FILLER_0_50_96, 50.74, 146.88, 0.00452982
FILLER_0_51_108, 50.74, 146.88, 0.00452982
_0484_, 63.54, 146.88, 0.00464856
_0623_, 63.54, 146.88, 0.00464856
_0967_, 63.54, 146.88, 0.00464856
_0991_, 76.34, 146.88, 0.00472969
clkbuf_4_6_0_w_clk, 76.34, 146.88, 0.00472969
FILLER_0_50_141, 76.34, 146.88, 0.00472969
FILLER_0_51_164, 76.34, 146.88, 0.00472969
_0670_, 89.14, 146.88, 0.0047322
_0746_, 89.14, 146.88, 0.0047322
hold9, 89.14, 146.88, 0.0047322
hold25, 89.14, 146.88, 0.0047322
FILLER_0_50_186, 89.14, 146.88, 0.0047322
_0958_, 101.94, 146.88, 0.00470317
hold50, 101.94, 146.88, 0.00470317
FILLER_0_50_221, 101.94, 146.88, 0.00470317
FILLER_0_51_221, 101.94, 146.88, 0.00470317
_0665_, 114.74, 146.88, 0.00464048
clkbuf_4_12_0_w_clk, 114.74, 146.88, 0.00464048
clkbuf_4_13_0_w_clk, 114.74, 146.88, 0.00464048
hold8, 114.74, 146.88, 0.00464048
FILLER_0_49_225, 114.74, 146.88, 0.00464048
_0588_, 127.54, 146.88, 0.00443572
_0589_, 127.54, 146.88, 0.00443572
_0873_, 127.54, 146.88, 0.00443572
_1064_, 127.54, 146.88, 0.00443572
hold118, 127.54, 146.88, 0.00443572
FILLER_0_50_261, 127.54, 146.88, 0.00443572
FILLER_0_50_279, 127.54, 146.88, 0.00443572
FILLER_0_51_276, 127.54, 146.88, 0.00443572
_0515_, 140.34, 146.88, 0.00418294
_0872_, 140.34, 146.88, 0.00418294
_0946_, 140.34, 146.88, 0.00418294
FILLER_0_50_304, 140.34, 146.88, 0.00418294
_0517_, 153.14, 146.88, 0.00387963
_0547_, 153.14, 146.88, 0.00387963
_0668_, 153.14, 146.88, 0.00387963
hold128, 153.14, 146.88, 0.00387963
FILLER_0_51_331, 153.14, 146.88, 0.00387963
_0522_, 165.94, 146.88, 0.00353299
_0549_, 165.94, 146.88, 0.00353299
_0914_, 165.94, 146.88, 0.00353299
_0917_, 165.94, 146.88, 0.00353299
FILLER_0_49_337, 165.94, 146.88, 0.00353299
FILLER_0_50_413, 191.844, 146.88, 0.00313361
FILLER_0_51_441, 204.948, 146.88, 0.00313361
FILLER_0_50_469, 218.052, 146.88, 0.00313361
FILLER_0_51_497, 231.156, 146.88, 0.00313361
_1032_, 5.52, 141.44, 0.00432495
PHY_94, 5.52, 141.44, 0.00432495
PHY_96, 5.52, 141.44, 0.00432495
PHY_95, 244.26, 141.44, 0.00335961
PHY_97, 244.26, 141.44, 0.00335961
FILLER_0_47_505, 244.26, 141.44, 0.00335961
FILLER_0_47_513, 244.26, 141.44, 0.00335961
FILLER_0_48_513, 244.26, 141.44, 0.00335961
_1037_, 15.33, 141.44, 0.00431941
FILLER_0_48_23, 15.33, 141.44, 0.00431941
FILLER_0_48_29, 15.33, 141.44, 0.00431941
_0809_, 37.94, 141.44, 0.00455638
_0869_, 37.94, 141.44, 0.00455638
_0870_, 37.94, 141.44, 0.00455638
hold135, 37.94, 141.44, 0.00455638
FILLER_0_48_81, 37.94, 141.44, 0.00455638
_0457_, 50.74, 141.44, 0.00476772
_0808_, 50.74, 141.44, 0.00476772
_0866_, 50.74, 141.44, 0.00476772
_0867_, 50.74, 141.44, 0.00476772
clkbuf_4_4_0_w_clk, 50.74, 141.44, 0.00476772
clkbuf_4_5_0_w_clk, 50.74, 141.44, 0.00476772
FILLER_0_47_90, 50.74, 141.44, 0.00476772
FILLER_0_48_107, 50.74, 141.44, 0.00476772
FILLER_0_49_102, 50.74, 141.44, 0.00476772
_0587_, 63.54, 141.44, 0.00483708
_0641_, 63.54, 141.44, 0.00483708
_0659_, 63.54, 141.44, 0.00483708
FILLER_0_47_113, 63.54, 141.44, 0.00483708
FILLER_0_48_115, 63.54, 141.44, 0.00483708
FILLER_0_48_134, 63.54, 141.44, 0.00483708
_0642_, 76.34, 141.44, 0.00489069
_0660_, 76.34, 141.44, 0.00489069
_0747_, 76.34, 141.44, 0.00489069
_1007_, 76.34, 141.44, 0.00489069
FILLER_0_48_141, 76.34, 141.44, 0.00489069
FILLER_0_48_158, 76.34, 141.44, 0.00489069
FILLER_0_49_157, 76.34, 141.44, 0.00489069
_0669_, 89.14, 141.44, 0.00488954
_0781_, 89.14, 141.44, 0.00488954
_0782_, 89.14, 141.44, 0.00488954
_0935_, 89.14, 141.44, 0.00488954
FILLER_0_49_187, 89.14, 141.44, 0.00488954
_1005_, 101.94, 141.44, 0.0048465
hold12, 101.94, 141.44, 0.0048465
FILLER_0_48_205, 101.94, 141.44, 0.0048465
FILLER_0_48_213, 101.94, 141.44, 0.0048465
FILLER_0_49_216, 101.94, 141.44, 0.0048465
_0542_, 114.74, 141.44, 0.00477001
_0613_, 114.74, 141.44, 0.00477001
_0614_, 114.74, 141.44, 0.00477001
_0777_, 114.74, 141.44, 0.00477001
FILLER_0_48_246, 114.74, 141.44, 0.00477001
FILLER_0_49_251, 114.74, 141.44, 0.00477001
_0543_, 127.54, 141.44, 0.00465227
_0922_, 127.54, 141.44, 0.00465227
hold14, 127.54, 141.44, 0.00465227
hold67, 127.54, 141.44, 0.00465227
_0644_, 140.34, 141.44, 0.00447349
clkbuf_4_14_0_w_clk, 140.34, 141.44, 0.00447349
clkbuf_4_15_0_w_clk, 140.34, 141.44, 0.00447349
FILLER_0_47_281, 140.34, 141.44, 0.00447349
FILLER_0_48_286, 140.34, 141.44, 0.00447349
FILLER_0_48_305, 140.34, 141.44, 0.00447349
_0519_, 153.14, 141.44, 0.00414068
_0662_, 153.14, 141.44, 0.00414068
_0954_, 153.14, 141.44, 0.00414068
FILLER_0_48_318, 153.14, 141.44, 0.00414068
FILLER_0_49_329, 153.14, 141.44, 0.00414068
_0521_, 165.94, 141.44, 0.00376467
hold83, 165.94, 141.44, 0.00376467
hold86, 165.94, 141.44, 0.00376467
FILLER_0_48_356, 165.94, 141.44, 0.00376467
FILLER_0_48_413, 191.844, 141.44, 0.00335961
FILLER_0_49_441, 204.948, 141.44, 0.00335961
FILLER_0_48_469, 218.052, 141.44, 0.00335961
FILLER_0_49_497, 231.156, 141.44, 0.00335961
PHY_90, 5.52, 136, 0.00442928
PHY_92, 5.52, 136, 0.00442928
FILLER_0_47_3, 5.52, 136, 0.00442928
PHY_91, 244.26, 136, 0.0035086
PHY_93, 244.26, 136, 0.0035086
FILLER_0_45_505, 244.26, 136, 0.0035086
FILLER_0_45_513, 244.26, 136, 0.0035086
FILLER_0_46_513, 244.26, 136, 0.0035086
_0478_, 15.33, 136, 0.00442928
_1056_, 15.33, 136, 0.00442928
_0458_, 37.94, 136, 0.00465528
_0868_, 37.94, 136, 0.00465528
_1047_, 37.94, 136, 0.00465528
max_cap24, 37.94, 136, 0.00465528
FILLER_0_46_60, 37.94, 136, 0.00465528
FILLER_0_47_78, 37.94, 136, 0.00465528
_0454_, 50.74, 136, 0.00484627
_0456_, 50.74, 136, 0.00484627
_0462_, 50.74, 136, 0.00484627
_0464_, 50.74, 136, 0.00484627
_0465_, 50.74, 136, 0.00484627
_0586_, 50.74, 136, 0.00484627
_0865_, 50.74, 136, 0.00484627
FILLER_0_47_106, 50.74, 136, 0.00484627
_0470_, 63.54, 136, 0.00498251
_0624_, 63.54, 136, 0.00498251
_0697_, 63.54, 136, 0.00498251
_0769_, 63.54, 136, 0.00498251
_0770_, 63.54, 136, 0.00498251
FILLER_0_45_113, 63.54, 136, 0.00498251
FILLER_0_45_120, 63.54, 136, 0.00498251
_0485_, 76.34, 136, 0.00505427
_0605_, 76.34, 136, 0.00505427
_0606_, 76.34, 136, 0.00505427
_0698_, 76.34, 136, 0.00505427
_0699_, 76.34, 136, 0.00505427
FILLER_0_46_147, 76.34, 136, 0.00505427
FILLER_0_47_158, 76.34, 136, 0.00505427
_0565_, 89.14, 136, 0.0050241
_0617_, 89.14, 136, 0.0050241
_0618_, 89.14, 136, 0.0050241
FILLER_0_45_178, 89.14, 136, 0.0050241
FILLER_0_46_188, 89.14, 136, 0.0050241
FILLER_0_47_183, 89.14, 136, 0.0050241
_0711_, 101.94, 136, 0.0049535
_0778_, 101.94, 136, 0.0049535
_0975_, 101.94, 136, 0.0049535
_0981_, 101.94, 136, 0.0049535
hold41, 101.94, 136, 0.0049535
FILLER_0_46_200, 101.94, 136, 0.0049535
FILLER_0_46_212, 101.94, 136, 0.0049535
FILLER_0_47_210, 101.94, 136, 0.0049535
_0707_, 114.74, 136, 0.00481275
_0724_, 114.74, 136, 0.00481275
_0933_, 114.74, 136, 0.00481275
hold18, 114.74, 136, 0.00481275
_0973_, 127.54, 136, 0.00462505
hold117, 127.54, 136, 0.00462505
FILLER_0_47_276, 127.54, 136, 0.00462505
_0637_, 140.34, 136, 0.00440268
_0643_, 140.34, 136, 0.00440268
hold97, 140.34, 136, 0.00440268
FILLER_0_45_281, 140.34, 136, 0.00440268
FILLER_0_46_281, 140.34, 136, 0.00440268
_0516_, 153.14, 136, 0.00415822
_0661_, 153.14, 136, 0.00415822
_0682_, 153.14, 136, 0.00415822
_0962_, 153.14, 136, 0.00415822
hold119, 153.14, 136, 0.00415822
FILLER_0_46_320, 153.14, 136, 0.00415822
FILLER_0_47_323, 153.14, 136, 0.00415822
_1072_, 165.94, 136, 0.00384565
FILLER_0_46_358, 165.94, 136, 0.00384565
FILLER_0_46_413, 191.844, 136, 0.0035086
FILLER_0_47_441, 204.948, 136, 0.0035086
FILLER_0_46_469, 218.052, 136, 0.0035086
FILLER_0_47_497, 231.156, 136, 0.0035086
PHY_86, 5.52, 130.56, 0.00454075
PHY_88, 5.52, 130.56, 0.00454075
FILLER_0_45_3, 5.52, 130.56, 0.00454075
PHY_87, 244.26, 130.56, 0.00366884
PHY_89, 244.26, 130.56, 0.00366884
FILLER_0_43_505, 244.26, 130.56, 0.00366884
FILLER_0_43_513, 244.26, 130.56, 0.00366884
FILLER_0_44_513, 244.26, 130.56, 0.00366884
_0566_, 15.33, 130.56, 0.00454075
_0849_, 15.33, 130.56, 0.00454075
_0850_, 15.33, 130.56, 0.00454075
_1042_, 15.33, 130.56, 0.00454075
FILLER_0_44_15, 15.33, 130.56, 0.00454075
FILLER_0_44_21, 15.33, 130.56, 0.00454075
_0455_, 37.94, 130.56, 0.00465927
_0467_, 37.94, 130.56, 0.00465927
FILLER_0_43_57, 37.94, 130.56, 0.00465927
FILLER_0_44_75, 37.94, 130.56, 0.00465927
FILLER_0_45_77, 37.94, 130.56, 0.00465927
_0466_, 50.74, 130.56, 0.0047918
_0471_, 50.74, 130.56, 0.0047918
_0752_, 50.74, 130.56, 0.0047918
_0486_, 63.54, 130.56, 0.00488152
_0604_, 63.54, 130.56, 0.00488152
_0677_, 63.54, 130.56, 0.00488152
_0678_, 63.54, 130.56, 0.00488152
_0716_, 63.54, 130.56, 0.00488152
_0871_, 63.54, 130.56, 0.00488152
FILLER_0_44_132, 63.54, 130.56, 0.00488152
_0680_, 76.34, 130.56, 0.00492696
_0717_, 76.34, 130.56, 0.00492696
_0734_, 76.34, 130.56, 0.00492696
_0983_, 76.34, 130.56, 0.00492696
FILLER_0_44_141, 76.34, 130.56, 0.00492696
FILLER_0_44_159, 76.34, 130.56, 0.00492696
FILLER_0_45_162, 76.34, 130.56, 0.00492696
_0560_, 89.14, 130.56, 0.00490192
_0561_, 89.14, 130.56, 0.00490192
_0728_, 89.14, 130.56, 0.00490192
_0729_, 89.14, 130.56, 0.00490192
FILLER_0_44_183, 89.14, 130.56, 0.00490192
_0710_, 101.94, 130.56, 0.00483092
_0725_, 101.94, 130.56, 0.00483092
_0706_, 114.74, 130.56, 0.00474589
hold34, 114.74, 130.56, 0.00474589
FILLER_0_43_225, 114.74, 130.56, 0.00474589
FILLER_0_44_244, 114.74, 130.56, 0.00474589
FILLER_0_45_242, 114.74, 130.56, 0.00474589
_0601_, 127.54, 130.56, 0.0046422
_0928_, 127.54, 130.56, 0.0046422
_1070_, 127.54, 130.56, 0.0046422
FILLER_0_44_253, 127.54, 130.56, 0.0046422
FILLER_0_44_261, 127.54, 130.56, 0.0046422
_0571_, 140.34, 130.56, 0.00448765
_0638_, 140.34, 130.56, 0.00448765
_0944_, 140.34, 130.56, 0.00448765
_0952_, 140.34, 130.56, 0.00448765
FILLER_0_44_303, 140.34, 130.56, 0.00448765
_0681_, 153.14, 130.56, 0.00425472
_0890_, 153.14, 130.56, 0.00425472
_0986_, 153.14, 130.56, 0.00425472
hold108, 153.14, 130.56, 0.00425472
FILLER_0_44_309, 153.14, 130.56, 0.00425472
_0736_, 165.94, 130.56, 0.00397294
_0891_, 165.94, 130.56, 0.00397294
hold77, 165.94, 130.56, 0.00397294
FILLER_0_44_355, 165.94, 130.56, 0.00397294
FILLER_0_44_413, 191.844, 130.56, 0.00366884
FILLER_0_45_441, 204.948, 130.56, 0.00366884
FILLER_0_44_469, 218.052, 130.56, 0.00366884
FILLER_0_45_497, 231.156, 130.56, 0.00366884
_0567_, 5.52, 125.12, 0.00481828
_0919_, 5.52, 125.12, 0.00481828
PHY_82, 5.52, 125.12, 0.00481828
PHY_84, 5.52, 125.12, 0.00481828
output21, 5.52, 125.12, 0.00481828
PHY_83, 244.26, 125.12, 0.00384465
PHY_85, 244.26, 125.12, 0.00384465
output17, 244.26, 125.12, 0.00384465
FILLER_0_41_505, 244.26, 125.12, 0.00384465
FILLER_0_42_513, 244.26, 125.12, 0.00384465
FILLER_0_42_25, 15.33, 125.12, 0.00480454
FILLER_0_42_29, 15.33, 125.12, 0.00480454
_0452_, 37.94, 125.12, 0.00514899
_0459_, 37.94, 125.12, 0.00514899
_0468_, 37.94, 125.12, 0.00514899
_0473_, 37.94, 125.12, 0.00514899
max_cap25, 37.94, 125.12, 0.00514899
FILLER_0_41_57, 37.94, 125.12, 0.00514899
FILLER_0_42_65, 37.94, 125.12, 0.00514899
FILLER_0_43_74, 37.94, 125.12, 0.00514899
_0461_, 50.74, 125.12, 0.00544869
_0472_, 50.74, 125.12, 0.00544869
_0474_, 50.74, 125.12, 0.00544869
FILLER_0_41_92, 50.74, 125.12, 0.00544869
FILLER_0_42_85, 50.74, 125.12, 0.00544869
FILLER_0_43_109, 50.74, 125.12, 0.00544869
_0487_, 63.54, 125.12, 0.00549539
_0489_, 63.54, 125.12, 0.00549539
_0787_, 63.54, 125.12, 0.00549539
_0805_, 63.54, 125.12, 0.00549539
_0817_, 63.54, 125.12, 0.00549539
_0888_, 63.54, 125.12, 0.00549539
FILLER_0_41_125, 63.54, 125.12, 0.00549539
FILLER_0_42_119, 63.54, 125.12, 0.00549539
FILLER_0_43_127, 63.54, 125.12, 0.00549539
_0679_, 76.34, 125.12, 0.00547092
_0735_, 76.34, 125.12, 0.00547092
_0889_, 76.34, 125.12, 0.00547092
FILLER_0_42_144, 76.34, 125.12, 0.00547092
FILLER_0_42_163, 76.34, 125.12, 0.00547092
FILLER_0_43_158, 76.34, 125.12, 0.00547092
_0763_, 89.14, 125.12, 0.00539336
hold10, 89.14, 125.12, 0.00539336
hold113, 89.14, 125.12, 0.00539336
FILLER_0_41_178, 89.14, 125.12, 0.00539336
FILLER_0_42_171, 89.14, 125.12, 0.00539336
_0997_, 101.94, 125.12, 0.00528928
hold48, 101.94, 125.12, 0.00528928
hold64, 101.94, 125.12, 0.00528928
FILLER_0_43_214, 101.94, 125.12, 0.00528928
_0496_, 114.74, 125.12, 0.00514176
_0497_, 114.74, 125.12, 0.00514176
_0541_, 114.74, 125.12, 0.00514176
_0759_, 114.74, 125.12, 0.00514176
FILLER_0_42_233, 114.74, 125.12, 0.00514176
FILLER_0_42_248, 114.74, 125.12, 0.00514176
FILLER_0_43_251, 114.74, 125.12, 0.00514176
_0600_, 127.54, 125.12, 0.00495342
_0826_, 127.54, 125.12, 0.00495342
_0884_, 127.54, 125.12, 0.00495342
_0885_, 127.54, 125.12, 0.00495342
hold15, 127.54, 125.12, 0.00495342
hold93, 127.54, 125.12, 0.00495342
FILLER_0_42_261, 127.54, 125.12, 0.00495342
_0655_, 140.34, 125.12, 0.00472429
_0656_, 140.34, 125.12, 0.00472429
hold96, 140.34, 125.12, 0.00472429
hold101, 140.34, 125.12, 0.00472429
FILLER_0_42_291, 140.34, 125.12, 0.00472429
FILLER_0_42_300, 140.34, 125.12, 0.00472429
_0645_, 153.14, 125.12, 0.00446414
_0646_, 153.14, 125.12, 0.00446414
_0737_, 153.14, 125.12, 0.00446414
_0947_, 153.14, 125.12, 0.00446414
hold90, 153.14, 125.12, 0.00446414
FILLER_0_41_309, 153.14, 125.12, 0.00446414
FILLER_0_42_309, 153.14, 125.12, 0.00446414
FILLER_0_43_323, 153.14, 125.12, 0.00446414
FILLER_0_43_331, 153.14, 125.12, 0.00446414
FILLER_0_42_355, 165.94, 125.12, 0.0041544
FILLER_0_42_413, 191.844, 125.12, 0.00384465
FILLER_0_43_441, 204.948, 125.12, 0.00384465
FILLER_0_42_469, 218.052, 125.12, 0.00384465
FILLER_0_43_497, 231.156, 125.12, 0.00384465
_1035_, 5.52, 119.68, 0.00483297
_1040_, 5.52, 119.68, 0.00483297
PHY_78, 5.52, 119.68, 0.00483297
PHY_80, 5.52, 119.68, 0.00483297
FILLER_0_40_3, 5.52, 119.68, 0.00483297
PHY_79, 244.26, 119.68, 0.0040555
PHY_81, 244.26, 119.68, 0.0040555
FILLER_0_39_505, 244.26, 119.68, 0.0040555
FILLER_0_39_513, 244.26, 119.68, 0.0040555
FILLER_0_40_513, 244.26, 119.68, 0.0040555
_0479_, 15.33, 119.68, 0.00482115
_0460_, 37.94, 119.68, 0.00506376
_0813_, 37.94, 119.68, 0.00506376
FILLER_0_41_75, 37.94, 119.68, 0.00506376
_0475_, 50.74, 119.68, 0.00527174
_0811_, 50.74, 119.68, 0.00527174
FILLER_0_40_97, 50.74, 119.68, 0.00527174
FILLER_0_41_109, 50.74, 119.68, 0.00527174
_0788_, 63.54, 119.68, 0.00546192
_0818_, 63.54, 119.68, 0.00546192
hold6, 63.54, 119.68, 0.00546192
_0999_, 76.34, 119.68, 0.00560367
FILLER_0_39_147, 76.34, 119.68, 0.00560367
FILLER_0_40_153, 76.34, 119.68, 0.00560367
FILLER_0_41_163, 76.34, 119.68, 0.00560367
_0500_, 89.14, 119.68, 0.00572198
_0559_, 89.14, 119.68, 0.00572198
_0829_, 89.14, 119.68, 0.00572198
_0911_, 89.14, 119.68, 0.00572198
_0760_, 101.94, 119.68, 0.00577857
_0795_, 101.94, 119.68, 0.00577857
_1013_, 101.94, 119.68, 0.00577857
_1028_, 101.94, 119.68, 0.00577857
clkbuf_0_w_clk, 101.94, 119.68, 0.00577857
_0909_, 114.74, 119.68, 0.00559241
hold60, 114.74, 119.68, 0.00559241
FILLER_0_40_249, 114.74, 119.68, 0.00559241
_0825_, 127.54, 119.68, 0.00537192
_0923_, 127.54, 119.68, 0.00537192
_1026_, 127.54, 119.68, 0.00537192
FILLER_0_39_261, 127.54, 119.68, 0.00537192
_0590_, 140.34, 119.68, 0.0050956
_0627_, 140.34, 119.68, 0.0050956
_0628_, 140.34, 119.68, 0.0050956
_0874_, 140.34, 119.68, 0.0050956
_0875_, 140.34, 119.68, 0.0050956
hold116, 140.34, 119.68, 0.0050956
FILLER_0_39_293, 140.34, 119.68, 0.0050956
FILLER_0_41_301, 140.34, 119.68, 0.0050956
_0939_, 153.14, 119.68, 0.00478231
hold89, 153.14, 119.68, 0.00478231
FILLER_0_41_331, 153.14, 119.68, 0.00478231
_0530_, 165.94, 119.68, 0.00443473
_0531_, 165.94, 119.68, 0.00443473
_0915_, 165.94, 119.68, 0.00443473
FILLER_0_39_337, 165.94, 119.68, 0.00443473
FILLER_0_40_337, 165.94, 119.68, 0.00443473
FILLER_0_40_413, 191.844, 119.68, 0.0040555
FILLER_0_41_441, 204.948, 119.68, 0.0040555
FILLER_0_40_469, 218.052, 119.68, 0.0040555
FILLER_0_41_497, 231.156, 119.68, 0.0040555
PHY_74, 5.52, 114.24, 0.0048039
PHY_76, 5.52, 114.24, 0.0048039
PHY_75, 244.26, 114.24, 0.00407054
PHY_77, 244.26, 114.24, 0.00407054
FILLER_0_37_505, 244.26, 114.24, 0.00407054
FILLER_0_37_513, 244.26, 114.24, 0.00407054
FILLER_0_38_513, 244.26, 114.24, 0.00407054
_1045_, 15.33, 114.24, 0.0048039
FILLER_0_38_29, 15.33, 114.24, 0.0048039
_1048_, 37.94, 114.24, 0.00490837
hold137, 37.94, 114.24, 0.00490837
FILLER_0_38_78, 37.94, 114.24, 0.00490837
_0812_, 50.74, 114.24, 0.00499667
_1020_, 50.74, 114.24, 0.00499667
_1033_, 50.74, 114.24, 0.00499667
FILLER_0_38_97, 50.74, 114.24, 0.00499667
_0676_, 63.54, 114.24, 0.00503712
_0696_, 63.54, 114.24, 0.00503712
FILLER_0_37_125, 63.54, 114.24, 0.00503712
_0488_, 76.34, 114.24, 0.00506857
_0675_, 76.34, 114.24, 0.00506857
_0764_, 76.34, 114.24, 0.00506857
_0799_, 76.34, 114.24, 0.00506857
_0961_, 76.34, 114.24, 0.00506857
_0501_, 89.14, 114.24, 0.0050514
_1015_, 89.14, 114.24, 0.0050514
hold74, 89.14, 114.24, 0.0050514
FILLER_0_37_169, 89.14, 114.24, 0.0050514
FILLER_0_38_185, 89.14, 114.24, 0.0050514
FILLER_0_38_193, 89.14, 114.24, 0.0050514
_0722_, 101.94, 114.24, 0.00499544
_0723_, 101.94, 114.24, 0.00499544
_0776_, 101.94, 114.24, 0.00499544
_0796_, 101.94, 114.24, 0.00499544
_0830_, 101.94, 114.24, 0.00499544
FILLER_0_38_197, 101.94, 114.24, 0.00499544
FILLER_0_38_205, 101.94, 114.24, 0.00499544
FILLER_0_38_213, 101.94, 114.24, 0.00499544
FILLER_0_39_213, 101.94, 114.24, 0.00499544
_0775_, 114.74, 114.24, 0.004912
hold19, 114.74, 114.24, 0.004912
FILLER_0_38_243, 114.74, 114.24, 0.004912
FILLER_0_39_246, 114.74, 114.24, 0.004912
_0591_, 127.54, 114.24, 0.00481127
_1065_, 127.54, 114.24, 0.00481127
hold13, 127.54, 114.24, 0.00481127
FILLER_0_38_265, 127.54, 114.24, 0.00481127
FILLER_0_38_274, 127.54, 114.24, 0.00481127
_0526_, 140.34, 114.24, 0.00467252
hold92, 140.34, 114.24, 0.00467252
FILLER_0_37_291, 140.34, 114.24, 0.00467252
_0528_, 153.14, 114.24, 0.00450307
_0663_, 153.14, 114.24, 0.00450307
_0955_, 153.14, 114.24, 0.00450307
FILLER_0_38_309, 153.14, 114.24, 0.00450307
FILLER_0_38_317, 153.14, 114.24, 0.00450307
FILLER_0_39_325, 153.14, 114.24, 0.00450307
FILLER_0_39_333, 153.14, 114.24, 0.00450307
hold87, 165.94, 114.24, 0.00429195
FILLER_0_38_357, 165.94, 114.24, 0.00429195
FILLER_0_38_413, 191.844, 114.24, 0.00407054
FILLER_0_39_441, 204.948, 114.24, 0.00407054
FILLER_0_38_469, 218.052, 114.24, 0.00407054
FILLER_0_39_497, 231.156, 114.24, 0.00407054
_1034_, 5.52, 108.8, 0.00492397
_1039_, 5.52, 108.8, 0.00492397
PHY_70, 5.52, 108.8, 0.00492397
PHY_72, 5.52, 108.8, 0.00492397
FILLER_0_36_3, 5.52, 108.8, 0.00492397
PHY_71, 244.26, 108.8, 0.00426731
PHY_73, 244.26, 108.8, 0.00426731
FILLER_0_35_505, 244.26, 108.8, 0.00426731
FILLER_0_35_513, 244.26, 108.8, 0.00426731
FILLER_0_36_513, 244.26, 108.8, 0.00426731
FILLER_0_35_15, 15.33, 108.8, 0.00491195
_0483_, 37.94, 108.8, 0.00507822
hold4, 37.94, 108.8, 0.00507822
hold5, 37.94, 108.8, 0.00507822
FILLER_0_35_65, 37.94, 108.8, 0.00507822
hold114, 50.74, 108.8, 0.0052365
_0908_, 63.54, 108.8, 0.00538481
_0969_, 63.54, 108.8, 0.00538481
hold16, 63.54, 108.8, 0.00538481
FILLER_0_36_121, 63.54, 108.8, 0.00538481
FILLER_0_36_129, 63.54, 108.8, 0.00538481
_0695_, 76.34, 108.8, 0.00547568
_0800_, 76.34, 108.8, 0.00547568
_0905_, 76.34, 108.8, 0.00547568
_0993_, 76.34, 108.8, 0.00547568
hold69, 76.34, 108.8, 0.00547568
hold76, 76.34, 108.8, 0.00547568
hold82, 76.34, 108.8, 0.00547568
_0783_, 89.14, 108.8, 0.00549644
_0784_, 89.14, 108.8, 0.00549644
_1008_, 89.14, 108.8, 0.00549644
FILLER_0_35_169, 89.14, 108.8, 0.00549644
FILLER_0_36_173, 89.14, 108.8, 0.00549644
FILLER_0_37_194, 89.14, 108.8, 0.00549644
_0980_, 101.94, 108.8, 0.0054813
_1004_, 101.94, 108.8, 0.0054813
hold53, 101.94, 108.8, 0.0054813
hold54, 101.94, 108.8, 0.0054813
FILLER_0_35_197, 101.94, 108.8, 0.0054813
FILLER_0_36_205, 101.94, 108.8, 0.0054813
_0533_, 114.74, 108.8, 0.00539904
_0611_, 114.74, 108.8, 0.00539904
_0612_, 114.74, 108.8, 0.00539904
_0705_, 114.74, 108.8, 0.00539904
FILLER_0_35_225, 114.74, 108.8, 0.00539904
_0538_, 127.54, 108.8, 0.00527303
_0704_, 127.54, 108.8, 0.00527303
_0960_, 127.54, 108.8, 0.00527303
FILLER_0_35_265, 127.54, 108.8, 0.00527303
FILLER_0_36_262, 127.54, 108.8, 0.00527303
FILLER_0_37_277, 127.54, 108.8, 0.00527303
_0529_, 140.34, 108.8, 0.00509296
_0673_, 140.34, 108.8, 0.00509296
_0693_, 140.34, 108.8, 0.00509296
hold23, 140.34, 108.8, 0.00509296
hold57, 140.34, 108.8, 0.00509296
FILLER_0_35_290, 140.34, 108.8, 0.00509296
_0527_, 153.14, 108.8, 0.00486269
_0664_, 153.14, 108.8, 0.00486269
_0684_, 153.14, 108.8, 0.00486269
_0963_, 153.14, 108.8, 0.00486269
FILLER_0_36_314, 153.14, 108.8, 0.00486269
_1073_, 165.94, 108.8, 0.00457701
FILLER_0_36_357, 165.94, 108.8, 0.00457701
FILLER_0_36_413, 191.844, 108.8, 0.00426731
FILLER_0_37_441, 204.948, 108.8, 0.00426731
FILLER_0_36_469, 218.052, 108.8, 0.00426731
FILLER_0_37_497, 231.156, 108.8, 0.00426731
_1058_, 5.52, 103.36, 0.00501849
PHY_66, 5.52, 103.36, 0.00501849
PHY_68, 5.52, 103.36, 0.00501849
FILLER_0_34_3, 5.52, 103.36, 0.00501849
PHY_67, 244.26, 103.36, 0.00435194
PHY_69, 244.26, 103.36, 0.00435194
FILLER_0_33_505, 244.26, 103.36, 0.00435194
FILLER_0_33_513, 244.26, 103.36, 0.00435194
FILLER_0_34_513, 244.26, 103.36, 0.00435194
_0476_, 15.33, 103.36, 0.00501014
_0857_, 15.33, 103.36, 0.00501014
_0858_, 15.33, 103.36, 0.00501014
_1044_, 15.33, 103.36, 0.00501014
FILLER_0_33_16, 15.33, 103.36, 0.00501014
_1038_, 37.94, 103.36, 0.0051441
FILLER_0_34_73, 37.94, 103.36, 0.0051441
FILLER_0_34_81, 37.94, 103.36, 0.0051441
_0757_, 50.74, 103.36, 0.00530187
_1012_, 50.74, 103.36, 0.00530187
FILLER_0_35_103, 50.74, 103.36, 0.00530187
_0495_, 63.54, 103.36, 0.00542986
_0532_, 63.54, 103.36, 0.00542986
_0823_, 63.54, 103.36, 0.00542986
_0824_, 63.54, 103.36, 0.00542986
_1025_, 63.54, 103.36, 0.00542986
FILLER_0_34_137, 63.54, 103.36, 0.00542986
FILLER_0_35_138, 63.54, 103.36, 0.00542986
_0581_, 76.34, 103.36, 0.00548554
_0750_, 76.34, 103.36, 0.00548554
_1079_, 76.34, 103.36, 0.00548554
FILLER_0_34_141, 76.34, 103.36, 0.00548554
_0620_, 89.14, 103.36, 0.00548723
_0904_, 89.14, 103.36, 0.00548723
_0936_, 89.14, 103.36, 0.00548723
hold72, 89.14, 103.36, 0.00548723
_0619_, 101.94, 103.36, 0.00544178
hold78, 101.94, 103.36, 0.00544178
FILLER_0_34_214, 101.94, 103.36, 0.00544178
FILLER_0_34_222, 101.94, 103.36, 0.00544178
FILLER_0_35_217, 101.94, 103.36, 0.00544178
_0534_, 114.74, 103.36, 0.00537821
_0932_, 114.74, 103.36, 0.00537821
_0972_, 114.74, 103.36, 0.00537821
_0674_, 127.54, 103.36, 0.00525296
_0968_, 127.54, 103.36, 0.00525296
hold66, 127.54, 103.36, 0.00525296
_0572_, 140.34, 103.36, 0.00509025
_0573_, 140.34, 103.36, 0.00509025
_0902_, 140.34, 103.36, 0.00509025
_0903_, 140.34, 103.36, 0.00509025
FILLER_0_33_281, 140.34, 103.36, 0.00509025
FILLER_0_35_305, 140.34, 103.36, 0.00509025
_0683_, 153.14, 103.36, 0.00487212
_0892_, 153.14, 103.36, 0.00487212
_0893_, 153.14, 103.36, 0.00487212
hold80, 153.14, 103.36, 0.00487212
FILLER_0_34_309, 153.14, 103.36, 0.00487212
_0738_, 165.94, 103.36, 0.00462547
hold36, 165.94, 103.36, 0.00462547
hold38, 165.94, 103.36, 0.00462547
FILLER_0_34_354, 165.94, 103.36, 0.00462547
FILLER_0_34_413, 191.844, 103.36, 0.00435194
FILLER_0_35_441, 204.948, 103.36, 0.00435194
FILLER_0_34_469, 218.052, 103.36, 0.00435194
FILLER_0_35_497, 231.156, 103.36, 0.00435194
PHY_62, 5.52, 97.92, 0.00502562
PHY_64, 5.52, 97.92, 0.00502562
FILLER_0_33_3, 5.52, 97.92, 0.00502562
PHY_63, 244.26, 97.92, 0.00448058
PHY_65, 244.26, 97.92, 0.00448058
FILLER_0_31_505, 244.26, 97.92, 0.00448058
FILLER_0_31_513, 244.26, 97.92, 0.00448058
FILLER_0_32_513, 244.26, 97.92, 0.00448058
_0856_, 15.33, 97.92, 0.00502562
_0841_, 37.94, 97.92, 0.00525133
_0996_, 37.94, 97.92, 0.00525133
_1053_, 37.94, 97.92, 0.00525133
FILLER_0_32_81, 37.94, 97.92, 0.00525133
_0510_, 50.74, 97.92, 0.00542935
_0511_, 50.74, 97.92, 0.00542935
_0758_, 50.74, 97.92, 0.00542935
_0793_, 50.74, 97.92, 0.00542935
_0794_, 50.74, 97.92, 0.00542935
clkbuf_4_1_0_w_clk, 50.74, 97.92, 0.00542935
hold11, 50.74, 97.92, 0.00542935
FILLER_0_31_85, 50.74, 97.92, 0.00542935
FILLER_0_32_104, 50.74, 97.92, 0.00542935
_0494_, 63.54, 97.92, 0.00551902
_0733_, 63.54, 97.92, 0.00551902
hold37, 63.54, 97.92, 0.00551902
FILLER_0_31_113, 63.54, 97.92, 0.00551902
FILLER_0_31_124, 63.54, 97.92, 0.00551902
FILLER_0_32_135, 63.54, 97.92, 0.00551902
FILLER_0_33_135, 63.54, 97.92, 0.00551902
_0582_, 76.34, 97.92, 0.00558628
_0751_, 76.34, 97.92, 0.00558628
FILLER_0_31_152, 76.34, 97.92, 0.00558628
FILLER_0_33_165, 76.34, 97.92, 0.00558628
_0731_, 89.14, 97.92, 0.00563399
_0984_, 89.14, 97.92, 0.00563399
hold39, 89.14, 97.92, 0.00563399
FILLER_0_31_169, 89.14, 97.92, 0.00563399
FILLER_0_32_176, 89.14, 97.92, 0.00563399
FILLER_0_32_182, 89.14, 97.92, 0.00563399
_0712_, 101.94, 97.92, 0.00564305
_0713_, 101.94, 97.92, 0.00564305
_0719_, 101.94, 97.92, 0.00564305
FILLER_0_32_197, 101.94, 97.92, 0.00564305
FILLER_0_32_214, 101.94, 97.92, 0.00564305
FILLER_0_32_221, 101.94, 97.92, 0.00564305
FILLER_0_33_215, 101.94, 97.92, 0.00564305
_0771_, 114.74, 97.92, 0.00563059
_0978_, 114.74, 97.92, 0.00563059
clkbuf_4_9_0_w_clk, 114.74, 97.92, 0.00563059
hold106, 114.74, 97.92, 0.00563059
FILLER_0_32_245, 114.74, 97.92, 0.00563059
_0694_, 127.54, 97.92, 0.0055162
_0930_, 127.54, 97.92, 0.0055162
FILLER_0_33_273, 127.54, 97.92, 0.0055162
_0748_, 140.34, 97.92, 0.0053727
_0749_, 140.34, 97.92, 0.0053727
_0992_, 140.34, 97.92, 0.0053727
_1078_, 140.34, 97.92, 0.0053727
clkbuf_4_11_0_w_clk, 140.34, 97.92, 0.0053727
FILLER_0_32_305, 140.34, 97.92, 0.0053727
_0739_, 153.14, 97.92, 0.00510142
_0987_, 153.14, 97.92, 0.00510142
hold27, 153.14, 97.92, 0.00510142
FILLER_0_32_317, 153.14, 97.92, 0.00510142
FILLER_0_33_322, 153.14, 97.92, 0.00510142
FILLER_0_33_333, 153.14, 97.92, 0.00510142
FILLER_0_32_355, 165.94, 97.92, 0.004791
FILLER_0_32_413, 191.844, 97.92, 0.00448058
FILLER_0_33_441, 204.948, 97.92, 0.00448058
FILLER_0_32_469, 218.052, 97.92, 0.00448058
FILLER_0_33_497, 231.156, 97.92, 0.00448058
PHY_58, 5.52, 92.48, 0.00514407
PHY_60, 5.52, 92.48, 0.00514407
PHY_59, 244.26, 92.48, 0.00457127
PHY_61, 244.26, 92.48, 0.00457127
FILLER_0_29_505, 244.26, 92.48, 0.00457127
FILLER_0_29_513, 244.26, 92.48, 0.00457127
FILLER_0_30_513, 244.26, 92.48, 0.00457127
_0861_, 15.33, 92.48, 0.00514407
_1059_, 15.33, 92.48, 0.00514407
_0520_, 37.94, 92.48, 0.00540332
_0837_, 37.94, 92.48, 0.00540332
_0839_, 37.94, 92.48, 0.00540332
_0860_, 37.94, 92.48, 0.00540332
FILLER_0_30_74, 37.94, 92.48, 0.00540332
_0840_, 50.74, 92.48, 0.00563713
_1051_, 50.74, 92.48, 0.00563713
clkbuf_4_0_0_w_clk, 50.74, 92.48, 0.00563713
_0506_, 63.54, 92.48, 0.00579436
_0507_, 63.54, 92.48, 0.00579436
_0513_, 63.54, 92.48, 0.00579436
_0785_, 63.54, 92.48, 0.00579436
hold22, 63.54, 92.48, 0.00579436
FILLER_0_30_134, 63.54, 92.48, 0.00579436
_0514_, 76.34, 92.48, 0.00593394
_0937_, 76.34, 92.48, 0.00593394
clkbuf_4_3_0_w_clk, 76.34, 92.48, 0.00593394
FILLER_0_30_150, 76.34, 92.48, 0.00593394
_0569_, 89.14, 92.48, 0.00598852
_0730_, 89.14, 92.48, 0.00598852
hold68, 89.14, 92.48, 0.00598852
FILLER_0_30_191, 89.14, 92.48, 0.00598852
_0570_, 101.94, 92.48, 0.00600385
_0574_, 101.94, 92.48, 0.00600385
_0772_, 101.94, 92.48, 0.00600385
_0976_, 101.94, 92.48, 0.00600385
hold43, 101.94, 92.48, 0.00600385
_0509_, 114.74, 92.48, 0.00593814
_0608_, 114.74, 92.48, 0.00593814
_0718_, 114.74, 92.48, 0.00593814
_1002_, 114.74, 92.48, 0.00593814
clkbuf_4_8_0_w_clk, 114.74, 92.48, 0.00593814
hold95, 114.74, 92.48, 0.00593814
FILLER_0_30_248, 114.74, 92.48, 0.00593814
_0512_, 127.54, 92.48, 0.00573818
_0607_, 127.54, 92.48, 0.00573818
_0701_, 127.54, 92.48, 0.00573818
_0970_, 127.54, 92.48, 0.00573818
hold124, 127.54, 92.48, 0.00573818
FILLER_0_29_253, 127.54, 92.48, 0.00573818
FILLER_0_29_264, 127.54, 92.48, 0.00573818
FILLER_0_30_262, 127.54, 92.48, 0.00573818
FILLER_0_31_277, 127.54, 92.48, 0.00573818
hold126, 140.34, 92.48, 0.00546694
_0539_, 153.14, 92.48, 0.00518565
_0540_, 153.14, 92.48, 0.00518565
FILLER_0_30_321, 153.14, 92.48, 0.00518565
FILLER_0_31_332, 153.14, 92.48, 0.00518565
_0916_, 165.94, 92.48, 0.00488906
FILLER_0_30_413, 191.844, 92.48, 0.00457127
FILLER_0_31_441, 204.948, 92.48, 0.00457127
FILLER_0_30_469, 218.052, 92.48, 0.00457127
FILLER_0_31_497, 231.156, 92.48, 0.00457127
_0575_, 5.52, 87.04, 0.00515734
_0920_, 5.52, 87.04, 0.00515734
PHY_54, 5.52, 87.04, 0.00515734
PHY_56, 5.52, 87.04, 0.00515734
FILLER_0_29_3, 5.52, 87.04, 0.00515734
PHY_55, 244.26, 87.04, 0.00458215
PHY_57, 244.26, 87.04, 0.00458215
FILLER_0_27_505, 244.26, 87.04, 0.00458215
FILLER_0_27_513, 244.26, 87.04, 0.00458215
FILLER_0_28_513, 244.26, 87.04, 0.00458215
FILLER_0_28_20, 15.33, 87.04, 0.00513972
_0836_, 37.94, 87.04, 0.00533521
_0838_, 37.94, 87.04, 0.00533521
_0843_, 37.94, 87.04, 0.00533521
_0852_, 37.94, 87.04, 0.00533521
FILLER_0_28_62, 37.94, 87.04, 0.00533521
FILLER_0_28_76, 37.94, 87.04, 0.00533521
_0518_, 50.74, 87.04, 0.00553456
_0786_, 50.74, 87.04, 0.00553456
_1052_, 50.74, 87.04, 0.00553456
FILLER_0_28_105, 50.74, 87.04, 0.00553456
_0578_, 63.54, 87.04, 0.00571468
_0732_, 63.54, 87.04, 0.00571468
_0985_, 63.54, 87.04, 0.00571468
_1009_, 63.54, 87.04, 0.00571468
FILLER_0_27_113, 63.54, 87.04, 0.00571468
_0621_, 76.34, 87.04, 0.00581524
_0714_, 76.34, 87.04, 0.00581524
_0977_, 76.34, 87.04, 0.00581524
clkbuf_4_2_0_w_clk, 76.34, 87.04, 0.00581524
_0615_, 89.14, 87.04, 0.00580437
_0616_, 89.14, 87.04, 0.00580437
_0715_, 89.14, 87.04, 0.00580437
_0934_, 89.14, 87.04, 0.00580437
FILLER_0_27_169, 89.14, 87.04, 0.00580437
FILLER_0_28_171, 89.14, 87.04, 0.00580437
FILLER_0_28_190, 89.14, 87.04, 0.00580437
FILLER_0_29_193, 89.14, 87.04, 0.00580437
_0556_, 101.94, 87.04, 0.00574769
_0709_, 101.94, 87.04, 0.00574769
hold46, 101.94, 87.04, 0.00574769
FILLER_0_28_217, 101.94, 87.04, 0.00574769
_0773_, 114.74, 87.04, 0.00565213
_1003_, 114.74, 87.04, 0.00565213
hold91, 114.74, 87.04, 0.00565213
hold127, 114.74, 87.04, 0.00565213
FILLER_0_28_244, 114.74, 87.04, 0.00565213
_0609_, 127.54, 87.04, 0.00550583
_0700_, 127.54, 87.04, 0.00550583
clkbuf_4_10_0_w_clk, 127.54, 87.04, 0.00550583
FILLER_0_28_263, 127.54, 87.04, 0.00550583
hold31, 140.34, 87.04, 0.00528892
FILLER_0_28_302, 140.34, 87.04, 0.00528892
_0557_, 153.14, 87.04, 0.00506113
FILLER_0_29_325, 153.14, 87.04, 0.00506113
FILLER_0_29_333, 153.14, 87.04, 0.00506113
_0585_, 165.94, 87.04, 0.00482472
FILLER_0_28_357, 165.94, 87.04, 0.00482472
FILLER_0_28_413, 191.844, 87.04, 0.00458215
FILLER_0_29_441, 204.948, 87.04, 0.00458215
FILLER_0_28_469, 218.052, 87.04, 0.00458215
FILLER_0_29_497, 231.156, 87.04, 0.00458215
_0576_, 5.52, 81.6, 0.0051377
PHY_50, 5.52, 81.6, 0.0051377
PHY_52, 5.52, 81.6, 0.0051377
output15, 5.52, 81.6, 0.0051377
PHY_51, 244.26, 81.6, 0.00466609
PHY_53, 244.26, 81.6, 0.00466609
input13, 244.26, 81.6, 0.00466609
FILLER_0_25_505, 244.26, 81.6, 0.00466609
FILLER_0_26_513, 244.26, 81.6, 0.00466609
FILLER_0_26_29, 15.33, 81.6, 0.00511887
FILLER_0_27_25, 15.33, 81.6, 0.00511887
_0835_, 37.94, 81.6, 0.00526985
_0842_, 37.94, 81.6, 0.00526985
FILLER_0_26_80, 37.94, 81.6, 0.00526985
FILLER_0_27_73, 37.94, 81.6, 0.00526985
_1054_, 50.74, 81.6, 0.0054312
FILLER_0_25_93, 50.74, 81.6, 0.0054312
FILLER_0_27_101, 50.74, 81.6, 0.0054312
FILLER_0_27_109, 50.74, 81.6, 0.0054312
_0583_, 63.54, 81.6, 0.00558376
hold109, 63.54, 81.6, 0.00558376
hold122, 63.54, 81.6, 0.00558376
FILLER_0_26_129, 63.54, 81.6, 0.00558376
FILLER_0_27_132, 63.54, 81.6, 0.00558376
_0579_, 76.34, 81.6, 0.00568431
_0622_, 76.34, 81.6, 0.00568431
_0726_, 76.34, 81.6, 0.00568431
_0779_, 76.34, 81.6, 0.00568431
hold121, 76.34, 81.6, 0.00568431
FILLER_0_25_145, 76.34, 81.6, 0.00568431
FILLER_0_26_150, 76.34, 81.6, 0.00568431
_0551_, 89.14, 81.6, 0.0057425
_0552_, 89.14, 81.6, 0.0057425
_1006_, 89.14, 81.6, 0.0057425
_0708_, 101.94, 81.6, 0.00574412
_0721_, 101.94, 81.6, 0.00574412
_0774_, 101.94, 81.6, 0.00574412
_0974_, 101.94, 81.6, 0.00574412
_0979_, 101.94, 81.6, 0.00574412
hold51, 101.94, 81.6, 0.00574412
FILLER_0_26_213, 101.94, 81.6, 0.00574412
FILLER_0_27_214, 101.94, 81.6, 0.00574412
_0524_, 114.74, 81.6, 0.0056676
_0610_, 114.74, 81.6, 0.0056676
_0720_, 114.74, 81.6, 0.0056676
hold123, 114.74, 81.6, 0.0056676
FILLER_0_26_247, 114.74, 81.6, 0.0056676
FILLER_0_27_241, 114.74, 81.6, 0.0056676
_0525_, 127.54, 81.6, 0.005546
_0703_, 127.54, 81.6, 0.005546
_0931_, 127.54, 81.6, 0.005546
_0971_, 127.54, 81.6, 0.005546
FILLER_0_25_260, 127.54, 81.6, 0.005546
hold21, 140.34, 81.6, 0.00534831
_0558_, 153.14, 81.6, 0.0051401
_0918_, 153.14, 81.6, 0.0051401
FILLER_0_26_329, 153.14, 81.6, 0.0051401
_0584_, 165.94, 81.6, 0.00491019
_0921_, 165.94, 81.6, 0.00491019
FILLER_0_26_413, 191.844, 81.6, 0.00465588
FILLER_0_27_441, 204.948, 81.6, 0.00465843
FILLER_0_26_469, 218.052, 81.6, 0.00466098
FILLER_0_27_497, 231.156, 81.6, 0.00466354
PHY_46, 5.52, 76.16, 0.0050282
PHY_48, 5.52, 76.16, 0.0050282
PHY_47, 244.26, 76.16, 0.00459198
PHY_49, 244.26, 76.16, 0.00459198
FILLER_0_23_505, 244.26, 76.16, 0.00459198
FILLER_0_23_513, 244.26, 76.16, 0.00459198
FILLER_0_24_513, 244.26, 76.16, 0.00459198
FILLER_0_24_77, 37.94, 76.16, 0.00513313
_0767_, 50.74, 76.16, 0.00523807
_0804_, 50.74, 76.16, 0.00523807
_1001_, 50.74, 76.16, 0.00523807
_1017_, 50.74, 76.16, 0.00523807
_0504_, 63.54, 76.16, 0.00528442
_0577_, 63.54, 76.16, 0.00528442
_0768_, 63.54, 76.16, 0.00528442
FILLER_0_24_113, 63.54, 76.16, 0.00528442
_0727_, 76.34, 76.16, 0.00529725
_0780_, 76.34, 76.16, 0.00529725
_0982_, 76.34, 76.16, 0.00529725
hold94, 76.34, 76.16, 0.00529725
FILLER_0_24_153, 76.34, 76.16, 0.00529725
hold26, 89.14, 76.16, 0.0052651
FILLER_0_24_186, 89.14, 76.16, 0.0052651
FILLER_0_25_193, 89.14, 76.16, 0.0052651
_0831_, 101.94, 76.16, 0.00522232
FILLER_0_23_201, 101.94, 76.16, 0.00522232
FILLER_0_24_221, 101.94, 76.16, 0.00522232
FILLER_0_25_214, 101.94, 76.16, 0.00522232
_0789_, 114.74, 76.16, 0.00517209
_1010_, 114.74, 76.16, 0.00517209
hold84, 114.74, 76.16, 0.00517209
FILLER_0_24_244, 114.74, 76.16, 0.00517209
_0702_, 127.54, 76.16, 0.00508185
_0906_, 127.54, 76.16, 0.00508185
FILLER_0_25_268, 127.54, 76.16, 0.00508185
FILLER_0_24_305, 140.34, 76.16, 0.00495938
FILLER_0_25_329, 153.14, 76.16, 0.00483692
FILLER_0_24_357, 165.94, 76.16, 0.00471445
FILLER_0_24_413, 191.844, 76.16, 0.00459198
FILLER_0_25_441, 204.948, 76.16, 0.00459198
FILLER_0_24_469, 218.052, 76.16, 0.00459198
FILLER_0_25_497, 231.156, 76.16, 0.00459198
PHY_42, 5.52, 70.72, 0.00506997
PHY_44, 5.52, 70.72, 0.00506997
PHY_43, 244.26, 70.72, 0.00468285
PHY_45, 244.26, 70.72, 0.00468285
FILLER_0_21_505, 244.26, 70.72, 0.00468285
FILLER_0_21_513, 244.26, 70.72, 0.00468285
FILLER_0_22_513, 244.26, 70.72, 0.00468285
FILLER_0_22_77, 37.94, 70.72, 0.00522568
_0803_, 50.74, 70.72, 0.0053814
_0913_, 50.74, 70.72, 0.0053814
FILLER_0_22_97, 50.74, 70.72, 0.0053814
_0505_, 63.54, 70.72, 0.00550773
_0834_, 63.54, 70.72, 0.00550773
_1030_, 63.54, 70.72, 0.00550773
hold17, 63.54, 70.72, 0.00550773
hold33, 63.54, 70.72, 0.00550773
_0761_, 76.34, 70.72, 0.00557942
_0762_, 76.34, 70.72, 0.00557942
_0833_, 76.34, 70.72, 0.00557942
hold47, 76.34, 70.72, 0.00557942
hold132, 76.34, 70.72, 0.00557942
FILLER_0_22_162, 76.34, 70.72, 0.00557942
FILLER_0_23_163, 76.34, 70.72, 0.00557942
_0498_, 89.14, 70.72, 0.00561353
_0832_, 89.14, 70.72, 0.00561353
_1000_, 89.14, 70.72, 0.00561353
hold120, 89.14, 70.72, 0.00561353
FILLER_0_23_193, 89.14, 70.72, 0.00561353
_0754_, 101.94, 70.72, 0.00560221
_0790_, 101.94, 70.72, 0.00560221
_1029_, 101.94, 70.72, 0.00560221
hold49, 101.94, 70.72, 0.00560221
FILLER_0_22_214, 101.94, 70.72, 0.00560221
FILLER_0_22_221, 101.94, 70.72, 0.00560221
_0491_, 114.74, 70.72, 0.00554765
_0508_, 114.74, 70.72, 0.00554765
_0753_, 114.74, 70.72, 0.00554765
_0994_, 114.74, 70.72, 0.00554765
hold125, 114.74, 70.72, 0.00554765
FILLER_0_21_225, 114.74, 70.72, 0.00554765
FILLER_0_23_241, 114.74, 70.72, 0.00554765
_0490_, 127.54, 70.72, 0.00542409
_0819_, 127.54, 70.72, 0.00542409
_0820_, 127.54, 70.72, 0.00542409
_1023_, 127.54, 70.72, 0.00542409
hold20, 127.54, 70.72, 0.00542409
hold30, 140.34, 70.72, 0.00524649
FILLER_0_22_300, 140.34, 70.72, 0.00524649
FILLER_0_23_329, 153.14, 70.72, 0.00505861
FILLER_0_22_357, 165.94, 70.72, 0.00487073
FILLER_0_22_413, 191.844, 70.72, 0.00468285
FILLER_0_23_441, 204.948, 70.72, 0.00468285
FILLER_0_22_469, 218.052, 70.72, 0.00468285
FILLER_0_23_497, 231.156, 70.72, 0.00468285
PHY_38, 5.52, 65.28, 0.00501002
PHY_40, 5.52, 65.28, 0.00501002
PHY_39, 244.26, 65.28, 0.00465626
PHY_41, 244.26, 65.28, 0.00465626
FILLER_0_19_505, 244.26, 65.28, 0.00465626
FILLER_0_19_513, 244.26, 65.28, 0.00465626
FILLER_0_20_513, 244.26, 65.28, 0.00465626
FILLER_0_20_77, 37.94, 65.28, 0.0050959
FILLER_0_21_105, 50.74, 65.28, 0.00518179
_0797_, 63.54, 65.28, 0.00526768
FILLER_0_19_125, 63.54, 65.28, 0.00526768
FILLER_0_20_121, 63.54, 65.28, 0.00526768
FILLER_0_21_136, 63.54, 65.28, 0.00526768
_0550_, 76.34, 65.28, 0.00534747
_0828_, 76.34, 65.28, 0.00534747
_0910_, 76.34, 65.28, 0.00534747
_0998_, 76.34, 65.28, 0.00534747
FILLER_0_21_161, 76.34, 65.28, 0.00534747
_0568_, 89.14, 65.28, 0.00534966
_0827_, 89.14, 65.28, 0.00534966
_1027_, 89.14, 65.28, 0.00534966
hold100, 89.14, 65.28, 0.00534966
_0503_, 101.94, 65.28, 0.00528724
_0765_, 101.94, 65.28, 0.00528724
hold45, 101.94, 65.28, 0.00528724
FILLER_0_19_206, 101.94, 65.28, 0.00528724
FILLER_0_21_216, 101.94, 65.28, 0.00528724
_0755_, 114.74, 65.28, 0.00520399
_0756_, 114.74, 65.28, 0.00520399
_0792_, 114.74, 65.28, 0.00520399
FILLER_0_20_241, 114.74, 65.28, 0.00520399
FILLER_0_20_249, 114.74, 65.28, 0.00520399
_0822_, 127.54, 65.28, 0.00510452
FILLER_0_20_253, 127.54, 65.28, 0.00510452
FILLER_0_21_273, 127.54, 65.28, 0.00510452
hold71, 140.34, 65.28, 0.00499984
FILLER_0_20_301, 140.34, 65.28, 0.00499984
FILLER_0_21_329, 153.14, 65.28, 0.00488531
FILLER_0_20_357, 165.94, 65.28, 0.00477079
FILLER_0_20_413, 191.844, 65.28, 0.00465626
FILLER_0_21_441, 204.948, 65.28, 0.00465626
FILLER_0_20_469, 218.052, 65.28, 0.00465626
FILLER_0_21_497, 231.156, 65.28, 0.00465626
PHY_34, 5.52, 59.84, 0.00501636
PHY_36, 5.52, 59.84, 0.00501636
PHY_35, 244.26, 59.84, 0.00471567
PHY_37, 244.26, 59.84, 0.00471567
FILLER_0_17_505, 244.26, 59.84, 0.00471567
FILLER_0_17_513, 244.26, 59.84, 0.00471567
FILLER_0_18_513, 244.26, 59.84, 0.00471567
FILLER_0_18_77, 37.94, 59.84, 0.00512253
FILLER_0_19_105, 50.74, 59.84, 0.00522869
_0798_, 63.54, 59.84, 0.00533485
_1014_, 63.54, 59.84, 0.00533485
FILLER_0_18_133, 63.54, 59.84, 0.00533485
_0499_, 76.34, 59.84, 0.00541241
hold85, 76.34, 59.84, 0.00541241
FILLER_0_18_151, 76.34, 59.84, 0.00541241
_0766_, 89.14, 59.84, 0.00547481
_0802_, 89.14, 59.84, 0.00547481
_1016_, 89.14, 59.84, 0.00547481
hold115, 89.14, 59.84, 0.00547481
FILLER_0_17_181, 89.14, 59.84, 0.00547481
FILLER_0_18_175, 89.14, 59.84, 0.00547481
_0502_, 101.94, 59.84, 0.00549419
_0791_, 101.94, 59.84, 0.00549419
_0912_, 101.94, 59.84, 0.00549419
hold63, 101.94, 59.84, 0.00549419
FILLER_0_17_198, 101.94, 59.84, 0.00549419
FILLER_0_18_214, 101.94, 59.84, 0.00549419
FILLER_0_19_219, 101.94, 59.84, 0.00549419
_0492_, 114.74, 59.84, 0.00546573
_0523_, 114.74, 59.84, 0.00546573
_0995_, 114.74, 59.84, 0.00546573
_1011_, 114.74, 59.84, 0.00546573
hold73, 114.74, 59.84, 0.00546573
_0821_, 127.54, 59.84, 0.00534857
_1024_, 127.54, 59.84, 0.00534857
hold7, 127.54, 59.84, 0.00534857
FILLER_0_19_276, 127.54, 59.84, 0.00534857
FILLER_0_18_301, 140.34, 59.84, 0.00519035
FILLER_0_19_325, 153.14, 59.84, 0.00503212
FILLER_0_19_333, 153.14, 59.84, 0.00503212
FILLER_0_18_357, 165.94, 59.84, 0.00487389
FILLER_0_18_413, 191.844, 59.84, 0.00471567
FILLER_0_19_441, 204.948, 59.84, 0.00471567
FILLER_0_18_469, 218.052, 59.84, 0.00471567
FILLER_0_19_497, 231.156, 59.84, 0.00471567
PHY_30, 5.52, 54.4, 0.00491644
PHY_32, 5.52, 54.4, 0.00491644
PHY_31, 244.26, 54.4, 0.00464722
PHY_33, 244.26, 54.4, 0.00464722
FILLER_0_15_505, 244.26, 54.4, 0.00464722
FILLER_0_15_513, 244.26, 54.4, 0.00464722
FILLER_0_16_513, 244.26, 54.4, 0.00464722
FILLER_0_16_77, 37.94, 54.4, 0.00491341
FILLER_0_17_105, 50.74, 54.4, 0.00491039
FILLER_0_16_133, 63.54, 54.4, 0.00490736
FILLER_0_17_161, 76.34, 54.4, 0.00490433
_0801_, 89.14, 54.4, 0.00490131
FILLER_0_16_189, 89.14, 54.4, 0.00490131
FILLER_0_16_221, 101.94, 54.4, 0.00489195
_0907_, 114.74, 54.4, 0.00488258
hold129, 114.74, 54.4, 0.00488258
FILLER_0_17_241, 114.74, 54.4, 0.00488258
_0493_, 127.54, 54.4, 0.00483935
FILLER_0_17_275, 127.54, 54.4, 0.00483935
FILLER_0_16_304, 140.34, 54.4, 0.00479132
FILLER_0_17_329, 153.14, 54.4, 0.00474328
FILLER_0_16_357, 165.94, 54.4, 0.00469525
FILLER_0_16_413, 191.844, 54.4, 0.00464722
FILLER_0_17_441, 204.948, 54.4, 0.00464722
FILLER_0_16_469, 218.052, 54.4, 0.00464722
FILLER_0_17_497, 231.156, 54.4, 0.00464722
PHY_26, 5.52, 48.96, 0.00488827
PHY_28, 5.52, 48.96, 0.00488827
PHY_27, 244.26, 48.96, 0.00464114
PHY_29, 244.26, 48.96, 0.00464114
FILLER_0_13_505, 244.26, 48.96, 0.00464114
FILLER_0_13_513, 244.26, 48.96, 0.00464114
FILLER_0_14_513, 244.26, 48.96, 0.00464114
FILLER_0_14_77, 37.94, 48.96, 0.00486767
FILLER_0_15_105, 50.74, 48.96, 0.00484708
FILLER_0_14_133, 63.54, 48.96, 0.00482649
FILLER_0_15_161, 76.34, 48.96, 0.00480589
FILLER_0_14_189, 89.14, 48.96, 0.0047853
FILLER_0_15_217, 101.94, 48.96, 0.0047647
FILLER_0_14_245, 114.74, 48.96, 0.00474411
FILLER_0_15_273, 127.54, 48.96, 0.00472352
FILLER_0_14_301, 140.34, 48.96, 0.00470292
FILLER_0_15_329, 153.14, 48.96, 0.00468233
FILLER_0_14_357, 165.94, 48.96, 0.00466174
FILLER_0_14_413, 191.844, 48.96, 0.00464114
FILLER_0_15_441, 204.948, 48.96, 0.00464114
FILLER_0_14_469, 218.052, 48.96, 0.00464114
FILLER_0_15_497, 231.156, 48.96, 0.00464114
PHY_22, 5.52, 43.52, 0.00487641
PHY_24, 5.52, 43.52, 0.00487641
PHY_23, 244.26, 43.52, 0.00465392
PHY_25, 244.26, 43.52, 0.00465392
FILLER_0_11_505, 244.26, 43.52, 0.00465392
FILLER_0_11_513, 244.26, 43.52, 0.00465392
FILLER_0_12_513, 244.26, 43.52, 0.00465392
FILLER_0_12_77, 37.94, 43.52, 0.00485787
FILLER_0_13_105, 50.74, 43.52, 0.00483933
FILLER_0_12_133, 63.54, 43.52, 0.00482079
FILLER_0_13_161, 76.34, 43.52, 0.00480225
FILLER_0_12_189, 89.14, 43.52, 0.00478371
FILLER_0_13_217, 101.94, 43.52, 0.00476517
FILLER_0_12_245, 114.74, 43.52, 0.00474662
FILLER_0_13_273, 127.54, 43.52, 0.00472808
FILLER_0_12_301, 140.34, 43.52, 0.00470954
FILLER_0_13_329, 153.14, 43.52, 0.004691
FILLER_0_12_357, 165.94, 43.52, 0.00467246
FILLER_0_12_413, 191.844, 43.52, 0.00465392
FILLER_0_13_441, 204.948, 43.52, 0.00465392
FILLER_0_12_469, 218.052, 43.52, 0.00465392
FILLER_0_13_497, 231.156, 43.52, 0.00465392
PHY_18, 5.52, 38.08, 0.00486535
PHY_20, 5.52, 38.08, 0.00486535
output22, 5.52, 38.08, 0.00486535
PHY_19, 244.26, 38.08, 0.0046659
PHY_21, 244.26, 38.08, 0.0046659
output18, 244.26, 38.08, 0.0046659
FILLER_0_9_505, 244.26, 38.08, 0.0046659
FILLER_0_10_513, 244.26, 38.08, 0.0046659
FILLER_0_10_77, 37.94, 38.08, 0.00484873
FILLER_0_11_105, 50.74, 38.08, 0.00483211
FILLER_0_10_133, 63.54, 38.08, 0.00481549
FILLER_0_11_161, 76.34, 38.08, 0.00479887
FILLER_0_10_189, 89.14, 38.08, 0.00478225
FILLER_0_11_217, 101.94, 38.08, 0.00476563
FILLER_0_10_245, 114.74, 38.08, 0.00474901
FILLER_0_11_273, 127.54, 38.08, 0.00473239
FILLER_0_10_301, 140.34, 38.08, 0.00471577
FILLER_0_11_329, 153.14, 38.08, 0.00469914
FILLER_0_10_357, 165.94, 38.08, 0.00468252
FILLER_0_10_413, 191.844, 38.08, 0.0046659
FILLER_0_11_441, 204.948, 38.08, 0.0046659
FILLER_0_10_469, 218.052, 38.08, 0.0046659
FILLER_0_11_497, 231.156, 38.08, 0.0046659
PHY_14, 5.52, 32.64, 0.00485499
PHY_16, 5.52, 32.64, 0.00485499
PHY_15, 244.26, 32.64, 0.00467719
PHY_17, 244.26, 32.64, 0.00467719
FILLER_0_7_505, 244.26, 32.64, 0.00467719
FILLER_0_7_513, 244.26, 32.64, 0.00467719
FILLER_0_8_513, 244.26, 32.64, 0.00467719
FILLER_0_8_77, 37.94, 32.64, 0.00484017
FILLER_0_9_105, 50.74, 32.64, 0.00482535
FILLER_0_8_133, 63.54, 32.64, 0.00481054
FILLER_0_9_161, 76.34, 32.64, 0.00479572
FILLER_0_8_189, 89.14, 32.64, 0.0047809
FILLER_0_9_217, 101.94, 32.64, 0.00476609
FILLER_0_8_245, 114.74, 32.64, 0.00475127
FILLER_0_9_273, 127.54, 32.64, 0.00473645
FILLER_0_8_301, 140.34, 32.64, 0.00472164
FILLER_0_9_329, 153.14, 32.64, 0.00470682
FILLER_0_8_357, 165.94, 32.64, 0.004692
FILLER_0_8_413, 191.844, 32.64, 0.00467719
FILLER_0_9_441, 204.948, 32.64, 0.00467719
FILLER_0_8_469, 218.052, 32.64, 0.00467719
FILLER_0_9_497, 231.156, 32.64, 0.00467719
PHY_10, 5.52, 27.2, 0.00485047
PHY_12, 5.52, 27.2, 0.00485047
PHY_11, 244.26, 27.2, 0.00468263
PHY_13, 244.26, 27.2, 0.00468263
FILLER_0_5_505, 244.26, 27.2, 0.00468263
FILLER_0_5_513, 244.26, 27.2, 0.00468263
FILLER_0_6_513, 244.26, 27.2, 0.00468263
FILLER_0_6_77, 37.94, 27.2, 0.00483648
FILLER_0_7_105, 50.74, 27.2, 0.0048225
FILLER_0_6_133, 63.54, 27.2, 0.00480851
FILLER_0_7_161, 76.34, 27.2, 0.00479452
FILLER_0_6_189, 89.14, 27.2, 0.00478053
FILLER_0_7_217, 101.94, 27.2, 0.00476655
FILLER_0_6_245, 114.74, 27.2, 0.00475256
FILLER_0_7_273, 127.54, 27.2, 0.00473857
FILLER_0_6_301, 140.34, 27.2, 0.00472459
FILLER_0_7_329, 153.14, 27.2, 0.0047106
FILLER_0_6_357, 165.94, 27.2, 0.00469661
FILLER_0_6_413, 191.844, 27.2, 0.00468262
FILLER_0_7_441, 204.948, 27.2, 0.00468263
FILLER_0_6_469, 218.052, 27.2, 0.00468263
FILLER_0_7_497, 231.156, 27.2, 0.00468263
PHY_6, 5.52, 21.76, 0.00484915
PHY_8, 5.52, 21.76, 0.00484915
PHY_7, 244.26, 21.76, 0.00468487
PHY_9, 244.26, 21.76, 0.00468487
FILLER_0_3_505, 244.26, 21.76, 0.00468487
FILLER_0_3_513, 244.26, 21.76, 0.00468487
FILLER_0_4_513, 244.26, 21.76, 0.00468487
FILLER_0_4_77, 37.94, 21.76, 0.00483546
FILLER_0_5_105, 50.74, 21.76, 0.00482177
FILLER_0_4_133, 63.54, 21.76, 0.00480808
FILLER_0_5_161, 76.34, 21.76, 0.00479439
FILLER_0_4_189, 89.14, 21.76, 0.0047807
FILLER_0_5_217, 101.94, 21.76, 0.00476701
FILLER_0_4_245, 114.74, 21.76, 0.00475332
FILLER_0_5_273, 127.54, 21.76, 0.00473963
FILLER_0_4_301, 140.34, 21.76, 0.00472594
FILLER_0_5_329, 153.14, 21.76, 0.00471225
FILLER_0_4_357, 165.94, 21.76, 0.00469856
FILLER_0_4_413, 191.844, 21.76, 0.00468487
FILLER_0_5_441, 204.948, 21.76, 0.00468487
FILLER_0_4_469, 218.052, 21.76, 0.00468487
FILLER_0_5_497, 231.156, 21.76, 0.00468487
PHY_2, 5.52, 16.32, 0.00484841
PHY_4, 5.52, 16.32, 0.00484841
PHY_3, 244.26, 16.32, 0.00468653
PHY_5, 244.26, 16.32, 0.00468653
FILLER_0_1_505, 244.26, 16.32, 0.00468653
FILLER_0_1_513, 244.26, 16.32, 0.00468653
FILLER_0_2_513, 244.26, 16.32, 0.00468653
FILLER_0_2_77, 37.94, 16.32, 0.00483492
FILLER_0_3_105, 50.74, 16.32, 0.00482143
FILLER_0_2_133, 63.54, 16.32, 0.00480794
FILLER_0_3_161, 76.34, 16.32, 0.00479445
FILLER_0_2_189, 89.14, 16.32, 0.00478096
FILLER_0_3_217, 101.94, 16.32, 0.00476747
FILLER_0_2_245, 114.74, 16.32, 0.00475398
FILLER_0_3_273, 127.54, 16.32, 0.00474049
FILLER_0_2_301, 140.34, 16.32, 0.004727
FILLER_0_3_329, 153.14, 16.32, 0.00471351
FILLER_0_2_357, 165.94, 16.32, 0.00470002
FILLER_0_2_413, 191.844, 16.32, 0.00468653
FILLER_0_3_441, 204.948, 16.32, 0.00468653
FILLER_0_2_469, 218.052, 16.32, 0.00468653
FILLER_0_3_497, 231.156, 16.32, 0.00468653
PHY_0, 5.52, 10.88, 0.00485737
input2, 5.52, 10.88, 0.00485737
PHY_1, 244.26, 10.88, 0.0047274
input4, 244.26, 10.88, 0.0047274
FILLER_0_0_19, 15.33, 10.88, 0.00485598
input3, 37.94, 10.88, 0.00484753
FILLER_0_0_69, 37.94, 10.88, 0.00484753
FILLER_0_0_77, 37.94, 10.88, 0.00484753
FILLER_0_0_109, 50.74, 10.88, 0.00483846
FILLER_0_1_105, 50.74, 10.88, 0.00483846
FILLER_0_0_137, 63.54, 10.88, 0.00482939
FILLER_0_0_165, 76.34, 10.88, 0.00482033
FILLER_0_1_161, 76.34, 10.88, 0.00482033
input5, 89.14, 10.88, 0.00481126
FILLER_0_0_187, 89.14, 10.88, 0.00481126
FILLER_0_0_221, 101.94, 10.88, 0.00479746
FILLER_0_1_217, 101.94, 10.88, 0.00479746
FILLER_0_0_249, 114.74, 10.88, 0.00478367
input10, 127.54, 10.88, 0.00476987
FILLER_0_0_273, 127.54, 10.88, 0.00476987
FILLER_0_1_273, 127.54, 10.88, 0.00476987
FILLER_0_0_305, 140.34, 10.88, 0.00475148
FILLER_0_0_333, 153.14, 10.88, 0.00473308
FILLER_0_1_329, 153.14, 10.88, 0.00473308
output20, 165.94, 10.88, 0.00471468
FILLER_0_0_357, 165.94, 10.88, 0.00471468
FILLER_0_0_417, 191.844, 10.88, 0.00470251
output23, 204.948, 10.88, 0.00470873
FILLER_0_0_421, 204.948, 10.88, 0.00470873
FILLER_0_1_441, 204.948, 10.88, 0.00470873
FILLER_0_0_473, 218.052, 10.88, 0.00471495
FILLER_0_0_501, 231.156, 10.88, 0.00472117
FILLER_0_1_497, 231.156, 10.88, 0.00472117

