OpenROAD 41a51eaf4ca2171c92ff38afb91eb37bbd3f36da 
This program is licensed under the BSD-3 license. See the LICENSE file for details.
Components of this program may be licensed under more restrictive licenses which must be honored.
[INFO]: Reading ODB at '/openlane/designs/AsynFifo/runs/run_1/tmp/routing/22-fill.odb'…
define_corners Typical
read_liberty -corner Typical /home/nguyenson99/.ciel/sky130A/libs.ref/sky130_fd_sc_hd/lib/sky130_fd_sc_hd__tt_025C_1v80.lib
Using 1e-12 for capacitance...
Using 1e+03 for resistance...
Using 1e-09 for time...
Using 1e+00 for voltage...
Using 1e-03 for current...
Using 1e-09 for power...
Using 1e-06 for distance...
Reading design constraints file at '/openlane/designs/AsynFifo/runs/run_1/tmp/17-AsynFifo.sdc'…
[INFO ORD-0030] Using 2 thread(s).
[INFO DRT-0149] Reading tech and libs.

Units:                1000
Number of layers:     13
Number of macros:     441
Number of vias:       25
Number of viarulegen: 25

[INFO DRT-0150] Reading design.

Design:                   AsynFifo
Die area:                 ( 0 0 ) ( 1000000 1000000 )
Number of track patterns: 12
Number of DEF vias:       0
Number of components:     97536
Number of terminals:      26
Number of snets:          2
Number of nets:           824

[INFO DRT-0167] List of default vias:
  Layer mcon
    default via: L1M1_PR
  Layer via
    default via: M1M2_PR
  Layer via2
    default via: M2M3_PR
  Layer via3
    default via: M3M4_PR
  Layer via4
    default via: M4M5_PR
[INFO DRT-0162] Library cell analysis.
[INFO DRT-0163] Instance analysis.
  Complete 10000 instances.
  Complete 20000 instances.
  Complete 30000 instances.
  Complete 40000 instances.
  Complete 50000 instances.
  Complete 60000 instances.
  Complete 70000 instances.
  Complete 80000 instances.
  Complete 90000 instances.
[INFO DRT-0164] Number of unique instances = 89.
[INFO DRT-0168] Init region query.
[INFO DRT-0018]   Complete 10000 insts.
[INFO DRT-0018]   Complete 20000 insts.
[INFO DRT-0018]   Complete 30000 insts.
[INFO DRT-0018]   Complete 40000 insts.
[INFO DRT-0018]   Complete 50000 insts.
[INFO DRT-0018]   Complete 60000 insts.
[INFO DRT-0018]   Complete 70000 insts.
[INFO DRT-0018]   Complete 80000 insts.
[INFO DRT-0018]   Complete 90000 insts.
[INFO DRT-0024]   Complete FR_MASTERSLICE.
[INFO DRT-0024]   Complete licon.
[INFO DRT-0024]   Complete li1.
[INFO DRT-0024]   Complete mcon.
[INFO DRT-0024]   Complete met1.
[INFO DRT-0024]   Complete via.
[INFO DRT-0024]   Complete met2.
[INFO DRT-0024]   Complete via2.
[INFO DRT-0024]   Complete met3.
[INFO DRT-0024]   Complete via3.
[INFO DRT-0024]   Complete met4.
[INFO DRT-0024]   Complete via4.
[INFO DRT-0024]   Complete met5.
[INFO DRT-0033] FR_MASTERSLICE shape region query size = 0.
[INFO DRT-0033] licon shape region query size = 0.
[INFO DRT-0033] li1 shape region query size = 525850.
[INFO DRT-0033] mcon shape region query size = 1299696.
[INFO DRT-0033] met1 shape region query size = 201325.
[INFO DRT-0033] via shape region query size = 12600.
[INFO DRT-0033] met2 shape region query size = 7574.
[INFO DRT-0033] via2 shape region query size = 10080.
[INFO DRT-0033] met3 shape region query size = 7570.
[INFO DRT-0033] via3 shape region query size = 10080.
[INFO DRT-0033] met4 shape region query size = 2646.
[INFO DRT-0033] via4 shape region query size = 98.
[INFO DRT-0033] met5 shape region query size = 126.
[INFO DRT-0165] Start pin access.
[INFO DRT-0076]   Complete 100 pins.
[INFO DRT-0076]   Complete 200 pins.
[INFO DRT-0078]   Complete 240 pins.
[INFO DRT-0081]   Complete 71 unique inst patterns.
[INFO DRT-0084]   Complete 597 groups.
#scanned instances     = 97536
#unique  instances     = 89
#stdCellGenAp          = 1936
#stdCellValidPlanarAp  = 24
#stdCellValidViaAp     = 1373
#stdCellPinNoAp        = 0
#stdCellPinCnt         = 2486
#instTermValidViaApCnt = 0
#macroGenAp            = 0
#macroValidPlanarAp    = 0
#macroValidViaAp       = 0
#macroNoAp             = 0
[INFO DRT-0166] Complete pin access.
[INFO DRT-0267] cpu time = 00:00:12, elapsed time = 00:00:06, memory = 371.76 (MB), peak = 398.77 (MB)

Number of guides:     6049

[INFO DRT-0169] Post process guides.
[INFO DRT-0176] GCELLGRID X 0 DO 144 STEP 6900 ;
[INFO DRT-0177] GCELLGRID Y 0 DO 144 STEP 6900 ;
[INFO DRT-0028]   Complete FR_MASTERSLICE.
[INFO DRT-0028]   Complete licon.
[INFO DRT-0028]   Complete li1.
[INFO DRT-0028]   Complete mcon.
[INFO DRT-0028]   Complete met1.
[INFO DRT-0028]   Complete via.
[INFO DRT-0028]   Complete met2.
[INFO DRT-0028]   Complete via2.
[INFO DRT-0028]   Complete met3.
[INFO DRT-0028]   Complete via3.
[INFO DRT-0028]   Complete met4.
[INFO DRT-0028]   Complete via4.
[INFO DRT-0028]   Complete met5.
[INFO DRT-0178] Init guide query.
[INFO DRT-0035]   Complete FR_MASTERSLICE (guide).
[INFO DRT-0035]   Complete licon (guide).
[INFO DRT-0035]   Complete li1 (guide).
[INFO DRT-0035]   Complete mcon (guide).
[INFO DRT-0035]   Complete met1 (guide).
[INFO DRT-0035]   Complete via (guide).
[INFO DRT-0035]   Complete met2 (guide).
[INFO DRT-0035]   Complete via2 (guide).
[INFO DRT-0035]   Complete met3 (guide).
[INFO DRT-0035]   Complete via3 (guide).
[INFO DRT-0035]   Complete met4 (guide).
[INFO DRT-0035]   Complete via4 (guide).
[INFO DRT-0035]   Complete met5 (guide).
[INFO DRT-0036] FR_MASTERSLICE guide region query size = 0.
[INFO DRT-0036] licon guide region query size = 0.
[INFO DRT-0036] li1 guide region query size = 2123.
[INFO DRT-0036] mcon guide region query size = 0.
[INFO DRT-0036] met1 guide region query size = 1736.
[INFO DRT-0036] via guide region query size = 0.
[INFO DRT-0036] met2 guide region query size = 876.
[INFO DRT-0036] via2 guide region query size = 0.
[INFO DRT-0036] met3 guide region query size = 26.
[INFO DRT-0036] via3 guide region query size = 0.
[INFO DRT-0036] met4 guide region query size = 7.
[INFO DRT-0036] via4 guide region query size = 0.
[INFO DRT-0036] met5 guide region query size = 0.
[INFO DRT-0179] Init gr pin query.
[INFO DRT-0245] skipped writing guide updates to database.
[INFO DRT-0185] Post process initialize RPin region query.
[INFO DRT-0181] Start track assignment.
[INFO DRT-0184] Done with 3006 vertical wires in 3 frboxes and 1762 horizontal wires in 3 frboxes.
[INFO DRT-0186] Done with 212 vertical wires in 3 frboxes and 529 horizontal wires in 3 frboxes.
[INFO DRT-0182] Complete track assignment.
[INFO DRT-0267] cpu time = 00:00:06, elapsed time = 00:00:04, memory = 461.63 (MB), peak = 604.12 (MB)
[INFO DRT-0187] Start routing data preparation.
[INFO DRT-0267] cpu time = 00:00:00, elapsed time = 00:00:00, memory = 461.63 (MB), peak = 604.12 (MB)
[INFO DRT-0194] Start detail routing.
[INFO DRT-0195] Start 0th optimization iteration.
    Completing 10% with 0 violations.
    elapsed time = 00:00:02, memory = 821.39 (MB).
    Completing 20% with 0 violations.
    elapsed time = 00:00:34, memory = 1314.46 (MB).
    Completing 30% with 51 violations.
    elapsed time = 00:01:32, memory = 1599.50 (MB).
    Completing 40% with 51 violations.
    elapsed time = 00:01:35, memory = 1599.56 (MB).
    Completing 50% with 51 violations.
    elapsed time = 00:01:38, memory = 1611.34 (MB).
    Completing 60% with 93 violations.
    elapsed time = 00:01:42, memory = 1129.95 (MB).
    Completing 70% with 93 violations.
    elapsed time = 00:01:46, memory = 1371.30 (MB).
    Completing 80% with 127 violations.
    elapsed time = 00:01:49, memory = 1068.64 (MB).
    Completing 90% with 127 violations.
    elapsed time = 00:01:53, memory = 1302.85 (MB).
    Completing 100% with 186 violations.
    elapsed time = 00:01:56, memory = 1527.18 (MB).
[INFO DRT-0199]   Number of violations = 399.
Viol/Layer         li1   mcon   met1   met2   met3
Cut Spacing          0      1      0      0      0
Metal Spacing        2      0     67      7      0
Min Hole             0      0      2      0      0
Recheck              2      0    157     49      5
Short                0      0    105      2      0
[INFO DRT-0267] cpu time = 00:03:42, elapsed time = 00:01:56, memory = 1527.20 (MB), peak = 1617.58 (MB)
Total wire length = 36168 um.
Total wire length on LAYER li1 = 0 um.
Total wire length on LAYER met1 = 18634 um.
Total wire length on LAYER met2 = 17096 um.
Total wire length on LAYER met3 = 398 um.
Total wire length on LAYER met4 = 39 um.
Total wire length on LAYER met5 = 0 um.
Total number of vias = 5128.
Up-via summary (total 5128):.

-----------------------
 FR_MASTERSLICE       0
            li1    2455
           met1    2637
           met2      32
           met3       4
           met4       0
-----------------------
                   5128


[INFO DRT-0195] Start 1st optimization iteration.
    Completing 10% with 399 violations.
    elapsed time = 00:00:01, memory = 1527.50 (MB).
    Completing 20% with 399 violations.
    elapsed time = 00:00:04, memory = 1527.67 (MB).
    Completing 30% with 279 violations.
    elapsed time = 00:00:08, memory = 1043.92 (MB).
    Completing 40% with 279 violations.
    elapsed time = 00:00:11, memory = 1267.62 (MB).
    Completing 50% with 279 violations.
    elapsed time = 00:00:13, memory = 1497.12 (MB).
    Completing 60% with 135 violations.
    elapsed time = 00:00:16, memory = 1564.75 (MB).
    Completing 70% with 135 violations.
    elapsed time = 00:00:19, memory = 1564.79 (MB).
    Completing 80% with 90 violations.
    elapsed time = 00:00:21, memory = 1092.71 (MB).
    Completing 90% with 90 violations.
    elapsed time = 00:00:25, memory = 1406.41 (MB).
    Completing 100% with 45 violations.
    elapsed time = 00:00:28, memory = 1617.35 (MB).
[INFO DRT-0199]   Number of violations = 45.
Viol/Layer        met1   met2
Metal Spacing       14      0
Short               30      1
[INFO DRT-0267] cpu time = 00:00:54, elapsed time = 00:00:28, memory = 1617.35 (MB), peak = 1617.58 (MB)
Total wire length = 35988 um.
Total wire length on LAYER li1 = 0 um.
Total wire length on LAYER met1 = 18581 um.
Total wire length on LAYER met2 = 16985 um.
Total wire length on LAYER met3 = 383 um.
Total wire length on LAYER met4 = 37 um.
Total wire length on LAYER met5 = 0 um.
Total number of vias = 5058.
Up-via summary (total 5058):.

-----------------------
 FR_MASTERSLICE       0
            li1    2455
           met1    2567
           met2      32
           met3       4
           met4       0
-----------------------
                   5058


[INFO DRT-0195] Start 2nd optimization iteration.
    Completing 10% with 45 violations.
    elapsed time = 00:00:00, memory = 1617.35 (MB).
    Completing 20% with 45 violations.
    elapsed time = 00:00:00, memory = 1617.36 (MB).
    Completing 30% with 54 violations.
    elapsed time = 00:00:01, memory = 1024.47 (MB).
    Completing 40% with 54 violations.
    elapsed time = 00:00:01, memory = 1051.05 (MB).
    Completing 50% with 54 violations.
    elapsed time = 00:00:02, memory = 1051.05 (MB).
    Completing 60% with 48 violations.
    elapsed time = 00:00:02, memory = 1051.05 (MB).
    Completing 70% with 48 violations.
    elapsed time = 00:00:02, memory = 1051.07 (MB).
    Completing 80% with 46 violations.
    elapsed time = 00:00:03, memory = 1051.07 (MB).
    Completing 90% with 46 violations.
    elapsed time = 00:00:04, memory = 1057.66 (MB).
    Completing 100% with 42 violations.
    elapsed time = 00:00:04, memory = 1057.66 (MB).
[INFO DRT-0199]   Number of violations = 42.
Viol/Layer        met1
Metal Spacing       14
Min Hole             1
Short               27
[INFO DRT-0267] cpu time = 00:00:07, elapsed time = 00:00:05, memory = 1057.66 (MB), peak = 1617.58 (MB)
Total wire length = 35982 um.
Total wire length on LAYER li1 = 0 um.
Total wire length on LAYER met1 = 18630 um.
Total wire length on LAYER met2 = 16907 um.
Total wire length on LAYER met3 = 393 um.
Total wire length on LAYER met4 = 50 um.
Total wire length on LAYER met5 = 0 um.
Total number of vias = 5064.
Up-via summary (total 5064):.

-----------------------
 FR_MASTERSLICE       0
            li1    2455
           met1    2573
           met2      32
           met3       4
           met4       0
-----------------------
                   5064


[INFO DRT-0195] Start 3rd optimization iteration.
    Completing 10% with 42 violations.
    elapsed time = 00:00:00, memory = 1057.66 (MB).
    Completing 20% with 42 violations.
    elapsed time = 00:00:00, memory = 1067.15 (MB).
    Completing 30% with 21 violations.
    elapsed time = 00:00:00, memory = 1067.15 (MB).
    Completing 40% with 21 violations.
    elapsed time = 00:00:00, memory = 1067.15 (MB).
    Completing 50% with 21 violations.
    elapsed time = 00:00:00, memory = 1067.15 (MB).
    Completing 60% with 8 violations.
    elapsed time = 00:00:01, memory = 1067.15 (MB).
    Completing 70% with 8 violations.
    elapsed time = 00:00:01, memory = 1067.15 (MB).
    Completing 80% with 6 violations.
    elapsed time = 00:00:01, memory = 1067.15 (MB).
    Completing 90% with 6 violations.
    elapsed time = 00:00:02, memory = 1068.09 (MB).
    Completing 100% with 0 violations.
    elapsed time = 00:00:02, memory = 1068.09 (MB).
[INFO DRT-0199]   Number of violations = 0.
[INFO DRT-0267] cpu time = 00:00:03, elapsed time = 00:00:02, memory = 1068.09 (MB), peak = 1617.58 (MB)
Total wire length = 35949 um.
Total wire length on LAYER li1 = 0 um.
Total wire length on LAYER met1 = 18468 um.
Total wire length on LAYER met2 = 16932 um.
Total wire length on LAYER met3 = 497 um.
Total wire length on LAYER met4 = 50 um.
Total wire length on LAYER met5 = 0 um.
Total number of vias = 5088.
Up-via summary (total 5088):.

-----------------------
 FR_MASTERSLICE       0
            li1    2455
           met1    2585
           met2      44
           met3       4
           met4       0
-----------------------
                   5088


[INFO DRT-0198] Complete detail routing.
Total wire length = 35949 um.
Total wire length on LAYER li1 = 0 um.
Total wire length on LAYER met1 = 18468 um.
Total wire length on LAYER met2 = 16932 um.
Total wire length on LAYER met3 = 497 um.
Total wire length on LAYER met4 = 50 um.
Total wire length on LAYER met5 = 0 um.
Total number of vias = 5088.
Up-via summary (total 5088):.

-----------------------
 FR_MASTERSLICE       0
            li1    2455
           met1    2585
           met2      44
           met3       4
           met4       0
-----------------------
                   5088


[INFO DRT-0267] cpu time = 00:04:48, elapsed time = 00:02:33, memory = 1068.09 (MB), peak = 1617.58 (MB)

[INFO DRT-0180] Post processing.
Setting global connections for newly added cells…
Writing OpenROAD database to '/openlane/designs/AsynFifo/runs/run_1/results/routing/AsynFifo.odb'…
Writing netlist to '/openlane/designs/AsynFifo/runs/run_1/results/routing/AsynFifo.nl.v'…
Writing powered netlist to '/openlane/designs/AsynFifo/runs/run_1/results/routing/AsynFifo.pnl.v'…
Writing layout to '/openlane/designs/AsynFifo/runs/run_1/results/routing/AsynFifo.def'…
