OpenROAD 41a51eaf4ca2171c92ff38afb91eb37bbd3f36da 
This program is licensed under the BSD-3 license. See the LICENSE file for details.
Components of this program may be licensed under more restrictive licenses which must be honored.
[INFO]: Reading ODB at '/openlane/designs/AsynFifo/runs/run_multicorner/results/floorplan/AsynFifo.odb'…
define_corners Typical
read_liberty -corner Typical /home/nguyenson99/.ciel/sky130A/libs.ref/sky130_fd_sc_hd/lib/sky130_fd_sc_hd__tt_025C_1v80.lib
Using 1e-12 for capacitance...
Using 1e+03 for resistance...
Using 1e-09 for time...
Using 1e+00 for voltage...
Using 1e-03 for current...
Using 1e-09 for power...
Using 1e-06 for distance...
Reading design constraints file at '/openlane/designs/AsynFifo/runs/run_multicorner/tmp/floorplan/3-initial_fp.sdc'…
[INFO]: Setting RC values...
[INFO]: Setting signal min routing layer to: met1 and clock min routing layer to met3. 
[INFO]: Setting signal max routing layer to: met5 and clock max routing layer to met5. 
[INFO GPL-0002] DBU: 1000
[INFO GPL-0003] SiteSize: 460 2720
[INFO GPL-0004] CoreAreaLxLy: 5520 10880
[INFO GPL-0005] CoreAreaUxUy: 994060 987360
[INFO GPL-0006] NumInstances: 15064
[INFO GPL-0007] NumPlaceInstances: 628
[INFO GPL-0008] NumFixedInstances: 14436
[INFO GPL-0009] NumDummyInstances: 0
[INFO GPL-0010] NumNets: 642
[INFO GPL-0011] NumPins: 2146
[INFO GPL-0012] DieAreaLxLy: 0 0
[INFO GPL-0013] DieAreaUxUy: 1000000 1000000
[INFO GPL-0014] CoreAreaLxLy: 5520 10880
[INFO GPL-0015] CoreAreaUxUy: 994060 987360
[INFO GPL-0016] CoreArea: 965289539200
[INFO GPL-0017] NonPlaceInstsArea: 19859046400
[INFO GPL-0018] PlaceInstsArea: 8041462400
[INFO GPL-0019] Util(%): 0.85
[INFO GPL-0020] StdInstsArea: 8041462400
[INFO GPL-0021] MacroInstsArea: 0
[InitialPlace]  Iter: 1 CG residual: 0.00000005 HPWL: 29808650
[InitialPlace]  Iter: 2 CG residual: 0.00000012 HPWL: 24522292
[InitialPlace]  Iter: 3 CG residual: 0.00000011 HPWL: 24650872
[InitialPlace]  Iter: 4 CG residual: 0.00000009 HPWL: 24693639
[InitialPlace]  Iter: 5 CG residual: 0.00000009 HPWL: 24697764
[INFO GPL-0031] FillerInit: NumGCells: 30152
[INFO GPL-0032] FillerInit: NumGNets: 642
[INFO GPL-0033] FillerInit: NumGPins: 2146
[INFO GPL-0023] TargetDensity: 0.40
[INFO GPL-0024] AveragePlaceInstArea: 12804876
[INFO GPL-0025] IdealBinArea: 32012190
[INFO GPL-0026] IdealBinCnt: 30153
[INFO GPL-0027] TotalBinArea: 965289539200
[INFO GPL-0028] BinCnt: 128 128
[INFO GPL-0029] BinSize: 7723 7629
[INFO GPL-0030] NumBins: 16384
[NesterovSolve] Iter: 1 overflow: 0.925142 HPWL: 23173023
[NesterovSolve] Iter: 10 overflow: 0.793268 HPWL: 27189665
[INFO GPL-0100] worst slack 5.21e-09
[INFO GPL-0103] Weighted 63 nets.
[NesterovSolve] Iter: 20 overflow: 0.790122 HPWL: 25593657
[NesterovSolve] Iter: 30 overflow: 0.783162 HPWL: 25404801
[NesterovSolve] Iter: 40 overflow: 0.785155 HPWL: 25605269
[NesterovSolve] Iter: 50 overflow: 0.784012 HPWL: 25533393
[NesterovSolve] Iter: 60 overflow: 0.784023 HPWL: 25559125
[NesterovSolve] Iter: 70 overflow: 0.783707 HPWL: 25660072
[NesterovSolve] Iter: 80 overflow: 0.783707 HPWL: 25686692
[NesterovSolve] Iter: 90 overflow: 0.784459 HPWL: 25700957
[NesterovSolve] Iter: 100 overflow: 0.786808 HPWL: 25769399
[NesterovSolve] Iter: 110 overflow: 0.787975 HPWL: 25802732
[NesterovSolve] Iter: 120 overflow: 0.785788 HPWL: 25867262
[NesterovSolve] Iter: 130 overflow: 0.785782 HPWL: 25894438
[NesterovSolve] Iter: 140 overflow: 0.785523 HPWL: 25911968
[NesterovSolve] Iter: 150 overflow: 0.784344 HPWL: 25926639
[NesterovSolve] Iter: 160 overflow: 0.785024 HPWL: 25957025
[NesterovSolve] Iter: 170 overflow: 0.784565 HPWL: 25920809
[NesterovSolve] Iter: 180 overflow: 0.777082 HPWL: 25988352
[NesterovSolve] Iter: 190 overflow: 0.773749 HPWL: 25819374
[NesterovSolve] Iter: 200 overflow: 0.766017 HPWL: 25760099
[NesterovSolve] Iter: 210 overflow: 0.759488 HPWL: 25627435
[NesterovSolve] Iter: 220 overflow: 0.742914 HPWL: 25766846
[NesterovSolve] Iter: 230 overflow: 0.721165 HPWL: 25595968
[NesterovSolve] Iter: 240 overflow: 0.69227 HPWL: 25432511
[NesterovSolve] Iter: 250 overflow: 0.653741 HPWL: 25074637
[INFO GPL-0100] worst slack 5.18e-09
[INFO GPL-0103] Weighted 64 nets.
[NesterovSolve] Iter: 260 overflow: 0.615981 HPWL: 25103347
[NesterovSolve] Snapshot saved at iter = 263
[NesterovSolve] Iter: 270 overflow: 0.56505 HPWL: 25371008
[NesterovSolve] Iter: 280 overflow: 0.520024 HPWL: 25511258
[INFO GPL-0100] worst slack 5.16e-09
[INFO GPL-0103] Weighted 64 nets.
[NesterovSolve] Iter: 290 overflow: 0.476593 HPWL: 25813068
[NesterovSolve] Iter: 300 overflow: 0.413906 HPWL: 25898805
[NesterovSolve] Iter: 310 overflow: 0.37032 HPWL: 25955730
[NesterovSolve] Iter: 320 overflow: 0.341619 HPWL: 25991654
[NesterovSolve] Iter: 330 overflow: 0.293037 HPWL: 26064124
[INFO GPL-0100] worst slack 5.17e-09
[INFO GPL-0103] Weighted 64 nets.
[NesterovSolve] Iter: 340 overflow: 0.266019 HPWL: 26197737
[NesterovSolve] Iter: 350 overflow: 0.232612 HPWL: 26755220
[NesterovSolve] Iter: 360 overflow: 0.198888 HPWL: 27358281
[INFO GPL-0100] worst slack 5.18e-09
[INFO GPL-0103] Weighted 64 nets.
[INFO GPL-0075] Routability numCall: 1 inflationIterCnt: 1 bloatIterCnt: 0
[INFO GPL-0036] TileLxLy: 0 0
[INFO GPL-0037] TileSize: 6900 6900
[INFO GPL-0038] TileCnt: 144 144
[INFO GPL-0039] numRoutingLayers: 6
[INFO GPL-0040] NumTiles: 20736
[INFO GPL-0063] TotalRouteOverflowH2: 0.0
[INFO GPL-0064] TotalRouteOverflowV2: 0.0
[INFO GPL-0065] OverflowTileCnt2: 0
[INFO GPL-0066] 0.5%RC: 0.7303630363429734
[INFO GPL-0067] 1.0%RC: 0.6788779069291483
[INFO GPL-0068] 2.0%RC: 0.6727798625439073
[INFO GPL-0069] 5.0%RC: 0.5782263533198069
[INFO GPL-0070] 0.5rcK: 1.0
[INFO GPL-0071] 1.0rcK: 1.0
[INFO GPL-0072] 2.0rcK: 0.0
[INFO GPL-0073] 5.0rcK: 0.0
[INFO GPL-0074] FinalRC: 0.7046205
[NesterovSolve] Iter: 370 overflow: 0.179694 HPWL: 27643700
[NesterovSolve] Iter: 380 overflow: 0.153028 HPWL: 27738451
[INFO GPL-0100] worst slack 5.19e-09
[INFO GPL-0103] Weighted 64 nets.
[NesterovSolve] Iter: 390 overflow: 0.135837 HPWL: 27803411
[NesterovSolve] Iter: 400 overflow: 0.104947 HPWL: 28010744
[NesterovSolve] Finished with Overflow: 0.097270
Setting global connections for newly added cells…
Writing OpenROAD database to '/openlane/designs/AsynFifo/runs/run_multicorner/tmp/placement/7-global.odb'…
Writing netlist to '/openlane/designs/AsynFifo/runs/run_multicorner/tmp/placement/7-global.nl.v'…
Writing powered netlist to '/openlane/designs/AsynFifo/runs/run_multicorner/tmp/placement/7-global.pnl.v'…
Writing layout to '/openlane/designs/AsynFifo/runs/run_multicorner/tmp/placement/7-global.def'…
