
===========================================================================
report_checks -unconstrained
===========================================================================
======================= Fastest Corner ===================================

Startpoint: w_rst_n (input port clocked by w_clk)
Endpoint: _1061_ (recovery check against rising-edge clock w_clk)
Path Group: asynchronous
Path Type: max
Corner: Fastest

Fanout     Cap    Slew   Delay    Time   Description
-----------------------------------------------------------------------------
                          0.00    0.00   clock w_clk (rise edge)
                          0.00    0.00   clock network delay (propagated)
                          2.00    2.00 ^ input external delay
                  0.03    0.02    2.02 ^ w_rst_n (in)
     1    0.01                           w_rst_n (net)
                  0.03    0.00    2.02 ^ input12/A (sky130_fd_sc_hd__buf_6)
                  0.18    0.14    2.16 ^ input12/X (sky130_fd_sc_hd__buf_6)
     4    0.13                           net12 (net)
                  0.23    0.07    2.23 ^ fanout28/A (sky130_fd_sc_hd__clkbuf_8)
                  0.12    0.20    2.43 ^ fanout28/X (sky130_fd_sc_hd__clkbuf_8)
    16    0.09                           net28 (net)
                  0.13    0.01    2.44 ^ _1061_/RESET_B (sky130_fd_sc_hd__dfrtp_4)
                                  2.44   data arrival time

                         10.00   10.00   clock w_clk (rise edge)
                          0.00   10.00   clock source latency
                  0.26    0.18   10.18 ^ w_clk (in)
     1    0.08                           w_clk (net)
                  0.27    0.00   10.18 ^ clkbuf_0_w_clk/A (sky130_fd_sc_hd__clkbuf_16)
                  0.11    0.17   10.36 ^ clkbuf_0_w_clk/X (sky130_fd_sc_hd__clkbuf_16)
    16    0.12                           clknet_0_w_clk (net)
                  0.11    0.01   10.36 ^ clkbuf_4_4_0_w_clk/A (sky130_fd_sc_hd__clkbuf_8)
                  0.04    0.11   10.47 ^ clkbuf_4_4_0_w_clk/X (sky130_fd_sc_hd__clkbuf_8)
     7    0.02                           clknet_4_4_0_w_clk (net)
                  0.04    0.00   10.47 ^ _1061_/CLK (sky130_fd_sc_hd__dfrtp_4)
                         -0.25   10.22   clock uncertainty
                          0.00   10.22   clock reconvergence pessimism
                          0.10   10.32   library recovery time
                                 10.32   data required time
-----------------------------------------------------------------------------
                                 10.32   data required time
                                 -2.44   data arrival time
-----------------------------------------------------------------------------
                                  7.88   slack (MET)


Startpoint: _1060_ (rising edge-triggered flip-flop clocked by w_clk)
Endpoint: full (output port clocked by w_clk)
Path Group: w_clk
Path Type: max
Corner: Fastest

Fanout     Cap    Slew   Delay    Time   Description
-----------------------------------------------------------------------------
                          0.00    0.00   clock w_clk (rise edge)
                          0.00    0.00   clock source latency
                  0.26    0.20    0.20 ^ w_clk (in)
     1    0.08                           w_clk (net)
                  0.27    0.00    0.20 ^ clkbuf_0_w_clk/A (sky130_fd_sc_hd__clkbuf_16)
                  0.11    0.19    0.39 ^ clkbuf_0_w_clk/X (sky130_fd_sc_hd__clkbuf_16)
    16    0.12                           clknet_0_w_clk (net)
                  0.11    0.01    0.40 ^ clkbuf_4_6_0_w_clk/A (sky130_fd_sc_hd__clkbuf_8)
                  0.05    0.12    0.52 ^ clkbuf_4_6_0_w_clk/X (sky130_fd_sc_hd__clkbuf_8)
     6    0.03                           clknet_4_6_0_w_clk (net)
                  0.05    0.00    0.52 ^ _1060_/CLK (sky130_fd_sc_hd__dfrtp_1)
                  0.03    0.24    0.76 v _1060_/Q (sky130_fd_sc_hd__dfrtp_1)
     1    0.00                           w_ptr_b[0] (net)
                  0.03    0.00    0.76 v _0453_/A (sky130_fd_sc_hd__clkbuf_4)
                  0.07    0.14    0.90 v _0453_/X (sky130_fd_sc_hd__clkbuf_4)
    13    0.05                           _0155_ (net)
                  0.07    0.00    0.90 v _0456_/A (sky130_fd_sc_hd__and3_1)
                  0.03    0.12    1.02 v _0456_/X (sky130_fd_sc_hd__and3_1)
     1    0.01                           _0158_ (net)
                  0.03    0.00    1.02 v _0457_/A (sky130_fd_sc_hd__clkbuf_2)
                  0.06    0.11    1.13 v _0457_/X (sky130_fd_sc_hd__clkbuf_2)
     5    0.02                           _0159_ (net)
                  0.06    0.00    1.13 v _0465_/A (sky130_fd_sc_hd__or3_1)
                  0.07    0.26    1.39 v _0465_/X (sky130_fd_sc_hd__or3_1)
     3    0.01                           _0167_ (net)
                  0.07    0.00    1.39 v _0466_/A2 (sky130_fd_sc_hd__a21bo_1)
                  0.03    0.14    1.54 v _0466_/X (sky130_fd_sc_hd__a21bo_1)
     1    0.00                           _0168_ (net)
                  0.03    0.00    1.54 v _0473_/A1 (sky130_fd_sc_hd__a2111o_2)
                  0.08    0.31    1.84 v _0473_/X (sky130_fd_sc_hd__a2111o_2)
     4    0.02                           _0175_ (net)
                  0.08    0.00    1.84 v _0474_/A (sky130_fd_sc_hd__buf_6)
                  0.06    0.14    1.98 v _0474_/X (sky130_fd_sc_hd__buf_6)
    16    0.08                           _0176_ (net)
                  0.06    0.01    1.99 v _0475_/B (sky130_fd_sc_hd__nor2_1)
                  0.20    0.18    2.17 ^ _0475_/Y (sky130_fd_sc_hd__nor2_1)
     1    0.01                           net15 (net)
                  0.20    0.00    2.17 ^ wire24/A (sky130_fd_sc_hd__clkbuf_4)
                  0.15    0.21    2.38 ^ wire24/X (sky130_fd_sc_hd__clkbuf_4)
     1    0.06                           net24 (net)
                  0.15    0.02    2.40 ^ output15/A (sky130_fd_sc_hd__clkbuf_4)
                  0.08    0.16    2.56 ^ output15/X (sky130_fd_sc_hd__clkbuf_4)
     1    0.03                           full (net)
                  0.08    0.00    2.56 ^ full (out)
                                  2.56   data arrival time

                         10.00   10.00   clock w_clk (rise edge)
                          0.00   10.00   clock network delay (propagated)
                         -0.25    9.75   clock uncertainty
                          0.00    9.75   clock reconvergence pessimism
                         -2.00    7.75   output external delay
                                  7.75   data required time
-----------------------------------------------------------------------------
                                  7.75   data required time
                                 -2.56   data arrival time
-----------------------------------------------------------------------------
                                  5.19   slack (MET)



======================= Slowest Corner ===================================

Startpoint: w_rst_n (input port clocked by w_clk)
Endpoint: _1061_ (recovery check against rising-edge clock w_clk)
Path Group: asynchronous
Path Type: max
Corner: Slowest

Fanout     Cap    Slew   Delay    Time   Description
-----------------------------------------------------------------------------
                          0.00    0.00   clock w_clk (rise edge)
                          0.00    0.00   clock network delay (propagated)
                          2.00    2.00 ^ input external delay
                  0.05    0.03    2.03 ^ w_rst_n (in)
     1    0.01                           w_rst_n (net)
                  0.05    0.00    2.03 ^ input12/A (sky130_fd_sc_hd__buf_6)
                  0.40    0.39    2.42 ^ input12/X (sky130_fd_sc_hd__buf_6)
     4    0.13                           net12 (net)
                  0.42    0.07    2.50 ^ fanout28/A (sky130_fd_sc_hd__clkbuf_8)
                  0.24    0.53    3.03 ^ fanout28/X (sky130_fd_sc_hd__clkbuf_8)
    16    0.09                           net28 (net)
                  0.24    0.01    3.05 ^ _1061_/RESET_B (sky130_fd_sc_hd__dfrtp_4)
                                  3.05   data arrival time

                         10.00   10.00   clock w_clk (rise edge)
                          0.00   10.00   clock source latency
                  0.55    0.38   10.38 ^ w_clk (in)
     1    0.08                           w_clk (net)
                  0.55    0.00   10.38 ^ clkbuf_0_w_clk/A (sky130_fd_sc_hd__clkbuf_16)
                  0.21    0.51   10.89 ^ clkbuf_0_w_clk/X (sky130_fd_sc_hd__clkbuf_16)
    16    0.12                           clknet_0_w_clk (net)
                  0.21    0.01   10.90 ^ clkbuf_4_4_0_w_clk/A (sky130_fd_sc_hd__clkbuf_8)
                  0.09    0.29   11.18 ^ clkbuf_4_4_0_w_clk/X (sky130_fd_sc_hd__clkbuf_8)
     7    0.02                           clknet_4_4_0_w_clk (net)
                  0.09    0.00   11.18 ^ _1061_/CLK (sky130_fd_sc_hd__dfrtp_4)
                         -0.25   10.93   clock uncertainty
                          0.00   10.93   clock reconvergence pessimism
                          0.37   11.30   library recovery time
                                 11.30   data required time
-----------------------------------------------------------------------------
                                 11.30   data required time
                                 -3.05   data arrival time
-----------------------------------------------------------------------------
                                  8.26   slack (MET)


Startpoint: _1062_ (rising edge-triggered flip-flop clocked by w_clk)
Endpoint: full (output port clocked by w_clk)
Path Group: w_clk
Path Type: max
Corner: Slowest

Fanout     Cap    Slew   Delay    Time   Description
-----------------------------------------------------------------------------
                          0.00    0.00   clock w_clk (rise edge)
                          0.00    0.00   clock source latency
                  0.55    0.42    0.42 ^ w_clk (in)
     1    0.08                           w_clk (net)
                  0.55    0.00    0.42 ^ clkbuf_0_w_clk/A (sky130_fd_sc_hd__clkbuf_16)
                  0.21    0.56    0.98 ^ clkbuf_0_w_clk/X (sky130_fd_sc_hd__clkbuf_16)
    16    0.12                           clknet_0_w_clk (net)
                  0.21    0.01    0.99 ^ clkbuf_4_6_0_w_clk/A (sky130_fd_sc_hd__clkbuf_8)
                  0.10    0.33    1.32 ^ clkbuf_4_6_0_w_clk/X (sky130_fd_sc_hd__clkbuf_8)
     6    0.03                           clknet_4_6_0_w_clk (net)
                  0.10    0.00    1.32 ^ _1062_/CLK (sky130_fd_sc_hd__dfrtp_4)
                  0.18    1.16    2.47 v _1062_/Q (sky130_fd_sc_hd__dfrtp_4)
    12    0.03                           w_ptr_b[2] (net)
                  0.18    0.00    2.48 v _0456_/C (sky130_fd_sc_hd__and3_1)
                  0.09    0.46    2.94 v _0456_/X (sky130_fd_sc_hd__and3_1)
     1    0.01                           _0158_ (net)
                  0.09    0.00    2.94 v _0457_/A (sky130_fd_sc_hd__clkbuf_2)
                  0.16    0.30    3.24 v _0457_/X (sky130_fd_sc_hd__clkbuf_2)
     5    0.02                           _0159_ (net)
                  0.16    0.00    3.24 v _0465_/A (sky130_fd_sc_hd__or3_1)
                  0.21    1.02    4.26 v _0465_/X (sky130_fd_sc_hd__or3_1)
     3    0.01                           _0167_ (net)
                  0.21    0.00    4.26 v _0466_/A2 (sky130_fd_sc_hd__a21bo_1)
                  0.07    0.42    4.68 v _0466_/X (sky130_fd_sc_hd__a21bo_1)
     1    0.00                           _0168_ (net)
                  0.07    0.00    4.68 v _0473_/A1 (sky130_fd_sc_hd__a2111o_2)
                  0.20    0.99    5.68 v _0473_/X (sky130_fd_sc_hd__a2111o_2)
     4    0.02                           _0175_ (net)
                  0.20    0.00    5.68 v _0474_/A (sky130_fd_sc_hd__buf_6)
                  0.14    0.39    6.06 v _0474_/X (sky130_fd_sc_hd__buf_6)
    16    0.09                           _0176_ (net)
                  0.15    0.01    6.07 v _0475_/B (sky130_fd_sc_hd__nor2_1)
                  0.46    0.44    6.51 ^ _0475_/Y (sky130_fd_sc_hd__nor2_1)
     1    0.01                           net15 (net)
                  0.46    0.00    6.51 ^ wire24/A (sky130_fd_sc_hd__clkbuf_4)
                  0.31    0.62    7.13 ^ wire24/X (sky130_fd_sc_hd__clkbuf_4)
     1    0.06                           net24 (net)
                  0.31    0.02    7.14 ^ output15/A (sky130_fd_sc_hd__clkbuf_4)
                  0.18    0.46    7.60 ^ output15/X (sky130_fd_sc_hd__clkbuf_4)
     1    0.03                           full (net)
                  0.18    0.00    7.60 ^ full (out)
                                  7.60   data arrival time

                         10.00   10.00   clock w_clk (rise edge)
                          0.00   10.00   clock network delay (propagated)
                         -0.25    9.75   clock uncertainty
                          0.00    9.75   clock reconvergence pessimism
                         -2.00    7.75   output external delay
                                  7.75   data required time
-----------------------------------------------------------------------------
                                  7.75   data required time
                                 -7.60   data arrival time
-----------------------------------------------------------------------------
                                  0.15   slack (MET)



======================= Typical Corner ===================================

Startpoint: w_rst_n (input port clocked by w_clk)
Endpoint: _1061_ (recovery check against rising-edge clock w_clk)
Path Group: asynchronous
Path Type: max
Corner: Typical

Fanout     Cap    Slew   Delay    Time   Description
-----------------------------------------------------------------------------
                          0.00    0.00   clock w_clk (rise edge)
                          0.00    0.00   clock network delay (propagated)
                          2.00    2.00 ^ input external delay
                  0.03    0.02    2.02 ^ w_rst_n (in)
     1    0.01                           w_rst_n (net)
                  0.03    0.00    2.02 ^ input12/A (sky130_fd_sc_hd__buf_6)
                  0.25    0.22    2.24 ^ input12/X (sky130_fd_sc_hd__buf_6)
     4    0.13                           net12 (net)
                  0.28    0.07    2.31 ^ fanout28/A (sky130_fd_sc_hd__clkbuf_8)
                  0.16    0.31    2.62 ^ fanout28/X (sky130_fd_sc_hd__clkbuf_8)
    16    0.09                           net28 (net)
                  0.17    0.01    2.63 ^ _1061_/RESET_B (sky130_fd_sc_hd__dfrtp_4)
                                  2.63   data arrival time

                         10.00   10.00   clock w_clk (rise edge)
                          0.00   10.00   clock source latency
                  0.35    0.24   10.24 ^ w_clk (in)
     1    0.08                           w_clk (net)
                  0.35    0.00   10.24 ^ clkbuf_0_w_clk/A (sky130_fd_sc_hd__clkbuf_16)
                  0.13    0.27   10.51 ^ clkbuf_0_w_clk/X (sky130_fd_sc_hd__clkbuf_16)
    16    0.12                           clknet_0_w_clk (net)
                  0.13    0.01   10.52 ^ clkbuf_4_4_0_w_clk/A (sky130_fd_sc_hd__clkbuf_8)
                  0.06    0.16   10.68 ^ clkbuf_4_4_0_w_clk/X (sky130_fd_sc_hd__clkbuf_8)
     7    0.02                           clknet_4_4_0_w_clk (net)
                  0.06    0.00   10.68 ^ _1061_/CLK (sky130_fd_sc_hd__dfrtp_4)
                         -0.25   10.43   clock uncertainty
                          0.00   10.43   clock reconvergence pessimism
                          0.18   10.61   library recovery time
                                 10.61   data required time
-----------------------------------------------------------------------------
                                 10.61   data required time
                                 -2.63   data arrival time
-----------------------------------------------------------------------------
                                  7.98   slack (MET)


Startpoint: _1061_ (rising edge-triggered flip-flop clocked by w_clk)
Endpoint: full (output port clocked by w_clk)
Path Group: w_clk
Path Type: max
Corner: Typical

Fanout     Cap    Slew   Delay    Time   Description
-----------------------------------------------------------------------------
                          0.00    0.00   clock w_clk (rise edge)
                          0.00    0.00   clock source latency
                  0.35    0.27    0.27 ^ w_clk (in)
     1    0.08                           w_clk (net)
                  0.35    0.00    0.27 ^ clkbuf_0_w_clk/A (sky130_fd_sc_hd__clkbuf_16)
                  0.13    0.30    0.57 ^ clkbuf_0_w_clk/X (sky130_fd_sc_hd__clkbuf_16)
    16    0.12                           clknet_0_w_clk (net)
                  0.13    0.01    0.58 ^ clkbuf_4_4_0_w_clk/A (sky130_fd_sc_hd__clkbuf_8)
                  0.06    0.18    0.75 ^ clkbuf_4_4_0_w_clk/X (sky130_fd_sc_hd__clkbuf_8)
     7    0.02                           clknet_4_4_0_w_clk (net)
                  0.06    0.00    0.75 ^ _1061_/CLK (sky130_fd_sc_hd__dfrtp_4)
                  0.11    0.57    1.32 v _1061_/Q (sky130_fd_sc_hd__dfrtp_4)
    11    0.04                           w_ptr_b[1] (net)
                  0.11    0.00    1.32 v _0456_/B (sky130_fd_sc_hd__and3_1)
                  0.05    0.21    1.54 v _0456_/X (sky130_fd_sc_hd__and3_1)
     1    0.01                           _0158_ (net)
                  0.05    0.00    1.54 v _0457_/A (sky130_fd_sc_hd__clkbuf_2)
                  0.09    0.16    1.70 v _0457_/X (sky130_fd_sc_hd__clkbuf_2)
     5    0.02                           _0159_ (net)
                  0.09    0.00    1.70 v _0465_/A (sky130_fd_sc_hd__or3_1)
                  0.10    0.45    2.15 v _0465_/X (sky130_fd_sc_hd__or3_1)
     3    0.01                           _0167_ (net)
                  0.10    0.00    2.15 v _0466_/A2 (sky130_fd_sc_hd__a21bo_1)
                  0.04    0.22    2.37 v _0466_/X (sky130_fd_sc_hd__a21bo_1)
     1    0.00                           _0168_ (net)
                  0.04    0.00    2.37 v _0473_/A1 (sky130_fd_sc_hd__a2111o_2)
                  0.11    0.50    2.87 v _0473_/X (sky130_fd_sc_hd__a2111o_2)
     4    0.02                           _0175_ (net)
                  0.11    0.00    2.87 v _0474_/A (sky130_fd_sc_hd__buf_6)
                  0.08    0.21    3.08 v _0474_/X (sky130_fd_sc_hd__buf_6)
    16    0.08                           _0176_ (net)
                  0.08    0.01    3.09 v _0475_/B (sky130_fd_sc_hd__nor2_1)
                  0.27    0.25    3.34 ^ _0475_/Y (sky130_fd_sc_hd__nor2_1)
     1    0.01                           net15 (net)
                  0.27    0.00    3.34 ^ wire24/A (sky130_fd_sc_hd__clkbuf_4)
                  0.19    0.33    3.67 ^ wire24/X (sky130_fd_sc_hd__clkbuf_4)
     1    0.06                           net24 (net)
                  0.19    0.02    3.69 ^ output15/A (sky130_fd_sc_hd__clkbuf_4)
                  0.11    0.25    3.94 ^ output15/X (sky130_fd_sc_hd__clkbuf_4)
     1    0.03                           full (net)
                  0.11    0.00    3.94 ^ full (out)
                                  3.94   data arrival time

                         10.00   10.00   clock w_clk (rise edge)
                          0.00   10.00   clock network delay (propagated)
                         -0.25    9.75   clock uncertainty
                          0.00    9.75   clock reconvergence pessimism
                         -2.00    7.75   output external delay
                                  7.75   data required time
-----------------------------------------------------------------------------
                                  7.75   data required time
                                 -3.94   data arrival time
-----------------------------------------------------------------------------
                                  3.81   slack (MET)




===========================================================================
report_checks --slack_max -0.01
============================================================================
======================= Fastest Corner ===================================

No paths found.

======================= Slowest Corner ===================================

No paths found.

======================= Typical Corner ===================================

No paths found.


===========================================================================
 report_check_types -max_slew -max_cap -max_fanout -violators
============================================================================
======================= Fastest Corner ===================================

max fanout

Pin                                   Limit Fanout  Slack
---------------------------------------------------------
clkbuf_4_13_0_w_clk/X                    16     17        (VIOLATED)


======================= Slowest Corner ===================================

max slew

Pin                                    Limit    Slew   Slack
------------------------------------------------------------
clkbuf_0_w_clk/A                        0.50    0.55   -0.05 (VIOLATED)
w_clk                                   0.50    0.55   -0.05 (VIOLATED)

max fanout

Pin                                   Limit Fanout  Slack
---------------------------------------------------------
clkbuf_4_13_0_w_clk/X                    16     17        (VIOLATED)


======================= Typical Corner ===================================

max fanout

Pin                                   Limit Fanout  Slack
---------------------------------------------------------
clkbuf_4_13_0_w_clk/X                    16     17        (VIOLATED)



===========================================================================
report_parasitic_annotation -report_unannotated
============================================================================
Found 0 unannotated drivers.
Found 0 partially unannotated drivers.

===========================================================================
max slew violation count 2
max fanout violation count 1
max cap violation count 0
============================================================================

===========================================================================
check_setup -verbose -unconstrained_endpoints -multiple_clock -no_clock -no_input_delay -loops -generated_clocks
===========================================================================
Warning: There are 27 unclocked register/latch pins.
  _0914_/CLK
  _0915_/CLK
  _0916_/CLK
  _0917_/CLK
  _0918_/CLK
  _0919_/CLK
  _0920_/CLK
  _0921_/CLK
  _1031_/CLK
  _1032_/CLK
  _1033_/CLK
  _1034_/CLK
  _1035_/CLK
  _1036_/CLK
  _1037_/CLK
  _1038_/CLK
  _1039_/CLK
  _1040_/CLK
  _1051_/CLK
  _1052_/CLK
  _1053_/CLK
  _1054_/CLK
  _1055_/CLK
  _1056_/CLK
  _1057_/CLK
  _1058_/CLK
  _1059_/CLK
Warning: There are 41 unconstrained endpoints.
  empty
  r_data[0]
  r_data[1]
  r_data[2]
  r_data[3]
  r_data[4]
  r_data[5]
  r_data[6]
  r_data[7]
  _0914_/D
  _0915_/D
  _0916_/D
  _0917_/D
  _0918_/D
  _0919_/D
  _0920_/D
  _0921_/D
  _1031_/D
  _1032_/D
  _1033_/D
  _1034_/D
  _1035_/D
  _1036_/D
  _1037_/D
  _1038_/D
  _1039_/D
  _1040_/D
  _1041_/D
  _1042_/D
  _1043_/D
  _1044_/D
  _1045_/D
  _1051_/D
  _1052_/D
  _1053_/D
  _1054_/D
  _1055_/D
  _1056_/D
  _1057_/D
  _1058_/D
  _1059_/D
