
===========================================================================
 report_power
============================================================================
======================= Fastest Corner ===================================

Group                  Internal  Switching    Leakage      Total
                          Power      Power      Power      Power (Watts)
----------------------------------------------------------------
Sequential             1.12e-03   3.23e-04   1.85e-07   1.44e-03  37.7%
Combinational          1.44e-03   9.45e-04   5.48e-08   2.38e-03  62.3%
Macro                  0.00e+00   0.00e+00   0.00e+00   0.00e+00   0.0%
Pad                    0.00e+00   0.00e+00   0.00e+00   0.00e+00   0.0%
----------------------------------------------------------------
Total                  2.56e-03   1.27e-03   2.40e-07   3.82e-03 100.0%
                          66.9%      33.1%       0.0%

======================= Slowest Corner ===================================

Group                  Internal  Switching    Leakage      Total
                          Power      Power      Power      Power (Watts)
----------------------------------------------------------------
Sequential             7.70e-04   2.09e-04   2.74e-06   9.82e-04  37.7%
Combinational          1.01e-03   6.10e-04   4.12e-06   1.62e-03  62.3%
Macro                  0.00e+00   0.00e+00   0.00e+00   0.00e+00   0.0%
Pad                    0.00e+00   0.00e+00   0.00e+00   0.00e+00   0.0%
----------------------------------------------------------------
Total                  1.78e-03   8.19e-04   6.86e-06   2.60e-03 100.0%
                          68.3%      31.5%       0.3%

======================= Typical Corner ===================================

Group                  Internal  Switching    Leakage      Total
                          Power      Power      Power      Power (Watts)
----------------------------------------------------------------
Sequential             9.74e-04   2.70e-04   1.84e-07   1.24e-03  37.7%
Combinational          1.27e-03   7.90e-04   5.08e-08   2.06e-03  62.3%
Macro                  0.00e+00   0.00e+00   0.00e+00   0.00e+00   0.0%
Pad                    0.00e+00   0.00e+00   0.00e+00   0.00e+00   0.0%
----------------------------------------------------------------
Total                  2.24e-03   1.06e-03   2.35e-07   3.30e-03 100.0%
                          67.9%      32.1%       0.0%

