Wed Aug 26 02:15:02 UTC 2026 - Executing "openroad -exit -no_init -python /openlane/scripts/odbpy/lefutil.py get_metal_layers -o /openlane/designs/AsynFifo/runs/RUN_2026.08.26_02.15.02/tmp/layers.list /home/nguyenson99/.ciel/sky130A/libs.ref/sky130_fd_sc_hd/techlef/sky130_fd_sc_hd__nom.tlef"

Wed Aug 26 02:15:02 UTC 2026 - Executing "/openlane/scripts/mergeLef.py -o /openlane/designs/AsynFifo/runs/RUN_2026.08.26_02.15.02/tmp/merged.nom.lef -i /home/nguyenson99/.ciel/sky130A/libs.ref/sky130_fd_sc_hd/techlef/sky130_fd_sc_hd__nom.tlef {/home/nguyenson99/.ciel/sky130A/libs.ref/sky130_fd_sc_hd/lef/sky130_fd_sc_hd.lef /home/nguyenson99/.ciel/sky130A/libs.ref/sky130_fd_sc_hd/lef/sky130_ef_sc_hd.lef} |& tee /dev/null"

Wed Aug 26 02:15:02 UTC 2026 - Executing "/openlane/scripts/mergeLef.py -o /openlane/designs/AsynFifo/runs/RUN_2026.08.26_02.15.02/tmp/merged.min.lef -i /home/nguyenson99/.ciel/sky130A/libs.ref/sky130_fd_sc_hd/techlef/sky130_fd_sc_hd__min.tlef {/home/nguyenson99/.ciel/sky130A/libs.ref/sky130_fd_sc_hd/lef/sky130_fd_sc_hd.lef /home/nguyenson99/.ciel/sky130A/libs.ref/sky130_fd_sc_hd/lef/sky130_ef_sc_hd.lef} |& tee /dev/null"

Wed Aug 26 02:15:03 UTC 2026 - Executing "/openlane/scripts/mergeLef.py -o /openlane/designs/AsynFifo/runs/RUN_2026.08.26_02.15.02/tmp/merged.max.lef -i /home/nguyenson99/.ciel/sky130A/libs.ref/sky130_fd_sc_hd/techlef/sky130_fd_sc_hd__max.tlef {/home/nguyenson99/.ciel/sky130A/libs.ref/sky130_fd_sc_hd/lef/sky130_fd_sc_hd.lef /home/nguyenson99/.ciel/sky130A/libs.ref/sky130_fd_sc_hd/lef/sky130_ef_sc_hd.lef} |& tee /dev/null"

Wed Aug 26 02:15:03 UTC 2026 - Executing "python3 /openlane/scripts/mergeLib.py --output /openlane/designs/AsynFifo/runs/RUN_2026.08.26_02.15.02/tmp/synthesis/merged.lib --name sky130A_merged /home/nguyenson99/.ciel/sky130A/libs.ref/sky130_fd_sc_hd/lib/sky130_fd_sc_hd__tt_025C_1v80.lib"

Wed Aug 26 02:15:03 UTC 2026 - Executing "python3 /openlane/scripts/libtrim.py --cell-file /openlane/designs/AsynFifo/runs/RUN_2026.08.26_02.15.02/tmp/synthesis/trimmed.lib.exclude.list --output /openlane/designs/AsynFifo/runs/RUN_2026.08.26_02.15.02/tmp/synthesis/trimmed.lib /openlane/designs/AsynFifo/runs/RUN_2026.08.26_02.15.02/tmp/synthesis/merged.lib"

Wed Aug 26 02:15:03 UTC 2026 - Executing "python3 /openlane/scripts/libtrim.py --cell-file /openlane/designs/AsynFifo/runs/RUN_2026.08.26_02.15.02/tmp/cts/cts.lib.exclude.list --output /openlane/designs/AsynFifo/runs/RUN_2026.08.26_02.15.02/tmp/cts/cts.lib /home/nguyenson99/.ciel/sky130A/libs.ref/sky130_fd_sc_hd/lib/sky130_fd_sc_hd__tt_025C_1v80.lib"

Wed Aug 26 02:15:04 UTC 2026 - Executing "python3 /openlane/scripts/libtrim.py --cell-file /openlane/designs/AsynFifo/runs/RUN_2026.08.26_02.15.02/tmp/cts/cts-fastest.lib.exclude.list --output /openlane/designs/AsynFifo/runs/RUN_2026.08.26_02.15.02/tmp/cts/cts-fastest.lib /home/nguyenson99/.ciel/sky130A/libs.ref/sky130_fd_sc_hd/lib/sky130_fd_sc_hd__ff_n40C_1v95.lib"

Wed Aug 26 02:15:04 UTC 2026 - Executing "python3 /openlane/scripts/libtrim.py --cell-file /openlane/designs/AsynFifo/runs/RUN_2026.08.26_02.15.02/tmp/cts/cts-slowest.lib.exclude.list --output /openlane/designs/AsynFifo/runs/RUN_2026.08.26_02.15.02/tmp/cts/cts-slowest.lib /home/nguyenson99/.ciel/sky130A/libs.ref/sky130_fd_sc_hd/lib/sky130_fd_sc_hd__ss_100C_1v60.lib"

Wed Aug 26 02:15:05 UTC 2026 - Executing "python3 /openlane/scripts/new_tracks.py -i /home/nguyenson99/.ciel/sky130A/libs.tech/openlane/sky130_fd_sc_hd/tracks.info -o /openlane/designs/AsynFifo/runs/RUN_2026.08.26_02.15.02/tmp/routing/config.tracks"

Wed Aug 26 02:15:05 UTC 2026 - Executing "echo {OpenLane ff5509f65b17bfa4068d5336495ab1718987ff69} > /openlane/designs/AsynFifo/runs/RUN_2026.08.26_02.15.02/OPENLANE_COMMIT"

Wed Aug 26 02:15:15 UTC 2026 - Executing "sed -E {s/^([[:space:]]+)pg_pin(.*)/\1pin\2\n\1    direction : "inout";/g} /home/nguyenson99/.ciel/sky130A/libs.ref/sky130_fd_sc_hd/lib/sky130_fd_sc_hd__tt_025C_1v80.lib > /openlane/designs/AsynFifo/runs/RUN_2026.08.26_02.15.02/tmp/synthesis/1-sky130_fd_sc_hd__tt_025C_1v80.no_pg.lib"

Wed Aug 26 02:15:16 UTC 2026 - Executing "sed -E {s/^([[:space:]]+)pg_pin(.*)/\1pin\2\n\1    direction : "inout";/g} /openlane/designs/AsynFifo/runs/RUN_2026.08.26_02.15.02/tmp/synthesis/trimmed.lib > /openlane/designs/AsynFifo/runs/RUN_2026.08.26_02.15.02/tmp/synthesis/1-trimmed.no_pg.lib"

Wed Aug 26 02:15:16 UTC 2026 - Executing "yosys -c /openlane/scripts/yosys/synth.tcl |& tee /dev/null /openlane/designs/AsynFifo/runs/RUN_2026.08.26_02.15.02/logs/synthesis/1-synthesis.log"

Wed Aug 26 02:15:19 UTC 2026 - Executing "sed -i.bak -e {s/\(set ::env(CURRENT_NETLIST)\).*/\1 \/openlane\/designs\/AsynFifo\/runs\/RUN_2026.08.26_02.15.02\/results\/synthesis\/AsynFifo.v/} /openlane/designs/AsynFifo/runs/RUN_2026.08.26_02.15.02/config.tcl"

Wed Aug 26 02:15:19 UTC 2026 - Executing "sed -i.bak /defparam/d /openlane/designs/AsynFifo/runs/RUN_2026.08.26_02.15.02/results/synthesis/AsynFifo.v"

Wed Aug 26 02:15:19 UTC 2026 - Executing "sta -exit -no_init /openlane/scripts/openroad/sta/multi_corner.tcl |& tee /dev/null /openlane/designs/AsynFifo/runs/RUN_2026.08.26_02.15.02/logs/synthesis/2-sta.log"

Wed Aug 26 02:30:33 UTC 2026 - Executing "sed -i.bak -e {s/\(set ::env(CURRENT_NETLIST)\).*/\1 \/openlane\/designs\/AsynFifo\/runs\/RUN_2026.08.26_02.15.02\/results\/synthesis\/AsynFifo.v/} /openlane/designs/AsynFifo/runs/RUN_2026.08.26_02.15.02/config.tcl"

Wed Aug 26 02:30:33 UTC 2026 - Executing "sta -exit -no_init /openlane/scripts/openroad/sta/multi_corner.tcl |& tee /dev/null /openlane/designs/AsynFifo/runs/RUN_2026.08.26_02.15.02/logs/synthesis/4-sta.log"

Wed Aug 26 02:35:21 UTC 2026 - Executing "sed -i.bak -e {s/\(set ::env(CURRENT_NETLIST)\).*/\1 \/openlane\/designs\/AsynFifo\/runs\/RUN_2026.08.26_02.15.02\/results\/synthesis\/AsynFifo.v/} /openlane/designs/AsynFifo/runs/RUN_2026.08.26_02.15.02/config.tcl"

Wed Aug 26 02:35:21 UTC 2026 - Executing "sta -exit -no_init /openlane/scripts/openroad/sta/multi_corner.tcl |& tee /dev/null /openlane/designs/AsynFifo/runs/RUN_2026.08.26_02.15.02/logs/synthesis/6-sta.log"

Wed Aug 26 02:35:48 UTC 2026 - Executing "openroad -exit /openlane/scripts/openroad/floorplan.tcl |& tee /dev/null /openlane/designs/AsynFifo/runs/RUN_2026.08.26_02.15.02/logs/floorplan/7-initial_fp.log"

Wed Aug 26 02:35:48 UTC 2026 - Executing "openroad -exit -no_init -python /openlane/scripts/odbpy/snap_to_grid.py --output /openlane/designs/AsynFifo/runs/RUN_2026.08.26_02.15.02/tmp/floorplan/7-minimized_pdn.txt --input-lef /openlane/designs/AsynFifo/runs/RUN_2026.08.26_02.15.02/tmp/merged.nom.lef 11.0975 9.520000000000001 22.195 19.040000000000003"

Wed Aug 26 02:35:49 UTC 2026 - Executing "openroad -exit -no_init -python /openlane/scripts/odbpy/defutil.py extract_core_dims --output-data /openlane/designs/AsynFifo/runs/RUN_2026.08.26_02.15.02/tmp/dimensions.txt --input-lef /openlane/designs/AsynFifo/runs/RUN_2026.08.26_02.15.02/tmp/merged.nom.lef /openlane/designs/AsynFifo/runs/RUN_2026.08.26_02.15.02/tmp/floorplan/7-initial_fp.def"

Wed Aug 26 02:35:49 UTC 2026 - Executing "openroad -exit /openlane/scripts/openroad/ioplacer.tcl |& tee /dev/null /openlane/designs/AsynFifo/runs/RUN_2026.08.26_02.15.02/logs/floorplan/8-io.log"

Wed Aug 26 02:35:50 UTC 2026 - Executing "openroad -exit /openlane/scripts/openroad/tapcell.tcl |& tee /dev/null /openlane/designs/AsynFifo/runs/RUN_2026.08.26_02.15.02/logs/floorplan/9-tap.log"

Wed Aug 26 02:35:51 UTC 2026 - Executing "openroad -exit /openlane/scripts/openroad/pdn.tcl |& tee /dev/null /openlane/designs/AsynFifo/runs/RUN_2026.08.26_02.15.02/logs/floorplan/10-pdn.log"

Wed Aug 26 02:37:58 UTC 2026 - Executing "openroad -exit /openlane/scripts/openroad/tapcell.tcl |& tee /dev/null /openlane/designs/AsynFifo/runs/RUN_2026.08.26_02.15.02/logs/floorplan/11-tap.log"

