[INFO]: Run Directory: /openlane/designs/AsynFifo/runs/RUN_2026.08.26_02.15.02
[INFO]: Saving runtime environment...
[INFO]: Preparing LEF files for the nom corner...
[INFO]: Preparing LEF files for the min corner...
[INFO]: Preparing LEF files for the max corner...
[INFO]: Running Synthesis (log: designs/AsynFifo/runs/RUN_2026.08.26_02.15.02/logs/synthesis/1-synthesis.log)...
[INFO]: Running Single-Corner Static Timing Analysis (log: designs/AsynFifo/runs/RUN_2026.08.26_02.15.02/logs/synthesis/2-sta.log)...
[INFO]: Running Synthesis (log: designs/AsynFifo/runs/RUN_2026.08.26_02.15.02/logs/synthesis/3-synthesis.log)...
[WARNING]: A netlist at /openlane/designs/AsynFifo/runs/RUN_2026.08.26_02.15.02/results/synthesis/AsynFifo.v already exists. Synthesis will be skipped.
[INFO]: Running Single-Corner Static Timing Analysis (log: designs/AsynFifo/runs/RUN_2026.08.26_02.15.02/logs/synthesis/4-sta.log)...
[INFO]: Running Synthesis (log: designs/AsynFifo/runs/RUN_2026.08.26_02.15.02/logs/synthesis/5-synthesis.log)...
[WARNING]: A netlist at /openlane/designs/AsynFifo/runs/RUN_2026.08.26_02.15.02/results/synthesis/AsynFifo.v already exists. Synthesis will be skipped.
[INFO]: Running Single-Corner Static Timing Analysis (log: designs/AsynFifo/runs/RUN_2026.08.26_02.15.02/logs/synthesis/6-sta.log)...
[INFO]: Running Initial Floorplanning (log: designs/AsynFifo/runs/RUN_2026.08.26_02.15.02/logs/floorplan/7-initial_fp.log)...
[WARNING]: Current core area is too small for the power grid settings chosen. The power grid will be scaled down.
[INFO]: Floorplanned with width 88.78 and height 76.16.
[INFO]: Running IO Placement...
[INFO]: Running Tap/Decap Insertion (log: designs/AsynFifo/runs/RUN_2026.08.26_02.15.02/logs/floorplan/9-tap.log)...
[INFO]: Power planning with power {vccd1} and ground {vssd1}...
[INFO]: Generating PDN (log: designs/AsynFifo/runs/RUN_2026.08.26_02.15.02/logs/floorplan/10-pdn.log)...
[INFO]: Running Tap/Decap Insertion (log: designs/AsynFifo/runs/RUN_2026.08.26_02.15.02/logs/floorplan/11-tap.log)...
