
===========================================================================
 report_power
============================================================================
======================= Fastest Corner ===================================

Group                  Internal  Switching    Leakage      Total
                          Power      Power      Power      Power (Watts)
----------------------------------------------------------------
Sequential             1.12e-03   3.35e-04   1.85e-07   1.46e-03  38.0%
Combinational          1.43e-03   9.42e-04   5.47e-08   2.37e-03  62.0%
Macro                  0.00e+00   0.00e+00   0.00e+00   0.00e+00   0.0%
Pad                    0.00e+00   0.00e+00   0.00e+00   0.00e+00   0.0%
----------------------------------------------------------------
Total                  2.55e-03   1.28e-03   2.39e-07   3.83e-03 100.0%
                          66.6%      33.4%       0.0%

======================= Slowest Corner ===================================

Group                  Internal  Switching    Leakage      Total
                          Power      Power      Power      Power (Watts)
----------------------------------------------------------------
Sequential             7.70e-04   2.18e-04   2.74e-06   9.91e-04  37.9%
Combinational          1.01e-03   6.08e-04   4.11e-06   1.62e-03  62.1%
Macro                  0.00e+00   0.00e+00   0.00e+00   0.00e+00   0.0%
Pad                    0.00e+00   0.00e+00   0.00e+00   0.00e+00   0.0%
----------------------------------------------------------------
Total                  1.78e-03   8.26e-04   6.84e-06   2.61e-03 100.0%
                          68.1%      31.6%       0.3%

======================= Typical Corner ===================================

Group                  Internal  Switching    Leakage      Total
                          Power      Power      Power      Power (Watts)
----------------------------------------------------------------
Sequential             9.75e-04   2.81e-04   1.84e-07   1.26e-03  38.0%
Combinational          1.26e-03   7.87e-04   5.08e-08   2.05e-03  62.0%
Macro                  0.00e+00   0.00e+00   0.00e+00   0.00e+00   0.0%
Pad                    0.00e+00   0.00e+00   0.00e+00   0.00e+00   0.0%
----------------------------------------------------------------
Total                  2.23e-03   1.07e-03   2.34e-07   3.30e-03 100.0%
                          67.7%      32.3%       0.0%

