Partial/Required:  5.19, Required:    400.0, Partial:  2075.11, Net: net8, Pin: _0797_/A1, Layer: met1
Partial/Required:  5.13, Required:    400.0, Partial:  2052.67, Net: net11, Pin: _0803_/A1, Layer: met1
Partial/Required:  5.02, Required:    400.0, Partial:  2006.67, Net: net23, Pin: _0584_/A1, Layer: met1
Partial/Required:  4.25, Required:    400.0, Partial:   1698.6, Net: net16, Pin: output16/A, Layer: met1
Partial/Required:  3.54, Required:    400.0, Partial:  1415.91, Net: net22, Pin: output22/A, Layer: met1
Partial/Required:  3.42, Required:    400.0, Partial:  1369.39, Net: net4, Pin: _0625_/A1, Layer: met1
Partial/Required:  3.42, Required:    400.0, Partial:  1369.39, Net: net4, Pin: _0643_/A1, Layer: met1
Partial/Required:  2.67, Required:    400.0, Partial:  1066.11, Net: net6, Pin: _0793_/A1, Layer: met1
Partial/Required:  1.37, Required:    400.0, Partial:   549.17, Net: net9, Pin: _0900_/A1, Layer: met1
Partial/Required:  1.37, Required:    400.0, Partial:   549.17, Net: net9, Pin: _0746_/A1, Layer: met1
Partial/Required:  1.23, Required:    400.0, Partial:   493.87, Net: net12, Pin: fanout28/A, Layer: met1
